Initialized native services in: C:\Users\User\.gradle\native
Initialized jansi services in: C:\Users\User\.gradle\native
Found daemon DaemonInfo{pid=4896, address=[fef4346f-c95e-4063-8cbb-c76f4963ce55 port:62883, addresses:[/127.0.0.1]], state=Idle, lastBusy=1777674642701, context=DefaultDaemonContext[uid=6f0bca9c-5668-4696-8644-c576b34acfe9,javaHome=C:\Program Files\Java\jdk-21.0.11,javaVersion=21,javaVendor=Oracle Corporation,daemonRegistryDir=C:\Users\User\.gradle\daemon,pid=4896,idleTimeout=10800000,priority=NORMAL,applyInstrumentationAgent=true,nativeServicesMode=ENABLED,daemonOpts=-Xmx1536m,-Dfile.encoding=UTF-8,-Duser.country=GB,-Duser.language=en,-Duser.variant]} however its context does not match the desired criteria.
At least one daemon option is different.
Wanted: DaemonRequestContext{jvmCriteria=C:\Program Files\Java\jdk-21.0.11 (no JDK specified, using current Java home), daemonOpts=[--enable-native-access=ALL-UNNAMED, -Xmx2048M, -Dfile.encoding=UTF-8, -Duser.country=GB, -Duser.language=en, -Duser.variant], applyInstrumentationAgent=true, nativeServicesMode=ENABLED, priority=NORMAL}
Actual: DefaultDaemonContext[uid=6f0bca9c-5668-4696-8644-c576b34acfe9,javaHome=C:\Program Files\Java\jdk-21.0.11,javaVersion=21,javaVendor=Oracle Corporation,daemonRegistryDir=C:\Users\User\.gradle\daemon,pid=4896,idleTimeout=10800000,priority=NORMAL,applyInstrumentationAgent=true,nativeServicesMode=ENABLED,daemonOpts=-Xmx1536m,-Dfile.encoding=UTF-8,-Duser.country=GB,-Duser.language=en,-Duser.variant]

  Looking for a different daemon...
Removing 0 daemon stop events from registry
Previous Daemon (27044) stopped at Fri May 01 23:31:51 BST 2026 after being idle for 66 minutes and not recently used and to reclaim system physical memory
Previous Daemon (25624) stopped at Fri May 01 23:33:01 BST 2026 other compatible daemons were started and after being idle for 1 minutes and not recently used
Previous Daemon (42912) stopped at Fri May 01 23:29:36 BST 2026 by user or operating system
Starting a Gradle Daemon, 1 incompatible and 3 stopped Daemons could not be reused, use --status for details
Starting process 'Gradle build daemon'. Working directory: C:\Users\User\.gradle\daemon\8.12 Command: C:\Program Files\Java\jdk-21.0.11\bin\java.exe --add-opens=java.base/java.lang=ALL-UNNAMED --add-opens=java.base/java.lang.invoke=ALL-UNNAMED --add-opens=java.base/java.util=ALL-UNNAMED --add-opens=java.prefs/java.util.prefs=ALL-UNNAMED --add-exports=jdk.compiler/com.sun.tools.javac.api=ALL-UNNAMED --add-exports=jdk.compiler/com.sun.tools.javac.util=ALL-UNNAMED --add-opens=java.base/java.util=ALL-UNNAMED --add-opens=java.prefs/java.util.prefs=ALL-UNNAMED --add-opens=java.base/java.nio.charset=ALL-UNNAMED --add-opens=java.base/java.net=ALL-UNNAMED --add-opens=java.base/java.util.concurrent.atomic=ALL-UNNAMED --add-opens=java.xml/javax.xml.namespace=ALL-UNNAMED --enable-native-access=ALL-UNNAMED -Xmx2048M -Dfile.encoding=UTF-8 -Duser.country=GB -Duser.language=en -Duser.variant -cp C:\Users\User\.gradle\wrapper\dists\gradle-8.12-all\ejduaidbjup3bmmkhw3rie4zb\gradle-8.12\lib\gradle-daemon-main-8.12.jar -javaagent:C:\Users\User\.gradle\wrapper\dists\gradle-8.12-all\ejduaidbjup3bmmkhw3rie4zb\gradle-8.12\lib\agents\gradle-instrumentation-agent-8.12.jar org.gradle.launcher.daemon.bootstrap.GradleDaemon 8.12
Successfully started process 'Gradle build daemon'
An attempt to start the daemon took 3.411 secs.
The client will now receive all logging from the daemon (pid: 26520). The daemon log file: C:\Users\User\.gradle\daemon\8.12\daemon-26520.out.log
Starting build in new daemon [memory: 2 GiB]
Using 12 worker leases.
Received JVM installation metadata from 'C:\Program Files\Java\jdk-21.0.11': {JAVA_HOME=C:\Program Files\Java\jdk-21.0.11, JAVA_VERSION=21.0.11, JAVA_VENDOR=Oracle Corporation, RUNTIME_NAME=Java(TM) SE Runtime Environment, RUNTIME_VERSION=21.0.11+9-LTS-211, VM_NAME=Java HotSpot(TM) 64-Bit Server VM, VM_VERSION=21.0.11+9-LTS-211, VM_VENDOR=Oracle Corporation, OS_ARCH=amd64}
Watching the file system is configured to be enabled if available
Now considering [C:\project\adjaba-player] as hierarchies to watch
File system watching is active
Starting Build
Settings evaluated using settings file 'C:\project\adjaba-player\settings.gradle'.
Projects loaded. Root project using build file 'C:\project\adjaba-player\build.gradle'.
Included projects: [root project 'adjaba-player', project ':app']

> Configure project :
Evaluating root project 'adjaba-player' using build file 'C:\project\adjaba-player\build.gradle'.

> Configure project :app
Evaluating project ':app' using build file 'C:\project\adjaba-player\app\build.gradle'.
Using default execution profile
Using Kotlin Gradle Plugin gradle82 variant
All projects evaluated.
Task name matched 'clean'
Task name matched 'build'
Selected primary task 'clean' from project :
Selected primary task 'build' from project :
Tasks to be executed: [task ':clean', task ':app:clean', task ':app:preBuild', task ':app:preDebugBuild', task ':app:mergeDebugNativeDebugMetadata', task ':app:checkKotlinGradlePluginConfigurationErrors', task ':app:generateDebugBuildConfig', task ':app:checkDebugAarMetadata', task ':app:generateDebugResValues', task ':app:injectCrashlyticsMappingFileIdDebug', task ':app:processDebugGoogleServices', task ':app:mapDebugSourceSetPaths', task ':app:generateDebugResources', task ':app:mergeDebugResources', task ':app:packageDebugResources', task ':app:parseDebugLocalResources', task ':app:createDebugCompatibleScreenManifests', task ':app:extractDeepLinksDebug', task ':app:processDebugMainManifest', task ':app:processDebugManifest', task ':app:processDebugManifestForPackage', task ':app:processDebugResources', task ':app:kaptGenerateStubsDebugKotlin', task ':app:kaptDebugKotlin', task ':app:compileDebugKotlin', task ':app:javaPreCompileDebug', task ':app:compileDebugJavaWithJavac', task ':app:mergeDebugShaders', task ':app:compileDebugShaders', task ':app:generateDebugAssets', task ':app:mergeDebugAssets', task ':app:compressDebugAssets', task ':app:desugarDebugFileDependencies', task ':app:dexBuilderDebug', task ':app:mergeDebugGlobalSynthetics', task ':app:processDebugJavaRes', task ':app:mergeDebugJavaResource', task ':app:checkDebugDuplicateClasses', task ':app:mergeExtDexDebug', task ':app:mergeLibDexDebug', task ':app:mergeProjectDexDebug', task ':app:mergeDebugJniLibFolders', task ':app:mergeDebugNativeLibs', task ':app:stripDebugDebugSymbols', task ':app:validateSigningDebug', task ':app:writeDebugAppMetadata', task ':app:writeDebugSigningConfigVersions', task ':app:packageDebug', task ':app:createDebugApkListingFileRedirect', task ':app:assembleDebug', task ':app:preReleaseBuild', task ':app:mergeReleaseJniLibFolders', task ':app:mergeReleaseNativeLibs', task ':app:stripReleaseDebugSymbols', task ':app:extractReleaseNativeSymbolTables', task ':app:mergeReleaseNativeDebugMetadata', task ':app:buildKotlinToolingMetadata', task ':app:checkReleaseDuplicateClasses', task ':app:generateReleaseBuildConfig', task ':app:checkReleaseAarMetadata', task ':app:generateReleaseResValues', task ':app:injectCrashlyticsMappingFileIdRelease', task ':app:processReleaseGoogleServices', task ':app:mapReleaseSourceSetPaths', task ':app:generateReleaseResources', task ':app:mergeReleaseResources', task ':app:packageReleaseResources', task ':app:parseReleaseLocalResources', task ':app:createReleaseCompatibleScreenManifests', task ':app:extractDeepLinksRelease', task ':app:processReleaseMainManifest', task ':app:processReleaseManifest', task ':app:processReleaseManifestForPackage', task ':app:processReleaseResources', task ':app:kaptGenerateStubsReleaseKotlin', task ':app:kaptReleaseKotlin', task ':app:compileReleaseKotlin', task ':app:javaPreCompileRelease', task ':app:compileReleaseJavaWithJavac', task ':app:mergeReleaseArtProfile', task ':app:expandReleaseArtProfileWildcards', task ':app:extractProguardFiles', task ':app:mergeReleaseGeneratedProguardFiles', task ':app:processReleaseJavaRes', task ':app:mergeReleaseJavaResource', task ':app:mergeReleaseStartupProfile', task ':app:minifyReleaseWithR8', task ':app:compileReleaseArtProfile', task ':app:mergeReleaseShaders', task ':app:compileReleaseShaders', task ':app:generateReleaseAssets', task ':app:mergeReleaseAssets', task ':app:compressReleaseAssets', task ':app:extractReleaseVersionControlInfo', task ':app:optimizeReleaseResources', task ':app:collectReleaseDependencies', task ':app:sdkReleaseDependencyData', task ':app:writeReleaseAppMetadata', task ':app:writeReleaseSigningConfigVersions', task ':app:packageRelease', task ':app:createReleaseApkListingFileRedirect', task ':app:uploadCrashlyticsMappingFileRelease', task ':app:assembleRelease', task ':app:assemble', task ':app:bundleDebugClassesToCompileJar', task ':app:preDebugAndroidTestBuild', task ':app:generateDebugAndroidTestResValues', task ':app:generateDebugAndroidTestLintModel', task ':app:generateDebugLintReportModel', task ':app:preDebugUnitTestBuild', task ':app:generateDebugUnitTestLintModel', task ':app:lintAnalyzeDebug', task ':app:lintAnalyzeDebugAndroidTest', task ':app:lintAnalyzeDebugUnitTest', task ':app:lintReportDebug', task ':app:lintDebug', task ':app:lint', task ':app:check', task ':app:build']
Tasks that were excluded: [task ':app:test']
Resolve mutations for :clean (Thread[#100,Execution worker,5,main]) started.
:clean (Thread[#100,Execution worker,5,main]) started.

> Task :clean
Caching disabled for task ':clean' because:
  Build cache is disabled
Task ':clean' is not up-to-date because:
  Task has not declared any outputs despite executing actions.
Resolve mutations for :app:clean (Thread[#100,Execution worker,5,main]) started.
:app:clean (Thread[#100,Execution worker,5,main]) started.
destroyer locations for task group 0 (Thread[#99,included builds,5,main]) started.

> Task :app:clean
Caching disabled for task ':app:clean' because:
  Build cache is disabled
Task ':app:clean' is not up-to-date because:
  Task has not declared any outputs despite executing actions.
Resolve mutations for :app:preBuild (Thread[#100,Execution worker,5,main]) started.
:app:preBuild (Thread[#100,Execution worker,5,main]) started.

> Task :app:preBuild UP-TO-DATE
Skipping task ':app:preBuild' as it has no actions.
Resolve mutations for :app:preDebugBuild (Thread[#100,Execution worker,5,main]) started.
:app:preDebugBuild (Thread[#100,Execution worker,5,main]) started.

> Task :app:preDebugBuild UP-TO-DATE
Skipping task ':app:preDebugBuild' as it has no actions.
Resolve mutations for :app:mergeDebugNativeDebugMetadata (Thread[#99,included builds,5,main]) started.
:app:mergeDebugNativeDebugMetadata (Thread[#99,included builds,5,main]) started.

> Task :app:mergeDebugNativeDebugMetadata NO-SOURCE
Skipping task ':app:mergeDebugNativeDebugMetadata' as it has no source files and no previous output files.
Resolve mutations for :app:checkKotlinGradlePluginConfigurationErrors (Thread[#99,included builds,5,main]) started.
:app:checkKotlinGradlePluginConfigurationErrors (Thread[#99,included builds,5,main]) started.

> Task :app:checkKotlinGradlePluginConfigurationErrors
Caching disabled for task ':app:checkKotlinGradlePluginConfigurationErrors' because:
  Build cache is disabled
Task ':app:checkKotlinGradlePluginConfigurationErrors' is not up-to-date because:
  Task has not declared any outputs despite executing actions.
Resolve mutations for :app:generateDebugBuildConfig (Thread[#99,included builds,5,main]) started.
:app:generateDebugBuildConfig (Thread[#99,included builds,5,main]) started.

> Task :app:generateDebugBuildConfig
Caching disabled for task ':app:generateDebugBuildConfig' because:
  Build cache is disabled
Task ':app:generateDebugBuildConfig' is not up-to-date because:
  Output property 'sourceOutputDir' file C:\project\adjaba-player\app\build\generated\source\buildConfig\debug has been removed.
  Output property 'sourceOutputDir' file C:\project\adjaba-player\app\build\generated\source\buildConfig\debug\com has been removed.
  Output property 'sourceOutputDir' file C:\project\adjaba-player\app\build\generated\source\buildConfig\debug\com\adjaba has been removed.
  and more...
Resolve mutations for :app:checkDebugAarMetadata (Thread[#99,included builds,5,main]) started.
:app:checkDebugAarMetadata (Thread[#99,included builds,5,main]) started.

> Task :app:checkDebugAarMetadata
file or directory 'C:\project\adjaba-player\app\libs', not found
Invalidating in-memory cache of C:\Users\User\.gradle\caches\journal-1\file-access.bin
Invalidating in-memory cache of C:\Users\User\.gradle\caches\8.12\fileHashes\fileHashes.bin
Invalidating in-memory cache of C:\Users\User\.gradle\caches\8.12\fileHashes\resourceHashesCache.bin
file or directory 'C:\project\adjaba-player\app\libs', not found
file or directory 'C:\project\adjaba-player\app\libs', not found
file or directory 'C:\project\adjaba-player\app\libs', not found
Caching disabled for task ':app:checkDebugAarMetadata' because:
  Build cache is disabled
  Caching has been disabled for the task
Task ':app:checkDebugAarMetadata' is not up-to-date because:
  Output property 'dummyOutputDirectory' file C:\project\adjaba-player\app\build\intermediates\aar_metadata_check\debug\checkDebugAarMetadata has been removed.
file or directory 'C:\project\adjaba-player\app\libs', not found
file or directory 'C:\project\adjaba-player\app\libs', not found

Resolve mutations for :app:generateDebugResValues (Thread[#102,Execution worker Thread 3,5,main]) started.
:app:generateDebugResValues (Thread[#102,Execution worker Thread 3,5,main]) started.

> Task :app:generateDebugResValues
Caching disabled for task ':app:generateDebugResValues' because:
  Build cache is disabled
Task ':app:generateDebugResValues' is not up-to-date because:
  Output property 'outputDirectory' file C:\project\adjaba-player\app\build\generated\res\resValues\debug has been removed.
Resolve mutations for :app:injectCrashlyticsMappingFileIdDebug (Thread[#102,Execution worker Thread 3,5,main]) started.
:app:injectCrashlyticsMappingFileIdDebug (Thread[#102,Execution worker Thread 3,5,main]) started.

> Task :app:injectCrashlyticsMappingFileIdDebug
Caching disabled for task ':app:injectCrashlyticsMappingFileIdDebug' because:
  Build cache is disabled
  Caching has not been enabled for the task
Task ':app:injectCrashlyticsMappingFileIdDebug' is not up-to-date because:
  Task.upToDateWhen is false.
Resolve mutations for :app:processDebugGoogleServices (Thread[#102,Execution worker Thread 3,5,main]) started.
:app:processDebugGoogleServices (Thread[#102,Execution worker Thread 3,5,main]) started.

> Task :app:processDebugGoogleServices
Caching disabled for task ':app:processDebugGoogleServices' because:
  Build cache is disabled
Task ':app:processDebugGoogleServices' is not up-to-date because:
  Output property 'gmpAppId' file C:\project\adjaba-player\app\build\gmpAppId.txt has been removed.
  Output property 'outputDirectory' file C:\project\adjaba-player\app\build\generated\res\processDebugGoogleServices has been removed.
  Output property 'outputDirectory' file C:\project\adjaba-player\app\build\generated\res\processDebugGoogleServices\values has been removed.
  and more...
Parsing json file: C:\project\adjaba-player\app\google-services.json
Resolve mutations for :app:mapDebugSourceSetPaths (Thread[#99,included builds,5,main]) started.
:app:mapDebugSourceSetPaths (Thread[#99,included builds,5,main]) started.

> Task :app:mapDebugSourceSetPaths
file or directory 'C:\project\adjaba-player\app\libs', not found
Caching disabled for task ':app:mapDebugSourceSetPaths' because:
  Build cache is disabled
  Caching has been disabled for the task
Task ':app:mapDebugSourceSetPaths' is not up-to-date because:
  Output property 'filepathMappingFile' file C:\project\adjaba-player\app\build\intermediates\source_set_path_map\debug\mapDebugSourceSetPaths\file-map.txt has been removed.
Resolve mutations for :app:generateDebugResources (Thread[#99,included builds,5,main]) started.
:app:generateDebugResources (Thread[#110,Execution worker Thread 11,5,main]) started.

> Task :app:generateDebugResources
Caching disabled for task ':app:generateDebugResources' because:
  Build cache is disabled
Task ':app:generateDebugResources' is not up-to-date because:
  Output property 'validationReportFile' file C:\project\adjaba-player\app\build\intermediates\nested_resources_validation_report\debug\generateDebugResources\nestedResourcesValidationReport.txt has been removed.
Resolve mutations for :app:mergeDebugResources (Thread[#110,Execution worker Thread 11,5,main]) started.
:app:mergeDebugResources (Thread[#110,Execution worker Thread 11,5,main]) started.

> Task :app:mergeDebugResources
file or directory 'C:\project\adjaba-player\app\libs', not found
Caching disabled for task ':app:mergeDebugResources' because:
  Build cache is disabled
Task ':app:mergeDebugResources' is not up-to-date because:
  Output property 'blameLogOutputFolder' file C:\project\adjaba-player\app\build\intermediates\merged_res_blame_folder\debug\mergeDebugResources\out has been removed.
  Output property 'blameLogOutputFolder' file C:\project\adjaba-player\app\build\intermediates\merged_res_blame_folder\debug\mergeDebugResources\out\multi-v2 has been removed.
  Output property 'blameLogOutputFolder' file C:\project\adjaba-player\app\build\intermediates\merged_res_blame_folder\debug\mergeDebugResources\out\multi-v2\mergeDebugResources.json has been removed.
  and more...
The input changes require a full rebuild for incremental task ':app:mergeDebugResources'.
[MergeResources] Inputs are non-incremental full task action.
file or directory 'C:\project\adjaba-player\app\libs', not found
Compiling XML table C:\project\adjaba-player\app\build\intermediates\incremental\debug\mergeDebugResources\merged.dir\values-hi\values-hi.xml to C:\project\adjaba-player\app\build\intermediates\merged_res\debug\mergeDebugResources\values-hi_values-hi.arsc.flat
Compiling XML table C:\project\adjaba-player\app\build\intermediates\incremental\debug\mergeDebugResources\merged.dir\values-pt\values-pt.xml to C:\project\adjaba-player\app\build\intermediates\merged_res\debug\mergeDebugResources\values-pt_values-pt.arsc.flat
Compiling XML table C:\project\adjaba-player\app\build\intermediates\incremental\debug\mergeDebugResources\merged.dir\values-watch-v21\values-watch-v21.xml to C:\project\adjaba-player\app\build\intermediates\merged_res\debug\mergeDebugResources\values-watch-v21_values-watch-v21.arsc.flat
Compiling XML table C:\project\adjaba-player\app\build\intermediates\incremental\debug\mergeDebugResources\merged.dir\values-watch-v20\values-watch-v20.xml to C:\project\adjaba-player\app\build\intermediates\merged_res\debug\mergeDebugResources\values-watch-v20_values-watch-v20.arsc.flat
Compiling XML table C:\project\adjaba-player\app\build\intermediates\incremental\debug\mergeDebugResources\merged.dir\values-hr\values-hr.xml to C:\project\adjaba-player\app\build\intermediates\merged_res\debug\mergeDebugResources\values-hr_values-hr.arsc.flat
Compiling XML table C:\project\adjaba-player\app\build\intermediates\incremental\debug\mergeDebugResources\merged.dir\values\values.xml to C:\project\adjaba-player\app\build\intermediates\merged_res\debug\mergeDebugResources\values_values.arsc.flat
Compiling XML table C:\project\adjaba-player\app\build\intermediates\incremental\debug\mergeDebugResources\merged.dir\values-hu\values-hu.xml to C:\project\adjaba-player\app\build\intermediates\merged_res\debug\mergeDebugResources\values-hu_values-hu.arsc.flat
Compiling XML table C:\project\adjaba-player\app\build\intermediates\incremental\debug\mergeDebugResources\merged.dir\values-hy\values-hy.xml to C:\project\adjaba-player\app\build\intermediates\merged_res\debug\mergeDebugResources\values-hy_values-hy.arsc.flat
Compiling XML table C:\project\adjaba-player\app\build\intermediates\incremental\debug\mergeDebugResources\merged.dir\values-h320dp-port-v13\values-h320dp-port-v13.xml to C:\project\adjaba-player\app\build\intermediates\merged_res\debug\mergeDebugResources\values-h320dp-port-v13_values-h320dp-port-v13.arsc.flat
Compiling XML table C:\project\adjaba-player\app\build\intermediates\incremental\debug\mergeDebugResources\merged.dir\values-h480dp-v13\values-h480dp-v13.xml to C:\project\adjaba-player\app\build\intermediates\merged_res\debug\mergeDebugResources\values-h480dp-v13_values-h480dp-v13.arsc.flat
Compiling XML table C:\project\adjaba-player\app\build\intermediates\incremental\debug\mergeDebugResources\merged.dir\values-v16\values-v16.xml to C:\project\adjaba-player\app\build\intermediates\merged_res\debug\mergeDebugResources\values-v16_values-v16.arsc.flat
Compiling XML table C:\project\adjaba-player\app\build\intermediates\incremental\debug\mergeDebugResources\merged.dir\values-v18\values-v18.xml to C:\project\adjaba-player\app\build\intermediates\merged_res\debug\mergeDebugResources\values-v18_values-v18.arsc.flat
Compiling XML table C:\project\adjaba-player\app\build\intermediates\incremental\debug\mergeDebugResources\merged.dir\values-in\values-in.xml to C:\project\adjaba-player\app\build\intermediates\merged_res\debug\mergeDebugResources\values-in_values-in.arsc.flat
Compiling XML table C:\project\adjaba-player\app\build\intermediates\incremental\debug\mergeDebugResources\merged.dir\values-am\values-am.xml to C:\project\adjaba-player\app\build\intermediates\merged_res\debug\mergeDebugResources\values-am_values-am.arsc.flat
Compiling XML table C:\project\adjaba-player\app\build\intermediates\incremental\debug\mergeDebugResources\merged.dir\values-it\values-it.xml to C:\project\adjaba-player\app\build\intermediates\merged_res\debug\mergeDebugResources\values-it_values-it.arsc.flat
Compiling XML table C:\project\adjaba-player\app\build\intermediates\incremental\debug\mergeDebugResources\merged.dir\values-b+sr+Latn\values-b+sr+Latn.xml to C:\project\adjaba-player\app\build\intermediates\merged_res\debug\mergeDebugResources\values-b+sr+Latn_values-b+sr+Latn.arsc.flat
Compiling XML table C:\project\adjaba-player\app\build\intermediates\incremental\debug\mergeDebugResources\merged.dir\values-iw\values-iw.xml to C:\project\adjaba-player\app\build\intermediates\merged_res\debug\mergeDebugResources\values-iw_values-iw.arsc.flat
Compiling XML table C:\project\adjaba-player\app\build\intermediates\incremental\debug\mergeDebugResources\merged.dir\values-af\values-af.xml to C:\project\adjaba-player\app\build\intermediates\merged_res\debug\mergeDebugResources\values-af_values-af.arsc.flat
Compiling XML table C:\project\adjaba-player\app\build\intermediates\incremental\debug\mergeDebugResources\merged.dir\values-w360dp-port-v13\values-w360dp-port-v13.xml to C:\project\adjaba-player\app\build\intermediates\merged_res\debug\mergeDebugResources\values-w360dp-port-v13_values-w360dp-port-v13.arsc.flat
Compiling XML table C:\project\adjaba-player\app\build\intermediates\incremental\debug\mergeDebugResources\merged.dir\values-v21\values-v21.xml to C:\project\adjaba-player\app\build\intermediates\merged_res\debug\mergeDebugResources\values-v21_values-v21.arsc.flat
Compiling XML table C:\project\adjaba-player\app\build\intermediates\incremental\debug\mergeDebugResources\merged.dir\values-w320dp-land-v13\values-w320dp-land-v13.xml to C:\project\adjaba-player\app\build\intermediates\merged_res\debug\mergeDebugResources\values-w320dp-land-v13_values-w320dp-land-v13.arsc.flat
Compiling XML table C:\project\adjaba-player\app\build\intermediates\incremental\debug\mergeDebugResources\merged.dir\values-is\values-is.xml to C:\project\adjaba-player\app\build\intermediates\merged_res\debug\mergeDebugResources\values-is_values-is.arsc.flat
Compiling XML table C:\project\adjaba-player\app\build\intermediates\incremental\debug\mergeDebugResources\merged.dir\values-ja\values-ja.xml to C:\project\adjaba-player\app\build\intermediates\merged_res\debug\mergeDebugResources\values-ja_values-ja.arsc.flat
Compiling XML table C:\project\adjaba-player\app\build\intermediates\incremental\debug\mergeDebugResources\merged.dir\values-ldltr-v21\values-ldltr-v21.xml to C:\project\adjaba-player\app\build\intermediates\merged_res\debug\mergeDebugResources\values-ldltr-v21_values-ldltr-v21.arsc.flat
Compiling XML table C:\project\adjaba-player\app\build\intermediates\incremental\debug\mergeDebugResources\merged.dir\values-zh-rHK\values-zh-rHK.xml to C:\project\adjaba-player\app\build\intermediates\merged_res\debug\mergeDebugResources\values-zh-rHK_values-zh-rHK.arsc.flat
Compiling XML table C:\project\adjaba-player\app\build\intermediates\incremental\debug\mergeDebugResources\merged.dir\values-as\values-as.xml to C:\project\adjaba-player\app\build\intermediates\merged_res\debug\mergeDebugResources\values-as_values-as.arsc.flat
Compiling XML table C:\project\adjaba-player\app\build\intermediates\incremental\debug\mergeDebugResources\merged.dir\values-v24\values-v24.xml to C:\project\adjaba-player\app\build\intermediates\merged_res\debug\mergeDebugResources\values-v24_values-v24.arsc.flat
Compiling XML table C:\project\adjaba-player\app\build\intermediates\incremental\debug\mergeDebugResources\merged.dir\values-es-rUS\values-es-rUS.xml to C:\project\adjaba-player\app\build\intermediates\merged_res\debug\mergeDebugResources\values-es-rUS_values-es-rUS.arsc.flat
Compiling XML table C:\project\adjaba-player\app\build\intermediates\incremental\debug\mergeDebugResources\merged.dir\values-v23\values-v23.xml to C:\project\adjaba-player\app\build\intermediates\merged_res\debug\mergeDebugResources\values-v23_values-v23.arsc.flat
Compiling XML table C:\project\adjaba-player\app\build\intermediates\incremental\debug\mergeDebugResources\merged.dir\values-az\values-az.xml to C:\project\adjaba-player\app\build\intermediates\merged_res\debug\mergeDebugResources\values-az_values-az.arsc.flat
Compiling XML table C:\project\adjaba-player\app\build\intermediates\incremental\debug\mergeDebugResources\merged.dir\values-h360dp-land-v13\values-h360dp-land-v13.xml to C:\project\adjaba-player\app\build\intermediates\merged_res\debug\mergeDebugResources\values-h360dp-land-v13_values-h360dp-land-v13.arsc.flat
Compiling XML table C:\project\adjaba-player\app\build\intermediates\incremental\debug\mergeDebugResources\merged.dir\values-pt-rPT\values-pt-rPT.xml to C:\project\adjaba-player\app\build\intermediates\merged_res\debug\mergeDebugResources\values-pt-rPT_values-pt-rPT.arsc.flat
Compiling XML table C:\project\adjaba-player\app\build\intermediates\incremental\debug\mergeDebugResources\merged.dir\values-bn\values-bn.xml to C:\project\adjaba-player\app\build\intermediates\merged_res\debug\mergeDebugResources\values-bn_values-bn.arsc.flat
Compiling XML table C:\project\adjaba-player\app\build\intermediates\incremental\debug\mergeDebugResources\merged.dir\values-bs\values-bs.xml to C:\project\adjaba-player\app\build\intermediates\merged_res\debug\mergeDebugResources\values-bs_values-bs.arsc.flat
Compiling XML table C:\project\adjaba-player\app\build\intermediates\incremental\debug\mergeDebugResources\merged.dir\values-v26\values-v26.xml to C:\project\adjaba-player\app\build\intermediates\merged_res\debug\mergeDebugResources\values-v26_values-v26.arsc.flat
Compiling XML table C:\project\adjaba-player\app\build\intermediates\incremental\debug\mergeDebugResources\merged.dir\values-v25\values-v25.xml to C:\project\adjaba-player\app\build\intermediates\merged_res\debug\mergeDebugResources\values-v25_values-v25.arsc.flat
Compiling XML table C:\project\adjaba-player\app\build\intermediates\incremental\debug\mergeDebugResources\merged.dir\values-sw600dp-v13\values-sw600dp-v13.xml to C:\project\adjaba-player\app\build\intermediates\merged_res\debug\mergeDebugResources\values-sw600dp-v13_values-sw600dp-v13.arsc.flat
Compiling XML table C:\project\adjaba-player\app\build\intermediates\incremental\debug\mergeDebugResources\merged.dir\values-v28\values-v28.xml to C:\project\adjaba-player\app\build\intermediates\merged_res\debug\mergeDebugResources\values-v28_values-v28.arsc.flat
Compiling XML table C:\project\adjaba-player\app\build\intermediates\incremental\debug\mergeDebugResources\merged.dir\values-ka\values-ka.xml to C:\project\adjaba-player\app\build\intermediates\merged_res\debug\mergeDebugResources\values-ka_values-ka.arsc.flat
Compiling XML table C:\project\adjaba-player\app\build\intermediates\incremental\debug\mergeDebugResources\merged.dir\values-v22\values-v22.xml to C:\project\adjaba-player\app\build\intermediates\merged_res\debug\mergeDebugResources\values-v22_values-v22.arsc.flat
Compiling XML table C:\project\adjaba-player\app\build\intermediates\incremental\debug\mergeDebugResources\merged.dir\values-be\values-be.xml to C:\project\adjaba-player\app\build\intermediates\merged_res\debug\mergeDebugResources\values-be_values-be.arsc.flat
Compiling XML table C:\project\adjaba-player\app\build\intermediates\incremental\debug\mergeDebugResources\merged.dir\values-sk\values-sk.xml to C:\project\adjaba-player\app\build\intermediates\merged_res\debug\mergeDebugResources\values-sk_values-sk.arsc.flat
Compiling XML table C:\project\adjaba-player\app\build\intermediates\incremental\debug\mergeDebugResources\merged.dir\values-sl\values-sl.xml to C:\project\adjaba-player\app\build\intermediates\merged_res\debug\mergeDebugResources\values-sl_values-sl.arsc.flat
Compiling XML table C:\project\adjaba-player\app\build\intermediates\incremental\debug\mergeDebugResources\merged.dir\values-en-rCA\values-en-rCA.xml to C:\project\adjaba-player\app\build\intermediates\merged_res\debug\mergeDebugResources\values-en-rCA_values-en-rCA.arsc.flat
Compiling XML table C:\project\adjaba-player\app\build\intermediates\incremental\debug\mergeDebugResources\merged.dir\values-ru\values-ru.xml to C:\project\adjaba-player\app\build\intermediates\merged_res\debug\mergeDebugResources\values-ru_values-ru.arsc.flat
Compiling XML table C:\project\adjaba-player\app\build\intermediates\incremental\debug\mergeDebugResources\merged.dir\values-ro\values-ro.xml to C:\project\adjaba-player\app\build\intermediates\merged_res\debug\mergeDebugResources\values-ro_values-ro.arsc.flat
Compiling XML table C:\project\adjaba-player\app\build\intermediates\incremental\debug\mergeDebugResources\merged.dir\values-h480dp-land-v13\values-h480dp-land-v13.xml to C:\project\adjaba-player\app\build\intermediates\merged_res\debug\mergeDebugResources\values-h480dp-land-v13_values-h480dp-land-v13.arsc.flat
Compiling XML table C:\project\adjaba-player\app\build\intermediates\incremental\debug\mergeDebugResources\merged.dir\values-bg\values-bg.xml to C:\project\adjaba-player\app\build\intermediates\merged_res\debug\mergeDebugResources\values-bg_values-bg.arsc.flat
Compiling XML table C:\project\adjaba-player\app\build\intermediates\incremental\debug\mergeDebugResources\merged.dir\values-sr\values-sr.xml to C:\project\adjaba-player\app\build\intermediates\merged_res\debug\mergeDebugResources\values-sr_values-sr.arsc.flat
Compiling XML table C:\project\adjaba-player\app\build\intermediates\incremental\debug\mergeDebugResources\merged.dir\values-km\values-km.xml to C:\project\adjaba-player\app\build\intermediates\merged_res\debug\mergeDebugResources\values-km_values-km.arsc.flat
Compiling XML table C:\project\adjaba-player\app\build\intermediates\incremental\debug\mergeDebugResources\merged.dir\values-v34\values-v34.xml to C:\project\adjaba-player\app\build\intermediates\merged_res\debug\mergeDebugResources\values-v34_values-v34.arsc.flat
Compiling XML table C:\project\adjaba-player\app\build\intermediates\incremental\debug\mergeDebugResources\merged.dir\values-kk\values-kk.xml to C:\project\adjaba-player\app\build\intermediates\merged_res\debug\mergeDebugResources\values-kk_values-kk.arsc.flat
Compiling XML table C:\project\adjaba-player\app\build\intermediates\incremental\debug\mergeDebugResources\merged.dir\values-sv\values-sv.xml to C:\project\adjaba-player\app\build\intermediates\merged_res\debug\mergeDebugResources\values-sv_values-sv.arsc.flat
Compiling XML table C:\project\adjaba-player\app\build\intermediates\incremental\debug\mergeDebugResources\merged.dir\values-v35\values-v35.xml to C:\project\adjaba-player\app\build\intermediates\merged_res\debug\mergeDebugResources\values-v35_values-v35.arsc.flat
Compiling XML table C:\project\adjaba-player\app\build\intermediates\incremental\debug\mergeDebugResources\merged.dir\values-si\values-si.xml to C:\project\adjaba-player\app\build\intermediates\merged_res\debug\mergeDebugResources\values-si_values-si.arsc.flat
Compiling XML table C:\project\adjaba-player\app\build\intermediates\incremental\debug\mergeDebugResources\merged.dir\values-ta\values-ta.xml to C:\project\adjaba-player\app\build\intermediates\merged_res\debug\mergeDebugResources\values-ta_values-ta.arsc.flat
Compiling XML table C:\project\adjaba-player\app\build\intermediates\incremental\debug\mergeDebugResources\merged.dir\values-pt-rBR\values-pt-rBR.xml to C:\project\adjaba-player\app\build\intermediates\merged_res\debug\mergeDebugResources\values-pt-rBR_values-pt-rBR.arsc.flat
Compiling XML table C:\project\adjaba-player\app\build\intermediates\incremental\debug\mergeDebugResources\merged.dir\values-ky\values-ky.xml to C:\project\adjaba-player\app\build\intermediates\merged_res\debug\mergeDebugResources\values-ky_values-ky.arsc.flat
Compiling XML table C:\project\adjaba-player\app\build\intermediates\incremental\debug\mergeDebugResources\merged.dir\values-ca\values-ca.xml to C:\project\adjaba-player\app\build\intermediates\merged_res\debug\mergeDebugResources\values-ca_values-ca.arsc.flat
Compiling XML table C:\project\adjaba-player\app\build\intermediates\incremental\debug\mergeDebugResources\merged.dir\values-sw\values-sw.xml to C:\project\adjaba-player\app\build\intermediates\merged_res\debug\mergeDebugResources\values-sw_values-sw.arsc.flat
Compiling XML table C:\project\adjaba-player\app\build\intermediates\incremental\debug\mergeDebugResources\merged.dir\values-sq\values-sq.xml to C:\project\adjaba-player\app\build\intermediates\merged_res\debug\mergeDebugResources\values-sq_values-sq.arsc.flat
Compiling XML table C:\project\adjaba-player\app\build\intermediates\incremental\debug\mergeDebugResources\merged.dir\values-te\values-te.xml to C:\project\adjaba-player\app\build\intermediates\merged_res\debug\mergeDebugResources\values-te_values-te.arsc.flat
Compiling XML table C:\project\adjaba-player\app\build\intermediates\incremental\debug\mergeDebugResources\merged.dir\values-th\values-th.xml to C:\project\adjaba-player\app\build\intermediates\merged_res\debug\mergeDebugResources\values-th_values-th.arsc.flat
Compiling XML table C:\project\adjaba-player\app\build\intermediates\incremental\debug\mergeDebugResources\merged.dir\values-tl\values-tl.xml to C:\project\adjaba-player\app\build\intermediates\merged_res\debug\mergeDebugResources\values-tl_values-tl.arsc.flat
Compiling XML table C:\project\adjaba-player\app\build\intermediates\incremental\debug\mergeDebugResources\merged.dir\values-da\values-da.xml to C:\project\adjaba-player\app\build\intermediates\merged_res\debug\mergeDebugResources\values-da_values-da.arsc.flat
Compiling XML table C:\project\adjaba-player\app\build\intermediates\incremental\debug\mergeDebugResources\merged.dir\values-ko\values-ko.xml to C:\project\adjaba-player\app\build\intermediates\merged_res\debug\mergeDebugResources\values-ko_values-ko.arsc.flat
Compiling XML table C:\project\adjaba-player\app\build\intermediates\incremental\debug\mergeDebugResources\merged.dir\values-lt\values-lt.xml to C:\project\adjaba-player\app\build\intermediates\merged_res\debug\mergeDebugResources\values-lt_values-lt.arsc.flat
Compiling XML table C:\project\adjaba-player\app\build\intermediates\incremental\debug\mergeDebugResources\merged.dir\values-de\values-de.xml to C:\project\adjaba-player\app\build\intermediates\merged_res\debug\mergeDebugResources\values-de_values-de.arsc.flat
Compiling XML table C:\project\adjaba-player\app\build\intermediates\incremental\debug\mergeDebugResources\merged.dir\values-h720dp-v13\values-h720dp-v13.xml to C:\project\adjaba-player\app\build\intermediates\merged_res\debug\mergeDebugResources\values-h720dp-v13_values-h720dp-v13.arsc.flat
Compiling XML table C:\project\adjaba-player\app\build\intermediates\incremental\debug\mergeDebugResources\merged.dir\values-tr\values-tr.xml to C:\project\adjaba-player\app\build\intermediates\merged_res\debug\mergeDebugResources\values-tr_values-tr.arsc.flat
Compiling XML table C:\project\adjaba-player\app\build\intermediates\incremental\debug\mergeDebugResources\merged.dir\values-cs\values-cs.xml to C:\project\adjaba-player\app\build\intermediates\merged_res\debug\mergeDebugResources\values-cs_values-cs.arsc.flat
Compiling XML table C:\project\adjaba-player\app\build\intermediates\incremental\debug\mergeDebugResources\merged.dir\values-lo\values-lo.xml to C:\project\adjaba-player\app\build\intermediates\merged_res\debug\mergeDebugResources\values-lo_values-lo.arsc.flat
Compiling XML table C:\project\adjaba-player\app\build\intermediates\incremental\debug\mergeDebugResources\merged.dir\values-h550dp-port-v13\values-h550dp-port-v13.xml to C:\project\adjaba-player\app\build\intermediates\merged_res\debug\mergeDebugResources\values-h550dp-port-v13_values-h550dp-port-v13.arsc.flat
Compiling XML table C:\project\adjaba-player\app\build\intermediates\incremental\debug\mergeDebugResources\merged.dir\values-ldrtl-v17\values-ldrtl-v17.xml to C:\project\adjaba-player\app\build\intermediates\merged_res\debug\mergeDebugResources\values-ldrtl-v17_values-ldrtl-v17.arsc.flat
Compiling XML table C:\project\adjaba-player\app\build\intermediates\incremental\debug\mergeDebugResources\merged.dir\values-en-rIN\values-en-rIN.xml to C:\project\adjaba-player\app\build\intermediates\merged_res\debug\mergeDebugResources\values-en-rIN_values-en-rIN.arsc.flat
Compiling XML table C:\project\adjaba-player\app\build\intermediates\incremental\debug\mergeDebugResources\merged.dir\values-uk\values-uk.xml to C:\project\adjaba-player\app\build\intermediates\merged_res\debug\mergeDebugResources\values-uk_values-uk.arsc.flat
Compiling XML table C:\project\adjaba-player\app\build\intermediates\incremental\debug\mergeDebugResources\merged.dir\values-zh-rTW\values-zh-rTW.xml to C:\project\adjaba-player\app\build\intermediates\merged_res\debug\mergeDebugResources\values-zh-rTW_values-zh-rTW.arsc.flat
Compiling XML table C:\project\adjaba-player\app\build\intermediates\incremental\debug\mergeDebugResources\merged.dir\values-my\values-my.xml to C:\project\adjaba-player\app\build\intermediates\merged_res\debug\mergeDebugResources\values-my_values-my.arsc.flat
Compiling XML table C:\project\adjaba-player\app\build\intermediates\incremental\debug\mergeDebugResources\merged.dir\values-mk\values-mk.xml to C:\project\adjaba-player\app\build\intermediates\merged_res\debug\mergeDebugResources\values-mk_values-mk.arsc.flat
Compiling XML table C:\project\adjaba-player\app\build\intermediates\incremental\debug\mergeDebugResources\merged.dir\values-fr-rCA\values-fr-rCA.xml to C:\project\adjaba-player\app\build\intermediates\merged_res\debug\mergeDebugResources\values-fr-rCA_values-fr-rCA.arsc.flat
Compiling XML table C:\project\adjaba-player\app\build\intermediates\incremental\debug\mergeDebugResources\merged.dir\values-en-rAU\values-en-rAU.xml to C:\project\adjaba-player\app\build\intermediates\merged_res\debug\mergeDebugResources\values-en-rAU_values-en-rAU.arsc.flat
Compiling XML table C:\project\adjaba-player\app\build\intermediates\incremental\debug\mergeDebugResources\merged.dir\values-uz\values-uz.xml to C:\project\adjaba-player\app\build\intermediates\merged_res\debug\mergeDebugResources\values-uz_values-uz.arsc.flat
Compiling XML table C:\project\adjaba-player\app\build\intermediates\incremental\debug\mergeDebugResources\merged.dir\values-el\values-el.xml to C:\project\adjaba-player\app\build\intermediates\merged_res\debug\mergeDebugResources\values-el_values-el.arsc.flat
Compiling XML table C:\project\adjaba-player\app\build\intermediates\incremental\debug\mergeDebugResources\merged.dir\values-ml\values-ml.xml to C:\project\adjaba-player\app\build\intermediates\merged_res\debug\mergeDebugResources\values-ml_values-ml.arsc.flat
Compiling XML table C:\project\adjaba-player\app\build\intermediates\incremental\debug\mergeDebugResources\merged.dir\values-mr\values-mr.xml to C:\project\adjaba-player\app\build\intermediates\merged_res\debug\mergeDebugResources\values-mr_values-mr.arsc.flat
Compiling XML table C:\project\adjaba-player\app\build\intermediates\incremental\debug\mergeDebugResources\merged.dir\values-es\values-es.xml to C:\project\adjaba-player\app\build\intermediates\merged_res\debug\mergeDebugResources\values-es_values-es.arsc.flat
Compiling XML table C:\project\adjaba-player\app\build\intermediates\incremental\debug\mergeDebugResources\merged.dir\values-nl\values-nl.xml to C:\project\adjaba-player\app\build\intermediates\merged_res\debug\mergeDebugResources\values-nl_values-nl.arsc.flat
Compiling XML table C:\project\adjaba-player\app\build\intermediates\incremental\debug\mergeDebugResources\merged.dir\values-lv\values-lv.xml to C:\project\adjaba-player\app\build\intermediates\merged_res\debug\mergeDebugResources\values-lv_values-lv.arsc.flat
Compiling XML table C:\project\adjaba-player\app\build\intermediates\incremental\debug\mergeDebugResources\merged.dir\values-fa\values-fa.xml to C:\project\adjaba-player\app\build\intermediates\merged_res\debug\mergeDebugResources\values-fa_values-fa.arsc.flat
Compiling XML table C:\project\adjaba-player\app\build\intermediates\incremental\debug\mergeDebugResources\merged.dir\values-mn\values-mn.xml to C:\project\adjaba-player\app\build\intermediates\merged_res\debug\mergeDebugResources\values-mn_values-mn.arsc.flat
Compiling XML table C:\project\adjaba-player\app\build\intermediates\incremental\debug\mergeDebugResources\merged.dir\values-eu\values-eu.xml to C:\project\adjaba-player\app\build\intermediates\merged_res\debug\mergeDebugResources\values-eu_values-eu.arsc.flat
Compiling XML table C:\project\adjaba-player\app\build\intermediates\incremental\debug\mergeDebugResources\merged.dir\values-ne\values-ne.xml to C:\project\adjaba-player\app\build\intermediates\merged_res\debug\mergeDebugResources\values-ne_values-ne.arsc.flat
Compiling XML table C:\project\adjaba-player\app\build\intermediates\incremental\debug\mergeDebugResources\merged.dir\values-nb\values-nb.xml to C:\project\adjaba-player\app\build\intermediates\merged_res\debug\mergeDebugResources\values-nb_values-nb.arsc.flat
Compiling XML table C:\project\adjaba-player\app\build\intermediates\incremental\debug\mergeDebugResources\merged.dir\values-w600dp-land-v13\values-w600dp-land-v13.xml to C:\project\adjaba-player\app\build\intermediates\merged_res\debug\mergeDebugResources\values-w600dp-land-v13_values-w600dp-land-v13.arsc.flat
Compiling XML table C:\project\adjaba-player\app\build\intermediates\incremental\debug\mergeDebugResources\merged.dir\values-b+es+419\values-b+es+419.xml to C:\project\adjaba-player\app\build\intermediates\merged_res\debug\mergeDebugResources\values-b+es+419_values-b+es+419.arsc.flat
Compiling XML table C:\project\adjaba-player\app\build\intermediates\incremental\debug\mergeDebugResources\merged.dir\values-port\values-port.xml to C:\project\adjaba-player\app\build\intermediates\merged_res\debug\mergeDebugResources\values-port_values-port.arsc.flat
Compiling XML table C:\project\adjaba-player\app\build\intermediates\incremental\debug\mergeDebugResources\merged.dir\values-vi\values-vi.xml to C:\project\adjaba-player\app\build\intermediates\merged_res\debug\mergeDebugResources\values-vi_values-vi.arsc.flat
Compiling XML table C:\project\adjaba-player\app\build\intermediates\incremental\debug\mergeDebugResources\merged.dir\values-zh-rCN\values-zh-rCN.xml to C:\project\adjaba-player\app\build\intermediates\merged_res\debug\mergeDebugResources\values-zh-rCN_values-zh-rCN.arsc.flat
Compiling XML table C:\project\adjaba-player\app\build\intermediates\incremental\debug\mergeDebugResources\merged.dir\values-en-rGB\values-en-rGB.xml to C:\project\adjaba-player\app\build\intermediates\merged_res\debug\mergeDebugResources\values-en-rGB_values-en-rGB.arsc.flat
Compiling XML table C:\project\adjaba-player\app\build\intermediates\incremental\debug\mergeDebugResources\merged.dir\values-ms\values-ms.xml to C:\project\adjaba-player\app\build\intermediates\merged_res\debug\mergeDebugResources\values-ms_values-ms.arsc.flat
Compiling XML table C:\project\adjaba-player\app\build\intermediates\incremental\debug\mergeDebugResources\merged.dir\values-gl\values-gl.xml to C:\project\adjaba-player\app\build\intermediates\merged_res\debug\mergeDebugResources\values-gl_values-gl.arsc.flat
Compiling XML table C:\project\adjaba-player\app\build\intermediates\incremental\debug\mergeDebugResources\merged.dir\values-w400dp-port-v13\values-w400dp-port-v13.xml to C:\project\adjaba-player\app\build\intermediates\merged_res\debug\mergeDebugResources\values-w400dp-port-v13_values-w400dp-port-v13.arsc.flat
Compiling XML table C:\project\adjaba-player\app\build\intermediates\incremental\debug\mergeDebugResources\merged.dir\values-hdpi-v4\values-hdpi-v4.xml to C:\project\adjaba-player\app\build\intermediates\merged_res\debug\mergeDebugResources\values-hdpi-v4_values-hdpi-v4.arsc.flat
Compiling XML table C:\project\adjaba-player\app\build\intermediates\incremental\debug\mergeDebugResources\merged.dir\values-en-rXC\values-en-rXC.xml to C:\project\adjaba-player\app\build\intermediates\merged_res\debug\mergeDebugResources\values-en-rXC_values-en-rXC.arsc.flat
Compiling XML table C:\project\adjaba-player\app\build\intermediates\incremental\debug\mergeDebugResources\merged.dir\values-fr\values-fr.xml to C:\project\adjaba-player\app\build\intermediates\merged_res\debug\mergeDebugResources\values-fr_values-fr.arsc.flat
Compiling xml file C:\project\adjaba-player\app\src\main\res\anim\bottom_up.xml to C:\project\adjaba-player\app\build\intermediates\merged_res\debug\mergeDebugResources\anim_bottom_up.xml.flat
Compiling image file C:\project\adjaba-player\app\src\main\res\mipmap-xhdpi\picture.png
Compiling file C:\project\adjaba-player\app\src\main\res\mipmap-xhdpi\picture.png to C:\project\adjaba-player\app\build\intermediates\merged_res\debug\mergeDebugResources\mipmap-xhdpi_picture.png.flat
Compiling XML table C:\project\adjaba-player\app\build\intermediates\incremental\debug\mergeDebugResources\merged.dir\values-large-v4\values-large-v4.xml to C:\project\adjaba-player\app\build\intermediates\merged_res\debug\mergeDebugResources\values-large-v4_values-large-v4.arsc.flat
Compiling XML table C:\project\adjaba-player\app\build\intermediates\incremental\debug\mergeDebugResources\merged.dir\values-or\values-or.xml to C:\project\adjaba-player\app\build\intermediates\merged_res\debug\mergeDebugResources\values-or_values-or.arsc.flat
Compiling XML table C:\project\adjaba-player\app\build\intermediates\incremental\debug\mergeDebugResources\merged.dir\values-pl\values-pl.xml to C:\project\adjaba-player\app\build\intermediates\merged_res\debug\mergeDebugResources\values-pl_values-pl.arsc.flat
Compiling XML table C:\project\adjaba-player\app\build\intermediates\incremental\debug\mergeDebugResources\merged.dir\values-night-v8\values-night-v8.xml to C:\project\adjaba-player\app\build\intermediates\merged_res\debug\mergeDebugResources\values-night-v8_values-night-v8.arsc.flat
Compiling xml file C:\project\adjaba-player\app\src\main\res\drawable\bg_tv_spinner.xml to C:\project\adjaba-player\app\build\intermediates\merged_res\debug\mergeDebugResources\drawable_bg_tv_spinner.xml.flat
Compiling xml file C:\project\adjaba-player\app\src\main\res\drawable\weather_back.xml to C:\project\adjaba-player\app\build\intermediates\merged_res\debug\mergeDebugResources\drawable_weather_back.xml.flat
Compiling XML table C:\project\adjaba-player\app\build\intermediates\incremental\debug\mergeDebugResources\merged.dir\values-gu\values-gu.xml to C:\project\adjaba-player\app\build\intermediates\merged_res\debug\mergeDebugResources\values-gu_values-gu.arsc.flat
Compiling image file C:\project\adjaba-player\app\src\main\res\mipmap-xxhdpi\background_port.png
Compiling file C:\project\adjaba-player\app\src\main\res\mipmap-xxhdpi\background_port.png to C:\project\adjaba-player\app\build\intermediates\merged_res\debug\mergeDebugResources\mipmap-xxhdpi_background_port.png.flat
Compiling XML table C:\project\adjaba-player\app\build\intermediates\incremental\debug\mergeDebugResources\merged.dir\values-sw900dp-v13\values-sw900dp-v13.xml to C:\project\adjaba-player\app\build\intermediates\merged_res\debug\mergeDebugResources\values-sw900dp-v13_values-sw900dp-v13.arsc.flat
Compiling image file C:\project\adjaba-player\app\src\main\res\mipmap-xxxhdpi\background_port.png
Compiling file C:\project\adjaba-player\app\src\main\res\mipmap-xxxhdpi\background_port.png to C:\project\adjaba-player\app\build\intermediates\merged_res\debug\mergeDebugResources\mipmap-xxxhdpi_background_port.png.flat
Compiling image file C:\project\adjaba-player\app\src\main\res\mipmap-mdpi\logo2.png
Compiling file C:\project\adjaba-player\app\src\main\res\mipmap-mdpi\logo2.png to C:\project\adjaba-player\app\build\intermediates\merged_res\debug\mergeDebugResources\mipmap-mdpi_logo2.png.flat
Compiling image file C:\project\adjaba-player\app\src\main\res\mipmap-mdpi\logo1.png
Compiling XML table C:\project\adjaba-player\app\build\intermediates\incremental\debug\mergeDebugResources\merged.dir\values-land\values-land.xml to C:\project\adjaba-player\app\build\intermediates\merged_res\debug\mergeDebugResources\values-land_values-land.arsc.flat
Compiling file C:\project\adjaba-player\app\src\main\res\mipmap-mdpi\logo1.png to C:\project\adjaba-player\app\build\intermediates\merged_res\debug\mergeDebugResources\mipmap-mdpi_logo1.png.flat
Compiling xml file C:\project\adjaba-player\app\src\main\res\drawable\ic_add_screen.xml to C:\project\adjaba-player\app\build\intermediates\merged_res\debug\mergeDebugResources\drawable_ic_add_screen.xml.flat
Compiling image file C:\project\adjaba-player\app\src\main\res\mipmap-hdpi\background.png
Compiling file C:\project\adjaba-player\app\src\main\res\mipmap-hdpi\background.png to C:\project\adjaba-player\app\build\intermediates\merged_res\debug\mergeDebugResources\mipmap-hdpi_background.png.flat
Compiling image file C:\project\adjaba-player\app\src\main\res\drawable\rainy.png
Compiling image file C:\project\adjaba-player\app\src\main\res\mipmap-hdpi\logo2.png
Compiling file C:\project\adjaba-player\app\src\main\res\drawable\rainy.png to C:\project\adjaba-player\app\build\intermediates\merged_res\debug\mergeDebugResources\drawable_rainy.png.flat
Compiling image file C:\project\adjaba-player\app\src\main\res\mipmap-hdpi\app_icon.png
Compiling file C:\project\adjaba-player\app\src\main\res\mipmap-hdpi\logo2.png to C:\project\adjaba-player\app\build\intermediates\merged_res\debug\mergeDebugResources\mipmap-hdpi_logo2.png.flat
Compiling file C:\project\adjaba-player\app\src\main\res\mipmap-hdpi\app_icon.png to C:\project\adjaba-player\app\build\intermediates\merged_res\debug\mergeDebugResources\mipmap-hdpi_app_icon.png.flat
Compiling image file C:\project\adjaba-player\app\src\main\res\mipmap-tvdpi\picture.png
Compiling xml file C:\project\adjaba-player\app\src\main\res\drawable\tags_24.xml to C:\project\adjaba-player\app\build\intermediates\merged_res\debug\mergeDebugResources\drawable_tags_24.xml.flat
Compiling file C:\project\adjaba-player\app\src\main\res\mipmap-tvdpi\picture.png to C:\project\adjaba-player\app\build\intermediates\merged_res\debug\mergeDebugResources\mipmap-tvdpi_picture.png.flat
Compiling image file C:\project\adjaba-player\app\src\main\res\mipmap-xxxhdpi\logo2.png
Compiling file C:\project\adjaba-player\app\src\main\res\mipmap-xxxhdpi\logo2.png to C:\project\adjaba-player\app\build\intermediates\merged_res\debug\mergeDebugResources\mipmap-xxxhdpi_logo2.png.flat
Compiling xml file C:\project\adjaba-player\app\src\main\res\layout\main_ads_custom.xml to C:\project\adjaba-player\app\build\intermediates\merged_res\debug\mergeDebugResources\layout_main_ads_custom.xml.flat
Compiling image file C:\project\adjaba-player\app\src\main\res\mipmap-tvdpi\login_logo.png
Compiling xml file C:\project\adjaba-player\app\src\main\res\drawable\baseline_location_pin_24.xml to C:\project\adjaba-player\app\build\intermediates\merged_res\debug\mergeDebugResources\drawable_baseline_location_pin_24.xml.flat
Compiling xml file C:\project\adjaba-player\app\src\main\res\drawable\baseline_arrow_drop_down_24.xml to C:\project\adjaba-player\app\build\intermediates\merged_res\debug\mergeDebugResources\drawable_baseline_arrow_drop_down_24.xml.flat
Compiling file C:\project\adjaba-player\app\src\main\res\mipmap-tvdpi\login_logo.png to C:\project\adjaba-player\app\build\intermediates\merged_res\debug\mergeDebugResources\mipmap-tvdpi_login_logo.png.flat
Compiling xml file C:\project\adjaba-player\app\src\main\res\drawable\bg_news_badge.xml to C:\project\adjaba-player\app\build\intermediates\merged_res\debug\mergeDebugResources\drawable_bg_news_badge.xml.flat
Compiling xml file C:\project\adjaba-player\app\src\main\res\anim\fade_in.xml to C:\project\adjaba-player\app\build\intermediates\merged_res\debug\mergeDebugResources\anim_fade_in.xml.flat
Compiling image file C:\project\adjaba-player\app\src\main\res\mipmap-xhdpi\logo1.png
Compiling file C:\project\adjaba-player\app\src\main\res\mipmap-xhdpi\logo1.png to C:\project\adjaba-player\app\build\intermediates\merged_res\debug\mergeDebugResources\mipmap-xhdpi_logo1.png.flat
Compiling image file C:\project\adjaba-player\app\src\main\res\mipmap-mdpi\app_icon.png
Compiling xml file C:\project\adjaba-player\app\src\main\res\layout\activity_login.xml to C:\project\adjaba-player\app\build\intermediates\merged_res\debug\mergeDebugResources\layout_activity_login.xml.flat
Compiling image file C:\project\adjaba-player\app\src\main\res\mipmap-hdpi\logo1.png
Compiling file C:\project\adjaba-player\app\src\main\res\mipmap-mdpi\app_icon.png to C:\project\adjaba-player\app\build\intermediates\merged_res\debug\mergeDebugResources\mipmap-mdpi_app_icon.png.flat
Compiling image file C:\project\adjaba-player\app\src\main\res\mipmap-mdpi\login_logo.png
Compiling file C:\project\adjaba-player\app\src\main\res\mipmap-mdpi\login_logo.png to C:\project\adjaba-player\app\build\intermediates\merged_res\debug\mergeDebugResources\mipmap-mdpi_login_logo.png.flat
Compiling file C:\project\adjaba-player\app\src\main\res\mipmap-hdpi\logo1.png to C:\project\adjaba-player\app\build\intermediates\merged_res\debug\mergeDebugResources\mipmap-hdpi_logo1.png.flat
Compiling image file C:\project\adjaba-player\app\src\main\res\mipmap-xxxhdpi\logo1.png
Compiling file C:\project\adjaba-player\app\src\main\res\mipmap-xxxhdpi\logo1.png to C:\project\adjaba-player\app\build\intermediates\merged_res\debug\mergeDebugResources\mipmap-xxxhdpi_logo1.png.flat
Compiling xml file C:\project\adjaba-player\app\src\main\res\drawable\bg_tv_button_secondary.xml to C:\project\adjaba-player\app\build\intermediates\merged_res\debug\mergeDebugResources\drawable_bg_tv_button_secondary.xml.flat
Compiling image file C:\project\adjaba-player\app\src\main\res\mipmap-xxxhdpi\app_icon.png
Compiling file C:\project\adjaba-player\app\src\main\res\mipmap-xxxhdpi\app_icon.png to C:\project\adjaba-player\app\build\intermediates\merged_res\debug\mergeDebugResources\mipmap-xxxhdpi_app_icon.png.flat
Compiling xml file C:\project\adjaba-player\app\src\main\res\drawable\bg_tv_button.xml to C:\project\adjaba-player\app\build\intermediates\merged_res\debug\mergeDebugResources\drawable_bg_tv_button.xml.flat
Compiling image file C:\project\adjaba-player\app\src\main\res\mipmap-xxhdpi\picture.png
Compiling file C:\project\adjaba-player\app\src\main\res\mipmap-xxhdpi\picture.png to C:\project\adjaba-player\app\build\intermediates\merged_res\debug\mergeDebugResources\mipmap-xxhdpi_picture.png.flat
Compiling xml file C:\project\adjaba-player\app\src\main\res\drawable\qr_frame.xml to C:\project\adjaba-player\app\build\intermediates\merged_res\debug\mergeDebugResources\drawable_qr_frame.xml.flat
Compiling image file C:\project\adjaba-player\app\src\main\res\mipmap-tvdpi\background_port.png
Compiling xml file C:\project\adjaba-player\app\src\main\res\drawable\btn_login_selector.xml to C:\project\adjaba-player\app\build\intermediates\merged_res\debug\mergeDebugResources\drawable_btn_login_selector.xml.flat
Compiling file C:\project\adjaba-player\app\src\main\res\mipmap-tvdpi\background_port.png to C:\project\adjaba-player\app\build\intermediates\merged_res\debug\mergeDebugResources\mipmap-tvdpi_background_port.png.flat
Compiling image file C:\project\adjaba-player\app\src\main\res\mipmap-mdpi\land.png
Compiling file C:\project\adjaba-player\app\src\main\res\mipmap-mdpi\land.png to C:\project\adjaba-player\app\build\intermediates\merged_res\debug\mergeDebugResources\mipmap-mdpi_land.png.flat
Compiling xml file C:\project\adjaba-player\app\src\main\res\drawable\ic_launcher_background.xml to C:\project\adjaba-player\app\build\intermediates\merged_res\debug\mergeDebugResources\drawable_ic_launcher_background.xml.flat
Compiling image file C:\project\adjaba-player\app\src\main\res\mipmap-xxhdpi\land.png
Compiling file C:\project\adjaba-player\app\src\main\res\mipmap-xxhdpi\land.png to C:\project\adjaba-player\app\build\intermediates\merged_res\debug\mergeDebugResources\mipmap-xxhdpi_land.png.flat
Compiling image file C:\project\adjaba-player\app\src\main\res\mipmap-tvdpi\land.png
Compiling xml file C:\project\adjaba-player\app\src\main\res\drawable\edit_text_cursor.xml to C:\project\adjaba-player\app\build\intermediates\merged_res\debug\mergeDebugResources\drawable_edit_text_cursor.xml.flat
Compiling xml file C:\project\adjaba-player\app\src\main\res\drawable\bg_dialog.xml to C:\project\adjaba-player\app\build\intermediates\merged_res\debug\mergeDebugResources\drawable_bg_dialog.xml.flat
Compiling file C:\project\adjaba-player\app\src\main\res\mipmap-tvdpi\land.png to C:\project\adjaba-player\app\build\intermediates\merged_res\debug\mergeDebugResources\mipmap-tvdpi_land.png.flat
Compiling image file C:\project\adjaba-player\app\src\main\res\mipmap-xxhdpi\background.png
Compiling file C:\project\adjaba-player\app\src\main\res\mipmap-xxhdpi\background.png to C:\project\adjaba-player\app\build\intermediates\merged_res\debug\mergeDebugResources\mipmap-xxhdpi_background.png.flat
Compiling xml file C:\project\adjaba-player\app\src\main\res\drawable\edt_text_custom.xml to C:\project\adjaba-player\app\build\intermediates\merged_res\debug\mergeDebugResources\drawable_edt_text_custom.xml.flat
Compiling xml file C:\project\adjaba-player\app\src\main\res\layout\news_custom.xml to C:\project\adjaba-player\app\build\intermediates\merged_res\debug\mergeDebugResources\layout_news_custom.xml.flat
Compiling image file C:\project\adjaba-player\app\src\main\res\drawable\humidity.png
Compiling xml file C:\project\adjaba-player\app\src\main\res\drawable\bt_custom.xml to C:\project\adjaba-player\app\build\intermediates\merged_res\debug\mergeDebugResources\drawable_bt_custom.xml.flat
Compiling file C:\project\adjaba-player\app\src\main\res\drawable\humidity.png to C:\project\adjaba-player\app\build\intermediates\merged_res\debug\mergeDebugResources\drawable_humidity.png.flat
Compiling xml file C:\project\adjaba-player\app\src\main\res\anim\enter_from_right.xml to C:\project\adjaba-player\app\build\intermediates\merged_res\debug\mergeDebugResources\anim_enter_from_right.xml.flat
Compiling image file C:\project\adjaba-player\app\src\main\res\mipmap-mdpi\background.png
Compiling file C:\project\adjaba-player\app\src\main\res\mipmap-mdpi\background.png to C:\project\adjaba-player\app\build\intermediates\merged_res\debug\mergeDebugResources\mipmap-mdpi_background.png.flat
Compiling image file C:\project\adjaba-player\app\src\main\res\mipmap-xxxhdpi\picture.png
Compiling file C:\project\adjaba-player\app\src\main\res\mipmap-xxxhdpi\picture.png to C:\project\adjaba-player\app\build\intermediates\merged_res\debug\mergeDebugResources\mipmap-xxxhdpi_picture.png.flat
Compiling image file C:\project\adjaba-player\app\src\main\res\drawable\final_logo.png
Compiling file C:\project\adjaba-player\app\src\main\res\drawable\final_logo.png to C:\project\adjaba-player\app\build\intermediates\merged_res\debug\mergeDebugResources\drawable_final_logo.png.flat
Compiling xml file C:\project\adjaba-player\app\src\main\res\drawable\baseline_info_24.xml to C:\project\adjaba-player\app\build\intermediates\merged_res\debug\mergeDebugResources\drawable_baseline_info_24.xml.flat
Compiling image file C:\project\adjaba-player\app\src\main\res\drawable\storm.png
Compiling file C:\project\adjaba-player\app\src\main\res\drawable\storm.png to C:\project\adjaba-player\app\build\intermediates\merged_res\debug\mergeDebugResources\drawable_storm.png.flat
Compiling xml file C:\project\adjaba-player\app\src\main\res\layout\item_spinner.xml to C:\project\adjaba-player\app\build\intermediates\merged_res\debug\mergeDebugResources\layout_item_spinner.xml.flat
Compiling image file C:\project\adjaba-player\app\src\main\res\mipmap-xhdpi\app_icon.png
Compiling file C:\project\adjaba-player\app\src\main\res\mipmap-xhdpi\app_icon.png to C:\project\adjaba-player\app\build\intermediates\merged_res\debug\mergeDebugResources\mipmap-xhdpi_app_icon.png.flat
Compiling xml file C:\project\adjaba-player\app\src\main\res\layout-land\activity_select_screen.xml to C:\project\adjaba-player\app\build\intermediates\merged_res\debug\mergeDebugResources\layout-land_activity_select_screen.xml.flat
Compiling xml file C:\project\adjaba-player\app\src\main\res\layout\fragment_advert_watching.xml to C:\project\adjaba-player\app\build\intermediates\merged_res\debug\mergeDebugResources\layout_fragment_advert_watching.xml.flat
Compiling xml file C:\project\adjaba-player\app\src\main\res\anim\slide_down_out.xml to C:\project\adjaba-player\app\build\intermediates\merged_res\debug\mergeDebugResources\anim_slide_down_out.xml.flat
Compiling image file C:\project\adjaba-player\app\src\main\res\drawable\umbrella.png
Compiling file C:\project\adjaba-player\app\src\main\res\drawable\umbrella.png to C:\project\adjaba-player\app\build\intermediates\merged_res\debug\mergeDebugResources\drawable_umbrella.png.flat
Compiling image file C:\project\adjaba-player\app\src\main\res\mipmap-tvdpi\logo1.png
Compiling file C:\project\adjaba-player\app\src\main\res\mipmap-tvdpi\logo1.png to C:\project\adjaba-player\app\build\intermediates\merged_res\debug\mergeDebugResources\mipmap-tvdpi_logo1.png.flat
Compiling image file C:\project\adjaba-player\app\src\main\res\drawable\wind.png
Compiling file C:\project\adjaba-player\app\src\main\res\drawable\wind.png to C:\project\adjaba-player\app\build\intermediates\merged_res\debug\mergeDebugResources\drawable_wind.png.flat
Compiling image file C:\project\adjaba-player\app\src\main\res\mipmap-xxxhdpi\land.png
Compiling file C:\project\adjaba-player\app\src\main\res\mipmap-xxxhdpi\land.png to C:\project\adjaba-player\app\build\intermediates\merged_res\debug\mergeDebugResources\mipmap-xxxhdpi_land.png.flat
Compiling image file C:\project\adjaba-player\app\src\main\res\mipmap-tvdpi\app_icon.png
Compiling file C:\project\adjaba-player\app\src\main\res\mipmap-tvdpi\app_icon.png to C:\project\adjaba-player\app\build\intermediates\merged_res\debug\mergeDebugResources\mipmap-tvdpi_app_icon.png.flat
Compiling xml file C:\project\adjaba-player\app\src\main\res\drawable\bg_tv_card.xml to C:\project\adjaba-player\app\build\intermediates\merged_res\debug\mergeDebugResources\drawable_bg_tv_card.xml.flat
Compiling image file C:\project\adjaba-player\app\src\main\res\mipmap-xxxhdpi\background.png
Compiling file C:\project\adjaba-player\app\src\main\res\mipmap-xxxhdpi\background.png to C:\project\adjaba-player\app\build\intermediates\merged_res\debug\mergeDebugResources\mipmap-xxxhdpi_background.png.flat
Compiling xml file C:\project\adjaba-player\app\src\main\res\drawable\bg_tv_input.xml to C:\project\adjaba-player\app\build\intermediates\merged_res\debug\mergeDebugResources\drawable_bg_tv_input.xml.flat
Compiling image file C:\project\adjaba-player\app\src\main\res\mipmap-xxhdpi\login_logo.png
Compiling file C:\project\adjaba-player\app\src\main\res\mipmap-xxhdpi\login_logo.png to C:\project\adjaba-player\app\build\intermediates\merged_res\debug\mergeDebugResources\mipmap-xxhdpi_login_logo.png.flat
Compiling image file C:\project\adjaba-player\app\src\main\res\mipmap-xhdpi\login_logo.png
Compiling image file C:\project\adjaba-player\app\src\main\res\mipmap-tvdpi\logo2.png
Compiling file C:\project\adjaba-player\app\src\main\res\mipmap-xhdpi\login_logo.png to C:\project\adjaba-player\app\build\intermediates\merged_res\debug\mergeDebugResources\mipmap-xhdpi_login_logo.png.flat
Compiling file C:\project\adjaba-player\app\src\main\res\mipmap-tvdpi\logo2.png to C:\project\adjaba-player\app\build\intermediates\merged_res\debug\mergeDebugResources\mipmap-tvdpi_logo2.png.flat
Compiling image file C:\project\adjaba-player\app\src\main\res\mipmap-mdpi\background_port.png
Compiling file C:\project\adjaba-player\app\src\main\res\mipmap-mdpi\background_port.png to C:\project\adjaba-player\app\build\intermediates\merged_res\debug\mergeDebugResources\mipmap-mdpi_background_port.png.flat
Compiling xml file C:\project\adjaba-player\app\src\main\res\drawable\gradient_news_overlay.xml to C:\project\adjaba-player\app\build\intermediates\merged_res\debug\mergeDebugResources\drawable_gradient_news_overlay.xml.flat
Compiling xml file C:\project\adjaba-player\app\src\main\res\drawable\edit_text_bg.xml to C:\project\adjaba-player\app\build\intermediates\merged_res\debug\mergeDebugResources\drawable_edit_text_bg.xml.flat
Compiling xml file C:\project\adjaba-player\app\src\main\res\drawable\bg_weather_slide.xml to C:\project\adjaba-player\app\build\intermediates\merged_res\debug\mergeDebugResources\drawable_bg_weather_slide.xml.flat
Compiling image file C:\project\adjaba-player\app\src\main\res\mipmap-xhdpi\background.png
Compiling image file C:\project\adjaba-player\app\src\main\res\mipmap-mdpi\picture.png
Compiling file C:\project\adjaba-player\app\src\main\res\mipmap-xhdpi\background.png to C:\project\adjaba-player\app\build\intermediates\merged_res\debug\mergeDebugResources\mipmap-xhdpi_background.png.flat
Compiling file C:\project\adjaba-player\app\src\main\res\mipmap-mdpi\picture.png to C:\project\adjaba-player\app\build\intermediates\merged_res\debug\mergeDebugResources\mipmap-mdpi_picture.png.flat
Compiling xml file C:\project\adjaba-player\app\src\main\res\anim\exit_to_left.xml to C:\project\adjaba-player\app\build\intermediates\merged_res\debug\mergeDebugResources\anim_exit_to_left.xml.flat
Compiling image file C:\project\adjaba-player\app\src\main\res\mipmap-hdpi\login_logo.png
Compiling file C:\project\adjaba-player\app\src\main\res\mipmap-hdpi\login_logo.png to C:\project\adjaba-player\app\build\intermediates\merged_res\debug\mergeDebugResources\mipmap-hdpi_login_logo.png.flat
Compiling image file C:\project\adjaba-player\app\src\main\res\mipmap-xhdpi\background_port.png
Compiling file C:\project\adjaba-player\app\src\main\res\mipmap-xhdpi\background_port.png to C:\project\adjaba-player\app\build\intermediates\merged_res\debug\mergeDebugResources\mipmap-xhdpi_background_port.png.flat
Compiling image file C:\project\adjaba-player\app\src\main\res\mipmap-xhdpi\land.png
Compiling xml file C:\project\adjaba-player\app\src\main\res\drawable\spinner_custom.xml to C:\project\adjaba-player\app\build\intermediates\merged_res\debug\mergeDebugResources\drawable_spinner_custom.xml.flat
Compiling xml file C:\project\adjaba-player\app\src\main\res\layout\activity_select_screen.xml to C:\project\adjaba-player\app\build\intermediates\merged_res\debug\mergeDebugResources\layout_activity_select_screen.xml.flat
Compiling file C:\project\adjaba-player\app\src\main\res\mipmap-xhdpi\land.png to C:\project\adjaba-player\app\build\intermediates\merged_res\debug\mergeDebugResources\mipmap-xhdpi_land.png.flat
Compiling image file C:\project\adjaba-player\app\src\main\res\drawable\hotel.png
Compiling file C:\project\adjaba-player\app\src\main\res\drawable\hotel.png to C:\project\adjaba-player\app\build\intermediates\merged_res\debug\mergeDebugResources\drawable_hotel.png.flat
Compiling image file C:\project\adjaba-player\app\src\main\res\mipmap-hdpi\picture.png
Compiling file C:\project\adjaba-player\app\src\main\res\mipmap-hdpi\picture.png to C:\project\adjaba-player\app\build\intermediates\merged_res\debug\mergeDebugResources\mipmap-hdpi_picture.png.flat
Compiling xml file C:\project\adjaba-player\app\src\main\res\drawable\buttton_unselected_shape.xml to C:\project\adjaba-player\app\build\intermediates\merged_res\debug\mergeDebugResources\drawable_buttton_unselected_shape.xml.flat
Compiling file C:\project\adjaba-player\app\src\main\res\raw\deafult.mp4 to C:\project\adjaba-player\app\build\intermediates\merged_res\debug\mergeDebugResources\raw_deafult.mp4.flat
Compiling file C:\project\adjaba-player\app\src\main\res\raw\network.xml to C:\project\adjaba-player\app\build\intermediates\merged_res\debug\mergeDebugResources\raw_network.xml.flat

Resolve mutations for :app:packageDebugResources (Thread[#106,Execution worker Thread 7,5,main]) started.
:app:packageDebugResources (Thread[#99,included builds,5,main]) started.

> Task :app:packageDebugResources
Caching disabled for task ':app:packageDebugResources' because:
  Build cache is disabled
Task ':app:packageDebugResources' is not up-to-date because:
  Output property 'dataBindingLayoutInfoOutFolder' file C:\project\adjaba-player\app\build\intermediates\data_binding_layout_info_type_package\debug\packageDebugResources\out has been removed.
  Output property 'incrementalFolder' file C:\project\adjaba-player\app\build\intermediates\incremental\debug\packageDebugResources has been removed.
  Output property 'incrementalFolder' file C:\project\adjaba-player\app\build\intermediates\incremental\debug\packageDebugResources\compile-file-map.properties has been removed.
  and more...
The input changes require a full rebuild for incremental task ':app:packageDebugResources'.
[MergeResources] Inputs are non-incremental full task action.
Resolve mutations for :app:parseDebugLocalResources (Thread[#99,included builds,5,main]) started.
:app:parseDebugLocalResources (Thread[#99,included builds,5,main]) started.

> Task :app:mergeDebugResources
Compiling xml file C:\project\adjaba-player\app\src\main\res\drawable\edt_line_custom.xml to C:\project\adjaba-player\app\build\intermediates\merged_res\debug\mergeDebugResources\drawable_edt_line_custom.xml.flat
Compiling xml file C:\project\adjaba-player\app\src\main\res\drawable\gradiant_card.xml to C:\project\adjaba-player\app\build\intermediates\merged_res\debug\mergeDebugResources\drawable_gradiant_card.xml.flat
Compiling xml file C:\project\adjaba-player\app\src\main\res\drawable\ic_thermostat.xml to C:\project\adjaba-player\app\build\intermediates\merged_res\debug\mergeDebugResources\drawable_ic_thermostat.xml.flat
Compiling xml file C:\project\adjaba-player\app\src\main\res\drawable\list_bg.xml to C:\project\adjaba-player\app\build\intermediates\merged_res\debug\mergeDebugResources\drawable_list_bg.xml.flat
Compiling xml file C:\project\adjaba-player\app\src\main\res\layout-land\fragment_advert_watching.xml to C:\project\adjaba-player\app\build\intermediates\merged_res\debug\mergeDebugResources\layout-land_fragment_advert_watching.xml.flat
Compiling xml file C:\project\adjaba-player\app\src\main\res\layout-land\activity_preview_ads.xml to C:\project\adjaba-player\app\build\intermediates\merged_res\debug\mergeDebugResources\layout-land_activity_preview_ads.xml.flat
Compiling xml file C:\project\adjaba-player\app\src\main\res\anim\bottom_down.xml to C:\project\adjaba-player\app\build\intermediates\merged_res\debug\mergeDebugResources\anim_bottom_down.xml.flat
Compiling image file C:\project\adjaba-player\app\src\main\res\mipmap-xxxhdpi\login_logo.png
Compiling file C:\project\adjaba-player\app\src\main\res\mipmap-xxxhdpi\login_logo.png to C:\project\adjaba-player\app\build\intermediates\merged_res\debug\mergeDebugResources\mipmap-xxxhdpi_login_logo.png.flat
Compiling xml file C:\project\adjaba-player\app\src\main\res\drawable\progress_drawable.xml to C:\project\adjaba-player\app\build\intermediates\merged_res\debug\mergeDebugResources\drawable_progress_drawable.xml.flat
Compiling xml file C:\project\adjaba-player\app\src\main\res\anim\slide_up_in.xml to C:\project\adjaba-player\app\build\intermediates\merged_res\debug\mergeDebugResources\anim_slide_up_in.xml.flat
Compiling xml file C:\project\adjaba-player\app\src\main\res\anim\fade_out.xml to C:\project\adjaba-player\app\build\intermediates\merged_res\debug\mergeDebugResources\anim_fade_out.xml.flat
Compiling image file C:\project\adjaba-player\app\src\main\res\mipmap-xxhdpi\logo2.png
Compiling file C:\project\adjaba-player\app\src\main\res\mipmap-xxhdpi\logo2.png to C:\project\adjaba-player\app\build\intermediates\merged_res\debug\mergeDebugResources\mipmap-xxhdpi_logo2.png.flat
Compiling image file C:\project\adjaba-player\app\src\main\res\drawable\loading_icon.png
Compiling file C:\project\adjaba-player\app\src\main\res\drawable\loading_icon.png to C:\project\adjaba-player\app\build\intermediates\merged_res\debug\mergeDebugResources\drawable_loading_icon.png.flat
Compiling image file C:\project\adjaba-player\app\src\main\res\mipmap-xxhdpi\logo1.png
Compiling file C:\project\adjaba-player\app\src\main\res\mipmap-xxhdpi\logo1.png to C:\project\adjaba-player\app\build\intermediates\merged_res\debug\mergeDebugResources\mipmap-xxhdpi_logo1.png.flat
Compiling image file C:\project\adjaba-player\app\src\main\res\mipmap-hdpi\background_port.png
Compiling file C:\project\adjaba-player\app\src\main\res\mipmap-hdpi\background_port.png to C:\project\adjaba-player\app\build\intermediates\merged_res\debug\mergeDebugResources\mipmap-hdpi_background_port.png.flat
Compiling image file C:\project\adjaba-player\app\src\main\res\mipmap-xxhdpi\app_icon.png
Compiling file C:\project\adjaba-player\app\src\main\res\mipmap-xxhdpi\app_icon.png to C:\project\adjaba-player\app\build\intermediates\merged_res\debug\mergeDebugResources\mipmap-xxhdpi_app_icon.png.flat
Compiling xml file C:\project\adjaba-player\app\src\main\res\layout\activity_info.xml to C:\project\adjaba-player\app\build\intermediates\merged_res\debug\mergeDebugResources\layout_activity_info.xml.flat
Compiling XML table C:\project\adjaba-player\app\build\intermediates\incremental\debug\mergeDebugResources\merged.dir\values-v17\values-v17.xml to C:\project\adjaba-player\app\build\intermediates\merged_res\debug\mergeDebugResources\values-v17_values-v17.arsc.flat
Compiling XML table C:\project\adjaba-player\app\build\intermediates\incremental\debug\mergeDebugResources\merged.dir\values-ar\values-ar.xml to C:\project\adjaba-player\app\build\intermediates\merged_res\debug\mergeDebugResources\values-ar_values-ar.arsc.flat
Compiling XML table C:\project\adjaba-player\app\build\intermediates\incremental\debug\mergeDebugResources\merged.dir\values-zu\values-zu.xml to C:\project\adjaba-player\app\build\intermediates\merged_res\debug\mergeDebugResources\values-zu_values-zu.arsc.flat
Compiling XML table C:\project\adjaba-player\app\build\intermediates\incremental\debug\mergeDebugResources\merged.dir\values-v31\values-v31.xml to C:\project\adjaba-player\app\build\intermediates\merged_res\debug\mergeDebugResources\values-v31_values-v31.arsc.flat
Compiling XML table C:\project\adjaba-player\app\build\intermediates\incremental\debug\mergeDebugResources\merged.dir\values-kn\values-kn.xml to C:\project\adjaba-player\app\build\intermediates\merged_res\debug\mergeDebugResources\values-kn_values-kn.arsc.flat
Compiling XML table C:\project\adjaba-player\app\build\intermediates\incremental\debug\mergeDebugResources\merged.dir\values-xlarge-v4\values-xlarge-v4.xml to C:\project\adjaba-player\app\build\intermediates\merged_res\debug\mergeDebugResources\values-xlarge-v4_values-xlarge-v4.arsc.flat
Compiling XML table C:\project\adjaba-player\app\build\intermediates\incremental\debug\mergeDebugResources\merged.dir\values-ur\values-ur.xml to C:\project\adjaba-player\app\build\intermediates\merged_res\debug\mergeDebugResources\values-ur_values-ur.arsc.flat
Compiling XML table C:\project\adjaba-player\app\build\intermediates\incremental\debug\mergeDebugResources\merged.dir\values-et\values-et.xml to C:\project\adjaba-player\app\build\intermediates\merged_res\debug\mergeDebugResources\values-et_values-et.arsc.flat
Compiling XML table C:\project\adjaba-player\app\build\intermediates\incremental\debug\mergeDebugResources\merged.dir\values-fi\values-fi.xml to C:\project\adjaba-player\app\build\intermediates\merged_res\debug\mergeDebugResources\values-fi_values-fi.arsc.flat
Compiling XML table C:\project\adjaba-player\app\build\intermediates\incremental\debug\mergeDebugResources\merged.dir\values-pa\values-pa.xml to C:\project\adjaba-player\app\build\intermediates\merged_res\debug\mergeDebugResources\values-pa_values-pa.arsc.flat
Compiling xml file C:\project\adjaba-player\app\src\main\res\layout\activity_preview_ads.xml to C:\project\adjaba-player\app\build\intermediates\merged_res\debug\mergeDebugResources\layout_activity_preview_ads.xml.flat
Compiling image file C:\project\adjaba-player\app\src\main\res\mipmap-xhdpi\logo2.png
Compiling file C:\project\adjaba-player\app\src\main\res\mipmap-xhdpi\logo2.png to C:\project\adjaba-player\app\build\intermediates\merged_res\debug\mergeDebugResources\mipmap-xhdpi_logo2.png.flat
Compiling xml file C:\project\adjaba-player\app\src\main\res\drawable\button_active_shape.xml to C:\project\adjaba-player\app\build\intermediates\merged_res\debug\mergeDebugResources\drawable_button_active_shape.xml.flat
Compiling xml file C:\project\adjaba-player\app\src\main\res\layout\item_spinner_dropdown.xml to C:\project\adjaba-player\app\build\intermediates\merged_res\debug\mergeDebugResources\layout_item_spinner_dropdown.xml.flat
Compiling image file C:\project\adjaba-player\app\src\main\res\mipmap-tvdpi\background.png
Compiling file C:\project\adjaba-player\app\src\main\res\mipmap-tvdpi\background.png to C:\project\adjaba-player\app\build\intermediates\merged_res\debug\mergeDebugResources\mipmap-tvdpi_background.png.flat
Compiling xml file C:\project\adjaba-player\app\src\main\res\layout\info_custom.xml to C:\project\adjaba-player\app\build\intermediates\merged_res\debug\mergeDebugResources\layout_info_custom.xml.flat
Compiling xml file C:\project\adjaba-player\app\src\main\res\layout\activity_advert_land_watch.xml to C:\project\adjaba-player\app\build\intermediates\merged_res\debug\mergeDebugResources\layout_activity_advert_land_watch.xml.flat
Compiling xml file C:\project\adjaba-player\app\src\main\res\menu\select_screen_top_menu.xml to C:\project\adjaba-player\app\build\intermediates\merged_res\debug\mergeDebugResources\menu_select_screen_top_menu.xml.flat
Compiling xml file C:\project\adjaba-player\app\src\main\res\layout-land\activity_login.xml to C:\project\adjaba-player\app\build\intermediates\merged_res\debug\mergeDebugResources\layout-land_activity_login.xml.flat

Resolve mutations for :app:createDebugCompatibleScreenManifests (Thread[#106,Execution worker Thread 7,5,main]) started.
:app:createDebugCompatibleScreenManifests (Thread[#106,Execution worker Thread 7,5,main]) started.

> Task :app:createDebugCompatibleScreenManifests
Caching disabled for task ':app:createDebugCompatibleScreenManifests' because:
  Build cache is disabled
  Caching has been disabled for the task
Task ':app:createDebugCompatibleScreenManifests' is not up-to-date because:
  Output property 'outputFolder' file C:\project\adjaba-player\app\build\intermediates\compatible_screen_manifest\debug\createDebugCompatibleScreenManifests has been removed.
  Output property 'outputFolder' file C:\project\adjaba-player\app\build\intermediates\compatible_screen_manifest\debug\createDebugCompatibleScreenManifests\output-metadata.json has been removed.
Resolve mutations for :app:extractDeepLinksDebug (Thread[#106,Execution worker Thread 7,5,main]) started.
:app:extractDeepLinksDebug (Thread[#103,Execution worker Thread 4,5,main]) started.

> Task :app:extractDeepLinksDebug
Caching disabled for task ':app:extractDeepLinksDebug' because:
  Build cache is disabled
Task ':app:extractDeepLinksDebug' is not up-to-date because:
  Output property 'navigationJson' file C:\project\adjaba-player\app\build\intermediates\navigation_json\debug\extractDeepLinksDebug\navigation.json has been removed.
Resolve mutations for :app:processDebugMainManifest (Thread[#103,Execution worker Thread 4,5,main]) started.
:app:processDebugMainManifest (Thread[#103,Execution worker Thread 4,5,main]) started.

> Task :app:parseDebugLocalResources
Invalidating in-memory cache of C:\Users\User\.gradle\caches\journal-1\file-access.bin
Invalidating in-memory cache of C:\Users\User\.gradle\caches\8.12\fileHashes\fileHashes.bin
Invalidating in-memory cache of C:\Users\User\.gradle\caches\8.12\fileHashes\resourceHashesCache.bin
Caching disabled for task ':app:parseDebugLocalResources' because:
  Build cache is disabled
Task ':app:parseDebugLocalResources' is not up-to-date because:
  Output property 'librarySymbolsFile' file C:\project\adjaba-player\app\build\intermediates\local_only_symbol_list\debug\parseDebugLocalResources\R-def.txt has been removed.
The input changes require a full rebuild for incremental task ':app:parseDebugLocalResources'.

> Task :app:processDebugMainManifest
file or directory 'C:\project\adjaba-player\app\libs', not found
file or directory 'C:\project\adjaba-player\app\libs', not found
file or directory 'C:\project\adjaba-player\app\libs', not found
file or directory 'C:\project\adjaba-player\app\libs', not found
Caching disabled for task ':app:processDebugMainManifest' because:
  Build cache is disabled
Task ':app:processDebugMainManifest' is not up-to-date because:
  Output property 'mergeBlameFile' file C:\project\adjaba-player\app\build\intermediates\manifest_merge_blame_file\debug\processDebugMainManifest\manifest-merger-blame-debug-report.txt has been removed.
  Output property 'mergedManifest' file C:\project\adjaba-player\app\build\intermediates\merged_manifest\debug\processDebugMainManifest\AndroidManifest.xml has been removed.
  Output property 'reportFile' file C:\project\adjaba-player\app\build\outputs\logs\manifest-merger-debug-report.txt has been removed.
file or directory 'C:\project\adjaba-player\app\libs', not found
file or directory 'C:\project\adjaba-player\app\libs', not found
Loading library manifest C:\Users\User\.gradle\caches\8.12\transforms\cb206493feaac2c140c8fffc0a88f28b\transformed\material-1.13.0\AndroidManifest.xml
Loading library manifest C:\Users\User\.gradle\caches\8.12\transforms\a4490dae970deda4d63a67d9903f18b5\transformed\constraintlayout-2.1.4\AndroidManifest.xml
Loading library manifest C:\Users\User\.gradle\caches\8.12\transforms\95d58ef2b25af970c444232214399255\transformed\jetified-lottie-6.1.0\AndroidManifest.xml
Loading library manifest C:\Users\User\.gradle\caches\8.12\transforms\dbb75cb953cf1b41d4603fdeeec86978\transformed\jetified-appcompat-resources-1.7.0\AndroidManifest.xml
Loading library manifest C:\Users\User\.gradle\caches\8.12\transforms\3dd34b759d6c930f8bda0cce28428dce\transformed\appcompat-1.7.0\AndroidManifest.xml
Loading library manifest C:\Users\User\.gradle\caches\8.12\transforms\e56c634b1bfb1e160611fcb1fee4f488\transformed\jetified-glide-4.14.2\AndroidManifest.xml
Loading library manifest C:\Users\User\.gradle\caches\8.12\transforms\81034a8e9325d6b1a1e54e612ca7931a\transformed\jetified-viewpager2-1.0.0\AndroidManifest.xml
Loading library manifest C:\Users\User\.gradle\caches\8.12\transforms\c5cb10ba5b7623a776292f3c5a16a320\transformed\fragment-1.5.4\AndroidManifest.xml
Loading library manifest C:\Users\User\.gradle\caches\8.12\transforms\bd019668c92787376bae899180f1dd4a\transformed\jetified-activity-1.11.0\AndroidManifest.xml
Loading library manifest C:\Users\User\.gradle\caches\8.12\transforms\df7ab7ee5afed09d46884e54996f3bb4\transformed\work-runtime-2.9.0\AndroidManifest.xml
Loading library manifest C:\Users\User\.gradle\caches\8.12\transforms\117bac2a9c46391e0ddaf0fe308ba1fd\transformed\jetified-room-ktx-2.6.1\AndroidManifest.xml
Loading library manifest C:\Users\User\.gradle\caches\8.12\transforms\1ba7d729464c734e334963dd58e9168a\transformed\room-runtime-2.6.1\AndroidManifest.xml
Loading library manifest C:\Users\User\.gradle\caches\8.12\transforms\08e3c54c9b4dbd9efddfacfc7529dfe2\transformed\room-rxjava2-2.6.1\AndroidManifest.xml
Loading library manifest C:\Users\User\.gradle\caches\8.12\transforms\8b541b37d4b3b92857cab164f025faa2\transformed\coordinatorlayout-1.1.0\AndroidManifest.xml
Loading library manifest C:\Users\User\.gradle\caches\8.12\transforms\ad08228e62b6e1db047de731da555639\transformed\drawerlayout-1.1.1\AndroidManifest.xml
Loading library manifest C:\Users\User\.gradle\caches\8.12\transforms\24e0a5ca299b1e83aad4fd5d3626172e\transformed\transition-1.5.0\AndroidManifest.xml
Loading library manifest C:\Users\User\.gradle\caches\8.12\transforms\91e88d91a5c340c7035de75da06906bc\transformed\dynamicanimation-1.1.0\AndroidManifest.xml
Loading library manifest C:\Users\User\.gradle\caches\8.12\transforms\cfa99eb3ae6a8253dd2367bf8811990c\transformed\vectordrawable-animated-1.1.0\AndroidManifest.xml
Loading library manifest C:\Users\User\.gradle\caches\8.12\transforms\579aee70126213229352319de11aeefa\transformed\vectordrawable-1.1.0\AndroidManifest.xml
Loading library manifest C:\Users\User\.gradle\caches\8.12\transforms\128bc39ac0d6aaa96d9056b5d02c471f\transformed\jetified-exoplayer-2.19.1\AndroidManifest.xml
Loading library manifest C:\Users\User\.gradle\caches\8.12\transforms\ed23429ad2f785ee2220ca70b2153f36\transformed\jetified-exoplayer-dash-2.19.1\AndroidManifest.xml
Loading library manifest C:\Users\User\.gradle\caches\8.12\transforms\40b755edd4f0798a2110ee3c8ae2e724\transformed\jetified-exoplayer-hls-2.19.1\AndroidManifest.xml
Loading library manifest C:\Users\User\.gradle\caches\8.12\transforms\aa21cdbbca7098464b3fdd90adff8ed2\transformed\jetified-exoplayer-rtsp-2.19.1\AndroidManifest.xml
Loading library manifest C:\Users\User\.gradle\caches\8.12\transforms\2251569f0ae9d5ff505d82284f61fd2e\transformed\jetified-exoplayer-smoothstreaming-2.19.1\AndroidManifest.xml
Loading library manifest C:\Users\User\.gradle\caches\8.12\transforms\527eccf1184b4cf6bec86aa0db84b6b7\transformed\jetified-exoplayer-core-2.19.1\AndroidManifest.xml
Loading library manifest C:\Users\User\.gradle\caches\8.12\transforms\9f6e5c6908e169c19c169c53c851ae8e\transformed\jetified-exoplayer-ui-2.19.1\AndroidManifest.xml
Loading library manifest C:\Users\User\.gradle\caches\8.12\transforms\0a2241a8dd65291b4cd1859140971b29\transformed\recyclerview-1.3.0\AndroidManifest.xml
Loading library manifest C:\Users\User\.gradle\caches\8.12\transforms\7a76f02512873108c7e6bc2e2a8f7c6d\transformed\media-1.6.0\AndroidManifest.xml
Loading library manifest C:\Users\User\.gradle\caches\8.12\transforms\f0e5b38d68b550af9ae04bbb5ee20114\transformed\jetified-emoji2-views-helper-1.3.0\AndroidManifest.xml
Loading library manifest C:\Users\User\.gradle\caches\8.12\transforms\fe7c62ec3d8ec7079c9d7e91d509df82\transformed\jetified-emoji2-1.3.0\AndroidManifest.xml
Loading library manifest C:\Users\User\.gradle\caches\8.12\transforms\496e057e6388ee9fede0ddc4b09f5914\transformed\viewpager-1.0.0\AndroidManifest.xml
Loading library manifest C:\Users\User\.gradle\caches\8.12\transforms\7ce07d4473d86f8eae3e2ec66250f587\transformed\customview-1.1.0\AndroidManifest.xml
Loading library manifest C:\Users\User\.gradle\caches\8.12\transforms\dc3a102d504473eb49122c6c8ddfeb71\transformed\loader-1.0.0\AndroidManifest.xml
Loading library manifest C:\Users\User\.gradle\caches\8.12\transforms\3ea534d227db1d2a0b15db88ad6d2b99\transformed\core-1.13.0\AndroidManifest.xml
Loading library manifest C:\Users\User\.gradle\caches\8.12\transforms\1139f689b7c4d7f0ff205f3eea4aa3fa\transformed\jetified-graphics-shapes-release\AndroidManifest.xml
Loading library manifest C:\Users\User\.gradle\caches\8.12\transforms\35c2fa2c16fcfefbd34f6fa67f7965ec\transformed\jetified-customview-poolingcontainer-1.0.0\AndroidManifest.xml
Loading library manifest C:\Users\User\.gradle\caches\8.12\transforms\c0f47557c937dc0de1cb3fd26fd8a63e\transformed\jetified-savedstate-1.2.1\AndroidManifest.xml
Loading library manifest C:\Users\User\.gradle\caches\8.12\transforms\4219ea900ceea63f2339b727d3081661\transformed\lifecycle-viewmodel-2.6.2\AndroidManifest.xml
Loading library manifest C:\Users\User\.gradle\caches\8.12\transforms\567d6fb2d9583a8b11a12ed10e5a46ba\transformed\jetified-lifecycle-service-2.6.2\AndroidManifest.xml
Loading library manifest C:\Users\User\.gradle\caches\8.12\transforms\abfe477a1291cf3ec24fe7018d970121\transformed\jetified-lifecycle-process-2.6.2\AndroidManifest.xml
Loading library manifest C:\Users\User\.gradle\caches\8.12\transforms\9751041c56b8eb1f34c09953628b1905\transformed\lifecycle-livedata-core-2.6.2\AndroidManifest.xml
Loading library manifest C:\Users\User\.gradle\caches\8.12\transforms\1fee23112d66157c17606c0c191832e4\transformed\lifecycle-livedata-2.6.2\AndroidManifest.xml
Loading library manifest C:\Users\User\.gradle\caches\8.12\transforms\a4dcffeb92ed6d9305a41e99e9ba5b12\transformed\lifecycle-runtime-2.6.2\AndroidManifest.xml
Loading library manifest C:\Users\User\.gradle\caches\8.12\transforms\3ec77582b2585f5372fcf13eb54bb34e\transformed\jetified-lifecycle-viewmodel-savedstate-2.6.2\AndroidManifest.xml
Loading library manifest C:\Users\User\.gradle\caches\8.12\transforms\4fd70ec199840e9214f918440de0c99d\transformed\jetified-core-ktx-1.13.0\AndroidManifest.xml
Loading library manifest C:\Users\User\.gradle\caches\8.12\transforms\a046a1b7f313f2b59644041d541ed40e\transformed\jetified-core-viewtree-1.0.0\AndroidManifest.xml
Loading library manifest C:\Users\User\.gradle\caches\8.12\transforms\6e3f473a397d7976c775841c2e7f2fb3\transformed\sqlite-framework-2.4.0\AndroidManifest.xml
Loading library manifest C:\Users\User\.gradle\caches\8.12\transforms\fca95a9cf62b336213bb0c28af31329c\transformed\sqlite-2.4.0\AndroidManifest.xml
Loading library manifest C:\Users\User\.gradle\caches\8.12\transforms\0da1c3e09f1716805f56f8670e21481c\transformed\jetified-shimmer-0.5.0\AndroidManifest.xml
Loading library manifest C:\Users\User\.gradle\caches\8.12\transforms\ff83c14a097a22fb97662d70038065c9\transformed\jetified-security-crypto-1.1.0-alpha06\AndroidManifest.xml
Loading library manifest C:\Users\User\.gradle\caches\8.12\transforms\a743a6ee1812078e80d3c8f115f9e74c\transformed\cardview-1.0.0\AndroidManifest.xml
Loading library manifest C:\Users\User\.gradle\caches\8.12\transforms\e50e2d534626f99caaa4880cd65a447d\transformed\jetified-profileinstaller-1.4.0\AndroidManifest.xml
Loading library manifest C:\Users\User\.gradle\caches\8.12\transforms\b77004cf184d06413c9ebd47cc88830e\transformed\jetified-startup-runtime-1.1.1\AndroidManifest.xml
Loading library manifest C:\Users\User\.gradle\caches\8.12\transforms\7a66c845657a296d10aebfc93f888639\transformed\jetified-tracing-1.0.0\AndroidManifest.xml
Loading library manifest C:\Users\User\.gradle\caches\8.12\transforms\d2bb9f3c2a50c2739907e49162135436\transformed\core-runtime-2.2.0\AndroidManifest.xml
Loading library manifest C:\Users\User\.gradle\caches\8.12\transforms\45878c82bf5fbe82f905ea785da5c18b\transformed\jetified-exoplayer-datasource-2.19.1\AndroidManifest.xml
Loading library manifest C:\Users\User\.gradle\caches\8.12\transforms\59f4de68596687ba6340e3d3ea23c03e\transformed\jetified-exoplayer-database-2.19.1\AndroidManifest.xml
Loading library manifest C:\Users\User\.gradle\caches\8.12\transforms\8038bc4835a6d9e3eef519f148e26b05\transformed\jetified-exoplayer-extractor-2.19.1\AndroidManifest.xml
Loading library manifest C:\Users\User\.gradle\caches\8.12\transforms\dde090a1576390f64d7b842c4dfdd5a6\transformed\jetified-exoplayer-decoder-2.19.1\AndroidManifest.xml
Loading library manifest C:\Users\User\.gradle\caches\8.12\transforms\e420ee8aa176e56526d9923a592a87d0\transformed\jetified-exoplayer-container-2.19.1\AndroidManifest.xml
Loading library manifest C:\Users\User\.gradle\caches\8.12\transforms\6b17a4695f26b5f7ab73d0b46411eb38\transformed\jetified-exoplayer-common-2.19.1\AndroidManifest.xml
Loading library manifest C:\Users\User\.gradle\caches\8.12\transforms\e31f0adee0898e8828e929254d0bdda7\transformed\jetified-gifdecoder-4.14.2\AndroidManifest.xml
Loading library manifest C:\Users\User\.gradle\caches\8.12\transforms\f6665ae9bb22a2a3dadf4f2730e9876e\transformed\exifinterface-1.3.3\AndroidManifest.xml
Loading library manifest C:\Users\User\.gradle\caches\8.12\transforms\8fd1440347084a0ed9e9d35896cd3091\transformed\cursoradapter-1.0.0\AndroidManifest.xml
Loading library manifest C:\Users\User\.gradle\caches\8.12\transforms\2e20a0846923b700ad91504e9019cef0\transformed\interpolator-1.0.0\AndroidManifest.xml
Loading library manifest C:\Users\User\.gradle\caches\8.12\transforms\4bd1c4c51d0ee52a0f897a468295301a\transformed\versionedparcelable-1.1.1\AndroidManifest.xml
Loading library manifest C:\Users\User\.gradle\caches\8.12\transforms\bc0325d02708ca56dd1f5e2b66ebd9d1\transformed\jetified-annotation-experimental-1.4.1\AndroidManifest.xml
Loading library manifest C:\Users\User\.gradle\caches\8.12\transforms\0076d1e736f0af59f8251731ac48e0e4\transformed\multidex-2.0.1\AndroidManifest.xml
Loading library manifest C:\Users\User\.gradle\caches\8.12\transforms\e592d658e9478327ab2ef113dfc42473\transformed\jetified-rxandroid-2.1.1\AndroidManifest.xml
Loading library manifest C:\Users\User\.gradle\caches\8.12\transforms\5ab3e8337cbfdfb90131dda87a93f7da\transformed\jetified-QRGenerator-1.0.1\AndroidManifest.xml
Merging main manifest C:\project\adjaba-player\app\src\main\AndroidManifest.xml

Merging library manifest C:\Users\User\.gradle\caches\8.12\transforms\cb206493feaac2c140c8fffc0a88f28b\transformed\material-1.13.0\AndroidManifest.xml
Merging manifest with lower [com.google.android.material:material:1.13.0] AndroidManifest.xml:17:1-24:12
uses-sdk defined in both files...
Merging uses-sdk with lower [com.google.android.material:material:1.13.0] AndroidManifest.xml:20:5-44
application defined in both files...
Merging application with lower [com.google.android.material:material:1.13.0] AndroidManifest.xml:22:5-20
Merging library manifest C:\Users\User\.gradle\caches\8.12\transforms\a4490dae970deda4d63a67d9903f18b5\transformed\constraintlayout-2.1.4\AndroidManifest.xml
Merging manifest with lower [androidx.constraintlayout:constraintlayout:2.1.4] AndroidManifest.xml:2:1-11:12
uses-sdk defined in both files...
Merging uses-sdk with lower [androidx.constraintlayout:constraintlayout:2.1.4] AndroidManifest.xml:5:5-7:41
application defined in both files...
Merging application with lower [androidx.constraintlayout:constraintlayout:2.1.4] AndroidManifest.xml:9:5-20
Merging library manifest C:\Users\User\.gradle\caches\8.12\transforms\95d58ef2b25af970c444232214399255\transformed\jetified-lottie-6.1.0\AndroidManifest.xml
Merging manifest with lower [com.airbnb.android:lottie:6.1.0] AndroidManifest.xml:2:1-9:12
uses-sdk defined in both files...
Merging uses-sdk with lower [com.airbnb.android:lottie:6.1.0] AndroidManifest.xml:5:5-44
application defined in both files...
Merging application with lower [com.airbnb.android:lottie:6.1.0] AndroidManifest.xml:7:5-20
Merging library manifest C:\Users\User\.gradle\caches\8.12\transforms\dbb75cb953cf1b41d4603fdeeec86978\transformed\jetified-appcompat-resources-1.7.0\AndroidManifest.xml
Merging manifest with lower [androidx.appcompat:appcompat-resources:1.7.0] AndroidManifest.xml:2:1-7:12
uses-sdk defined in both files...
Merging uses-sdk with lower [androidx.appcompat:appcompat-resources:1.7.0] AndroidManifest.xml:5:5-44
Merging library manifest C:\Users\User\.gradle\caches\8.12\transforms\3dd34b759d6c930f8bda0cce28428dce\transformed\appcompat-1.7.0\AndroidManifest.xml
Merging manifest with lower [androidx.appcompat:appcompat:1.7.0] AndroidManifest.xml:2:1-7:12
uses-sdk defined in both files...
Merging uses-sdk with lower [androidx.appcompat:appcompat:1.7.0] AndroidManifest.xml:5:5-44
Merging library manifest C:\Users\User\.gradle\caches\8.12\transforms\e56c634b1bfb1e160611fcb1fee4f488\transformed\jetified-glide-4.14.2\AndroidManifest.xml
Merging manifest with lower [com.github.bumptech.glide:glide:4.14.2] AndroidManifest.xml:2:1-11:12
uses-sdk defined in both files...
Merging uses-sdk with lower [com.github.bumptech.glide:glide:4.14.2] AndroidManifest.xml:5:5-7:41
application defined in both files...
Merging application with lower [com.github.bumptech.glide:glide:4.14.2] AndroidManifest.xml:9:5-20
Merging library manifest C:\Users\User\.gradle\caches\8.12\transforms\81034a8e9325d6b1a1e54e612ca7931a\transformed\jetified-viewpager2-1.0.0\AndroidManifest.xml
Merging manifest with lower [androidx.viewpager2:viewpager2:1.0.0] AndroidManifest.xml:17:1-24:12
uses-sdk defined in both files...
Merging uses-sdk with lower [androidx.viewpager2:viewpager2:1.0.0] AndroidManifest.xml:20:5-22:41
Merging library manifest C:\Users\User\.gradle\caches\8.12\transforms\c5cb10ba5b7623a776292f3c5a16a320\transformed\fragment-1.5.4\AndroidManifest.xml
Merging manifest with lower [androidx.fragment:fragment:1.5.4] AndroidManifest.xml:17:1-24:12
uses-sdk defined in both files...
Merging uses-sdk with lower [androidx.fragment:fragment:1.5.4] AndroidManifest.xml:20:5-22:41
Merging library manifest C:\Users\User\.gradle\caches\8.12\transforms\bd019668c92787376bae899180f1dd4a\transformed\jetified-activity-1.11.0\AndroidManifest.xml
Merging manifest with lower [androidx.activity:activity:1.11.0] AndroidManifest.xml:17:1-22:12
uses-sdk defined in both files...
Merging uses-sdk with lower [androidx.activity:activity:1.11.0] AndroidManifest.xml:20:5-44
Merging library manifest C:\Users\User\.gradle\caches\8.12\transforms\df7ab7ee5afed09d46884e54996f3bb4\transformed\work-runtime-2.9.0\AndroidManifest.xml
Merging manifest with lower [androidx.work:work-runtime:2.9.0] AndroidManifest.xml:17:1-145:12
uses-sdk defined in both files...
Merging uses-sdk with lower [androidx.work:work-runtime:2.9.0] AndroidManifest.xml:21:5-44
Adopted [uses-permission: null]
uses-permission#android.permission.ACCESS_NETWORK_STATE defined in both files...
Merging uses-permission#android.permission.ACCESS_NETWORK_STATE with lower [androidx.work:work-runtime:2.9.0] AndroidManifest.xml:24:5-79
uses-permission#android.permission.RECEIVE_BOOT_COMPLETED defined in both files...
Merging uses-permission#android.permission.RECEIVE_BOOT_COMPLETED with lower [androidx.work:work-runtime:2.9.0] AndroidManifest.xml:25:5-81
Adopted [uses-permission: null]
application defined in both files...
Merging application with lower [androidx.work:work-runtime:2.9.0] AndroidManifest.xml:28:5-143:19
Adopted [provider: null]
Adopted [service: null]
Adopted [service: null]
Adopted [service: null]
Adopted [receiver: null]
Adopted [receiver: null]
Adopted [receiver: null]
Adopted [receiver: null]
Adopted [receiver: null]
Adopted [receiver: null]
Adopted [receiver: null]
Adopted [receiver: null]
Merging library manifest C:\Users\User\.gradle\caches\8.12\transforms\117bac2a9c46391e0ddaf0fe308ba1fd\transformed\jetified-room-ktx-2.6.1\AndroidManifest.xml
Merging manifest with lower [androidx.room:room-ktx:2.6.1] AndroidManifest.xml:17:1-22:12
uses-sdk defined in both files...
Merging uses-sdk with lower [androidx.room:room-ktx:2.6.1] AndroidManifest.xml:20:5-44
Merging library manifest C:\Users\User\.gradle\caches\8.12\transforms\1ba7d729464c734e334963dd58e9168a\transformed\room-runtime-2.6.1\AndroidManifest.xml
Merging manifest with lower [androidx.room:room-runtime:2.6.1] AndroidManifest.xml:17:1-31:12
uses-sdk defined in both files...
Merging uses-sdk with lower [androidx.room:room-runtime:2.6.1] AndroidManifest.xml:21:5-44
application defined in both files...
Merging application with lower [androidx.room:room-runtime:2.6.1] AndroidManifest.xml:23:5-29:19
Adopted [service: null]
Merging library manifest C:\Users\User\.gradle\caches\8.12\transforms\08e3c54c9b4dbd9efddfacfc7529dfe2\transformed\room-rxjava2-2.6.1\AndroidManifest.xml
Merging manifest with lower [androidx.room:room-rxjava2:2.6.1] AndroidManifest.xml:17:1-22:12
uses-sdk defined in both files...
Merging uses-sdk with lower [androidx.room:room-rxjava2:2.6.1] AndroidManifest.xml:20:5-44
Merging library manifest C:\Users\User\.gradle\caches\8.12\transforms\8b541b37d4b3b92857cab164f025faa2\transformed\coordinatorlayout-1.1.0\AndroidManifest.xml
Merging manifest with lower [androidx.coordinatorlayout:coordinatorlayout:1.1.0] AndroidManifest.xml:17:1-24:12
uses-sdk defined in both files...
Merging uses-sdk with lower [androidx.coordinatorlayout:coordinatorlayout:1.1.0] AndroidManifest.xml:20:5-22:41
Merging library manifest C:\Users\User\.gradle\caches\8.12\transforms\ad08228e62b6e1db047de731da555639\transformed\drawerlayout-1.1.1\AndroidManifest.xml
Merging manifest with lower [androidx.drawerlayout:drawerlayout:1.1.1] AndroidManifest.xml:17:1-24:12
uses-sdk defined in both files...
Merging uses-sdk with lower [androidx.drawerlayout:drawerlayout:1.1.1] AndroidManifest.xml:20:5-22:41
Merging library manifest C:\Users\User\.gradle\caches\8.12\transforms\24e0a5ca299b1e83aad4fd5d3626172e\transformed\transition-1.5.0\AndroidManifest.xml
Merging manifest with lower [androidx.transition:transition:1.5.0] AndroidManifest.xml:2:1-7:12
uses-sdk defined in both files...
Merging uses-sdk with lower [androidx.transition:transition:1.5.0] AndroidManifest.xml:5:5-44
Merging library manifest C:\Users\User\.gradle\caches\8.12\transforms\91e88d91a5c340c7035de75da06906bc\transformed\dynamicanimation-1.1.0\AndroidManifest.xml
Merging manifest with lower [androidx.dynamicanimation:dynamicanimation:1.1.0] AndroidManifest.xml:2:1-7:12
uses-sdk defined in both files...
Merging uses-sdk with lower [androidx.dynamicanimation:dynamicanimation:1.1.0] AndroidManifest.xml:5:5-44
Merging library manifest C:\Users\User\.gradle\caches\8.12\transforms\cfa99eb3ae6a8253dd2367bf8811990c\transformed\vectordrawable-animated-1.1.0\AndroidManifest.xml
Merging manifest with lower [androidx.vectordrawable:vectordrawable-animated:1.1.0] AndroidManifest.xml:17:1-24:12
uses-sdk defined in both files...
Merging uses-sdk with lower [androidx.vectordrawable:vectordrawable-animated:1.1.0] AndroidManifest.xml:20:5-22:41
Merging library manifest C:\Users\User\.gradle\caches\8.12\transforms\579aee70126213229352319de11aeefa\transformed\vectordrawable-1.1.0\AndroidManifest.xml
Merging manifest with lower [androidx.vectordrawable:vectordrawable:1.1.0] AndroidManifest.xml:17:1-24:12
uses-sdk defined in both files...
Merging uses-sdk with lower [androidx.vectordrawable:vectordrawable:1.1.0] AndroidManifest.xml:20:5-22:41
Merging library manifest C:\Users\User\.gradle\caches\8.12\transforms\128bc39ac0d6aaa96d9056b5d02c471f\transformed\jetified-exoplayer-2.19.1\AndroidManifest.xml
Merging manifest with lower [com.google.android.exoplayer:exoplayer:2.19.1] AndroidManifest.xml:17:1-24:12
uses-sdk defined in both files...
Merging uses-sdk with lower [com.google.android.exoplayer:exoplayer:2.19.1] AndroidManifest.xml:20:5-22:41
Merging library manifest C:\Users\User\.gradle\caches\8.12\transforms\ed23429ad2f785ee2220ca70b2153f36\transformed\jetified-exoplayer-dash-2.19.1\AndroidManifest.xml
Merging manifest with lower [com.google.android.exoplayer:exoplayer-dash:2.19.1] AndroidManifest.xml:17:1-24:12
uses-sdk defined in both files...
Merging uses-sdk with lower [com.google.android.exoplayer:exoplayer-dash:2.19.1] AndroidManifest.xml:20:5-22:41
Merging library manifest C:\Users\User\.gradle\caches\8.12\transforms\40b755edd4f0798a2110ee3c8ae2e724\transformed\jetified-exoplayer-hls-2.19.1\AndroidManifest.xml
Merging manifest with lower [com.google.android.exoplayer:exoplayer-hls:2.19.1] AndroidManifest.xml:17:1-24:12
uses-sdk defined in both files...
Merging uses-sdk with lower [com.google.android.exoplayer:exoplayer-hls:2.19.1] AndroidManifest.xml:20:5-22:41
Merging library manifest C:\Users\User\.gradle\caches\8.12\transforms\aa21cdbbca7098464b3fdd90adff8ed2\transformed\jetified-exoplayer-rtsp-2.19.1\AndroidManifest.xml
Merging manifest with lower [com.google.android.exoplayer:exoplayer-rtsp:2.19.1] AndroidManifest.xml:17:1-24:12
uses-sdk defined in both files...
Merging uses-sdk with lower [com.google.android.exoplayer:exoplayer-rtsp:2.19.1] AndroidManifest.xml:20:5-22:41
Merging library manifest C:\Users\User\.gradle\caches\8.12\transforms\2251569f0ae9d5ff505d82284f61fd2e\transformed\jetified-exoplayer-smoothstreaming-2.19.1\AndroidManifest.xml
Merging manifest with lower [com.google.android.exoplayer:exoplayer-smoothstreaming:2.19.1] AndroidManifest.xml:17:1-24:12
uses-sdk defined in both files...
Merging uses-sdk with lower [com.google.android.exoplayer:exoplayer-smoothstreaming:2.19.1] AndroidManifest.xml:20:5-22:41
Merging library manifest C:\Users\User\.gradle\caches\8.12\transforms\527eccf1184b4cf6bec86aa0db84b6b7\transformed\jetified-exoplayer-core-2.19.1\AndroidManifest.xml
Merging manifest with lower [com.google.android.exoplayer:exoplayer-core:2.19.1] AndroidManifest.xml:17:1-26:12
uses-sdk defined in both files...
Merging uses-sdk with lower [com.google.android.exoplayer:exoplayer-core:2.19.1] AndroidManifest.xml:20:5-22:41
uses-permission#android.permission.ACCESS_NETWORK_STATE defined in both files...
Merging uses-permission#android.permission.ACCESS_NETWORK_STATE with lower [com.google.android.exoplayer:exoplayer-core:2.19.1] AndroidManifest.xml:24:5-79
Merging library manifest C:\Users\User\.gradle\caches\8.12\transforms\9f6e5c6908e169c19c169c53c851ae8e\transformed\jetified-exoplayer-ui-2.19.1\AndroidManifest.xml
Merging manifest with lower [com.google.android.exoplayer:exoplayer-ui:2.19.1] AndroidManifest.xml:17:1-24:12
uses-sdk defined in both files...
Merging uses-sdk with lower [com.google.android.exoplayer:exoplayer-ui:2.19.1] AndroidManifest.xml:20:5-22:41
Merging library manifest C:\Users\User\.gradle\caches\8.12\transforms\0a2241a8dd65291b4cd1859140971b29\transformed\recyclerview-1.3.0\AndroidManifest.xml
Merging manifest with lower [androidx.recyclerview:recyclerview:1.3.0] AndroidManifest.xml:17:1-22:12
uses-sdk defined in both files...
Merging uses-sdk with lower [androidx.recyclerview:recyclerview:1.3.0] AndroidManifest.xml:20:5-44
Merging library manifest C:\Users\User\.gradle\caches\8.12\transforms\7a76f02512873108c7e6bc2e2a8f7c6d\transformed\media-1.6.0\AndroidManifest.xml
Merging manifest with lower [androidx.media:media:1.6.0] AndroidManifest.xml:17:1-24:12
uses-sdk defined in both files...
Merging uses-sdk with lower [androidx.media:media:1.6.0] AndroidManifest.xml:20:5-22:41
Merging library manifest C:\Users\User\.gradle\caches\8.12\transforms\f0e5b38d68b550af9ae04bbb5ee20114\transformed\jetified-emoji2-views-helper-1.3.0\AndroidManifest.xml
Merging manifest with lower [androidx.emoji2:emoji2-views-helper:1.3.0] AndroidManifest.xml:2:1-7:12
uses-sdk defined in both files...
Merging uses-sdk with lower [androidx.emoji2:emoji2-views-helper:1.3.0] AndroidManifest.xml:5:5-44
Merging library manifest C:\Users\User\.gradle\caches\8.12\transforms\fe7c62ec3d8ec7079c9d7e91d509df82\transformed\jetified-emoji2-1.3.0\AndroidManifest.xml
Merging manifest with lower [androidx.emoji2:emoji2:1.3.0] AndroidManifest.xml:17:1-35:12
uses-sdk defined in both files...
Merging uses-sdk with lower [androidx.emoji2:emoji2:1.3.0] AndroidManifest.xml:21:5-44
application defined in both files...
Merging application with lower [androidx.emoji2:emoji2:1.3.0] AndroidManifest.xml:23:5-33:19
provider#androidx.startup.InitializationProvider defined in both files...
Merging provider#androidx.startup.InitializationProvider with lower [androidx.emoji2:emoji2:1.3.0] AndroidManifest.xml:24:9-32:20
Adopted [meta-data: null]
Merging library manifest C:\Users\User\.gradle\caches\8.12\transforms\496e057e6388ee9fede0ddc4b09f5914\transformed\viewpager-1.0.0\AndroidManifest.xml
Merging manifest with lower [androidx.viewpager:viewpager:1.0.0] AndroidManifest.xml:17:1-22:12
uses-sdk defined in both files...
Merging uses-sdk with lower [androidx.viewpager:viewpager:1.0.0] AndroidManifest.xml:20:5-44
Merging library manifest C:\Users\User\.gradle\caches\8.12\transforms\7ce07d4473d86f8eae3e2ec66250f587\transformed\customview-1.1.0\AndroidManifest.xml
Merging manifest with lower [androidx.customview:customview:1.1.0] AndroidManifest.xml:17:1-24:12
uses-sdk defined in both files...
Merging uses-sdk with lower [androidx.customview:customview:1.1.0] AndroidManifest.xml:20:5-22:41
Merging library manifest C:\Users\User\.gradle\caches\8.12\transforms\dc3a102d504473eb49122c6c8ddfeb71\transformed\loader-1.0.0\AndroidManifest.xml
Merging manifest with lower [androidx.loader:loader:1.0.0] AndroidManifest.xml:17:1-22:12
uses-sdk defined in both files...
Merging uses-sdk with lower [androidx.loader:loader:1.0.0] AndroidManifest.xml:20:5-44
Merging library manifest C:\Users\User\.gradle\caches\8.12\transforms\3ea534d227db1d2a0b15db88ad6d2b99\transformed\core-1.13.0\AndroidManifest.xml
Merging manifest with lower [androidx.core:core:1.13.0] AndroidManifest.xml:17:1-30:12
uses-sdk defined in both files...
Merging uses-sdk with lower [androidx.core:core:1.13.0] AndroidManifest.xml:20:5-44
Adopted [permission: null]
Adopted [uses-permission: null]
application defined in both files...
Merging application with lower [androidx.core:core:1.13.0] AndroidManifest.xml:28:5-89
Merging library manifest C:\Users\User\.gradle\caches\8.12\transforms\1139f689b7c4d7f0ff205f3eea4aa3fa\transformed\jetified-graphics-shapes-release\AndroidManifest.xml
Merging manifest with lower [androidx.graphics:graphics-shapes-android:1.0.1] AndroidManifest.xml:2:1-7:12
uses-sdk defined in both files...
Merging uses-sdk with lower [androidx.graphics:graphics-shapes-android:1.0.1] AndroidManifest.xml:5:5-44
Merging library manifest C:\Users\User\.gradle\caches\8.12\transforms\35c2fa2c16fcfefbd34f6fa67f7965ec\transformed\jetified-customview-poolingcontainer-1.0.0\AndroidManifest.xml
Merging manifest with lower [androidx.customview:customview-poolingcontainer:1.0.0] AndroidManifest.xml:17:1-23:12
uses-sdk defined in both files...
Merging uses-sdk with lower [androidx.customview:customview-poolingcontainer:1.0.0] AndroidManifest.xml:20:5-21:38
Merging library manifest C:\Users\User\.gradle\caches\8.12\transforms\c0f47557c937dc0de1cb3fd26fd8a63e\transformed\jetified-savedstate-1.2.1\AndroidManifest.xml
Merging manifest with lower [androidx.savedstate:savedstate:1.2.1] AndroidManifest.xml:17:1-22:12
uses-sdk defined in both files...
Merging uses-sdk with lower [androidx.savedstate:savedstate:1.2.1] AndroidManifest.xml:20:5-44
Merging library manifest C:\Users\User\.gradle\caches\8.12\transforms\4219ea900ceea63f2339b727d3081661\transformed\lifecycle-viewmodel-2.6.2\AndroidManifest.xml
Merging manifest with lower [androidx.lifecycle:lifecycle-viewmodel:2.6.2] AndroidManifest.xml:17:1-22:12
uses-sdk defined in both files...
Merging uses-sdk with lower [androidx.lifecycle:lifecycle-viewmodel:2.6.2] AndroidManifest.xml:20:5-44
Merging library manifest C:\Users\User\.gradle\caches\8.12\transforms\567d6fb2d9583a8b11a12ed10e5a46ba\transformed\jetified-lifecycle-service-2.6.2\AndroidManifest.xml
Merging manifest with lower [androidx.lifecycle:lifecycle-service:2.6.2] AndroidManifest.xml:17:1-22:12
uses-sdk defined in both files...
Merging uses-sdk with lower [androidx.lifecycle:lifecycle-service:2.6.2] AndroidManifest.xml:20:5-44
Merging library manifest C:\Users\User\.gradle\caches\8.12\transforms\abfe477a1291cf3ec24fe7018d970121\transformed\jetified-lifecycle-process-2.6.2\AndroidManifest.xml
Merging manifest with lower [androidx.lifecycle:lifecycle-process:2.6.2] AndroidManifest.xml:17:1-35:12
uses-sdk defined in both files...
Merging uses-sdk with lower [androidx.lifecycle:lifecycle-process:2.6.2] AndroidManifest.xml:21:5-44
application defined in both files...
Merging application with lower [androidx.lifecycle:lifecycle-process:2.6.2] AndroidManifest.xml:23:5-33:19
provider#androidx.startup.InitializationProvider defined in both files...
Merging provider#androidx.startup.InitializationProvider with lower [androidx.lifecycle:lifecycle-process:2.6.2] AndroidManifest.xml:24:9-32:20
Adopted [meta-data: null]
Merging library manifest C:\Users\User\.gradle\caches\8.12\transforms\9751041c56b8eb1f34c09953628b1905\transformed\lifecycle-livedata-core-2.6.2\AndroidManifest.xml
Merging manifest with lower [androidx.lifecycle:lifecycle-livedata-core:2.6.2] AndroidManifest.xml:17:1-22:12
uses-sdk defined in both files...
Merging uses-sdk with lower [androidx.lifecycle:lifecycle-livedata-core:2.6.2] AndroidManifest.xml:20:5-44
Merging library manifest C:\Users\User\.gradle\caches\8.12\transforms\1fee23112d66157c17606c0c191832e4\transformed\lifecycle-livedata-2.6.2\AndroidManifest.xml
Merging manifest with lower [androidx.lifecycle:lifecycle-livedata:2.6.2] AndroidManifest.xml:17:1-22:12
uses-sdk defined in both files...
Merging uses-sdk with lower [androidx.lifecycle:lifecycle-livedata:2.6.2] AndroidManifest.xml:20:5-44
Merging library manifest C:\Users\User\.gradle\caches\8.12\transforms\a4dcffeb92ed6d9305a41e99e9ba5b12\transformed\lifecycle-runtime-2.6.2\AndroidManifest.xml
Merging manifest with lower [androidx.lifecycle:lifecycle-runtime:2.6.2] AndroidManifest.xml:2:1-7:12
uses-sdk defined in both files...
Merging uses-sdk with lower [androidx.lifecycle:lifecycle-runtime:2.6.2] AndroidManifest.xml:5:5-44
Merging library manifest C:\Users\User\.gradle\caches\8.12\transforms\3ec77582b2585f5372fcf13eb54bb34e\transformed\jetified-lifecycle-viewmodel-savedstate-2.6.2\AndroidManifest.xml
Merging manifest with lower [androidx.lifecycle:lifecycle-viewmodel-savedstate:2.6.2] AndroidManifest.xml:17:1-22:12
uses-sdk defined in both files...
Merging uses-sdk with lower [androidx.lifecycle:lifecycle-viewmodel-savedstate:2.6.2] AndroidManifest.xml:20:5-44
Merging library manifest C:\Users\User\.gradle\caches\8.12\transforms\4fd70ec199840e9214f918440de0c99d\transformed\jetified-core-ktx-1.13.0\AndroidManifest.xml
Merging manifest with lower [androidx.core:core-ktx:1.13.0] AndroidManifest.xml:2:1-7:12
uses-sdk defined in both files...
Merging uses-sdk with lower [androidx.core:core-ktx:1.13.0] AndroidManifest.xml:5:5-44
Merging library manifest C:\Users\User\.gradle\caches\8.12\transforms\a046a1b7f313f2b59644041d541ed40e\transformed\jetified-core-viewtree-1.0.0\AndroidManifest.xml
Merging manifest with lower [androidx.core:core-viewtree:1.0.0] AndroidManifest.xml:2:1-7:12
uses-sdk defined in both files...
Merging uses-sdk with lower [androidx.core:core-viewtree:1.0.0] AndroidManifest.xml:5:5-44
Merging library manifest C:\Users\User\.gradle\caches\8.12\transforms\6e3f473a397d7976c775841c2e7f2fb3\transformed\sqlite-framework-2.4.0\AndroidManifest.xml
Merging manifest with lower [androidx.sqlite:sqlite-framework:2.4.0] AndroidManifest.xml:17:1-22:12
uses-sdk defined in both files...
Merging uses-sdk with lower [androidx.sqlite:sqlite-framework:2.4.0] AndroidManifest.xml:20:5-44
Merging library manifest C:\Users\User\.gradle\caches\8.12\transforms\fca95a9cf62b336213bb0c28af31329c\transformed\sqlite-2.4.0\AndroidManifest.xml
Merging manifest with lower [androidx.sqlite:sqlite:2.4.0] AndroidManifest.xml:17:1-22:12
uses-sdk defined in both files...
Merging uses-sdk with lower [androidx.sqlite:sqlite:2.4.0] AndroidManifest.xml:20:5-44
Merging library manifest C:\Users\User\.gradle\caches\8.12\transforms\0da1c3e09f1716805f56f8670e21481c\transformed\jetified-shimmer-0.5.0\AndroidManifest.xml
Merging manifest with lower [com.facebook.shimmer:shimmer:0.5.0] AndroidManifest.xml:2:1-7:12
uses-sdk defined in both files...
Merging uses-sdk with lower [com.facebook.shimmer:shimmer:0.5.0] AndroidManifest.xml:5:5-44
Merging library manifest C:\Users\User\.gradle\caches\8.12\transforms\ff83c14a097a22fb97662d70038065c9\transformed\jetified-security-crypto-1.1.0-alpha06\AndroidManifest.xml
Merging manifest with lower [androidx.security:security-crypto:1.1.0-alpha06] AndroidManifest.xml:17:1-22:12
uses-sdk defined in both files...
Merging uses-sdk with lower [androidx.security:security-crypto:1.1.0-alpha06] AndroidManifest.xml:20:5-44
Merging library manifest C:\Users\User\.gradle\caches\8.12\transforms\a743a6ee1812078e80d3c8f115f9e74c\transformed\cardview-1.0.0\AndroidManifest.xml
Merging manifest with lower [androidx.cardview:cardview:1.0.0] AndroidManifest.xml:17:1-22:12
uses-sdk defined in both files...
Merging uses-sdk with lower [androidx.cardview:cardview:1.0.0] AndroidManifest.xml:20:5-44
Merging library manifest C:\Users\User\.gradle\caches\8.12\transforms\e50e2d534626f99caaa4880cd65a447d\transformed\jetified-profileinstaller-1.4.0\AndroidManifest.xml
Merging manifest with lower [androidx.profileinstaller:profileinstaller:1.4.0] AndroidManifest.xml:17:1-55:12
uses-sdk defined in both files...
Merging uses-sdk with lower [androidx.profileinstaller:profileinstaller:1.4.0] AndroidManifest.xml:21:5-44
application defined in both files...
Merging application with lower [androidx.profileinstaller:profileinstaller:1.4.0] AndroidManifest.xml:23:5-53:19
provider#androidx.startup.InitializationProvider defined in both files...
Merging provider#androidx.startup.InitializationProvider with lower [androidx.profileinstaller:profileinstaller:1.4.0] AndroidManifest.xml:24:9-32:20
Adopted [meta-data: null]
Adopted [receiver: null]
Merging library manifest C:\Users\User\.gradle\caches\8.12\transforms\b77004cf184d06413c9ebd47cc88830e\transformed\jetified-startup-runtime-1.1.1\AndroidManifest.xml
Merging manifest with lower [androidx.startup:startup-runtime:1.1.1] AndroidManifest.xml:17:1-33:12
uses-sdk defined in both files...
Merging uses-sdk with lower [androidx.startup:startup-runtime:1.1.1] AndroidManifest.xml:21:5-23:41
application defined in both files...
Merging application with lower [androidx.startup:startup-runtime:1.1.1] AndroidManifest.xml:25:5-31:19
provider#androidx.startup.InitializationProvider defined in both files...
Merging provider#androidx.startup.InitializationProvider with lower [androidx.startup:startup-runtime:1.1.1] AndroidManifest.xml:26:9-30:34
Merging library manifest C:\Users\User\.gradle\caches\8.12\transforms\7a66c845657a296d10aebfc93f888639\transformed\jetified-tracing-1.0.0\AndroidManifest.xml
Merging manifest with lower [androidx.tracing:tracing:1.0.0] AndroidManifest.xml:17:1-24:12
uses-sdk defined in both files...
Merging uses-sdk with lower [androidx.tracing:tracing:1.0.0] AndroidManifest.xml:20:5-22:41
Merging library manifest C:\Users\User\.gradle\caches\8.12\transforms\d2bb9f3c2a50c2739907e49162135436\transformed\core-runtime-2.2.0\AndroidManifest.xml
Merging manifest with lower [androidx.arch.core:core-runtime:2.2.0] AndroidManifest.xml:17:1-22:12
uses-sdk defined in both files...
Merging uses-sdk with lower [androidx.arch.core:core-runtime:2.2.0] AndroidManifest.xml:20:5-44
Merging library manifest C:\Users\User\.gradle\caches\8.12\transforms\45878c82bf5fbe82f905ea785da5c18b\transformed\jetified-exoplayer-datasource-2.19.1\AndroidManifest.xml
Merging manifest with lower [com.google.android.exoplayer:exoplayer-datasource:2.19.1] AndroidManifest.xml:17:1-24:12
uses-sdk defined in both files...
Merging uses-sdk with lower [com.google.android.exoplayer:exoplayer-datasource:2.19.1] AndroidManifest.xml:20:5-22:41
Merging library manifest C:\Users\User\.gradle\caches\8.12\transforms\59f4de68596687ba6340e3d3ea23c03e\transformed\jetified-exoplayer-database-2.19.1\AndroidManifest.xml
Merging manifest with lower [com.google.android.exoplayer:exoplayer-database:2.19.1] AndroidManifest.xml:17:1-24:12
uses-sdk defined in both files...
Merging uses-sdk with lower [com.google.android.exoplayer:exoplayer-database:2.19.1] AndroidManifest.xml:20:5-22:41
Merging library manifest C:\Users\User\.gradle\caches\8.12\transforms\8038bc4835a6d9e3eef519f148e26b05\transformed\jetified-exoplayer-extractor-2.19.1\AndroidManifest.xml
Merging manifest with lower [com.google.android.exoplayer:exoplayer-extractor:2.19.1] AndroidManifest.xml:17:1-24:12
uses-sdk defined in both files...
Merging uses-sdk with lower [com.google.android.exoplayer:exoplayer-extractor:2.19.1] AndroidManifest.xml:20:5-22:41
Merging library manifest C:\Users\User\.gradle\caches\8.12\transforms\dde090a1576390f64d7b842c4dfdd5a6\transformed\jetified-exoplayer-decoder-2.19.1\AndroidManifest.xml
Merging manifest with lower [com.google.android.exoplayer:exoplayer-decoder:2.19.1] AndroidManifest.xml:17:1-24:12
uses-sdk defined in both files...
Merging uses-sdk with lower [com.google.android.exoplayer:exoplayer-decoder:2.19.1] AndroidManifest.xml:20:5-22:41
Merging library manifest C:\Users\User\.gradle\caches\8.12\transforms\e420ee8aa176e56526d9923a592a87d0\transformed\jetified-exoplayer-container-2.19.1\AndroidManifest.xml
Merging manifest with lower [com.google.android.exoplayer:exoplayer-container:2.19.1] AndroidManifest.xml:17:1-24:12
uses-sdk defined in both files...
Merging uses-sdk with lower [com.google.android.exoplayer:exoplayer-container:2.19.1] AndroidManifest.xml:20:5-22:41
Merging library manifest C:\Users\User\.gradle\caches\8.12\transforms\6b17a4695f26b5f7ab73d0b46411eb38\transformed\jetified-exoplayer-common-2.19.1\AndroidManifest.xml
Merging manifest with lower [com.google.android.exoplayer:exoplayer-common:2.19.1] AndroidManifest.xml:17:1-26:12
uses-sdk defined in both files...
Merging uses-sdk with lower [com.google.android.exoplayer:exoplayer-common:2.19.1] AndroidManifest.xml:20:5-22:41
uses-permission#android.permission.ACCESS_NETWORK_STATE defined in both files...
Merging uses-permission#android.permission.ACCESS_NETWORK_STATE with lower [com.google.android.exoplayer:exoplayer-common:2.19.1] AndroidManifest.xml:24:5-79
Merging library manifest C:\Users\User\.gradle\caches\8.12\transforms\e31f0adee0898e8828e929254d0bdda7\transformed\jetified-gifdecoder-4.14.2\AndroidManifest.xml
Merging manifest with lower [com.github.bumptech.glide:gifdecoder:4.14.2] AndroidManifest.xml:2:1-11:12
uses-sdk defined in both files...
Merging uses-sdk with lower [com.github.bumptech.glide:gifdecoder:4.14.2] AndroidManifest.xml:5:5-7:41
application defined in both files...
Merging application with lower [com.github.bumptech.glide:gifdecoder:4.14.2] AndroidManifest.xml:9:5-20
Merging library manifest C:\Users\User\.gradle\caches\8.12\transforms\f6665ae9bb22a2a3dadf4f2730e9876e\transformed\exifinterface-1.3.3\AndroidManifest.xml
Merging manifest with lower [androidx.exifinterface:exifinterface:1.3.3] AndroidManifest.xml:17:1-24:12
uses-sdk defined in both files...
Merging uses-sdk with lower [androidx.exifinterface:exifinterface:1.3.3] AndroidManifest.xml:20:5-22:41
Merging library manifest C:\Users\User\.gradle\caches\8.12\transforms\8fd1440347084a0ed9e9d35896cd3091\transformed\cursoradapter-1.0.0\AndroidManifest.xml
Merging manifest with lower [androidx.cursoradapter:cursoradapter:1.0.0] AndroidManifest.xml:17:1-22:12
uses-sdk defined in both files...
Merging uses-sdk with lower [androidx.cursoradapter:cursoradapter:1.0.0] AndroidManifest.xml:20:5-44
Merging library manifest C:\Users\User\.gradle\caches\8.12\transforms\2e20a0846923b700ad91504e9019cef0\transformed\interpolator-1.0.0\AndroidManifest.xml
Merging manifest with lower [androidx.interpolator:interpolator:1.0.0] AndroidManifest.xml:17:1-22:12
uses-sdk defined in both files...
Merging uses-sdk with lower [androidx.interpolator:interpolator:1.0.0] AndroidManifest.xml:20:5-44
Merging library manifest C:\Users\User\.gradle\caches\8.12\transforms\4bd1c4c51d0ee52a0f897a468295301a\transformed\versionedparcelable-1.1.1\AndroidManifest.xml
Merging manifest with lower [androidx.versionedparcelable:versionedparcelable:1.1.1] AndroidManifest.xml:17:1-27:12
uses-sdk defined in both files...
Merging uses-sdk with lower [androidx.versionedparcelable:versionedparcelable:1.1.1] AndroidManifest.xml:20:5-22:41
application defined in both files...
Merging application with lower [androidx.versionedparcelable:versionedparcelable:1.1.1] AndroidManifest.xml:24:5-25:19
Merging library manifest C:\Users\User\.gradle\caches\8.12\transforms\bc0325d02708ca56dd1f5e2b66ebd9d1\transformed\jetified-annotation-experimental-1.4.1\AndroidManifest.xml
Merging manifest with lower [androidx.annotation:annotation-experimental:1.4.1] AndroidManifest.xml:2:1-7:12
uses-sdk defined in both files...
Merging uses-sdk with lower [androidx.annotation:annotation-experimental:1.4.1] AndroidManifest.xml:5:5-44
Merging library manifest C:\Users\User\.gradle\caches\8.12\transforms\0076d1e736f0af59f8251731ac48e0e4\transformed\multidex-2.0.1\AndroidManifest.xml
Merging manifest with lower [androidx.multidex:multidex:2.0.1] AndroidManifest.xml:17:1-22:12
uses-sdk defined in both files...
Merging uses-sdk with lower [androidx.multidex:multidex:2.0.1] AndroidManifest.xml:20:5-43
Merging library manifest C:\Users\User\.gradle\caches\8.12\transforms\e592d658e9478327ab2ef113dfc42473\transformed\jetified-rxandroid-2.1.1\AndroidManifest.xml
Merging manifest with lower [io.reactivex.rxjava2:rxandroid:2.1.1] AndroidManifest.xml:15:1-20:12
uses-sdk defined in both files...
Merging uses-sdk with lower [io.reactivex.rxjava2:rxandroid:2.1.1] AndroidManifest.xml:18:5-43
Merging library manifest C:\Users\User\.gradle\caches\8.12\transforms\5ab3e8337cbfdfb90131dda87a93f7da\transformed\jetified-QRGenerator-1.0.1\AndroidManifest.xml
Merging manifest with lower [com.github.androidmads:QRGenerator:1.0.1] AndroidManifest.xml:2:1-14:12
uses-sdk defined in both files...
Merging uses-sdk with lower [com.github.androidmads:QRGenerator:1.0.1] AndroidManifest.xml:5:5-7:41
Adopted [uses-permission: null]
application defined in both files...
Merging application with lower [com.github.androidmads:QRGenerator:1.0.1] AndroidManifest.xml:11:5-12:19
Merging result: SUCCESS
1<?xml version="1.0" encoding="utf-8"?>
2<manifest xmlns:android="http://schemas.android.com/apk/res/android"
3    package="com.adjaba"
4    android:versionCode="1"
5    android:versionName="1.0" >
6
7    <uses-sdk
8        android:minSdkVersion="21"
9        android:targetSdkVersion="34" />
10
11    <uses-permission android:name="android.permission.ACCESS_NETWORK_STATE" />
11-->C:\project\adjaba-player\app\src\main\AndroidManifest.xml:6:5-79
11-->C:\project\adjaba-player\app\src\main\AndroidManifest.xml:6:22-76
12
13    <uses-feature
13-->C:\project\adjaba-player\app\src\main\AndroidManifest.xml:7:5-9:36
14        android:name="android.software.leanback"
14-->C:\project\adjaba-player\app\src\main\AndroidManifest.xml:8:9-49
15        android:required="false" />
15-->C:\project\adjaba-player\app\src\main\AndroidManifest.xml:9:9-33
16
17    <uses-permission android:name="android.permission.INTERNET" />
17-->C:\project\adjaba-player\app\src\main\AndroidManifest.xml:10:5-67
17-->C:\project\adjaba-player\app\src\main\AndroidManifest.xml:10:22-64
18
19    <uses-feature
19-->C:\project\adjaba-player\app\src\main\AndroidManifest.xml:11:5-13:36
20        android:name="android.hardware.touchscreen"
20-->C:\project\adjaba-player\app\src\main\AndroidManifest.xml:12:9-52
21        android:required="false" />
21-->C:\project\adjaba-player\app\src\main\AndroidManifest.xml:13:9-33
22
23    <uses-permission android:name="android.permission.RECEIVE_BOOT_COMPLETED" />
23-->C:\project\adjaba-player\app\src\main\AndroidManifest.xml:15:5-81
23-->C:\project\adjaba-player\app\src\main\AndroidManifest.xml:15:22-78
24    <uses-permission android:name="android.permission.WAKE_LOCK" />
24-->[androidx.work:work-runtime:2.9.0] C:\Users\User\.gradle\caches\8.12\transforms\df7ab7ee5afed09d46884e54996f3bb4\transformed\work-runtime-2.9.0\AndroidManifest.xml:23:5-68
24-->[androidx.work:work-runtime:2.9.0] C:\Users\User\.gradle\caches\8.12\transforms\df7ab7ee5afed09d46884e54996f3bb4\transformed\work-runtime-2.9.0\AndroidManifest.xml:23:22-65
25    <uses-permission android:name="android.permission.FOREGROUND_SERVICE" />
25-->[androidx.work:work-runtime:2.9.0] C:\Users\User\.gradle\caches\8.12\transforms\df7ab7ee5afed09d46884e54996f3bb4\transformed\work-runtime-2.9.0\AndroidManifest.xml:26:5-77
25-->[androidx.work:work-runtime:2.9.0] C:\Users\User\.gradle\caches\8.12\transforms\df7ab7ee5afed09d46884e54996f3bb4\transformed\work-runtime-2.9.0\AndroidManifest.xml:26:22-74
26
27    <permission
27-->[androidx.core:core:1.13.0] C:\Users\User\.gradle\caches\8.12\transforms\3ea534d227db1d2a0b15db88ad6d2b99\transformed\core-1.13.0\AndroidManifest.xml:22:5-24:47
28        android:name="com.adjaba.DYNAMIC_RECEIVER_NOT_EXPORTED_PERMISSION"
28-->[androidx.core:core:1.13.0] C:\Users\User\.gradle\caches\8.12\transforms\3ea534d227db1d2a0b15db88ad6d2b99\transformed\core-1.13.0\AndroidManifest.xml:23:9-81
29        android:protectionLevel="signature" />
29-->[androidx.core:core:1.13.0] C:\Users\User\.gradle\caches\8.12\transforms\3ea534d227db1d2a0b15db88ad6d2b99\transformed\core-1.13.0\AndroidManifest.xml:24:9-44
30
31    <uses-permission android:name="com.adjaba.DYNAMIC_RECEIVER_NOT_EXPORTED_PERMISSION" />
31-->[androidx.core:core:1.13.0] C:\Users\User\.gradle\caches\8.12\transforms\3ea534d227db1d2a0b15db88ad6d2b99\transformed\core-1.13.0\AndroidManifest.xml:26:5-97
31-->[androidx.core:core:1.13.0] C:\Users\User\.gradle\caches\8.12\transforms\3ea534d227db1d2a0b15db88ad6d2b99\transformed\core-1.13.0\AndroidManifest.xml:26:22-94
32    <uses-permission android:name="android.permission.WRITE_EXTERNAL_STORAGE" />
32-->[com.github.androidmads:QRGenerator:1.0.1] C:\Users\User\.gradle\caches\8.12\transforms\5ab3e8337cbfdfb90131dda87a93f7da\transformed\jetified-QRGenerator-1.0.1\AndroidManifest.xml:9:5-81
32-->[com.github.androidmads:QRGenerator:1.0.1] C:\Users\User\.gradle\caches\8.12\transforms\5ab3e8337cbfdfb90131dda87a93f7da\transformed\jetified-QRGenerator-1.0.1\AndroidManifest.xml:9:22-78
33    <uses-permission android:name="android.permission.READ_EXTERNAL_STORAGE" />
34
35    <application
35-->C:\project\adjaba-player\app\src\main\AndroidManifest.xml:17:5-66:19
36        android:name="com.adjaba.App"
36-->C:\project\adjaba-player\app\src\main\AndroidManifest.xml:18:9-28
37        android:allowBackup="true"
37-->C:\project\adjaba-player\app\src\main\AndroidManifest.xml:19:9-35
38        android:appComponentFactory="androidx.core.app.CoreComponentFactory"
38-->[androidx.core:core:1.13.0] C:\Users\User\.gradle\caches\8.12\transforms\3ea534d227db1d2a0b15db88ad6d2b99\transformed\core-1.13.0\AndroidManifest.xml:28:18-86
39        android:banner="@mipmap/app_icon"
39-->C:\project\adjaba-player\app\src\main\AndroidManifest.xml:20:9-42
40        android:debuggable="true"
41        android:extractNativeLibs="true"
42        android:icon="@mipmap/app_icon"
42-->C:\project\adjaba-player\app\src\main\AndroidManifest.xml:21:9-40
43        android:installLocation="internalOnly"
43-->C:\project\adjaba-player\app\src\main\AndroidManifest.xml:22:9-47
44        android:label="@string/app_name"
44-->C:\project\adjaba-player\app\src\main\AndroidManifest.xml:23:9-41
45        android:largeHeap="true"
45-->C:\project\adjaba-player\app\src\main\AndroidManifest.xml:24:9-33
46        android:roundIcon="@mipmap/app_icon"
46-->C:\project\adjaba-player\app\src\main\AndroidManifest.xml:25:9-45
47        android:supportsRtl="true"
47-->C:\project\adjaba-player\app\src\main\AndroidManifest.xml:26:9-35
48        android:theme="@style/Theme.Transparent" >
48-->C:\project\adjaba-player\app\src\main\AndroidManifest.xml:27:9-49
49        <activity
49-->C:\project\adjaba-player\app\src\main\AndroidManifest.xml:30:9-32:40
50            android:name="com.adjaba.activities.AdvertLandWatch"
50-->C:\project\adjaba-player\app\src\main\AndroidManifest.xml:31:13-55
51            android:exported="false" />
51-->C:\project\adjaba-player\app\src\main\AndroidManifest.xml:32:13-37
52        <activity
52-->C:\project\adjaba-player\app\src\main\AndroidManifest.xml:33:9-35:40
53            android:name="com.adjaba.activities.InfoActivity"
53-->C:\project\adjaba-player\app\src\main\AndroidManifest.xml:34:13-52
54            android:exported="false" /> <!-- Ï┤ÏºÏ┤Ï® Ïº┘ä┘àÏ╣Ïº┘è┘åÏ® -->
54-->C:\project\adjaba-player\app\src\main\AndroidManifest.xml:35:13-37
55        <activity
55-->C:\project\adjaba-player\app\src\main\AndroidManifest.xml:36:9-38:39
56            android:name="com.adjaba.activities.PreviewAds"
56-->C:\project\adjaba-player\app\src\main\AndroidManifest.xml:37:13-50
57            android:exported="true" /> <!-- Ï┤ÏºÏ┤Ï® Ï¬Ï│Ï¼┘è┘ä Ïº┘äÏ»Ï«┘ê┘äÏî ┘ç┘è Main ┘ä┘ä┘à┘êÏ¿Ïº┘è┘ä ┘êTV -->
57-->C:\project\adjaba-player\app\src\main\AndroidManifest.xml:38:13-36
58        <activity
58-->C:\project\adjaba-player\app\src\main\AndroidManifest.xml:39:9-57:20
59            android:name="com.adjaba.activities.LoginActivity"
59-->C:\project\adjaba-player\app\src\main\AndroidManifest.xml:40:13-53
60            android:exported="true"
60-->C:\project\adjaba-player\app\src\main\AndroidManifest.xml:41:13-36
61            android:windowSoftInputMode="adjustPan" >
61-->C:\project\adjaba-player\app\src\main\AndroidManifest.xml:42:13-52
62
63            <!-- Ïº┘ä┘à┘êÏ¿Ïº┘è┘ä -->
64            <intent-filter>
64-->C:\project\adjaba-player\app\src\main\AndroidManifest.xml:45:13-49:29
65                <action android:name="android.intent.action.MAIN" />
65-->C:\project\adjaba-player\app\src\main\AndroidManifest.xml:46:17-69
65-->C:\project\adjaba-player\app\src\main\AndroidManifest.xml:46:25-66
66
67                <category android:name="android.intent.category.LAUNCHER" />
67-->C:\project\adjaba-player\app\src\main\AndroidManifest.xml:48:17-77
67-->C:\project\adjaba-player\app\src\main\AndroidManifest.xml:48:27-74
68            </intent-filter>
69
70            <!-- Android TV -->
71            <intent-filter>
71-->C:\project\adjaba-player\app\src\main\AndroidManifest.xml:52:13-56:29
72                <action android:name="android.intent.action.MAIN" />
72-->C:\project\adjaba-player\app\src\main\AndroidManifest.xml:46:17-69
72-->C:\project\adjaba-player\app\src\main\AndroidManifest.xml:46:25-66
73
74                <category android:name="android.intent.category.LEANBACK_LAUNCHER" />
74-->C:\project\adjaba-player\app\src\main\AndroidManifest.xml:55:17-86
74-->C:\project\adjaba-player\app\src\main\AndroidManifest.xml:55:27-83
75            </intent-filter>
76        </activity> <!-- Ï┤ÏºÏ┤Ï® Ï╣Ï▒ÏÂ Ïº┘äÏÑÏ╣┘äÏº┘åÏºÏ¬ -->
77        <activity
77-->C:\project\adjaba-player\app\src\main\AndroidManifest.xml:58:9-62:15
78            android:name="com.adjaba.activities.AdvertWatching"
78-->C:\project\adjaba-player\app\src\main\AndroidManifest.xml:59:13-54
79            android:configChanges="orientation|screenSize|keyboardHidden"
79-->C:\project\adjaba-player\app\src\main\AndroidManifest.xml:60:13-74
80            android:exported="true" />
80-->C:\project\adjaba-player\app\src\main\AndroidManifest.xml:61:13-36
81        <activity
81-->C:\project\adjaba-player\app\src\main\AndroidManifest.xml:63:9-65:39
82            android:name="com.adjaba.activities.SelectScreens"
82-->C:\project\adjaba-player\app\src\main\AndroidManifest.xml:64:13-53
83            android:exported="true" />
83-->C:\project\adjaba-player\app\src\main\AndroidManifest.xml:65:13-36
84
85        <provider
85-->[androidx.work:work-runtime:2.9.0] C:\Users\User\.gradle\caches\8.12\transforms\df7ab7ee5afed09d46884e54996f3bb4\transformed\work-runtime-2.9.0\AndroidManifest.xml:29:9-37:20
86            android:name="androidx.startup.InitializationProvider"
86-->[androidx.work:work-runtime:2.9.0] C:\Users\User\.gradle\caches\8.12\transforms\df7ab7ee5afed09d46884e54996f3bb4\transformed\work-runtime-2.9.0\AndroidManifest.xml:30:13-67
87            android:authorities="com.adjaba.androidx-startup"
87-->[androidx.work:work-runtime:2.9.0] C:\Users\User\.gradle\caches\8.12\transforms\df7ab7ee5afed09d46884e54996f3bb4\transformed\work-runtime-2.9.0\AndroidManifest.xml:31:13-68
88            android:exported="false" >
88-->[androidx.work:work-runtime:2.9.0] C:\Users\User\.gradle\caches\8.12\transforms\df7ab7ee5afed09d46884e54996f3bb4\transformed\work-runtime-2.9.0\AndroidManifest.xml:32:13-37
89            <meta-data
89-->[androidx.work:work-runtime:2.9.0] C:\Users\User\.gradle\caches\8.12\transforms\df7ab7ee5afed09d46884e54996f3bb4\transformed\work-runtime-2.9.0\AndroidManifest.xml:34:13-36:52
90                android:name="androidx.work.WorkManagerInitializer"
90-->[androidx.work:work-runtime:2.9.0] C:\Users\User\.gradle\caches\8.12\transforms\df7ab7ee5afed09d46884e54996f3bb4\transformed\work-runtime-2.9.0\AndroidManifest.xml:35:17-68
91                android:value="androidx.startup" />
91-->[androidx.work:work-runtime:2.9.0] C:\Users\User\.gradle\caches\8.12\transforms\df7ab7ee5afed09d46884e54996f3bb4\transformed\work-runtime-2.9.0\AndroidManifest.xml:36:17-49
92            <meta-data
92-->[androidx.emoji2:emoji2:1.3.0] C:\Users\User\.gradle\caches\8.12\transforms\fe7c62ec3d8ec7079c9d7e91d509df82\transformed\jetified-emoji2-1.3.0\AndroidManifest.xml:29:13-31:52
93                android:name="androidx.emoji2.text.EmojiCompatInitializer"
93-->[androidx.emoji2:emoji2:1.3.0] C:\Users\User\.gradle\caches\8.12\transforms\fe7c62ec3d8ec7079c9d7e91d509df82\transformed\jetified-emoji2-1.3.0\AndroidManifest.xml:30:17-75
94                android:value="androidx.startup" />
94-->[androidx.emoji2:emoji2:1.3.0] C:\Users\User\.gradle\caches\8.12\transforms\fe7c62ec3d8ec7079c9d7e91d509df82\transformed\jetified-emoji2-1.3.0\AndroidManifest.xml:31:17-49
95            <meta-data
95-->[androidx.lifecycle:lifecycle-process:2.6.2] C:\Users\User\.gradle\caches\8.12\transforms\abfe477a1291cf3ec24fe7018d970121\transformed\jetified-lifecycle-process-2.6.2\AndroidManifest.xml:29:13-31:52
96                android:name="androidx.lifecycle.ProcessLifecycleInitializer"
96-->[androidx.lifecycle:lifecycle-process:2.6.2] C:\Users\User\.gradle\caches\8.12\transforms\abfe477a1291cf3ec24fe7018d970121\transformed\jetified-lifecycle-process-2.6.2\AndroidManifest.xml:30:17-78
97                android:value="androidx.startup" />
97-->[androidx.lifecycle:lifecycle-process:2.6.2] C:\Users\User\.gradle\caches\8.12\transforms\abfe477a1291cf3ec24fe7018d970121\transformed\jetified-lifecycle-process-2.6.2\AndroidManifest.xml:31:17-49
98            <meta-data
98-->[androidx.profileinstaller:profileinstaller:1.4.0] C:\Users\User\.gradle\caches\8.12\transforms\e50e2d534626f99caaa4880cd65a447d\transformed\jetified-profileinstaller-1.4.0\AndroidManifest.xml:29:13-31:52
99                android:name="androidx.profileinstaller.ProfileInstallerInitializer"
99-->[androidx.profileinstaller:profileinstaller:1.4.0] C:\Users\User\.gradle\caches\8.12\transforms\e50e2d534626f99caaa4880cd65a447d\transformed\jetified-profileinstaller-1.4.0\AndroidManifest.xml:30:17-85
100                android:value="androidx.startup" />
100-->[androidx.profileinstaller:profileinstaller:1.4.0] C:\Users\User\.gradle\caches\8.12\transforms\e50e2d534626f99caaa4880cd65a447d\transformed\jetified-profileinstaller-1.4.0\AndroidManifest.xml:31:17-49
101        </provider>
102
103        <service
103-->[androidx.work:work-runtime:2.9.0] C:\Users\User\.gradle\caches\8.12\transforms\df7ab7ee5afed09d46884e54996f3bb4\transformed\work-runtime-2.9.0\AndroidManifest.xml:39:9-45:35
104            android:name="androidx.work.impl.background.systemalarm.SystemAlarmService"
104-->[androidx.work:work-runtime:2.9.0] C:\Users\User\.gradle\caches\8.12\transforms\df7ab7ee5afed09d46884e54996f3bb4\transformed\work-runtime-2.9.0\AndroidManifest.xml:40:13-88
105            android:directBootAware="false"
105-->[androidx.work:work-runtime:2.9.0] C:\Users\User\.gradle\caches\8.12\transforms\df7ab7ee5afed09d46884e54996f3bb4\transformed\work-runtime-2.9.0\AndroidManifest.xml:41:13-44
106            android:enabled="@bool/enable_system_alarm_service_default"
106-->[androidx.work:work-runtime:2.9.0] C:\Users\User\.gradle\caches\8.12\transforms\df7ab7ee5afed09d46884e54996f3bb4\transformed\work-runtime-2.9.0\AndroidManifest.xml:42:13-72
107            android:exported="false" />
107-->[androidx.work:work-runtime:2.9.0] C:\Users\User\.gradle\caches\8.12\transforms\df7ab7ee5afed09d46884e54996f3bb4\transformed\work-runtime-2.9.0\AndroidManifest.xml:43:13-37
108        <service
108-->[androidx.work:work-runtime:2.9.0] C:\Users\User\.gradle\caches\8.12\transforms\df7ab7ee5afed09d46884e54996f3bb4\transformed\work-runtime-2.9.0\AndroidManifest.xml:46:9-52:35
109            android:name="androidx.work.impl.background.systemjob.SystemJobService"
109-->[androidx.work:work-runtime:2.9.0] C:\Users\User\.gradle\caches\8.12\transforms\df7ab7ee5afed09d46884e54996f3bb4\transformed\work-runtime-2.9.0\AndroidManifest.xml:47:13-84
110            android:directBootAware="false"
110-->[androidx.work:work-runtime:2.9.0] C:\Users\User\.gradle\caches\8.12\transforms\df7ab7ee5afed09d46884e54996f3bb4\transformed\work-runtime-2.9.0\AndroidManifest.xml:48:13-44
111            android:enabled="@bool/enable_system_job_service_default"
111-->[androidx.work:work-runtime:2.9.0] C:\Users\User\.gradle\caches\8.12\transforms\df7ab7ee5afed09d46884e54996f3bb4\transformed\work-runtime-2.9.0\AndroidManifest.xml:49:13-70
112            android:exported="true"
112-->[androidx.work:work-runtime:2.9.0] C:\Users\User\.gradle\caches\8.12\transforms\df7ab7ee5afed09d46884e54996f3bb4\transformed\work-runtime-2.9.0\AndroidManifest.xml:50:13-36
113            android:permission="android.permission.BIND_JOB_SERVICE" />
113-->[androidx.work:work-runtime:2.9.0] C:\Users\User\.gradle\caches\8.12\transforms\df7ab7ee5afed09d46884e54996f3bb4\transformed\work-runtime-2.9.0\AndroidManifest.xml:51:13-69
114        <service
114-->[androidx.work:work-runtime:2.9.0] C:\Users\User\.gradle\caches\8.12\transforms\df7ab7ee5afed09d46884e54996f3bb4\transformed\work-runtime-2.9.0\AndroidManifest.xml:53:9-59:35
115            android:name="androidx.work.impl.foreground.SystemForegroundService"
115-->[androidx.work:work-runtime:2.9.0] C:\Users\User\.gradle\caches\8.12\transforms\df7ab7ee5afed09d46884e54996f3bb4\transformed\work-runtime-2.9.0\AndroidManifest.xml:54:13-81
116            android:directBootAware="false"
116-->[androidx.work:work-runtime:2.9.0] C:\Users\User\.gradle\caches\8.12\transforms\df7ab7ee5afed09d46884e54996f3bb4\transformed\work-runtime-2.9.0\AndroidManifest.xml:55:13-44
117            android:enabled="@bool/enable_system_foreground_service_default"
117-->[androidx.work:work-runtime:2.9.0] C:\Users\User\.gradle\caches\8.12\transforms\df7ab7ee5afed09d46884e54996f3bb4\transformed\work-runtime-2.9.0\AndroidManifest.xml:56:13-77
118            android:exported="false" />
118-->[androidx.work:work-runtime:2.9.0] C:\Users\User\.gradle\caches\8.12\transforms\df7ab7ee5afed09d46884e54996f3bb4\transformed\work-runtime-2.9.0\AndroidManifest.xml:57:13-37
119
120        <receiver
120-->[androidx.work:work-runtime:2.9.0] C:\Users\User\.gradle\caches\8.12\transforms\df7ab7ee5afed09d46884e54996f3bb4\transformed\work-runtime-2.9.0\AndroidManifest.xml:61:9-66:35
121            android:name="androidx.work.impl.utils.ForceStopRunnable$BroadcastReceiver"
121-->[androidx.work:work-runtime:2.9.0] C:\Users\User\.gradle\caches\8.12\transforms\df7ab7ee5afed09d46884e54996f3bb4\transformed\work-runtime-2.9.0\AndroidManifest.xml:62:13-88
122            android:directBootAware="false"
122-->[androidx.work:work-runtime:2.9.0] C:\Users\User\.gradle\caches\8.12\transforms\df7ab7ee5afed09d46884e54996f3bb4\transformed\work-runtime-2.9.0\AndroidManifest.xml:63:13-44
123            android:enabled="true"
123-->[androidx.work:work-runtime:2.9.0] C:\Users\User\.gradle\caches\8.12\transforms\df7ab7ee5afed09d46884e54996f3bb4\transformed\work-runtime-2.9.0\AndroidManifest.xml:64:13-35
124            android:exported="false" />
124-->[androidx.work:work-runtime:2.9.0] C:\Users\User\.gradle\caches\8.12\transforms\df7ab7ee5afed09d46884e54996f3bb4\transformed\work-runtime-2.9.0\AndroidManifest.xml:65:13-37
125        <receiver
125-->[androidx.work:work-runtime:2.9.0] C:\Users\User\.gradle\caches\8.12\transforms\df7ab7ee5afed09d46884e54996f3bb4\transformed\work-runtime-2.9.0\AndroidManifest.xml:67:9-77:20
126            android:name="androidx.work.impl.background.systemalarm.ConstraintProxy$BatteryChargingProxy"
126-->[androidx.work:work-runtime:2.9.0] C:\Users\User\.gradle\caches\8.12\transforms\df7ab7ee5afed09d46884e54996f3bb4\transformed\work-runtime-2.9.0\AndroidManifest.xml:68:13-106
127            android:directBootAware="false"
127-->[androidx.work:work-runtime:2.9.0] C:\Users\User\.gradle\caches\8.12\transforms\df7ab7ee5afed09d46884e54996f3bb4\transformed\work-runtime-2.9.0\AndroidManifest.xml:69:13-44
128            android:enabled="false"
128-->[androidx.work:work-runtime:2.9.0] C:\Users\User\.gradle\caches\8.12\transforms\df7ab7ee5afed09d46884e54996f3bb4\transformed\work-runtime-2.9.0\AndroidManifest.xml:70:13-36
129            android:exported="false" >
129-->[androidx.work:work-runtime:2.9.0] C:\Users\User\.gradle\caches\8.12\transforms\df7ab7ee5afed09d46884e54996f3bb4\transformed\work-runtime-2.9.0\AndroidManifest.xml:71:13-37
130            <intent-filter>
130-->[androidx.work:work-runtime:2.9.0] C:\Users\User\.gradle\caches\8.12\transforms\df7ab7ee5afed09d46884e54996f3bb4\transformed\work-runtime-2.9.0\AndroidManifest.xml:73:13-76:29
131                <action android:name="android.intent.action.ACTION_POWER_CONNECTED" />
131-->[androidx.work:work-runtime:2.9.0] C:\Users\User\.gradle\caches\8.12\transforms\df7ab7ee5afed09d46884e54996f3bb4\transformed\work-runtime-2.9.0\AndroidManifest.xml:74:17-87
131-->[androidx.work:work-runtime:2.9.0] C:\Users\User\.gradle\caches\8.12\transforms\df7ab7ee5afed09d46884e54996f3bb4\transformed\work-runtime-2.9.0\AndroidManifest.xml:74:25-84
132                <action android:name="android.intent.action.ACTION_POWER_DISCONNECTED" />
132-->[androidx.work:work-runtime:2.9.0] C:\Users\User\.gradle\caches\8.12\transforms\df7ab7ee5afed09d46884e54996f3bb4\transformed\work-runtime-2.9.0\AndroidManifest.xml:75:17-90
132-->[androidx.work:work-runtime:2.9.0] C:\Users\User\.gradle\caches\8.12\transforms\df7ab7ee5afed09d46884e54996f3bb4\transformed\work-runtime-2.9.0\AndroidManifest.xml:75:25-87
133            </intent-filter>
134        </receiver>
135        <receiver
135-->[androidx.work:work-runtime:2.9.0] C:\Users\User\.gradle\caches\8.12\transforms\df7ab7ee5afed09d46884e54996f3bb4\transformed\work-runtime-2.9.0\AndroidManifest.xml:78:9-88:20
136            android:name="androidx.work.impl.background.systemalarm.ConstraintProxy$BatteryNotLowProxy"
136-->[androidx.work:work-runtime:2.9.0] C:\Users\User\.gradle\caches\8.12\transforms\df7ab7ee5afed09d46884e54996f3bb4\transformed\work-runtime-2.9.0\AndroidManifest.xml:79:13-104
137            android:directBootAware="false"
137-->[androidx.work:work-runtime:2.9.0] C:\Users\User\.gradle\caches\8.12\transforms\df7ab7ee5afed09d46884e54996f3bb4\transformed\work-runtime-2.9.0\AndroidManifest.xml:80:13-44
138            android:enabled="false"
138-->[androidx.work:work-runtime:2.9.0] C:\Users\User\.gradle\caches\8.12\transforms\df7ab7ee5afed09d46884e54996f3bb4\transformed\work-runtime-2.9.0\AndroidManifest.xml:81:13-36
139            android:exported="false" >
139-->[androidx.work:work-runtime:2.9.0] C:\Users\User\.gradle\caches\8.12\transforms\df7ab7ee5afed09d46884e54996f3bb4\transformed\work-runtime-2.9.0\AndroidManifest.xml:82:13-37
140            <intent-filter>
140-->[androidx.work:work-runtime:2.9.0] C:\Users\User\.gradle\caches\8.12\transforms\df7ab7ee5afed09d46884e54996f3bb4\transformed\work-runtime-2.9.0\AndroidManifest.xml:84:13-87:29
141                <action android:name="android.intent.action.BATTERY_OKAY" />
141-->[androidx.work:work-runtime:2.9.0] C:\Users\User\.gradle\caches\8.12\transforms\df7ab7ee5afed09d46884e54996f3bb4\transformed\work-runtime-2.9.0\AndroidManifest.xml:85:17-77
141-->[androidx.work:work-runtime:2.9.0] C:\Users\User\.gradle\caches\8.12\transforms\df7ab7ee5afed09d46884e54996f3bb4\transformed\work-runtime-2.9.0\AndroidManifest.xml:85:25-74
142                <action android:name="android.intent.action.BATTERY_LOW" />
142-->[androidx.work:work-runtime:2.9.0] C:\Users\User\.gradle\caches\8.12\transforms\df7ab7ee5afed09d46884e54996f3bb4\transformed\work-runtime-2.9.0\AndroidManifest.xml:86:17-76
142-->[androidx.work:work-runtime:2.9.0] C:\Users\User\.gradle\caches\8.12\transforms\df7ab7ee5afed09d46884e54996f3bb4\transformed\work-runtime-2.9.0\AndroidManifest.xml:86:25-73
143            </intent-filter>
144        </receiver>
145        <receiver
145-->[androidx.work:work-runtime:2.9.0] C:\Users\User\.gradle\caches\8.12\transforms\df7ab7ee5afed09d46884e54996f3bb4\transformed\work-runtime-2.9.0\AndroidManifest.xml:89:9-99:20
146            android:name="androidx.work.impl.background.systemalarm.ConstraintProxy$StorageNotLowProxy"
146-->[androidx.work:work-runtime:2.9.0] C:\Users\User\.gradle\caches\8.12\transforms\df7ab7ee5afed09d46884e54996f3bb4\transformed\work-runtime-2.9.0\AndroidManifest.xml:90:13-104
147            android:directBootAware="false"
147-->[androidx.work:work-runtime:2.9.0] C:\Users\User\.gradle\caches\8.12\transforms\df7ab7ee5afed09d46884e54996f3bb4\transformed\work-runtime-2.9.0\AndroidManifest.xml:91:13-44
148            android:enabled="false"
148-->[androidx.work:work-runtime:2.9.0] C:\Users\User\.gradle\caches\8.12\transforms\df7ab7ee5afed09d46884e54996f3bb4\transformed\work-runtime-2.9.0\AndroidManifest.xml:92:13-36
149            android:exported="false" >
149-->[androidx.work:work-runtime:2.9.0] C:\Users\User\.gradle\caches\8.12\transforms\df7ab7ee5afed09d46884e54996f3bb4\transformed\work-runtime-2.9.0\AndroidManifest.xml:93:13-37
150            <intent-filter>
150-->[androidx.work:work-runtime:2.9.0] C:\Users\User\.gradle\caches\8.12\transforms\df7ab7ee5afed09d46884e54996f3bb4\transformed\work-runtime-2.9.0\AndroidManifest.xml:95:13-98:29
151                <action android:name="android.intent.action.DEVICE_STORAGE_LOW" />
151-->[androidx.work:work-runtime:2.9.0] C:\Users\User\.gradle\caches\8.12\transforms\df7ab7ee5afed09d46884e54996f3bb4\transformed\work-runtime-2.9.0\AndroidManifest.xml:96:17-83
151-->[androidx.work:work-runtime:2.9.0] C:\Users\User\.gradle\caches\8.12\transforms\df7ab7ee5afed09d46884e54996f3bb4\transformed\work-runtime-2.9.0\AndroidManifest.xml:96:25-80
152                <action android:name="android.intent.action.DEVICE_STORAGE_OK" />
152-->[androidx.work:work-runtime:2.9.0] C:\Users\User\.gradle\caches\8.12\transforms\df7ab7ee5afed09d46884e54996f3bb4\transformed\work-runtime-2.9.0\AndroidManifest.xml:97:17-82
152-->[androidx.work:work-runtime:2.9.0] C:\Users\User\.gradle\caches\8.12\transforms\df7ab7ee5afed09d46884e54996f3bb4\transformed\work-runtime-2.9.0\AndroidManifest.xml:97:25-79
153            </intent-filter>
154        </receiver>
155        <receiver
155-->[androidx.work:work-runtime:2.9.0] C:\Users\User\.gradle\caches\8.12\transforms\df7ab7ee5afed09d46884e54996f3bb4\transformed\work-runtime-2.9.0\AndroidManifest.xml:100:9-109:20
156            android:name="androidx.work.impl.background.systemalarm.ConstraintProxy$NetworkStateProxy"
156-->[androidx.work:work-runtime:2.9.0] C:\Users\User\.gradle\caches\8.12\transforms\df7ab7ee5afed09d46884e54996f3bb4\transformed\work-runtime-2.9.0\AndroidManifest.xml:101:13-103
157            android:directBootAware="false"
157-->[androidx.work:work-runtime:2.9.0] C:\Users\User\.gradle\caches\8.12\transforms\df7ab7ee5afed09d46884e54996f3bb4\transformed\work-runtime-2.9.0\AndroidManifest.xml:102:13-44
158            android:enabled="false"
158-->[androidx.work:work-runtime:2.9.0] C:\Users\User\.gradle\caches\8.12\transforms\df7ab7ee5afed09d46884e54996f3bb4\transformed\work-runtime-2.9.0\AndroidManifest.xml:103:13-36
159            android:exported="false" >
159-->[androidx.work:work-runtime:2.9.0] C:\Users\User\.gradle\caches\8.12\transforms\df7ab7ee5afed09d46884e54996f3bb4\transformed\work-runtime-2.9.0\AndroidManifest.xml:104:13-37
160            <intent-filter>
160-->[androidx.work:work-runtime:2.9.0] C:\Users\User\.gradle\caches\8.12\transforms\df7ab7ee5afed09d46884e54996f3bb4\transformed\work-runtime-2.9.0\AndroidManifest.xml:106:13-108:29
161                <action android:name="android.net.conn.CONNECTIVITY_CHANGE" />
161-->[androidx.work:work-runtime:2.9.0] C:\Users\User\.gradle\caches\8.12\transforms\df7ab7ee5afed09d46884e54996f3bb4\transformed\work-runtime-2.9.0\AndroidManifest.xml:107:17-79
161-->[androidx.work:work-runtime:2.9.0] C:\Users\User\.gradle\caches\8.12\transforms\df7ab7ee5afed09d46884e54996f3bb4\transformed\work-runtime-2.9.0\AndroidManifest.xml:107:25-76
162            </intent-filter>
163        </receiver>
164        <receiver
164-->[androidx.work:work-runtime:2.9.0] C:\Users\User\.gradle\caches\8.12\transforms\df7ab7ee5afed09d46884e54996f3bb4\transformed\work-runtime-2.9.0\AndroidManifest.xml:110:9-121:20
165            android:name="androidx.work.impl.background.systemalarm.RescheduleReceiver"
165-->[androidx.work:work-runtime:2.9.0] C:\Users\User\.gradle\caches\8.12\transforms\df7ab7ee5afed09d46884e54996f3bb4\transformed\work-runtime-2.9.0\AndroidManifest.xml:111:13-88
166            android:directBootAware="false"
166-->[androidx.work:work-runtime:2.9.0] C:\Users\User\.gradle\caches\8.12\transforms\df7ab7ee5afed09d46884e54996f3bb4\transformed\work-runtime-2.9.0\AndroidManifest.xml:112:13-44
167            android:enabled="false"
167-->[androidx.work:work-runtime:2.9.0] C:\Users\User\.gradle\caches\8.12\transforms\df7ab7ee5afed09d46884e54996f3bb4\transformed\work-runtime-2.9.0\AndroidManifest.xml:113:13-36
168            android:exported="false" >
168-->[androidx.work:work-runtime:2.9.0] C:\Users\User\.gradle\caches\8.12\transforms\df7ab7ee5afed09d46884e54996f3bb4\transformed\work-runtime-2.9.0\AndroidManifest.xml:114:13-37
169            <intent-filter>
169-->[androidx.work:work-runtime:2.9.0] C:\Users\User\.gradle\caches\8.12\transforms\df7ab7ee5afed09d46884e54996f3bb4\transformed\work-runtime-2.9.0\AndroidManifest.xml:116:13-120:29
170                <action android:name="android.intent.action.BOOT_COMPLETED" />
170-->[androidx.work:work-runtime:2.9.0] C:\Users\User\.gradle\caches\8.12\transforms\df7ab7ee5afed09d46884e54996f3bb4\transformed\work-runtime-2.9.0\AndroidManifest.xml:117:17-79
170-->[androidx.work:work-runtime:2.9.0] C:\Users\User\.gradle\caches\8.12\transforms\df7ab7ee5afed09d46884e54996f3bb4\transformed\work-runtime-2.9.0\AndroidManifest.xml:117:25-76
171                <action android:name="android.intent.action.TIME_SET" />
171-->[androidx.work:work-runtime:2.9.0] C:\Users\User\.gradle\caches\8.12\transforms\df7ab7ee5afed09d46884e54996f3bb4\transformed\work-runtime-2.9.0\AndroidManifest.xml:118:17-73
171-->[androidx.work:work-runtime:2.9.0] C:\Users\User\.gradle\caches\8.12\transforms\df7ab7ee5afed09d46884e54996f3bb4\transformed\work-runtime-2.9.0\AndroidManifest.xml:118:25-70
172                <action android:name="android.intent.action.TIMEZONE_CHANGED" />
172-->[androidx.work:work-runtime:2.9.0] C:\Users\User\.gradle\caches\8.12\transforms\df7ab7ee5afed09d46884e54996f3bb4\transformed\work-runtime-2.9.0\AndroidManifest.xml:119:17-81
172-->[androidx.work:work-runtime:2.9.0] C:\Users\User\.gradle\caches\8.12\transforms\df7ab7ee5afed09d46884e54996f3bb4\transformed\work-runtime-2.9.0\AndroidManifest.xml:119:25-78
173            </intent-filter>
174        </receiver>
175        <receiver
175-->[androidx.work:work-runtime:2.9.0] C:\Users\User\.gradle\caches\8.12\transforms\df7ab7ee5afed09d46884e54996f3bb4\transformed\work-runtime-2.9.0\AndroidManifest.xml:122:9-131:20
176            android:name="androidx.work.impl.background.systemalarm.ConstraintProxyUpdateReceiver"
176-->[androidx.work:work-runtime:2.9.0] C:\Users\User\.gradle\caches\8.12\transforms\df7ab7ee5afed09d46884e54996f3bb4\transformed\work-runtime-2.9.0\AndroidManifest.xml:123:13-99
177            android:directBootAware="false"
177-->[androidx.work:work-runtime:2.9.0] C:\Users\User\.gradle\caches\8.12\transforms\df7ab7ee5afed09d46884e54996f3bb4\transformed\work-runtime-2.9.0\AndroidManifest.xml:124:13-44
178            android:enabled="@bool/enable_system_alarm_service_default"
178-->[androidx.work:work-runtime:2.9.0] C:\Users\User\.gradle\caches\8.12\transforms\df7ab7ee5afed09d46884e54996f3bb4\transformed\work-runtime-2.9.0\AndroidManifest.xml:125:13-72
179            android:exported="false" >
179-->[androidx.work:work-runtime:2.9.0] C:\Users\User\.gradle\caches\8.12\transforms\df7ab7ee5afed09d46884e54996f3bb4\transformed\work-runtime-2.9.0\AndroidManifest.xml:126:13-37
180            <intent-filter>
180-->[androidx.work:work-runtime:2.9.0] C:\Users\User\.gradle\caches\8.12\transforms\df7ab7ee5afed09d46884e54996f3bb4\transformed\work-runtime-2.9.0\AndroidManifest.xml:128:13-130:29
181                <action android:name="androidx.work.impl.background.systemalarm.UpdateProxies" />
181-->[androidx.work:work-runtime:2.9.0] C:\Users\User\.gradle\caches\8.12\transforms\df7ab7ee5afed09d46884e54996f3bb4\transformed\work-runtime-2.9.0\AndroidManifest.xml:129:17-98
181-->[androidx.work:work-runtime:2.9.0] C:\Users\User\.gradle\caches\8.12\transforms\df7ab7ee5afed09d46884e54996f3bb4\transformed\work-runtime-2.9.0\AndroidManifest.xml:129:25-95
182            </intent-filter>
183        </receiver>
184        <receiver
184-->[androidx.work:work-runtime:2.9.0] C:\Users\User\.gradle\caches\8.12\transforms\df7ab7ee5afed09d46884e54996f3bb4\transformed\work-runtime-2.9.0\AndroidManifest.xml:132:9-142:20
185            android:name="androidx.work.impl.diagnostics.DiagnosticsReceiver"
185-->[androidx.work:work-runtime:2.9.0] C:\Users\User\.gradle\caches\8.12\transforms\df7ab7ee5afed09d46884e54996f3bb4\transformed\work-runtime-2.9.0\AndroidManifest.xml:133:13-78
186            android:directBootAware="false"
186-->[androidx.work:work-runtime:2.9.0] C:\Users\User\.gradle\caches\8.12\transforms\df7ab7ee5afed09d46884e54996f3bb4\transformed\work-runtime-2.9.0\AndroidManifest.xml:134:13-44
187            android:enabled="true"
187-->[androidx.work:work-runtime:2.9.0] C:\Users\User\.gradle\caches\8.12\transforms\df7ab7ee5afed09d46884e54996f3bb4\transformed\work-runtime-2.9.0\AndroidManifest.xml:135:13-35
188            android:exported="true"
188-->[androidx.work:work-runtime:2.9.0] C:\Users\User\.gradle\caches\8.12\transforms\df7ab7ee5afed09d46884e54996f3bb4\transformed\work-runtime-2.9.0\AndroidManifest.xml:136:13-36
189            android:permission="android.permission.DUMP" >
189-->[androidx.work:work-runtime:2.9.0] C:\Users\User\.gradle\caches\8.12\transforms\df7ab7ee5afed09d46884e54996f3bb4\transformed\work-runtime-2.9.0\AndroidManifest.xml:137:13-57
190            <intent-filter>
190-->[androidx.work:work-runtime:2.9.0] C:\Users\User\.gradle\caches\8.12\transforms\df7ab7ee5afed09d46884e54996f3bb4\transformed\work-runtime-2.9.0\AndroidManifest.xml:139:13-141:29
191                <action android:name="androidx.work.diagnostics.REQUEST_DIAGNOSTICS" />
191-->[androidx.work:work-runtime:2.9.0] C:\Users\User\.gradle\caches\8.12\transforms\df7ab7ee5afed09d46884e54996f3bb4\transformed\work-runtime-2.9.0\AndroidManifest.xml:140:17-88
191-->[androidx.work:work-runtime:2.9.0] C:\Users\User\.gradle\caches\8.12\transforms\df7ab7ee5afed09d46884e54996f3bb4\transformed\work-runtime-2.9.0\AndroidManifest.xml:140:25-85
192            </intent-filter>
193        </receiver>
194
195        <service
195-->[androidx.room:room-runtime:2.6.1] C:\Users\User\.gradle\caches\8.12\transforms\1ba7d729464c734e334963dd58e9168a\transformed\room-runtime-2.6.1\AndroidManifest.xml:24:9-28:63
196            android:name="androidx.room.MultiInstanceInvalidationService"
196-->[androidx.room:room-runtime:2.6.1] C:\Users\User\.gradle\caches\8.12\transforms\1ba7d729464c734e334963dd58e9168a\transformed\room-runtime-2.6.1\AndroidManifest.xml:25:13-74
197            android:directBootAware="true"
197-->[androidx.room:room-runtime:2.6.1] C:\Users\User\.gradle\caches\8.12\transforms\1ba7d729464c734e334963dd58e9168a\transformed\room-runtime-2.6.1\AndroidManifest.xml:26:13-43
198            android:exported="false" />
198-->[androidx.room:room-runtime:2.6.1] C:\Users\User\.gradle\caches\8.12\transforms\1ba7d729464c734e334963dd58e9168a\transformed\room-runtime-2.6.1\AndroidManifest.xml:27:13-37
199
200        <receiver
200-->[androidx.profileinstaller:profileinstaller:1.4.0] C:\Users\User\.gradle\caches\8.12\transforms\e50e2d534626f99caaa4880cd65a447d\transformed\jetified-profileinstaller-1.4.0\AndroidManifest.xml:34:9-52:20
201            android:name="androidx.profileinstaller.ProfileInstallReceiver"
201-->[androidx.profileinstaller:profileinstaller:1.4.0] C:\Users\User\.gradle\caches\8.12\transforms\e50e2d534626f99caaa4880cd65a447d\transformed\jetified-profileinstaller-1.4.0\AndroidManifest.xml:35:13-76
202            android:directBootAware="false"
202-->[androidx.profileinstaller:profileinstaller:1.4.0] C:\Users\User\.gradle\caches\8.12\transforms\e50e2d534626f99caaa4880cd65a447d\transformed\jetified-profileinstaller-1.4.0\AndroidManifest.xml:36:13-44
203            android:enabled="true"
203-->[androidx.profileinstaller:profileinstaller:1.4.0] C:\Users\User\.gradle\caches\8.12\transforms\e50e2d534626f99caaa4880cd65a447d\transformed\jetified-profileinstaller-1.4.0\AndroidManifest.xml:37:13-35
204            android:exported="true"
204-->[androidx.profileinstaller:profileinstaller:1.4.0] C:\Users\User\.gradle\caches\8.12\transforms\e50e2d534626f99caaa4880cd65a447d\transformed\jetified-profileinstaller-1.4.0\AndroidManifest.xml:38:13-36
205            android:permission="android.permission.DUMP" >
205-->[androidx.profileinstaller:profileinstaller:1.4.0] C:\Users\User\.gradle\caches\8.12\transforms\e50e2d534626f99caaa4880cd65a447d\transformed\jetified-profileinstaller-1.4.0\AndroidManifest.xml:39:13-57
206            <intent-filter>
206-->[androidx.profileinstaller:profileinstaller:1.4.0] C:\Users\User\.gradle\caches\8.12\transforms\e50e2d534626f99caaa4880cd65a447d\transformed\jetified-profileinstaller-1.4.0\AndroidManifest.xml:40:13-42:29
207                <action android:name="androidx.profileinstaller.action.INSTALL_PROFILE" />
207-->[androidx.profileinstaller:profileinstaller:1.4.0] C:\Users\User\.gradle\caches\8.12\transforms\e50e2d534626f99caaa4880cd65a447d\transformed\jetified-profileinstaller-1.4.0\AndroidManifest.xml:41:17-91
207-->[androidx.profileinstaller:profileinstaller:1.4.0] C:\Users\User\.gradle\caches\8.12\transforms\e50e2d534626f99caaa4880cd65a447d\transformed\jetified-profileinstaller-1.4.0\AndroidManifest.xml:41:25-88
208            </intent-filter>
209            <intent-filter>
209-->[androidx.profileinstaller:profileinstaller:1.4.0] C:\Users\User\.gradle\caches\8.12\transforms\e50e2d534626f99caaa4880cd65a447d\transformed\jetified-profileinstaller-1.4.0\AndroidManifest.xml:43:13-45:29
210                <action android:name="androidx.profileinstaller.action.SKIP_FILE" />
210-->[androidx.profileinstaller:profileinstaller:1.4.0] C:\Users\User\.gradle\caches\8.12\transforms\e50e2d534626f99caaa4880cd65a447d\transformed\jetified-profileinstaller-1.4.0\AndroidManifest.xml:44:17-85
210-->[androidx.profileinstaller:profileinstaller:1.4.0] C:\Users\User\.gradle\caches\8.12\transforms\e50e2d534626f99caaa4880cd65a447d\transformed\jetified-profileinstaller-1.4.0\AndroidManifest.xml:44:25-82
211            </intent-filter>
212            <intent-filter>
212-->[androidx.profileinstaller:profileinstaller:1.4.0] C:\Users\User\.gradle\caches\8.12\transforms\e50e2d534626f99caaa4880cd65a447d\transformed\jetified-profileinstaller-1.4.0\AndroidManifest.xml:46:13-48:29
213                <action android:name="androidx.profileinstaller.action.SAVE_PROFILE" />
213-->[androidx.profileinstaller:profileinstaller:1.4.0] C:\Users\User\.gradle\caches\8.12\transforms\e50e2d534626f99caaa4880cd65a447d\transformed\jetified-profileinstaller-1.4.0\AndroidManifest.xml:47:17-88
213-->[androidx.profileinstaller:profileinstaller:1.4.0] C:\Users\User\.gradle\caches\8.12\transforms\e50e2d534626f99caaa4880cd65a447d\transformed\jetified-profileinstaller-1.4.0\AndroidManifest.xml:47:25-85
214            </intent-filter>
215            <intent-filter>
215-->[androidx.profileinstaller:profileinstaller:1.4.0] C:\Users\User\.gradle\caches\8.12\transforms\e50e2d534626f99caaa4880cd65a447d\transformed\jetified-profileinstaller-1.4.0\AndroidManifest.xml:49:13-51:29
216                <action android:name="androidx.profileinstaller.action.BENCHMARK_OPERATION" />
216-->[androidx.profileinstaller:profileinstaller:1.4.0] C:\Users\User\.gradle\caches\8.12\transforms\e50e2d534626f99caaa4880cd65a447d\transformed\jetified-profileinstaller-1.4.0\AndroidManifest.xml:50:17-95
216-->[androidx.profileinstaller:profileinstaller:1.4.0] C:\Users\User\.gradle\caches\8.12\transforms\e50e2d534626f99caaa4880cd65a447d\transformed\jetified-profileinstaller-1.4.0\AndroidManifest.xml:50:25-92
217            </intent-filter>
218        </receiver>
219    </application>
220
221</manifest>

Merged manifest saved to C:\project\adjaba-player\app\build\intermediates\merged_manifest\debug\processDebugMainManifest\AndroidManifest.xml
Resolve mutations for :app:processDebugManifest (Thread[#103,Execution worker Thread 4,5,main]) started.
:app:processDebugManifest (Thread[#110,Execution worker Thread 11,5,main]) started.

> Task :app:processDebugManifest
Caching disabled for task ':app:processDebugManifest' because:
  Build cache is disabled
Task ':app:processDebugManifest' is not up-to-date because:
  Output property 'multiApkManifestOutputDirectory' file C:\project\adjaba-player\app\build\intermediates\merged_manifests\debug\processDebugManifest has been removed.
  Output property 'multiApkManifestOutputDirectory' file C:\project\adjaba-player\app\build\intermediates\merged_manifests\debug\processDebugManifest\AndroidManifest.xml has been removed.
  Output property 'multiApkManifestOutputDirectory' file C:\project\adjaba-player\app\build\intermediates\merged_manifests\debug\processDebugManifest\output-metadata.json has been removed.
Resolve mutations for :app:processDebugManifestForPackage (Thread[#110,Execution worker Thread 11,5,main]) started.
:app:processDebugManifestForPackage (Thread[#110,Execution worker Thread 11,5,main]) started.
Resolve mutations for :app:javaPreCompileDebug (Thread[#103,Execution worker Thread 4,5,main]) started.
:app:javaPreCompileDebug (Thread[#103,Execution worker Thread 4,5,main]) started.

> Task :app:processDebugManifestForPackage
Custom actions are attached to task ':app:processDebugManifestForPackage'.
Caching disabled for task ':app:processDebugManifestForPackage' because:
  Build cache is disabled
Task ':app:processDebugManifestForPackage' is not up-to-date because:
  Output property 'packageManifests' file C:\project\adjaba-player\app\build\intermediates\packaged_manifests\debug\processDebugManifestForPackage has been removed.
  Output property 'packageManifests' file C:\project\adjaba-player\app\build\intermediates\packaged_manifests\debug\processDebugManifestForPackage\AndroidManifest.xml has been removed.
  Output property 'packageManifests' file C:\project\adjaba-player\app\build\intermediates\packaged_manifests\debug\processDebugManifestForPackage\output-metadata.json has been removed.
Resolve mutations for :app:processDebugResources (Thread[#110,Execution worker Thread 11,5,main]) started.
:app:processDebugResources (Thread[#110,Execution worker Thread 11,5,main]) started.

> Task :app:javaPreCompileDebug
Registered task dependencies: app:_agp_internal_javaPreCompileDebug_kaptClasspath
Starting dependency analysis
Caching disabled for task ':app:javaPreCompileDebug' because:
  Build cache is disabled
Task ':app:javaPreCompileDebug' is not up-to-date because:
  Output property 'annotationProcessorListFile' file C:\project\adjaba-player\app\build\intermediates\annotation_processor_list\debug\javaPreCompileDebug\annotationProcessors.json has been removed.
Resolve mutations for :app:mergeDebugShaders (Thread[#105,Execution worker Thread 6,5,main]) started.
:app:mergeDebugShaders (Thread[#99,included builds,5,main]) started.

> Task :app:mergeDebugShaders
Caching disabled for task ':app:mergeDebugShaders' because:
  Build cache is disabled
  Simple merging task
Task ':app:mergeDebugShaders' is not up-to-date because:
  Output property 'outputDir' file C:\project\adjaba-player\app\build\intermediates\merged_shaders\debug\mergeDebugShaders\out has been removed.
The input changes require a full rebuild for incremental task ':app:mergeDebugShaders'.
Resolve mutations for :app:compileDebugShaders (Thread[#99,included builds,5,main]) started.
:app:compileDebugShaders (Thread[#99,included builds,5,main]) started.

> Task :app:compileDebugShaders NO-SOURCE
Skipping task ':app:compileDebugShaders' as it has no source files and no previous output files.
Resolve mutations for :app:generateDebugAssets (Thread[#99,included builds,5,main]) started.
:app:generateDebugAssets (Thread[#99,included builds,5,main]) started.

> Task :app:generateDebugAssets UP-TO-DATE
Skipping task ':app:generateDebugAssets' as it has no actions.
Resolve mutations for :app:mergeDebugAssets (Thread[#99,included builds,5,main]) started.
:app:mergeDebugAssets (Thread[#99,included builds,5,main]) started.

> Task :app:processDebugResources
file or directory 'C:\project\adjaba-player\app\libs', not found
file or directory 'C:\project\adjaba-player\app\libs', not found
Registered task dependencies: app:debugCompileClasspath
Skipping misunderstood TO dep string: org.jetbrains.kotlin:kotlin-stdlib
Skipping misunderstood TO dep string: org.jetbrains.kotlin:kotlin-stdlib
Starting dependency analysis
file or directory 'C:\project\adjaba-player\app\libs', not found
Caching disabled for task ':app:processDebugResources' because:
  Build cache is disabled
Task ':app:processDebugResources' is not up-to-date because:
  Output property 'RClassOutputJar' file C:\project\adjaba-player\app\build\intermediates\compile_and_runtime_not_namespaced_r_class_jar\debug\processDebugResources\R.jar has been removed.
  Output property 'linkedResourcesOutputDir' file C:\project\adjaba-player\app\build\intermediates\linked_resources_binary_format\debug\processDebugResources has been removed.
  Output property 'linkedResourcesOutputDir' file C:\project\adjaba-player\app\build\intermediates\linked_resources_binary_format\debug\processDebugResources\linked-resources-binary-format-debug.ap_ has been removed.
  and more...
The input changes require a full rebuild for incremental task ':app:processDebugResources'.
AAPT2 aapt2-8.10.1-12782657-windows Daemon #0: starting

> Task :app:mergeDebugAssets
file or directory 'C:\project\adjaba-player\app\libs', not found
Caching disabled for task ':app:mergeDebugAssets' because:
  Build cache is disabled
  Simple merging task
Task ':app:mergeDebugAssets' is not up-to-date because:
  Output property 'outputDir' file C:\project\adjaba-player\app\build\intermediates\assets\debug\mergeDebugAssets has been removed.
  Output property 'outputDir' file C:\project\adjaba-player\app\build\intermediates\assets\debug\mergeDebugAssets\erasdemi.TTF has been removed.
The input changes require a full rebuild for incremental task ':app:mergeDebugAssets'.
file or directory 'C:\project\adjaba-player\app\libs', not found
Resolve mutations for :app:compressDebugAssets (Thread[#99,included builds,5,main]) started.
:app:compressDebugAssets (Thread[#99,included builds,5,main]) started.
Resolve mutations for :app:desugarDebugFileDependencies (Thread[#101,Execution worker Thread 2,5,main]) started.
:app:desugarDebugFileDependencies (Thread[#105,Execution worker Thread 6,5,main]) started.

> Task :app:compressDebugAssets
Caching disabled for task ':app:compressDebugAssets' because:
  Build cache is disabled
Task ':app:compressDebugAssets' is not up-to-date because:
  Output property 'outputDir' file C:\project\adjaba-player\app\build\intermediates\compressed_assets\debug\compressDebugAssets\out has been removed.
  Output property 'outputDir' file C:\project\adjaba-player\app\build\intermediates\compressed_assets\debug\compressDebugAssets\out\assets has been removed.
  Output property 'outputDir' file C:\project\adjaba-player\app\build\intermediates\compressed_assets\debug\compressDebugAssets\out\assets\erasdemi.TTF.jar has been removed.
The input changes require a full rebuild for incremental task ':app:compressDebugAssets'.

> Task :app:desugarDebugFileDependencies
file or directory 'C:\project\adjaba-player\app\libs', not found
file or directory 'C:\project\adjaba-player\app\libs', not found
Caching disabled for task ':app:desugarDebugFileDependencies' because:
  Build cache is disabled
Task ':app:desugarDebugFileDependencies' is not up-to-date because:
  Output property 'outputDirectory' file C:\project\adjaba-player\app\build\intermediates\external_file_lib_dex_archives\debug\desugarDebugFileDependencies has been removed.
  Output property 'outputGlobalSynthetics' file C:\project\adjaba-player\app\build\intermediates\global_synthetics_file_lib\debug\desugarDebugFileDependencies has been removed.
Resolve mutations for :app:checkDebugDuplicateClasses (Thread[#105,Execution worker Thread 6,5,main]) started.
:app:checkDebugDuplicateClasses (Thread[#105,Execution worker Thread 6,5,main]) started.
Resolve mutations for :app:mergeDebugJniLibFolders (Thread[#101,Execution worker Thread 2,5,main]) started.
:app:mergeDebugJniLibFolders (Thread[#101,Execution worker Thread 2,5,main]) started.

> Task :app:mergeDebugJniLibFolders
Caching disabled for task ':app:mergeDebugJniLibFolders' because:
  Build cache is disabled
  Simple merging task
Task ':app:mergeDebugJniLibFolders' is not up-to-date because:
  Output property 'outputDir' file C:\project\adjaba-player\app\build\intermediates\merged_jni_libs\debug\mergeDebugJniLibFolders\out has been removed.
The input changes require a full rebuild for incremental task ':app:mergeDebugJniLibFolders'.
Resolve mutations for :app:mergeDebugNativeLibs (Thread[#101,Execution worker Thread 2,5,main]) started.
:app:mergeDebugNativeLibs (Thread[#101,Execution worker Thread 2,5,main]) started.

> Task :app:mergeDebugNativeLibs NO-SOURCE
file or directory 'C:\project\adjaba-player\app\libs', not found
file or directory 'C:\project\adjaba-player\app\libs', not found
Skipping task ':app:mergeDebugNativeLibs' as it has no source files and no previous output files.
Resolve mutations for :app:stripDebugDebugSymbols (Thread[#101,Execution worker Thread 2,5,main]) started.
:app:stripDebugDebugSymbols (Thread[#101,Execution worker Thread 2,5,main]) started.

> Task :app:stripDebugDebugSymbols NO-SOURCE
Skipping task ':app:stripDebugDebugSymbols' as it has no source files and no previous output files.
Resolve mutations for :app:validateSigningDebug (Thread[#101,Execution worker Thread 2,5,main]) started.
:app:validateSigningDebug (Thread[#109,Execution worker Thread 10,5,main]) started.

> Task :app:checkDebugDuplicateClasses
file or directory 'C:\project\adjaba-player\app\libs', not found
file or directory 'C:\project\adjaba-player\app\libs', not found
Caching disabled for task ':app:checkDebugDuplicateClasses' because:
  Build cache is disabled
  Caching has been disabled for the task
Task ':app:checkDebugDuplicateClasses' is not up-to-date because:
  Output property 'dummyOutputDirectory' file C:\project\adjaba-player\app\build\intermediates\duplicate_classes_check\debug\checkDebugDuplicateClasses has been removed.
file or directory 'C:\project\adjaba-player\app\libs', not found

> Task :app:validateSigningDebug
Caching disabled for task ':app:validateSigningDebug' because:
  Build cache is disabled
  Caching has been disabled for the task
Task ':app:validateSigningDebug' is not up-to-date because:
  Output property 'dummyOutputDirectory' file C:\project\adjaba-player\app\build\intermediates\validate_signing_config\debug\validateSigningDebug has been removed.
Resolve mutations for :app:mergeExtDexDebug (Thread[#105,Execution worker Thread 6,5,main]) started.
:app:mergeExtDexDebug (Thread[#105,Execution worker Thread 6,5,main]) started.
Resolve mutations for :app:mergeLibDexDebug (Thread[#107,Execution worker Thread 8,5,main]) started.
:app:mergeLibDexDebug (Thread[#107,Execution worker Thread 8,5,main]) started.
Resolve mutations for :app:writeDebugAppMetadata (Thread[#104,Execution worker Thread 5,5,main]) started.
:app:writeDebugAppMetadata (Thread[#104,Execution worker Thread 5,5,main]) started.

> Task :app:writeDebugAppMetadata
Caching disabled for task ':app:writeDebugAppMetadata' because:
  Build cache is disabled
  Caching has been disabled for the task
Task ':app:writeDebugAppMetadata' is not up-to-date because:
  Output property 'outputFile' file C:\project\adjaba-player\app\build\intermediates\app_metadata\debug\writeDebugAppMetadata\app-metadata.properties has been removed.
Resolve mutations for :app:writeDebugSigningConfigVersions (Thread[#104,Execution worker Thread 5,5,main]) started.
:app:writeDebugSigningConfigVersions (Thread[#101,Execution worker Thread 2,5,main]) started.

> Task :app:mergeLibDexDebug
file or directory 'C:\project\adjaba-player\app\libs', not found
file or directory 'C:\project\adjaba-player\app\libs', not found
Caching disabled for task ':app:mergeLibDexDebug' because:
  Build cache is disabled
Task ':app:mergeLibDexDebug' is not up-to-date because:
  Output property 'outputDir' file C:\project\adjaba-player\app\build\intermediates\dex\debug\mergeLibDexDebug has been removed.
  Output property 'outputDir' file C:\project\adjaba-player\app\build\intermediates\dex\debug\mergeLibDexDebug\0 has been removed.
  Output property 'outputDir' file C:\project\adjaba-player\app\build\intermediates\dex\debug\mergeLibDexDebug\1 has been removed.
  and more...
The input changes require a full rebuild for incremental task ':app:mergeLibDexDebug'.
file or directory 'C:\project\adjaba-player\app\libs', not found
file or directory 'C:\project\adjaba-player\app\libs', not found

> Task :app:writeDebugSigningConfigVersions
Caching disabled for task ':app:writeDebugSigningConfigVersions' because:
  Build cache is disabled
  Caching has been disabled for the task
Task ':app:writeDebugSigningConfigVersions' is not up-to-date because:
  Output property 'outputFile' file C:\project\adjaba-player\app\build\intermediates\signing_config_versions\debug\writeDebugSigningConfigVersions\signing-config-versions.json has been removed.
Resolve mutations for :app:preReleaseBuild (Thread[#101,Execution worker Thread 2,5,main]) started.
:app:preReleaseBuild (Thread[#101,Execution worker Thread 2,5,main]) started.

> Task :app:preReleaseBuild UP-TO-DATE
Skipping task ':app:preReleaseBuild' as it has no actions.
Resolve mutations for :app:mergeReleaseJniLibFolders (Thread[#101,Execution worker Thread 2,5,main]) started.
:app:mergeReleaseJniLibFolders (Thread[#101,Execution worker Thread 2,5,main]) started.

> Task :app:mergeReleaseJniLibFolders
Caching disabled for task ':app:mergeReleaseJniLibFolders' because:
  Build cache is disabled
  Simple merging task
Task ':app:mergeReleaseJniLibFolders' is not up-to-date because:
  Output property 'outputDir' file C:\project\adjaba-player\app\build\intermediates\merged_jni_libs\release\mergeReleaseJniLibFolders\out has been removed.
The input changes require a full rebuild for incremental task ':app:mergeReleaseJniLibFolders'.
Resolve mutations for :app:mergeReleaseNativeLibs (Thread[#101,Execution worker Thread 2,5,main]) started.
:app:mergeReleaseNativeLibs (Thread[#101,Execution worker Thread 2,5,main]) started.

> Task :app:mergeReleaseNativeLibs NO-SOURCE
file or directory 'C:\project\adjaba-player\app\libs', not found
file or directory 'C:\project\adjaba-player\app\libs', not found
Skipping task ':app:mergeReleaseNativeLibs' as it has no source files and no previous output files.
Resolve mutations for :app:stripReleaseDebugSymbols (Thread[#101,Execution worker Thread 2,5,main]) started.
:app:stripReleaseDebugSymbols (Thread[#101,Execution worker Thread 2,5,main]) started.

> Task :app:stripReleaseDebugSymbols NO-SOURCE
Skipping task ':app:stripReleaseDebugSymbols' as it has no source files and no previous output files.
Resolve mutations for :app:extractReleaseNativeSymbolTables (Thread[#101,Execution worker Thread 2,5,main]) started.
:app:extractReleaseNativeSymbolTables (Thread[#107,Execution worker Thread 8,5,main]) started.

> Task :app:extractReleaseNativeSymbolTables NO-SOURCE
Skipping task ':app:extractReleaseNativeSymbolTables' as it has no source files and no previous output files.
Resolve mutations for :app:mergeReleaseNativeDebugMetadata (Thread[#107,Execution worker Thread 8,5,main]) started.
:app:mergeReleaseNativeDebugMetadata (Thread[#101,Execution worker Thread 2,5,main]) started.

> Task :app:mergeReleaseNativeDebugMetadata NO-SOURCE
Skipping task ':app:mergeReleaseNativeDebugMetadata' as it has no source files and no previous output files.
Resolve mutations for :app:buildKotlinToolingMetadata (Thread[#101,Execution worker Thread 2,5,main]) started.
:app:buildKotlinToolingMetadata (Thread[#101,Execution worker Thread 2,5,main]) started.

> Task :app:mergeExtDexDebug
file or directory 'C:\project\adjaba-player\app\libs', not found
file or directory 'C:\project\adjaba-player\app\libs', not found
file or directory 'C:\project\adjaba-player\app\libs', not found
file or directory 'C:\project\adjaba-player\app\libs', not found
file or directory 'C:\project\adjaba-player\app\libs', not found
file or directory 'C:\project\adjaba-player\app\libs', not found
file or directory 'C:\project\adjaba-player\app\libs', not found
file or directory 'C:\project\adjaba-player\app\libs', not found
file or directory 'C:\project\adjaba-player\app\libs', not found
file or directory 'C:\project\adjaba-player\app\libs', not found
file or directory 'C:\project\adjaba-player\app\libs', not found
file or directory 'C:\project\adjaba-player\app\libs', not found
file or directory 'C:\project\adjaba-player\app\libs', not found
file or directory 'C:\project\adjaba-player\app\libs', not found
file or directory 'C:\project\adjaba-player\app\libs', not found
file or directory 'C:\project\adjaba-player\app\libs', not found
file or directory 'C:\project\adjaba-player\app\libs', not found
file or directory 'C:\project\adjaba-player\app\libs', not found
file or directory 'C:\project\adjaba-player\app\libs', not found
file or directory 'C:\project\adjaba-player\app\libs', not found
file or directory 'C:\project\adjaba-player\app\libs', not found
file or directory 'C:\project\adjaba-player\app\libs', not found
file or directory 'C:\project\adjaba-player\app\libs', not found
file or directory 'C:\project\adjaba-player\app\libs', not found
file or directory 'C:\project\adjaba-player\app\libs', not found
file or directory 'C:\project\adjaba-player\app\libs', not found
file or directory 'C:\project\adjaba-player\app\libs', not found
file or directory 'C:\project\adjaba-player\app\libs', not found
file or directory 'C:\project\adjaba-player\app\libs', not found
file or directory 'C:\project\adjaba-player\app\libs', not found
file or directory 'C:\project\adjaba-player\app\libs', not found
file or directory 'C:\project\adjaba-player\app\libs', not found
file or directory 'C:\project\adjaba-player\app\libs', not found
file or directory 'C:\project\adjaba-player\app\libs', not found
file or directory 'C:\project\adjaba-player\app\libs', not found
file or directory 'C:\project\adjaba-player\app\libs', not found
file or directory 'C:\project\adjaba-player\app\libs', not found
file or directory 'C:\project\adjaba-player\app\libs', not found
file or directory 'C:\project\adjaba-player\app\libs', not found
file or directory 'C:\project\adjaba-player\app\libs', not found
file or directory 'C:\project\adjaba-player\app\libs', not found
file or directory 'C:\project\adjaba-player\app\libs', not found
file or directory 'C:\project\adjaba-player\app\libs', not found
file or directory 'C:\project\adjaba-player\app\libs', not found
file or directory 'C:\project\adjaba-player\app\libs', not found
file or directory 'C:\project\adjaba-player\app\libs', not found
file or directory 'C:\project\adjaba-player\app\libs', not found
file or directory 'C:\project\adjaba-player\app\libs', not found
file or directory 'C:\project\adjaba-player\app\libs', not found
file or directory 'C:\project\adjaba-player\app\libs', not found
file or directory 'C:\project\adjaba-player\app\libs', not found
file or directory 'C:\project\adjaba-player\app\libs', not found
file or directory 'C:\project\adjaba-player\app\libs', not found
file or directory 'C:\project\adjaba-player\app\libs', not found
file or directory 'C:\project\adjaba-player\app\libs', not found
file or directory 'C:\project\adjaba-player\app\libs', not found
file or directory 'C:\project\adjaba-player\app\libs', not found
file or directory 'C:\project\adjaba-player\app\libs', not found
file or directory 'C:\project\adjaba-player\app\libs', not found
file or directory 'C:\project\adjaba-player\app\libs', not found
file or directory 'C:\project\adjaba-player\app\libs', not found
file or directory 'C:\project\adjaba-player\app\libs', not found
file or directory 'C:\project\adjaba-player\app\libs', not found
file or directory 'C:\project\adjaba-player\app\libs', not found
file or directory 'C:\project\adjaba-player\app\libs', not found
file or directory 'C:\project\adjaba-player\app\libs', not found
file or directory 'C:\project\adjaba-player\app\libs', not found
file or directory 'C:\project\adjaba-player\app\libs', not found
file or directory 'C:\project\adjaba-player\app\libs', not found
file or directory 'C:\project\adjaba-player\app\libs', not found
file or directory 'C:\project\adjaba-player\app\libs', not found
file or directory 'C:\project\adjaba-player\app\libs', not found
file or directory 'C:\project\adjaba-player\app\libs', not found
file or directory 'C:\project\adjaba-player\app\libs', not found
file or directory 'C:\project\adjaba-player\app\libs', not found
file or directory 'C:\project\adjaba-player\app\libs', not found
file or directory 'C:\project\adjaba-player\app\libs', not found
file or directory 'C:\project\adjaba-player\app\libs', not found
file or directory 'C:\project\adjaba-player\app\libs', not found
file or directory 'C:\project\adjaba-player\app\libs', not found
file or directory 'C:\project\adjaba-player\app\libs', not found
file or directory 'C:\project\adjaba-player\app\libs', not found
file or directory 'C:\project\adjaba-player\app\libs', not found
file or directory 'C:\project\adjaba-player\app\libs', not found
file or directory 'C:\project\adjaba-player\app\libs', not found
file or directory 'C:\project\adjaba-player\app\libs', not found
file or directory 'C:\project\adjaba-player\app\libs', not found
file or directory 'C:\project\adjaba-player\app\libs', not found
file or directory 'C:\project\adjaba-player\app\libs', not found
file or directory 'C:\project\adjaba-player\app\libs', not found
file or directory 'C:\project\adjaba-player\app\libs', not found
file or directory 'C:\project\adjaba-player\app\libs', not found
file or directory 'C:\project\adjaba-player\app\libs', not found
file or directory 'C:\project\adjaba-player\app\libs', not found
file or directory 'C:\project\adjaba-player\app\libs', not found
file or directory 'C:\project\adjaba-player\app\libs', not found
file or directory 'C:\project\adjaba-player\app\libs', not found
file or directory 'C:\project\adjaba-player\app\libs', not found
file or directory 'C:\project\adjaba-player\app\libs', not found
file or directory 'C:\project\adjaba-player\app\libs', not found
file or directory 'C:\project\adjaba-player\app\libs', not found
file or directory 'C:\project\adjaba-player\app\libs', not found
file or directory 'C:\project\adjaba-player\app\libs', not found
file or directory 'C:\project\adjaba-player\app\libs', not found
file or directory 'C:\project\adjaba-player\app\libs', not found
file or directory 'C:\project\adjaba-player\app\libs', not found
file or directory 'C:\project\adjaba-player\app\libs', not found
file or directory 'C:\project\adjaba-player\app\libs', not found
file or directory 'C:\project\adjaba-player\app\libs', not found
file or directory 'C:\project\adjaba-player\app\libs', not found
file or directory 'C:\project\adjaba-player\app\libs', not found
file or directory 'C:\project\adjaba-player\app\libs', not found
file or directory 'C:\project\adjaba-player\app\libs', not found
file or directory 'C:\project\adjaba-player\app\libs', not found
file or directory 'C:\project\adjaba-player\app\libs', not found
file or directory 'C:\project\adjaba-player\app\libs', not found
file or directory 'C:\project\adjaba-player\app\libs', not found
file or directory 'C:\project\adjaba-player\app\libs', not found
file or directory 'C:\project\adjaba-player\app\libs', not found
file or directory 'C:\project\adjaba-player\app\libs', not found
file or directory 'C:\project\adjaba-player\app\libs', not found
file or directory 'C:\project\adjaba-player\app\libs', not found
file or directory 'C:\project\adjaba-player\app\libs', not found
file or directory 'C:\project\adjaba-player\app\libs', not found
file or directory 'C:\project\adjaba-player\app\libs', not found
file or directory 'C:\project\adjaba-player\app\libs', not found
file or directory 'C:\project\adjaba-player\app\libs', not found
file or directory 'C:\project\adjaba-player\app\libs', not found
file or directory 'C:\project\adjaba-player\app\libs', not found
file or directory 'C:\project\adjaba-player\app\libs', not found
file or directory 'C:\project\adjaba-player\app\libs', not found
file or directory 'C:\project\adjaba-player\app\libs', not found
file or directory 'C:\project\adjaba-player\app\libs', not found
file or directory 'C:\project\adjaba-player\app\libs', not found
file or directory 'C:\project\adjaba-player\app\libs', not found
file or directory 'C:\project\adjaba-player\app\libs', not found
file or directory 'C:\project\adjaba-player\app\libs', not found
file or directory 'C:\project\adjaba-player\app\libs', not found
file or directory 'C:\project\adjaba-player\app\libs', not found
file or directory 'C:\project\adjaba-player\app\libs', not found
file or directory 'C:\project\adjaba-player\app\libs', not found
file or directory 'C:\project\adjaba-player\app\libs', not found
file or directory 'C:\project\adjaba-player\app\libs', not found
file or directory 'C:\project\adjaba-player\app\libs', not found
file or directory 'C:\project\adjaba-player\app\libs', not found
file or directory 'C:\project\adjaba-player\app\libs', not found
file or directory 'C:\project\adjaba-player\app\libs', not found
file or directory 'C:\project\adjaba-player\app\libs', not found
file or directory 'C:\project\adjaba-player\app\libs', not found
file or directory 'C:\project\adjaba-player\app\libs', not found
file or directory 'C:\project\adjaba-player\app\libs', not found
file or directory 'C:\project\adjaba-player\app\libs', not found
file or directory 'C:\project\adjaba-player\app\libs', not found
file or directory 'C:\project\adjaba-player\app\libs', not found
file or directory 'C:\project\adjaba-player\app\libs', not found
file or directory 'C:\project\adjaba-player\app\libs', not found
file or directory 'C:\project\adjaba-player\app\libs', not found
file or directory 'C:\project\adjaba-player\app\libs', not found
file or directory 'C:\project\adjaba-player\app\libs', not found
file or directory 'C:\project\adjaba-player\app\libs', not found
file or directory 'C:\project\adjaba-player\app\libs', not found
file or directory 'C:\project\adjaba-player\app\libs', not found
file or directory 'C:\project\adjaba-player\app\libs', not found
file or directory 'C:\project\adjaba-player\app\libs', not found
file or directory 'C:\project\adjaba-player\app\libs', not found
file or directory 'C:\project\adjaba-player\app\libs', not found
file or directory 'C:\project\adjaba-player\app\libs', not found
file or directory 'C:\project\adjaba-player\app\libs', not found
file or directory 'C:\project\adjaba-player\app\libs', not found
file or directory 'C:\project\adjaba-player\app\libs', not found
file or directory 'C:\project\adjaba-player\app\libs', not found
file or directory 'C:\project\adjaba-player\app\libs', not found
file or directory 'C:\project\adjaba-player\app\libs', not found
file or directory 'C:\project\adjaba-player\app\libs', not found
file or directory 'C:\project\adjaba-player\app\libs', not found
file or directory 'C:\project\adjaba-player\app\libs', not found
file or directory 'C:\project\adjaba-player\app\libs', not found
file or directory 'C:\project\adjaba-player\app\libs', not found
file or directory 'C:\project\adjaba-player\app\libs', not found
file or directory 'C:\project\adjaba-player\app\libs', not found
file or directory 'C:\project\adjaba-player\app\libs', not found
file or directory 'C:\project\adjaba-player\app\libs', not found
file or directory 'C:\project\adjaba-player\app\libs', not found
file or directory 'C:\project\adjaba-player\app\libs', not found
file or directory 'C:\project\adjaba-player\app\libs', not found
file or directory 'C:\project\adjaba-player\app\libs', not found
file or directory 'C:\project\adjaba-player\app\libs', not found
file or directory 'C:\project\adjaba-player\app\libs', not found
file or directory 'C:\project\adjaba-player\app\libs', not found
file or directory 'C:\project\adjaba-player\app\libs', not found
file or directory 'C:\project\adjaba-player\app\libs', not found
file or directory 'C:\project\adjaba-player\app\libs', not found
file or directory 'C:\project\adjaba-player\app\libs', not found
file or directory 'C:\project\adjaba-player\app\libs', not found
file or directory 'C:\project\adjaba-player\app\libs', not found
file or directory 'C:\project\adjaba-player\app\libs', not found
file or directory 'C:\project\adjaba-player\app\libs', not found
file or directory 'C:\project\adjaba-player\app\libs', not found
file or directory 'C:\project\adjaba-player\app\libs', not found
file or directory 'C:\project\adjaba-player\app\libs', not found
file or directory 'C:\project\adjaba-player\app\libs', not found
file or directory 'C:\project\adjaba-player\app\libs', not found
file or directory 'C:\project\adjaba-player\app\libs', not found
file or directory 'C:\project\adjaba-player\app\libs', not found
file or directory 'C:\project\adjaba-player\app\libs', not found
file or directory 'C:\project\adjaba-player\app\libs', not found
file or directory 'C:\project\adjaba-player\app\libs', not found
file or directory 'C:\project\adjaba-player\app\libs', not found
file or directory 'C:\project\adjaba-player\app\libs', not found
file or directory 'C:\project\adjaba-player\app\libs', not found
file or directory 'C:\project\adjaba-player\app\libs', not found
file or directory 'C:\project\adjaba-player\app\libs', not found
file or directory 'C:\project\adjaba-player\app\libs', not found
file or directory 'C:\project\adjaba-player\app\libs', not found
file or directory 'C:\project\adjaba-player\app\libs', not found
file or directory 'C:\project\adjaba-player\app\libs', not found
file or directory 'C:\project\adjaba-player\app\libs', not found
file or directory 'C:\project\adjaba-player\app\libs', not found
file or directory 'C:\project\adjaba-player\app\libs', not found
file or directory 'C:\project\adjaba-player\app\libs', not found
file or directory 'C:\project\adjaba-player\app\libs', not found
file or directory 'C:\project\adjaba-player\app\libs', not found
file or directory 'C:\project\adjaba-player\app\libs', not found
file or directory 'C:\project\adjaba-player\app\libs', not found
file or directory 'C:\project\adjaba-player\app\libs', not found
file or directory 'C:\project\adjaba-player\app\libs', not found
file or directory 'C:\project\adjaba-player\app\libs', not found
file or directory 'C:\project\adjaba-player\app\libs', not found
file or directory 'C:\project\adjaba-player\app\libs', not found
Caching disabled for task ':app:mergeExtDexDebug' because:
  Build cache is disabled
Task ':app:mergeExtDexDebug' is not up-to-date because:
  Output property 'outputDir' file C:\project\adjaba-player\app\build\intermediates\dex\debug\mergeExtDexDebug has been removed.
  Output property 'outputDir' file C:\project\adjaba-player\app\build\intermediates\dex\debug\mergeExtDexDebug\classes.dex has been removed.
  Output property 'outputDir' file C:\project\adjaba-player\app\build\intermediates\dex\debug\mergeExtDexDebug\classes2.dex has been removed.
  and more...
The input changes require a full rebuild for incremental task ':app:mergeExtDexDebug'.
file or directory 'C:\project\adjaba-player\app\libs', not found
file or directory 'C:\project\adjaba-player\app\libs', not found
Merging to 'C:\project\adjaba-player\app\build\intermediates\dex\debug\mergeExtDexDebug' with D8 from all or a subset of dex files in C:\Users\User\.gradle\caches\8.12\transforms\b57ac9a71292a294fd6fa53306e1873d\transformed\material-1.13.0-runtime\material-1.13.0-runtime_dex, C:\Users\User\.gradle\caches\8.12\transforms\0addd1551b4791036a75ea3ea9439b54\transformed\constraintlayout-2.1.4-runtime\constraintlayout-2.1.4-runtime_dex, C:\Users\User\.gradle\caches\8.12\transforms\3afb5f2d1369897d4f40a180dff313f9\transformed\jetified-lottie-6.1.0-runtime\jetified-lottie-6.1.0-runtime_dex, C:\Users\User\.gradle\caches\8.12\transforms\11f2aaf3f18d85a0b94166da8b0d2cdf\transformed\jetified-appcompat-resources-1.7.0-runtime\jetified-appcompat-resources-1.7.0-runtime_dex, C:\Users\User\.gradle\caches\8.12\transforms\eebe8c5f63ddb9f2a1d55e38b77b74e1\transformed\appcompat-1.7.0-runtime\appcompat-1.7.0-runtime_dex, C:\Users\User\.gradle\caches\8.12\transforms\21a622e21ca64845888d1c9277ff81aa\transformed\jetified-glide-4.14.2-runtime\jetified-glide-4.14.2-runtime_dex, C:\Users\User\.gradle\caches\8.12\transforms\f4b1ef15742a8270a1bb41e26b6085d8\transformed\jetified-viewpager2-1.0.0-runtime\jetified-viewpager2-1.0.0-runtime_dex, C:\Users\User\.gradle\caches\8.12\transforms\e42c26b152505544625627eb6db4e3b3\transformed\fragment-1.5.4-runtime\fragment-1.5.4-runtime_dex, C:\Users\User\.gradle\caches\8.12\transforms\2083197d5dd14cde38745cbfb938f777\transformed\jetified-activity-1.11.0-runtime\jetified-activity-1.11.0-runtime_dex, C:\Users\User\.gradle\caches\8.12\transforms\bd9b6c460f750b613204729c15adf87d\transformed\jetified-converter-gson-2.9.0\jetified-converter-gson-2.9.0_dex, C:\Users\User\.gradle\caches\8.12\transforms\2cebde5d90be56c52627e52d0a140a99\transformed\jetified-adapter-rxjava-2.9.0\jetified-adapter-rxjava-2.9.0_dex, C:\Users\User\.gradle\caches\8.12\transforms\ff676b6333805e2616046bc5a88c0c75\transformed\jetified-retrofit-2.9.0\jetified-retrofit-2.9.0_dex, C:\Users\User\.gradle\caches\8.12\transforms\3eeeb9d61129c8975d3961d9609b4552\transformed\jetified-logging-interceptor-5.0.0-alpha.3\jetified-logging-interceptor-5.0.0-alpha.3_dex, C:\Users\User\.gradle\caches\8.12\transforms\64af565867a7708e4e605086d7cdb986\transformed\jetified-okhttp-5.0.0-alpha.3\jetified-okhttp-5.0.0-alpha.3_dex, C:\Users\User\.gradle\caches\8.12\transforms\52aa3bd4bc63a2c68c45980043b70a9e\transformed\work-runtime-2.9.0-runtime\work-runtime-2.9.0-runtime_dex, C:\Users\User\.gradle\caches\8.12\transforms\40e88703e64714e12954b4529c28843d\transformed\room-common-2.6.1\room-common-2.6.1_dex, C:\Users\User\.gradle\caches\8.12\transforms\72e750d2b68b46d40ecc894042d7b9ea\transformed\jetified-room-ktx-2.6.1-runtime\jetified-room-ktx-2.6.1-runtime_dex, C:\Users\User\.gradle\caches\8.12\transforms\9be225f2aef9683611b49cd386bd4196\transformed\room-runtime-2.6.1-runtime\room-runtime-2.6.1-runtime_dex, C:\Users\User\.gradle\caches\8.12\transforms\93f839b727d76d2b76a5f4be0a4c80c2\transformed\room-rxjava2-2.6.1-runtime\room-rxjava2-2.6.1-runtime_dex, C:\Users\User\.gradle\caches\8.12\transforms\3a4df3cd39866271e286dc9f3dd39081\transformed\coordinatorlayout-1.1.0-runtime\coordinatorlayout-1.1.0-runtime_dex, C:\Users\User\.gradle\caches\8.12\transforms\c5532a1bb352afdd6ff1482911b2dd64\transformed\drawerlayout-1.1.1-runtime\drawerlayout-1.1.1-runtime_dex, C:\Users\User\.gradle\caches\8.12\transforms\a318c6f3bdce59c626555a79fc9d26c1\transformed\transition-1.5.0-runtime\transition-1.5.0-runtime_dex, C:\Users\User\.gradle\caches\8.12\transforms\2a92f943e2c5d9f79199f5217af9dd0f\transformed\dynamicanimation-1.1.0-runtime\dynamicanimation-1.1.0-runtime_dex, C:\Users\User\.gradle\caches\8.12\transforms\fd47e397d085428aaa24bfc4713b02d3\transformed\vectordrawable-animated-1.1.0-runtime\vectordrawable-animated-1.1.0-runtime_dex, C:\Users\User\.gradle\caches\8.12\transforms\10fbc2cbade2b507306ea4026647fed3\transformed\vectordrawable-1.1.0-runtime\vectordrawable-1.1.0-runtime_dex, C:\Users\User\.gradle\caches\8.12\transforms\11637690b5382a052aa990d35d5f8eaf\transformed\jetified-exoplayer-2.19.1-runtime\jetified-exoplayer-2.19.1-runtime_dex, C:\Users\User\.gradle\caches\8.12\transforms\211d20293b59319d5c3e27bd52184a48\transformed\jetified-exoplayer-dash-2.19.1-runtime\jetified-exoplayer-dash-2.19.1-runtime_dex, C:\Users\User\.gradle\caches\8.12\transforms\62e971e779c8b1abeab1d66a4f10c9b5\transformed\jetified-exoplayer-hls-2.19.1-runtime\jetified-exoplayer-hls-2.19.1-runtime_dex, C:\Users\User\.gradle\caches\8.12\transforms\90b67b5242aed4c963eb2c4d1d346b07\transformed\jetified-exoplayer-rtsp-2.19.1-runtime\jetified-exoplayer-rtsp-2.19.1-runtime_dex, C:\Users\User\.gradle\caches\8.12\transforms\fe50fce57e99244deb1a7950f6bffe7a\transformed\jetified-exoplayer-smoothstreaming-2.19.1-runtime\jetified-exoplayer-smoothstreaming-2.19.1-runtime_dex, C:\Users\User\.gradle\caches\8.12\transforms\3a25bd5dcfa832d4801d6148d8a62429\transformed\jetified-exoplayer-core-2.19.1-runtime\jetified-exoplayer-core-2.19.1-runtime_dex, C:\Users\User\.gradle\caches\8.12\transforms\356e66d5ab09ae8de40a9150d8f052ba\transformed\jetified-exoplayer-ui-2.19.1-runtime\jetified-exoplayer-ui-2.19.1-runtime_dex, C:\Users\User\.gradle\caches\8.12\transforms\c8c024af597b1727cd843cdcb3e312ae\transformed\recyclerview-1.3.0-runtime\recyclerview-1.3.0-runtime_dex, C:\Users\User\.gradle\caches\8.12\transforms\d31cbe8933a51a3e7f484e704ced0f31\transformed\media-1.6.0-runtime\media-1.6.0-runtime_dex, C:\Users\User\.gradle\caches\8.12\transforms\c12c40beac33192adb4f3460f6a63eb2\transformed\jetified-emoji2-views-helper-1.3.0-runtime\jetified-emoji2-views-helper-1.3.0-runtime_dex, C:\Users\User\.gradle\caches\8.12\transforms\aca54cccb3b5df7a15668859ad888981\transformed\jetified-emoji2-1.3.0-runtime\jetified-emoji2-1.3.0-runtime_dex, C:\Users\User\.gradle\caches\8.12\transforms\c8646c4a001df6687c1753c4d0ac1b6e\transformed\viewpager-1.0.0-runtime\viewpager-1.0.0-runtime_dex, C:\Users\User\.gradle\caches\8.12\transforms\920d14287fa07f70fef8632c85756add\transformed\customview-1.1.0-runtime\customview-1.1.0-runtime_dex, C:\Users\User\.gradle\caches\8.12\transforms\07a975552f22f17b4c3a53de038bc467\transformed\loader-1.0.0-runtime\loader-1.0.0-runtime_dex, C:\Users\User\.gradle\caches\8.12\transforms\2676b200cfee8f81f702da9cca09656e\transformed\core-1.13.0-runtime\core-1.13.0-runtime_dex, C:\Users\User\.gradle\caches\8.12\transforms\3a913e654c367acda4c38c5a2315e9c1\transformed\jetified-graphics-shapes-release-runtime\jetified-graphics-shapes-release-runtime_dex, C:\Users\User\.gradle\caches\8.12\transforms\433723f1802ab2bbdc12238f2109cb7f\transformed\jetified-customview-poolingcontainer-1.0.0-runtime\jetified-customview-poolingcontainer-1.0.0-runtime_dex, C:\Users\User\.gradle\caches\8.12\transforms\1cc2b104f3af7ffe5a1c4e34f2d733d0\transformed\jetified-savedstate-1.2.1-runtime\jetified-savedstate-1.2.1-runtime_dex, C:\Users\User\.gradle\caches\8.12\transforms\f283a6418a2c2adf8457a166a7f3d557\transformed\lifecycle-viewmodel-2.6.2-runtime\lifecycle-viewmodel-2.6.2-runtime_dex, C:\Users\User\.gradle\caches\8.12\transforms\6ae80a55db7ef90ebb26df99c29628af\transformed\jetified-lifecycle-service-2.6.2-runtime\jetified-lifecycle-service-2.6.2-runtime_dex, C:\Users\User\.gradle\caches\8.12\transforms\9796b59250d4b3c8818e44403883c808\transformed\jetified-lifecycle-process-2.6.2-runtime\jetified-lifecycle-process-2.6.2-runtime_dex, C:\Users\User\.gradle\caches\8.12\transforms\896ae9ff8617a4753bf9f815e83261bd\transformed\lifecycle-livedata-core-2.6.2-runtime\lifecycle-livedata-core-2.6.2-runtime_dex, C:\Users\User\.gradle\caches\8.12\transforms\be7d4f45df66f3cd4d692afa4cd40480\transformed\lifecycle-livedata-2.6.2-runtime\lifecycle-livedata-2.6.2-runtime_dex, C:\Users\User\.gradle\caches\8.12\transforms\ccb28e7e4f07c4ae6e0d969cb11075e7\transformed\lifecycle-common-2.6.2\lifecycle-common-2.6.2_dex, C:\Users\User\.gradle\caches\8.12\transforms\7df3fcb492dab3e3b8d0ede69a495a4f\transformed\lifecycle-runtime-2.6.2-runtime\lifecycle-runtime-2.6.2-runtime_dex, C:\Users\User\.gradle\caches\8.12\transforms\7fca44ddfb4282a8261ff74125dbde9e\transformed\jetified-lifecycle-viewmodel-savedstate-2.6.2-runtime\jetified-lifecycle-viewmodel-savedstate-2.6.2-runtime_dex, C:\Users\User\.gradle\caches\8.12\transforms\e0725a7f85385c176720a1ccb41f1b8d\transformed\jetified-core-ktx-1.13.0-runtime\jetified-core-ktx-1.13.0-runtime_dex, C:\Users\User\.gradle\caches\8.12\transforms\e5f6d60d417b6619c1f6fc9b30da79db\transformed\jetified-core-viewtree-1.0.0-runtime\jetified-core-viewtree-1.0.0-runtime_dex, C:\Users\User\.gradle\caches\8.12\transforms\dba6d1f726dbc003baa7e508aabef3fa\transformed\sqlite-framework-2.4.0-runtime\sqlite-framework-2.4.0-runtime_dex, C:\Users\User\.gradle\caches\8.12\transforms\65878835e3805a380a109922ef8dcdf8\transformed\sqlite-2.4.0-runtime\sqlite-2.4.0-runtime_dex, C:\Users\User\.gradle\caches\8.12\transforms\55c1b276b0ecff2d2ec224db7a25e877\transformed\jetified-kotlinx-coroutines-android-1.7.3\jetified-kotlinx-coroutines-android-1.7.3_dex, C:\Users\User\.gradle\caches\8.12\transforms\53a39c0448aa057d6dee3cc621e218d5\transformed\jetified-kotlinx-coroutines-core-jvm-1.7.3\jetified-kotlinx-coroutines-core-jvm-1.7.3_dex, C:\Users\User\.gradle\caches\8.12\transforms\3a556dfafcfd83f57e8d14ab752e6ecd\transformed\jetified-okio-jvm-3.0.0\jetified-okio-jvm-3.0.0_dex, C:\Users\User\.gradle\caches\8.12\transforms\bb9b8027d775dffa4e1d8755bb212cde\transformed\jetified-shimmer-0.5.0-runtime\jetified-shimmer-0.5.0-runtime_dex, C:\Users\User\.gradle\caches\8.12\transforms\77b3d42e02039e8f8988bb6c8911c5d3\transformed\jetified-security-crypto-1.1.0-alpha06-runtime\jetified-security-crypto-1.1.0-alpha06-runtime_dex, C:\Users\User\.gradle\caches\8.12\transforms\b363ce0aa0e1ef6557aac1b4aa8b9f51\transformed\cardview-1.0.0-runtime\cardview-1.0.0-runtime_dex, C:\Users\User\.gradle\caches\8.12\transforms\9f63b3326e2ef60445008de1b3114ce0\transformed\jetified-resourceinspection-annotation-1.0.1\jetified-resourceinspection-annotation-1.0.1_dex, C:\Users\User\.gradle\caches\8.12\transforms\df28d23a8f819a17a08787c75f10ace5\transformed\jetified-profileinstaller-1.4.0-runtime\jetified-profileinstaller-1.4.0-runtime_dex, C:\Users\User\.gradle\caches\8.12\transforms\7cb2b9b13ccc4ea7a20238b78dbc090d\transformed\jetified-startup-runtime-1.1.1-runtime\jetified-startup-runtime-1.1.1-runtime_dex, C:\Users\User\.gradle\caches\8.12\transforms\33fb3bd8bdf6e1165df7b40c170f02dc\transformed\jetified-tracing-1.0.0-runtime\jetified-tracing-1.0.0-runtime_dex, C:\Users\User\.gradle\caches\8.12\transforms\fdffb6a2e5948ceacb033becaf8efaca\transformed\core-runtime-2.2.0-runtime\core-runtime-2.2.0-runtime_dex, C:\Users\User\.gradle\caches\8.12\transforms\03ad884ea60c361949534a9fd7b33fc9\transformed\jetified-exoplayer-datasource-2.19.1-runtime\jetified-exoplayer-datasource-2.19.1-runtime_dex, C:\Users\User\.gradle\caches\8.12\transforms\f62787b2bee0c450c91e2c9d1d9fa1d4\transformed\jetified-exoplayer-database-2.19.1-runtime\jetified-exoplayer-database-2.19.1-runtime_dex, C:\Users\User\.gradle\caches\8.12\transforms\325e6f080a7c4d3d696255f5bdb38fa7\transformed\jetified-exoplayer-extractor-2.19.1-runtime\jetified-exoplayer-extractor-2.19.1-runtime_dex, C:\Users\User\.gradle\caches\8.12\transforms\6ff7c18ebc7a33d701af1919ab942e34\transformed\jetified-exoplayer-decoder-2.19.1-runtime\jetified-exoplayer-decoder-2.19.1-runtime_dex, C:\Users\User\.gradle\caches\8.12\transforms\2cddecc765a81c82b053f4addb13d395\transformed\jetified-exoplayer-container-2.19.1-runtime\jetified-exoplayer-container-2.19.1-runtime_dex, C:\Users\User\.gradle\caches\8.12\transforms\3825d56921a973cc652240c87194b966\transformed\jetified-exoplayer-common-2.19.1-runtime\jetified-exoplayer-common-2.19.1-runtime_dex, C:\Users\User\.gradle\caches\8.12\transforms\c7b66cc81dd2631cef4cf67ce3edc355\transformed\jetified-gifdecoder-4.14.2-runtime\jetified-gifdecoder-4.14.2-runtime_dex, C:\Users\User\.gradle\caches\8.12\transforms\e1451d629d88f0f40512357d8def021c\transformed\exifinterface-1.3.3-runtime\exifinterface-1.3.3-runtime_dex, C:\Users\User\.gradle\caches\8.12\transforms\fc038b6472c78fe6997f5eb0ede2591c\transformed\cursoradapter-1.0.0-runtime\cursoradapter-1.0.0-runtime_dex, C:\Users\User\.gradle\caches\8.12\transforms\0b97cbbcf24cfe0cbb2ab30efacdd49f\transformed\core-common-2.2.0\core-common-2.2.0_dex, C:\Users\User\.gradle\caches\8.12\transforms\fd5de2a526e936f884fcfba1a05f0711\transformed\jetified-concurrent-futures-1.1.0\jetified-concurrent-futures-1.1.0_dex, C:\Users\User\.gradle\caches\8.12\transforms\0f66ff7c2f4330fb70645f0b1f43f7b7\transformed\interpolator-1.0.0-runtime\interpolator-1.0.0-runtime_dex, C:\Users\User\.gradle\caches\8.12\transforms\81f467247d62256bd27d39940581937c\transformed\versionedparcelable-1.1.1-runtime\versionedparcelable-1.1.1-runtime_dex, C:\Users\User\.gradle\caches\8.12\transforms\073b400eabeae3c21b66b343ae6340cc\transformed\jetified-collection-jvm-1.4.2\jetified-collection-jvm-1.4.2_dex, C:\Users\User\.gradle\caches\8.12\transforms\8cf3aed30af3ae478b0c05bbf9675a62\transformed\jetified-annotation-jvm-1.8.1\jetified-annotation-jvm-1.8.1_dex, C:\Users\User\.gradle\caches\8.12\transforms\e9f9f1038a9baac3e892877fdbe63966\transformed\jetified-annotation-experimental-1.4.1-runtime\jetified-annotation-experimental-1.4.1-runtime_dex, C:\Users\User\.gradle\caches\8.12\transforms\bdf5c5c941d90c99193056fe6018eec6\transformed\jetified-kotlin-stdlib-2.0.21\jetified-kotlin-stdlib-2.0.21_dex, C:\Users\User\.gradle\caches\8.12\transforms\59a72045449870671c6ac9635dcd5744\transformed\multidex-2.0.1-runtime\multidex-2.0.1-runtime_dex, C:\Users\User\.gradle\caches\8.12\transforms\dbb7271f363e31e020474e66f8ed0d53\transformed\jetified-tink-android-1.8.0\jetified-tink-android-1.8.0_dex, C:\Users\User\.gradle\caches\8.12\transforms\b0718abc0671c3ee4db23d681a0c6d52\transformed\jetified-gson-2.10\jetified-gson-2.10_dex, C:\Users\User\.gradle\caches\8.12\transforms\1c5548c5d564e369bca37a78c7caf1a4\transformed\jetified-rxandroid-2.1.1-runtime\jetified-rxandroid-2.1.1-runtime_dex, C:\Users\User\.gradle\caches\8.12\transforms\87e56881de20c52fb5f6523581870f98\transformed\jetified-rxjava-2.2.21\jetified-rxjava-2.2.21_dex, C:\Users\User\.gradle\caches\8.12\transforms\2a7b00c462641c9febbece463ec59ef2\transformed\jetified-QRGenerator-1.0.1-runtime\jetified-QRGenerator-1.0.1-runtime_dex, C:\Users\User\.gradle\caches\8.12\transforms\ebd8e48730e5444ffeb742945899e4c0\transformed\jetified-core-3.5.1\jetified-core-3.5.1_dex, C:\Users\User\.gradle\caches\8.12\transforms\0ac27aa4f1f4bf938b5fdf94f7b40fb2\transformed\jetified-annotations-23.0.0\jetified-annotations-23.0.0_dex, C:\Users\User\.gradle\caches\8.12\transforms\93a26a4065e9eb8b7747b8a86cac41f2\transformed\jetified-error_prone_annotations-2.15.0\jetified-error_prone_annotations-2.15.0_dex, C:\Users\User\.gradle\caches\8.12\transforms\68b7ec88787c063c946984e58a3bc9d8\transformed\jetified-constraintlayout-core-1.0.4\jetified-constraintlayout-core-1.0.4_dex, C:\Users\User\.gradle\caches\8.12\transforms\01cbd7291bf0448e0241a3d6a58515ab\transformed\jetified-rxjava-1.3.8\jetified-rxjava-1.3.8_dex, C:\Users\User\.gradle\caches\8.12\transforms\97f685979e9a70a5783381a6d6339ad4\transformed\jetified-reactive-streams-1.0.3\jetified-reactive-streams-1.0.3_dex, C:\Users\User\.gradle\caches\8.12\transforms\ab025a06b214b07743db9d8909750298\transformed\jetified-disklrucache-4.14.2\jetified-disklrucache-4.14.2_dex, C:\Users\User\.gradle\caches\8.12\transforms\602e4fe0819ecbdfff92aba9caeffe2d\transformed\jetified-annotations-4.14.2\jetified-annotations-4.14.2_dex, C:\Users\User\.gradle\caches\8.12\transforms\4272ee5a571dae97df45a45b5c2dcfac\transformed\jetified-guava-31.1-android\jetified-guava-31.1-android_dex, C:\Users\User\.gradle\caches\8.12\transforms\d3ce7e9c734b3afcdc96cfeced037612\transformed\jetified-jspecify-1.0.0\jetified-jspecify-1.0.0_dex, C:\Users\User\.gradle\caches\8.12\transforms\bb049b9993e0e325d0aeb6b94b82f31f\transformed\jetified-failureaccess-1.0.1\jetified-failureaccess-1.0.1_dex, and from all global synthetics files in 

> Task :app:buildKotlinToolingMetadata
Caching disabled for task ':app:buildKotlinToolingMetadata' because:
  Build cache is disabled
  Caching has been disabled for the task
Task ':app:buildKotlinToolingMetadata' is not up-to-date because:
  Output property 'outputDirectory' file C:\project\adjaba-player\app\build\kotlinToolingMetadata has been removed.
  Output property 'outputDirectory' file C:\project\adjaba-player\app\build\kotlinToolingMetadata\kotlin-tooling-metadata.json has been removed.
Resolve mutations for :app:checkReleaseDuplicateClasses (Thread[#101,Execution worker Thread 2,5,main]) started.
:app:checkReleaseDuplicateClasses (Thread[#101,Execution worker Thread 2,5,main]) started.
Resolve mutations for :app:generateReleaseBuildConfig (Thread[#107,Execution worker Thread 8,5,main]) started.
:app:generateReleaseBuildConfig (Thread[#107,Execution worker Thread 8,5,main]) started.

> Task :app:generateReleaseBuildConfig
Caching disabled for task ':app:generateReleaseBuildConfig' because:
  Build cache is disabled
Task ':app:generateReleaseBuildConfig' is not up-to-date because:
  Output property 'sourceOutputDir' file C:\project\adjaba-player\app\build\generated\source\buildConfig\release has been removed.
  Output property 'sourceOutputDir' file C:\project\adjaba-player\app\build\generated\source\buildConfig\release\com has been removed.
  Output property 'sourceOutputDir' file C:\project\adjaba-player\app\build\generated\source\buildConfig\release\com\adjaba has been removed.
  and more...
Resolve mutations for :app:checkReleaseAarMetadata (Thread[#102,Execution worker Thread 3,5,main]) started.
:app:checkReleaseAarMetadata (Thread[#102,Execution worker Thread 3,5,main]) started.
Resolve mutations for :app:generateReleaseResValues (Thread[#107,Execution worker Thread 8,5,main]) started.
:app:generateReleaseResValues (Thread[#107,Execution worker Thread 8,5,main]) started.

> Task :app:generateReleaseResValues
Caching disabled for task ':app:generateReleaseResValues' because:
  Build cache is disabled
Task ':app:generateReleaseResValues' is not up-to-date because:
  Output property 'outputDirectory' file C:\project\adjaba-player\app\build\generated\res\resValues\release has been removed.
Resolve mutations for :app:injectCrashlyticsMappingFileIdRelease (Thread[#107,Execution worker Thread 8,5,main]) started.
:app:injectCrashlyticsMappingFileIdRelease (Thread[#103,Execution worker Thread 4,5,main]) started.

> Task :app:injectCrashlyticsMappingFileIdRelease
Caching disabled for task ':app:injectCrashlyticsMappingFileIdRelease' because:
  Build cache is disabled
  Caching has not been enabled for the task
Task ':app:injectCrashlyticsMappingFileIdRelease' is not up-to-date because:
  Task.upToDateWhen is false.
Resolve mutations for :app:processReleaseGoogleServices (Thread[#103,Execution worker Thread 4,5,main]) started.
:app:processReleaseGoogleServices (Thread[#103,Execution worker Thread 4,5,main]) started.

> Task :app:checkReleaseAarMetadata
file or directory 'C:\project\adjaba-player\app\libs', not found
file or directory 'C:\project\adjaba-player\app\libs', not found
file or directory 'C:\project\adjaba-player\app\libs', not found
file or directory 'C:\project\adjaba-player\app\libs', not found
Caching disabled for task ':app:checkReleaseAarMetadata' because:
  Build cache is disabled
  Caching has been disabled for the task
Task ':app:checkReleaseAarMetadata' is not up-to-date because:
  Output property 'dummyOutputDirectory' file C:\project\adjaba-player\app\build\intermediates\aar_metadata_check\release\checkReleaseAarMetadata has been removed.
file or directory 'C:\project\adjaba-player\app\libs', not found
file or directory 'C:\project\adjaba-player\app\libs', not found

> Task :app:processReleaseGoogleServices
Caching disabled for task ':app:processReleaseGoogleServices' because:
  Build cache is disabled
Task ':app:processReleaseGoogleServices' is not up-to-date because:
  Output property 'outputDirectory' file C:\project\adjaba-player\app\build\generated\res\processReleaseGoogleServices has been removed.
  Output property 'outputDirectory' file C:\project\adjaba-player\app\build\generated\res\processReleaseGoogleServices\values has been removed.
  Output property 'outputDirectory' file C:\project\adjaba-player\app\build\generated\res\processReleaseGoogleServices\values\values.xml has been removed.
Parsing json file: C:\project\adjaba-player\app\google-services.json
Resolve mutations for :app:mapReleaseSourceSetPaths (Thread[#102,Execution worker Thread 3,5,main]) started.
:app:mapReleaseSourceSetPaths (Thread[#104,Execution worker Thread 5,5,main]) started.

> Task :app:checkReleaseDuplicateClasses
file or directory 'C:\project\adjaba-player\app\libs', not found
file or directory 'C:\project\adjaba-player\app\libs', not found
Caching disabled for task ':app:checkReleaseDuplicateClasses' because:
  Build cache is disabled
  Caching has been disabled for the task
Task ':app:checkReleaseDuplicateClasses' is not up-to-date because:
  Output property 'dummyOutputDirectory' file C:\project\adjaba-player\app\build\intermediates\duplicate_classes_check\release\checkReleaseDuplicateClasses has been removed.
file or directory 'C:\project\adjaba-player\app\libs', not found

> Task :app:mapReleaseSourceSetPaths
file or directory 'C:\project\adjaba-player\app\libs', not found
Caching disabled for task ':app:mapReleaseSourceSetPaths' because:
  Build cache is disabled
  Caching has been disabled for the task
Task ':app:mapReleaseSourceSetPaths' is not up-to-date because:
  Output property 'filepathMappingFile' file C:\project\adjaba-player\app\build\intermediates\source_set_path_map\release\mapReleaseSourceSetPaths\file-map.txt has been removed.
Resolve mutations for :app:generateReleaseResources (Thread[#101,Execution worker Thread 2,5,main]) started.
:app:generateReleaseResources (Thread[#100,Execution worker,5,main]) started.

> Task :app:generateReleaseResources
Caching disabled for task ':app:generateReleaseResources' because:
  Build cache is disabled
Task ':app:generateReleaseResources' is not up-to-date because:
  Output property 'validationReportFile' file C:\project\adjaba-player\app\build\intermediates\nested_resources_validation_report\release\generateReleaseResources\nestedResourcesValidationReport.txt has been removed.
Resolve mutations for :app:mergeReleaseResources (Thread[#100,Execution worker,5,main]) started.
:app:mergeReleaseResources (Thread[#100,Execution worker,5,main]) started.

> Task :app:mergeReleaseResources
file or directory 'C:\project\adjaba-player\app\libs', not found
Caching disabled for task ':app:mergeReleaseResources' because:
  Build cache is disabled
Task ':app:mergeReleaseResources' is not up-to-date because:
  Output property 'blameLogOutputFolder' file C:\project\adjaba-player\app\build\intermediates\merged_res_blame_folder\release\mergeReleaseResources\out has been removed.
  Output property 'blameLogOutputFolder' file C:\project\adjaba-player\app\build\intermediates\merged_res_blame_folder\release\mergeReleaseResources\out\multi-v2 has been removed.
  Output property 'blameLogOutputFolder' file C:\project\adjaba-player\app\build\intermediates\merged_res_blame_folder\release\mergeReleaseResources\out\multi-v2\mergeReleaseResources.json has been removed.
  and more...
The input changes require a full rebuild for incremental task ':app:mergeReleaseResources'.
[MergeResources] Inputs are non-incremental full task action.
file or directory 'C:\project\adjaba-player\app\libs', not found

> Task :app:processDebugResources
Aapt output file C:\project\adjaba-player\app\build\intermediates\linked_resources_binary_format\debug\processDebugResources\linked-resources-binary-format-debug.ap_

> Task :app:mergeReleaseResources
Compiling XML table C:\project\adjaba-player\app\build\intermediates\incremental\release\mergeReleaseResources\merged.dir\values-hi\values-hi.xml to C:\project\adjaba-player\app\build\intermediates\merged_res\release\mergeReleaseResources\values-hi_values-hi.arsc.flat
Compiling XML table C:\project\adjaba-player\app\build\intermediates\incremental\release\mergeReleaseResources\merged.dir\values-pt\values-pt.xml to C:\project\adjaba-player\app\build\intermediates\merged_res\release\mergeReleaseResources\values-pt_values-pt.arsc.flat
Compiling XML table C:\project\adjaba-player\app\build\intermediates\incremental\release\mergeReleaseResources\merged.dir\values-watch-v21\values-watch-v21.xml to C:\project\adjaba-player\app\build\intermediates\merged_res\release\mergeReleaseResources\values-watch-v21_values-watch-v21.arsc.flat
Compiling XML table C:\project\adjaba-player\app\build\intermediates\incremental\release\mergeReleaseResources\merged.dir\values-w360dp-port-v13\values-w360dp-port-v13.xml to C:\project\adjaba-player\app\build\intermediates\merged_res\release\mergeReleaseResources\values-w360dp-port-v13_values-w360dp-port-v13.arsc.flat
Compiling XML table C:\project\adjaba-player\app\build\intermediates\incremental\release\mergeReleaseResources\merged.dir\values\values.xml to C:\project\adjaba-player\app\build\intermediates\merged_res\release\mergeReleaseResources\values_values.arsc.flat
Compiling XML table C:\project\adjaba-player\app\build\intermediates\incremental\release\mergeReleaseResources\merged.dir\values-watch-v20\values-watch-v20.xml to C:\project\adjaba-player\app\build\intermediates\merged_res\release\mergeReleaseResources\values-watch-v20_values-watch-v20.arsc.flat
Compiling XML table C:\project\adjaba-player\app\build\intermediates\incremental\release\mergeReleaseResources\merged.dir\values-af\values-af.xml to C:\project\adjaba-player\app\build\intermediates\merged_res\release\mergeReleaseResources\values-af_values-af.arsc.flat
Compiling XML table C:\project\adjaba-player\app\build\intermediates\incremental\release\mergeReleaseResources\merged.dir\values-v21\values-v21.xml to C:\project\adjaba-player\app\build\intermediates\merged_res\release\mergeReleaseResources\values-v21_values-v21.arsc.flat
Compiling XML table C:\project\adjaba-player\app\build\intermediates\incremental\release\mergeReleaseResources\merged.dir\values-ldltr-v21\values-ldltr-v21.xml to C:\project\adjaba-player\app\build\intermediates\merged_res\release\mergeReleaseResources\values-ldltr-v21_values-ldltr-v21.arsc.flat
Compiling XML table C:\project\adjaba-player\app\build\intermediates\incremental\release\mergeReleaseResources\merged.dir\values-in\values-in.xml to C:\project\adjaba-player\app\build\intermediates\merged_res\release\mergeReleaseResources\values-in_values-in.arsc.flat
Compiling XML table C:\project\adjaba-player\app\build\intermediates\incremental\release\mergeReleaseResources\merged.dir\values-as\values-as.xml to C:\project\adjaba-player\app\build\intermediates\merged_res\release\mergeReleaseResources\values-as_values-as.arsc.flat
Compiling XML table C:\project\adjaba-player\app\build\intermediates\incremental\release\mergeReleaseResources\merged.dir\values-hr\values-hr.xml to C:\project\adjaba-player\app\build\intermediates\merged_res\release\mergeReleaseResources\values-hr_values-hr.arsc.flat
Compiling XML table C:\project\adjaba-player\app\build\intermediates\incremental\release\mergeReleaseResources\merged.dir\values-v26\values-v26.xml to C:\project\adjaba-player\app\build\intermediates\merged_res\release\mergeReleaseResources\values-v26_values-v26.arsc.flat
Compiling XML table C:\project\adjaba-player\app\build\intermediates\incremental\release\mergeReleaseResources\merged.dir\values-es-rUS\values-es-rUS.xml to C:\project\adjaba-player\app\build\intermediates\merged_res\release\mergeReleaseResources\values-es-rUS_values-es-rUS.arsc.flat
Compiling XML table C:\project\adjaba-player\app\build\intermediates\incremental\release\mergeReleaseResources\merged.dir\values-ka\values-ka.xml to C:\project\adjaba-player\app\build\intermediates\merged_res\release\mergeReleaseResources\values-ka_values-ka.arsc.flat
Compiling XML table C:\project\adjaba-player\app\build\intermediates\incremental\release\mergeReleaseResources\merged.dir\values-hu\values-hu.xml to C:\project\adjaba-player\app\build\intermediates\merged_res\release\mergeReleaseResources\values-hu_values-hu.arsc.flat
Compiling XML table C:\project\adjaba-player\app\build\intermediates\incremental\release\mergeReleaseResources\merged.dir\values-v23\values-v23.xml to C:\project\adjaba-player\app\build\intermediates\merged_res\release\mergeReleaseResources\values-v23_values-v23.arsc.flat
Compiling XML table C:\project\adjaba-player\app\build\intermediates\incremental\release\mergeReleaseResources\merged.dir\values-w320dp-land-v13\values-w320dp-land-v13.xml to C:\project\adjaba-player\app\build\intermediates\merged_res\release\mergeReleaseResources\values-w320dp-land-v13_values-w320dp-land-v13.arsc.flat
Compiling XML table C:\project\adjaba-player\app\build\intermediates\incremental\release\mergeReleaseResources\merged.dir\values-h480dp-land-v13\values-h480dp-land-v13.xml to C:\project\adjaba-player\app\build\intermediates\merged_res\release\mergeReleaseResources\values-h480dp-land-v13_values-h480dp-land-v13.arsc.flat
Compiling XML table C:\project\adjaba-player\app\build\intermediates\incremental\release\mergeReleaseResources\merged.dir\values-ja\values-ja.xml to C:\project\adjaba-player\app\build\intermediates\merged_res\release\mergeReleaseResources\values-ja_values-ja.arsc.flat
Compiling XML table C:\project\adjaba-player\app\build\intermediates\incremental\release\mergeReleaseResources\merged.dir\values-ro\values-ro.xml to C:\project\adjaba-player\app\build\intermediates\merged_res\release\mergeReleaseResources\values-ro_values-ro.arsc.flat
Compiling XML table C:\project\adjaba-player\app\build\intermediates\incremental\release\mergeReleaseResources\merged.dir\values-hy\values-hy.xml to C:\project\adjaba-player\app\build\intermediates\merged_res\release\mergeReleaseResources\values-hy_values-hy.arsc.flat
Compiling XML table C:\project\adjaba-player\app\build\intermediates\incremental\release\mergeReleaseResources\merged.dir\values-zh-rHK\values-zh-rHK.xml to C:\project\adjaba-player\app\build\intermediates\merged_res\release\mergeReleaseResources\values-zh-rHK_values-zh-rHK.arsc.flat
Compiling XML table C:\project\adjaba-player\app\build\intermediates\incremental\release\mergeReleaseResources\merged.dir\values-sv\values-sv.xml to C:\project\adjaba-player\app\build\intermediates\merged_res\release\mergeReleaseResources\values-sv_values-sv.arsc.flat
Compiling XML table C:\project\adjaba-player\app\build\intermediates\incremental\release\mergeReleaseResources\merged.dir\values-v34\values-v34.xml to C:\project\adjaba-player\app\build\intermediates\merged_res\release\mergeReleaseResources\values-v34_values-v34.arsc.flat
Compiling XML table C:\project\adjaba-player\app\build\intermediates\incremental\release\mergeReleaseResources\merged.dir\values-v28\values-v28.xml to C:\project\adjaba-player\app\build\intermediates\merged_res\release\mergeReleaseResources\values-v28_values-v28.arsc.flat
Compiling XML table C:\project\adjaba-player\app\build\intermediates\incremental\release\mergeReleaseResources\merged.dir\values-sw600dp-v13\values-sw600dp-v13.xml to C:\project\adjaba-player\app\build\intermediates\merged_res\release\mergeReleaseResources\values-sw600dp-v13_values-sw600dp-v13.arsc.flat
Compiling XML table C:\project\adjaba-player\app\build\intermediates\incremental\release\mergeReleaseResources\merged.dir\values-h320dp-port-v13\values-h320dp-port-v13.xml to C:\project\adjaba-player\app\build\intermediates\merged_res\release\mergeReleaseResources\values-h320dp-port-v13_values-h320dp-port-v13.arsc.flat
Compiling XML table C:\project\adjaba-player\app\build\intermediates\incremental\release\mergeReleaseResources\merged.dir\values-si\values-si.xml to C:\project\adjaba-player\app\build\intermediates\merged_res\release\mergeReleaseResources\values-si_values-si.arsc.flat
Compiling XML table C:\project\adjaba-player\app\build\intermediates\incremental\release\mergeReleaseResources\merged.dir\values-sk\values-sk.xml to C:\project\adjaba-player\app\build\intermediates\merged_res\release\mergeReleaseResources\values-sk_values-sk.arsc.flat
Compiling XML table C:\project\adjaba-player\app\build\intermediates\incremental\release\mergeReleaseResources\merged.dir\values-h480dp-v13\values-h480dp-v13.xml to C:\project\adjaba-player\app\build\intermediates\merged_res\release\mergeReleaseResources\values-h480dp-v13_values-h480dp-v13.arsc.flat
Compiling XML table C:\project\adjaba-player\app\build\intermediates\incremental\release\mergeReleaseResources\merged.dir\values-sw\values-sw.xml to C:\project\adjaba-player\app\build\intermediates\merged_res\release\mergeReleaseResources\values-sw_values-sw.arsc.flat
Compiling XML table C:\project\adjaba-player\app\build\intermediates\incremental\release\mergeReleaseResources\merged.dir\values-is\values-is.xml to C:\project\adjaba-player\app\build\intermediates\merged_res\release\mergeReleaseResources\values-is_values-is.arsc.flat
Compiling XML table C:\project\adjaba-player\app\build\intermediates\incremental\release\mergeReleaseResources\merged.dir\values-it\values-it.xml to C:\project\adjaba-player\app\build\intermediates\merged_res\release\mergeReleaseResources\values-it_values-it.arsc.flat
Compiling XML table C:\project\adjaba-player\app\build\intermediates\incremental\release\mergeReleaseResources\merged.dir\values-sl\values-sl.xml to C:\project\adjaba-player\app\build\intermediates\merged_res\release\mergeReleaseResources\values-sl_values-sl.arsc.flat
Compiling XML table C:\project\adjaba-player\app\build\intermediates\incremental\release\mergeReleaseResources\merged.dir\values-da\values-da.xml to C:\project\adjaba-player\app\build\intermediates\merged_res\release\mergeReleaseResources\values-da_values-da.arsc.flat
Compiling XML table C:\project\adjaba-player\app\build\intermediates\incremental\release\mergeReleaseResources\merged.dir\values-am\values-am.xml to C:\project\adjaba-player\app\build\intermediates\merged_res\release\mergeReleaseResources\values-am_values-am.arsc.flat
Compiling XML table C:\project\adjaba-player\app\build\intermediates\incremental\release\mergeReleaseResources\merged.dir\values-v22\values-v22.xml to C:\project\adjaba-player\app\build\intermediates\merged_res\release\mergeReleaseResources\values-v22_values-v22.arsc.flat
Compiling XML table C:\project\adjaba-player\app\build\intermediates\incremental\release\mergeReleaseResources\merged.dir\values-ru\values-ru.xml to C:\project\adjaba-player\app\build\intermediates\merged_res\release\mergeReleaseResources\values-ru_values-ru.arsc.flat
Compiling XML table C:\project\adjaba-player\app\build\intermediates\incremental\release\mergeReleaseResources\merged.dir\values-tr\values-tr.xml to C:\project\adjaba-player\app\build\intermediates\merged_res\release\mergeReleaseResources\values-tr_values-tr.arsc.flat
Compiling XML table C:\project\adjaba-player\app\build\intermediates\incremental\release\mergeReleaseResources\merged.dir\values-ta\values-ta.xml to C:\project\adjaba-player\app\build\intermediates\merged_res\release\mergeReleaseResources\values-ta_values-ta.arsc.flat
Compiling XML table C:\project\adjaba-player\app\build\intermediates\incremental\release\mergeReleaseResources\merged.dir\values-ko\values-ko.xml to C:\project\adjaba-player\app\build\intermediates\merged_res\release\mergeReleaseResources\values-ko_values-ko.arsc.flat
Compiling XML table C:\project\adjaba-player\app\build\intermediates\incremental\release\mergeReleaseResources\merged.dir\values-mk\values-mk.xml to C:\project\adjaba-player\app\build\intermediates\merged_res\release\mergeReleaseResources\values-mk_values-mk.arsc.flat
Compiling XML table C:\project\adjaba-player\app\build\intermediates\incremental\release\mergeReleaseResources\merged.dir\values-ky\values-ky.xml to C:\project\adjaba-player\app\build\intermediates\merged_res\release\mergeReleaseResources\values-ky_values-ky.arsc.flat
Compiling XML table C:\project\adjaba-player\app\build\intermediates\incremental\release\mergeReleaseResources\merged.dir\values-az\values-az.xml to C:\project\adjaba-player\app\build\intermediates\merged_res\release\mergeReleaseResources\values-az_values-az.arsc.flat
Compiling XML table C:\project\adjaba-player\app\build\intermediates\incremental\release\mergeReleaseResources\merged.dir\values-v24\values-v24.xml to C:\project\adjaba-player\app\build\intermediates\merged_res\release\mergeReleaseResources\values-v24_values-v24.arsc.flat
Compiling XML table C:\project\adjaba-player\app\build\intermediates\incremental\release\mergeReleaseResources\merged.dir\values-v25\values-v25.xml to C:\project\adjaba-player\app\build\intermediates\merged_res\release\mergeReleaseResources\values-v25_values-v25.arsc.flat
Compiling XML table C:\project\adjaba-player\app\build\intermediates\incremental\release\mergeReleaseResources\merged.dir\values-en-rAU\values-en-rAU.xml to C:\project\adjaba-player\app\build\intermediates\merged_res\release\mergeReleaseResources\values-en-rAU_values-en-rAU.arsc.flat
Compiling XML table C:\project\adjaba-player\app\build\intermediates\incremental\release\mergeReleaseResources\merged.dir\values-v35\values-v35.xml to C:\project\adjaba-player\app\build\intermediates\merged_res\release\mergeReleaseResources\values-v35_values-v35.arsc.flat
Compiling XML table C:\project\adjaba-player\app\build\intermediates\incremental\release\mergeReleaseResources\merged.dir\values-eu\values-eu.xml to C:\project\adjaba-player\app\build\intermediates\merged_res\release\mergeReleaseResources\values-eu_values-eu.arsc.flat
Compiling XML table C:\project\adjaba-player\app\build\intermediates\incremental\release\mergeReleaseResources\merged.dir\values-lo\values-lo.xml to C:\project\adjaba-player\app\build\intermediates\merged_res\release\mergeReleaseResources\values-lo_values-lo.arsc.flat
Compiling XML table C:\project\adjaba-player\app\build\intermediates\incremental\release\mergeReleaseResources\merged.dir\values-ml\values-ml.xml to C:\project\adjaba-player\app\build\intermediates\merged_res\release\mergeReleaseResources\values-ml_values-ml.arsc.flat
Compiling XML table C:\project\adjaba-player\app\build\intermediates\incremental\release\mergeReleaseResources\merged.dir\values-bn\values-bn.xml to C:\project\adjaba-player\app\build\intermediates\merged_res\release\mergeReleaseResources\values-bn_values-bn.arsc.flat
Compiling XML table C:\project\adjaba-player\app\build\intermediates\incremental\release\mergeReleaseResources\merged.dir\values-bg\values-bg.xml to C:\project\adjaba-player\app\build\intermediates\merged_res\release\mergeReleaseResources\values-bg_values-bg.arsc.flat
Compiling XML table C:\project\adjaba-player\app\build\intermediates\incremental\release\mergeReleaseResources\merged.dir\values-pt-rBR\values-pt-rBR.xml to C:\project\adjaba-player\app\build\intermediates\merged_res\release\mergeReleaseResources\values-pt-rBR_values-pt-rBR.arsc.flat
Compiling XML table C:\project\adjaba-player\app\build\intermediates\incremental\release\mergeReleaseResources\merged.dir\values-mn\values-mn.xml to C:\project\adjaba-player\app\build\intermediates\merged_res\release\mergeReleaseResources\values-mn_values-mn.arsc.flat
Compiling XML table C:\project\adjaba-player\app\build\intermediates\incremental\release\mergeReleaseResources\merged.dir\values-be\values-be.xml to C:\project\adjaba-player\app\build\intermediates\merged_res\release\mergeReleaseResources\values-be_values-be.arsc.flat
Compiling XML table C:\project\adjaba-player\app\build\intermediates\incremental\release\mergeReleaseResources\merged.dir\values-de\values-de.xml to C:\project\adjaba-player\app\build\intermediates\merged_res\release\mergeReleaseResources\values-de_values-de.arsc.flat
Compiling XML table C:\project\adjaba-player\app\build\intermediates\incremental\release\mergeReleaseResources\merged.dir\values-sr\values-sr.xml to C:\project\adjaba-player\app\build\intermediates\merged_res\release\mergeReleaseResources\values-sr_values-sr.arsc.flat
Compiling XML table C:\project\adjaba-player\app\build\intermediates\incremental\release\mergeReleaseResources\merged.dir\values-vi\values-vi.xml to C:\project\adjaba-player\app\build\intermediates\merged_res\release\mergeReleaseResources\values-vi_values-vi.arsc.flat
Compiling XML table C:\project\adjaba-player\app\build\intermediates\incremental\release\mergeReleaseResources\merged.dir\values-en-rXC\values-en-rXC.xml to C:\project\adjaba-player\app\build\intermediates\merged_res\release\mergeReleaseResources\values-en-rXC_values-en-rXC.arsc.flat
Compiling XML table C:\project\adjaba-player\app\build\intermediates\incremental\release\mergeReleaseResources\merged.dir\values-lt\values-lt.xml to C:\project\adjaba-player\app\build\intermediates\merged_res\release\mergeReleaseResources\values-lt_values-lt.arsc.flat
Compiling XML table C:\project\adjaba-player\app\build\intermediates\incremental\release\mergeReleaseResources\merged.dir\values-sq\values-sq.xml to C:\project\adjaba-player\app\build\intermediates\merged_res\release\mergeReleaseResources\values-sq_values-sq.arsc.flat
Compiling XML table C:\project\adjaba-player\app\build\intermediates\incremental\release\mergeReleaseResources\merged.dir\values-mr\values-mr.xml to C:\project\adjaba-player\app\build\intermediates\merged_res\release\mergeReleaseResources\values-mr_values-mr.arsc.flat
Compiling XML table C:\project\adjaba-player\app\build\intermediates\incremental\release\mergeReleaseResources\merged.dir\values-w400dp-port-v13\values-w400dp-port-v13.xml to C:\project\adjaba-player\app\build\intermediates\merged_res\release\mergeReleaseResources\values-w400dp-port-v13_values-w400dp-port-v13.arsc.flat
Compiling XML table C:\project\adjaba-player\app\build\intermediates\incremental\release\mergeReleaseResources\merged.dir\values-pl\values-pl.xml to C:\project\adjaba-player\app\build\intermediates\merged_res\release\mergeReleaseResources\values-pl_values-pl.arsc.flat
Compiling XML table C:\project\adjaba-player\app\build\intermediates\incremental\release\mergeReleaseResources\merged.dir\values-ca\values-ca.xml to C:\project\adjaba-player\app\build\intermediates\merged_res\release\mergeReleaseResources\values-ca_values-ca.arsc.flat
Compiling XML table C:\project\adjaba-player\app\build\intermediates\incremental\release\mergeReleaseResources\merged.dir\values-te\values-te.xml to C:\project\adjaba-player\app\build\intermediates\merged_res\release\mergeReleaseResources\values-te_values-te.arsc.flat
Compiling XML table C:\project\adjaba-player\app\build\intermediates\incremental\release\mergeReleaseResources\merged.dir\values-fr-rCA\values-fr-rCA.xml to C:\project\adjaba-player\app\build\intermediates\merged_res\release\mergeReleaseResources\values-fr-rCA_values-fr-rCA.arsc.flat
Compiling XML table C:\project\adjaba-player\app\build\intermediates\incremental\release\mergeReleaseResources\merged.dir\values-fr\values-fr.xml to C:\project\adjaba-player\app\build\intermediates\merged_res\release\mergeReleaseResources\values-fr_values-fr.arsc.flat
Compiling XML table C:\project\adjaba-player\app\build\intermediates\incremental\release\mergeReleaseResources\merged.dir\values-port\values-port.xml to C:\project\adjaba-player\app\build\intermediates\merged_res\release\mergeReleaseResources\values-port_values-port.arsc.flat
Compiling XML table C:\project\adjaba-player\app\build\intermediates\incremental\release\mergeReleaseResources\merged.dir\values-sw900dp-v13\values-sw900dp-v13.xml to C:\project\adjaba-player\app\build\intermediates\merged_res\release\mergeReleaseResources\values-sw900dp-v13_values-sw900dp-v13.arsc.flat
Compiling XML table C:\project\adjaba-player\app\build\intermediates\incremental\release\mergeReleaseResources\merged.dir\values-h720dp-v13\values-h720dp-v13.xml to C:\project\adjaba-player\app\build\intermediates\merged_res\release\mergeReleaseResources\values-h720dp-v13_values-h720dp-v13.arsc.flat
Compiling XML table C:\project\adjaba-player\app\build\intermediates\incremental\release\mergeReleaseResources\merged.dir\values-uz\values-uz.xml to C:\project\adjaba-player\app\build\intermediates\merged_res\release\mergeReleaseResources\values-uz_values-uz.arsc.flat
Compiling XML table C:\project\adjaba-player\app\build\intermediates\incremental\release\mergeReleaseResources\merged.dir\values-hdpi-v4\values-hdpi-v4.xml to C:\project\adjaba-player\app\build\intermediates\merged_res\release\mergeReleaseResources\values-hdpi-v4_values-hdpi-v4.arsc.flat
Compiling xml file C:\project\adjaba-player\app\src\main\res\drawable\weather_back.xml to C:\project\adjaba-player\app\build\intermediates\merged_res\release\mergeReleaseResources\drawable_weather_back.xml.flat
Compiling XML table C:\project\adjaba-player\app\build\intermediates\incremental\release\mergeReleaseResources\merged.dir\values-cs\values-cs.xml to C:\project\adjaba-player\app\build\intermediates\merged_res\release\mergeReleaseResources\values-cs_values-cs.arsc.flat
Compiling xml file C:\project\adjaba-player\app\src\main\res\drawable\bg_dialog.xml to C:\project\adjaba-player\app\build\intermediates\merged_res\release\mergeReleaseResources\drawable_bg_dialog.xml.flat
Compiling XML table C:\project\adjaba-player\app\build\intermediates\incremental\release\mergeReleaseResources\merged.dir\values-en-rIN\values-en-rIN.xml to C:\project\adjaba-player\app\build\intermediates\merged_res\release\mergeReleaseResources\values-en-rIN_values-en-rIN.arsc.flat
Compiling xml file C:\project\adjaba-player\app\src\main\res\layout\activity_preview_ads.xml to C:\project\adjaba-player\app\build\intermediates\merged_res\release\mergeReleaseResources\layout_activity_preview_ads.xml.flat
Compiling XML table C:\project\adjaba-player\app\build\intermediates\incremental\release\mergeReleaseResources\merged.dir\values-h550dp-port-v13\values-h550dp-port-v13.xml to C:\project\adjaba-player\app\build\intermediates\merged_res\release\mergeReleaseResources\values-h550dp-port-v13_values-h550dp-port-v13.arsc.flat
Compiling xml file C:\project\adjaba-player\app\src\main\res\anim\bottom_up.xml to C:\project\adjaba-player\app\build\intermediates\merged_res\release\mergeReleaseResources\anim_bottom_up.xml.flat
Compiling xml file C:\project\adjaba-player\app\src\main\res\layout\news_custom.xml to C:\project\adjaba-player\app\build\intermediates\merged_res\release\mergeReleaseResources\layout_news_custom.xml.flat
Compiling xml file C:\project\adjaba-player\app\src\main\res\drawable\bg_tv_button_secondary.xml to C:\project\adjaba-player\app\build\intermediates\merged_res\release\mergeReleaseResources\drawable_bg_tv_button_secondary.xml.flat
Compiling XML table C:\project\adjaba-player\app\build\intermediates\incremental\release\mergeReleaseResources\merged.dir\values-nb\values-nb.xml to C:\project\adjaba-player\app\build\intermediates\merged_res\release\mergeReleaseResources\values-nb_values-nb.arsc.flat
Compiling XML table C:\project\adjaba-player\app\build\intermediates\incremental\release\mergeReleaseResources\merged.dir\values-w600dp-land-v13\values-w600dp-land-v13.xml to C:\project\adjaba-player\app\build\intermediates\merged_res\release\mergeReleaseResources\values-w600dp-land-v13_values-w600dp-land-v13.arsc.flat
Compiling XML table C:\project\adjaba-player\app\build\intermediates\incremental\release\mergeReleaseResources\merged.dir\values-el\values-el.xml to C:\project\adjaba-player\app\build\intermediates\merged_res\release\mergeReleaseResources\values-el_values-el.arsc.flat
Compiling xml file C:\project\adjaba-player\app\src\main\res\layout\activity_login.xml to C:\project\adjaba-player\app\build\intermediates\merged_res\release\mergeReleaseResources\layout_activity_login.xml.flat
Compiling XML table C:\project\adjaba-player\app\build\intermediates\incremental\release\mergeReleaseResources\merged.dir\values-zh-rTW\values-zh-rTW.xml to C:\project\adjaba-player\app\build\intermediates\merged_res\release\mergeReleaseResources\values-zh-rTW_values-zh-rTW.arsc.flat
Compiling xml file C:\project\adjaba-player\app\src\main\res\drawable\ic_thermostat.xml to C:\project\adjaba-player\app\build\intermediates\merged_res\release\mergeReleaseResources\drawable_ic_thermostat.xml.flat
Compiling XML table C:\project\adjaba-player\app\build\intermediates\incremental\release\mergeReleaseResources\merged.dir\values-lv\values-lv.xml to C:\project\adjaba-player\app\build\intermediates\merged_res\release\mergeReleaseResources\values-lv_values-lv.arsc.flat
Compiling xml file C:\project\adjaba-player\app\src\main\res\drawable\bg_news_badge.xml to C:\project\adjaba-player\app\build\intermediates\merged_res\release\mergeReleaseResources\drawable_bg_news_badge.xml.flat
Compiling XML table C:\project\adjaba-player\app\build\intermediates\incremental\release\mergeReleaseResources\merged.dir\values-en-rGB\values-en-rGB.xml to C:\project\adjaba-player\app\build\intermediates\merged_res\release\mergeReleaseResources\values-en-rGB_values-en-rGB.arsc.flat
Compiling xml file C:\project\adjaba-player\app\src\main\res\drawable\bg_tv_card.xml to C:\project\adjaba-player\app\build\intermediates\merged_res\release\mergeReleaseResources\drawable_bg_tv_card.xml.flat
Compiling xml file C:\project\adjaba-player\app\src\main\res\anim\slide_up_in.xml to C:\project\adjaba-player\app\build\intermediates\merged_res\release\mergeReleaseResources\anim_slide_up_in.xml.flat
Compiling XML table C:\project\adjaba-player\app\build\intermediates\incremental\release\mergeReleaseResources\merged.dir\values-large-v4\values-large-v4.xml to C:\project\adjaba-player\app\build\intermediates\merged_res\release\mergeReleaseResources\values-large-v4_values-large-v4.arsc.flat
Compiling xml file C:\project\adjaba-player\app\src\main\res\drawable\qr_frame.xml to C:\project\adjaba-player\app\build\intermediates\merged_res\release\mergeReleaseResources\drawable_qr_frame.xml.flat
Compiling xml file C:\project\adjaba-player\app\src\main\res\layout-land\activity_select_screen.xml to C:\project\adjaba-player\app\build\intermediates\merged_res\release\mergeReleaseResources\layout-land_activity_select_screen.xml.flat
Compiling XML table C:\project\adjaba-player\app\build\intermediates\incremental\release\mergeReleaseResources\merged.dir\values-ms\values-ms.xml to C:\project\adjaba-player\app\build\intermediates\merged_res\release\mergeReleaseResources\values-ms_values-ms.arsc.flat
Compiling xml file C:\project\adjaba-player\app\src\main\res\layout\fragment_advert_watching.xml to C:\project\adjaba-player\app\build\intermediates\merged_res\release\mergeReleaseResources\layout_fragment_advert_watching.xml.flat
Compiling xml file C:\project\adjaba-player\app\src\main\res\layout-land\fragment_advert_watching.xml to C:\project\adjaba-player\app\build\intermediates\merged_res\release\mergeReleaseResources\layout-land_fragment_advert_watching.xml.flat
Compiling XML table C:\project\adjaba-player\app\build\intermediates\incremental\release\mergeReleaseResources\merged.dir\values-ne\values-ne.xml to C:\project\adjaba-player\app\build\intermediates\merged_res\release\mergeReleaseResources\values-ne_values-ne.arsc.flat
Compiling xml file C:\project\adjaba-player\app\src\main\res\drawable\bg_tv_spinner.xml to C:\project\adjaba-player\app\build\intermediates\merged_res\release\mergeReleaseResources\drawable_bg_tv_spinner.xml.flat
Compiling XML table C:\project\adjaba-player\app\build\intermediates\incremental\release\mergeReleaseResources\merged.dir\values-fa\values-fa.xml to C:\project\adjaba-player\app\build\intermediates\merged_res\release\mergeReleaseResources\values-fa_values-fa.arsc.flat
Compiling xml file C:\project\adjaba-player\app\src\main\res\drawable\ic_add_screen.xml to C:\project\adjaba-player\app\build\intermediates\merged_res\release\mergeReleaseResources\drawable_ic_add_screen.xml.flat
Compiling xml file C:\project\adjaba-player\app\src\main\res\anim\bottom_down.xml to C:\project\adjaba-player\app\build\intermediates\merged_res\release\mergeReleaseResources\anim_bottom_down.xml.flat
Compiling xml file C:\project\adjaba-player\app\src\main\res\drawable\baseline_location_pin_24.xml to C:\project\adjaba-player\app\build\intermediates\merged_res\release\mergeReleaseResources\drawable_baseline_location_pin_24.xml.flat
Compiling XML table C:\project\adjaba-player\app\build\intermediates\incremental\release\mergeReleaseResources\merged.dir\values-night-v8\values-night-v8.xml to C:\project\adjaba-player\app\build\intermediates\merged_res\release\mergeReleaseResources\values-night-v8_values-night-v8.arsc.flat
Compiling xml file C:\project\adjaba-player\app\src\main\res\drawable\baseline_info_24.xml to C:\project\adjaba-player\app\build\intermediates\merged_res\release\mergeReleaseResources\drawable_baseline_info_24.xml.flat
Compiling xml file C:\project\adjaba-player\app\src\main\res\drawable\button_active_shape.xml to C:\project\adjaba-player\app\build\intermediates\merged_res\release\mergeReleaseResources\drawable_button_active_shape.xml.flat
Compiling XML table C:\project\adjaba-player\app\build\intermediates\incremental\release\mergeReleaseResources\merged.dir\values-v16\values-v16.xml to C:\project\adjaba-player\app\build\intermediates\merged_res\release\mergeReleaseResources\values-v16_values-v16.arsc.flat
Compiling XML table C:\project\adjaba-player\app\build\intermediates\incremental\release\mergeReleaseResources\merged.dir\values-gl\values-gl.xml to C:\project\adjaba-player\app\build\intermediates\merged_res\release\mergeReleaseResources\values-gl_values-gl.arsc.flat
Compiling XML table C:\project\adjaba-player\app\build\intermediates\incremental\release\mergeReleaseResources\merged.dir\values-or\values-or.xml to C:\project\adjaba-player\app\build\intermediates\merged_res\release\mergeReleaseResources\values-or_values-or.arsc.flat
Compiling xml file C:\project\adjaba-player\app\src\main\res\layout\activity_advert_land_watch.xml to C:\project\adjaba-player\app\build\intermediates\merged_res\release\mergeReleaseResources\layout_activity_advert_land_watch.xml.flat
Compiling xml file C:\project\adjaba-player\app\src\main\res\drawable\bg_weather_slide.xml to C:\project\adjaba-player\app\build\intermediates\merged_res\release\mergeReleaseResources\drawable_bg_weather_slide.xml.flat
Compiling XML table C:\project\adjaba-player\app\build\intermediates\incremental\release\mergeReleaseResources\merged.dir\values-b+sr+Latn\values-b+sr+Latn.xml to C:\project\adjaba-player\app\build\intermediates\merged_res\release\mergeReleaseResources\values-b+sr+Latn_values-b+sr+Latn.arsc.flat
Compiling xml file C:\project\adjaba-player\app\src\main\res\drawable\gradiant_card.xml to C:\project\adjaba-player\app\build\intermediates\merged_res\release\mergeReleaseResources\drawable_gradiant_card.xml.flat
Compiling xml file C:\project\adjaba-player\app\src\main\res\anim\exit_to_left.xml to C:\project\adjaba-player\app\build\intermediates\merged_res\release\mergeReleaseResources\anim_exit_to_left.xml.flat
Compiling XML table C:\project\adjaba-player\app\build\intermediates\incremental\release\mergeReleaseResources\merged.dir\values-land\values-land.xml to C:\project\adjaba-player\app\build\intermediates\merged_res\release\mergeReleaseResources\values-land_values-land.arsc.flat
Compiling xml file C:\project\adjaba-player\app\src\main\res\anim\fade_out.xml to C:\project\adjaba-player\app\build\intermediates\merged_res\release\mergeReleaseResources\anim_fade_out.xml.flat
Compiling xml file C:\project\adjaba-player\app\src\main\res\drawable\baseline_arrow_drop_down_24.xml to C:\project\adjaba-player\app\build\intermediates\merged_res\release\mergeReleaseResources\drawable_baseline_arrow_drop_down_24.xml.flat
Compiling xml file C:\project\adjaba-player\app\src\main\res\drawable\tags_24.xml to C:\project\adjaba-player\app\build\intermediates\merged_res\release\mergeReleaseResources\drawable_tags_24.xml.flat
Compiling XML table C:\project\adjaba-player\app\build\intermediates\incremental\release\mergeReleaseResources\merged.dir\values-v18\values-v18.xml to C:\project\adjaba-player\app\build\intermediates\merged_res\release\mergeReleaseResources\values-v18_values-v18.arsc.flat
Compiling xml file C:\project\adjaba-player\app\src\main\res\layout\activity_info.xml to C:\project\adjaba-player\app\build\intermediates\merged_res\release\mergeReleaseResources\layout_activity_info.xml.flat
Compiling xml file C:\project\adjaba-player\app\src\main\res\drawable\buttton_unselected_shape.xml to C:\project\adjaba-player\app\build\intermediates\merged_res\release\mergeReleaseResources\drawable_buttton_unselected_shape.xml.flat
Compiling xml file C:\project\adjaba-player\app\src\main\res\drawable\list_bg.xml to C:\project\adjaba-player\app\build\intermediates\merged_res\release\mergeReleaseResources\drawable_list_bg.xml.flat
Compiling xml file C:\project\adjaba-player\app\src\main\res\drawable\ic_launcher_background.xml to C:\project\adjaba-player\app\build\intermediates\merged_res\release\mergeReleaseResources\drawable_ic_launcher_background.xml.flat
Compiling xml file C:\project\adjaba-player\app\src\main\res\anim\fade_in.xml to C:\project\adjaba-player\app\build\intermediates\merged_res\release\mergeReleaseResources\anim_fade_in.xml.flat
Compiling XML table C:\project\adjaba-player\app\build\intermediates\incremental\release\mergeReleaseResources\merged.dir\values-h360dp-land-v13\values-h360dp-land-v13.xml to C:\project\adjaba-player\app\build\intermediates\merged_res\release\mergeReleaseResources\values-h360dp-land-v13_values-h360dp-land-v13.arsc.flat
Compiling xml file C:\project\adjaba-player\app\src\main\res\drawable\bg_tv_button.xml to C:\project\adjaba-player\app\build\intermediates\merged_res\release\mergeReleaseResources\drawable_bg_tv_button.xml.flat
Compiling xml file C:\project\adjaba-player\app\src\main\res\drawable\bg_tv_input.xml to C:\project\adjaba-player\app\build\intermediates\merged_res\release\mergeReleaseResources\drawable_bg_tv_input.xml.flat
Compiling XML table C:\project\adjaba-player\app\build\intermediates\incremental\release\mergeReleaseResources\merged.dir\values-iw\values-iw.xml to C:\project\adjaba-player\app\build\intermediates\merged_res\release\mergeReleaseResources\values-iw_values-iw.arsc.flat
Compiling XML table C:\project\adjaba-player\app\build\intermediates\incremental\release\mergeReleaseResources\merged.dir\values-bs\values-bs.xml to C:\project\adjaba-player\app\build\intermediates\merged_res\release\mergeReleaseResources\values-bs_values-bs.arsc.flat
Compiling file C:\project\adjaba-player\app\src\main\res\raw\deafult.mp4 to C:\project\adjaba-player\app\build\intermediates\merged_res\release\mergeReleaseResources\raw_deafult.mp4.flat
Compiling xml file C:\project\adjaba-player\app\src\main\res\drawable\btn_login_selector.xml to C:\project\adjaba-player\app\build\intermediates\merged_res\release\mergeReleaseResources\drawable_btn_login_selector.xml.flat
Compiling xml file C:\project\adjaba-player\app\src\main\res\drawable\edit_text_bg.xml to C:\project\adjaba-player\app\build\intermediates\merged_res\release\mergeReleaseResources\drawable_edit_text_bg.xml.flat
Compiling xml file C:\project\adjaba-player\app\src\main\res\layout-land\activity_preview_ads.xml to C:\project\adjaba-player\app\build\intermediates\merged_res\release\mergeReleaseResources\layout-land_activity_preview_ads.xml.flat
Compiling xml file C:\project\adjaba-player\app\src\main\res\layout-land\activity_login.xml to C:\project\adjaba-player\app\build\intermediates\merged_res\release\mergeReleaseResources\layout-land_activity_login.xml.flat
Compiling XML table C:\project\adjaba-player\app\build\intermediates\incremental\release\mergeReleaseResources\merged.dir\values-kk\values-kk.xml to C:\project\adjaba-player\app\build\intermediates\merged_res\release\mergeReleaseResources\values-kk_values-kk.arsc.flat
Compiling XML table C:\project\adjaba-player\app\build\intermediates\incremental\release\mergeReleaseResources\merged.dir\values-pt-rPT\values-pt-rPT.xml to C:\project\adjaba-player\app\build\intermediates\merged_res\release\mergeReleaseResources\values-pt-rPT_values-pt-rPT.arsc.flat
Compiling xml file C:\project\adjaba-player\app\src\main\res\drawable\edt_line_custom.xml to C:\project\adjaba-player\app\build\intermediates\merged_res\release\mergeReleaseResources\drawable_edt_line_custom.xml.flat
Compiling xml file C:\project\adjaba-player\app\src\main\res\layout\activity_select_screen.xml to C:\project\adjaba-player\app\build\intermediates\merged_res\release\mergeReleaseResources\layout_activity_select_screen.xml.flat
Compiling XML table C:\project\adjaba-player\app\build\intermediates\incremental\release\mergeReleaseResources\merged.dir\values-th\values-th.xml to C:\project\adjaba-player\app\build\intermediates\merged_res\release\mergeReleaseResources\values-th_values-th.arsc.flat
Compiling XML table C:\project\adjaba-player\app\build\intermediates\incremental\release\mergeReleaseResources\merged.dir\values-en-rCA\values-en-rCA.xml to C:\project\adjaba-player\app\build\intermediates\merged_res\release\mergeReleaseResources\values-en-rCA_values-en-rCA.arsc.flat
AAPT2 aapt2-8.10.1-12782657-windows Daemon #1: starting
AAPT2 aapt2-8.10.1-12782657-windows Daemon #2: starting
AAPT2 aapt2-8.10.1-12782657-windows Daemon #3: starting
AAPT2 aapt2-8.10.1-12782657-windows Daemon #4: starting

Resolve mutations for :app:kaptGenerateStubsDebugKotlin (Thread[#101,Execution worker Thread 2,5,main]) started.
:app:kaptGenerateStubsDebugKotlin (Thread[#101,Execution worker Thread 2,5,main]) started.
Resolve mutations for :app:packageReleaseResources (Thread[#110,Execution worker Thread 11,5,main]) started.
:app:packageReleaseResources (Thread[#102,Execution worker Thread 3,5,main]) started.

> Task :app:packageReleaseResources
Caching disabled for task ':app:packageReleaseResources' because:
  Build cache is disabled
Task ':app:packageReleaseResources' is not up-to-date because:
  Output property 'dataBindingLayoutInfoOutFolder' file C:\project\adjaba-player\app\build\intermediates\data_binding_layout_info_type_package\release\packageReleaseResources\out has been removed.
  Output property 'incrementalFolder' file C:\project\adjaba-player\app\build\intermediates\incremental\release\packageReleaseResources has been removed.
  Output property 'incrementalFolder' file C:\project\adjaba-player\app\build\intermediates\incremental\release\packageReleaseResources\compile-file-map.properties has been removed.
  and more...
The input changes require a full rebuild for incremental task ':app:packageReleaseResources'.
[MergeResources] Inputs are non-incremental full task action.
Resolve mutations for :app:parseReleaseLocalResources (Thread[#102,Execution worker Thread 3,5,main]) started.
:app:parseReleaseLocalResources (Thread[#102,Execution worker Thread 3,5,main]) started.
Resolve mutations for :app:createReleaseCompatibleScreenManifests (Thread[#110,Execution worker Thread 11,5,main]) started.
:app:createReleaseCompatibleScreenManifests (Thread[#110,Execution worker Thread 11,5,main]) started.

> Task :app:createReleaseCompatibleScreenManifests
Caching disabled for task ':app:createReleaseCompatibleScreenManifests' because:
  Build cache is disabled
  Caching has been disabled for the task
Task ':app:createReleaseCompatibleScreenManifests' is not up-to-date because:
  Output property 'outputFolder' file C:\project\adjaba-player\app\build\intermediates\compatible_screen_manifest\release\createReleaseCompatibleScreenManifests has been removed.
  Output property 'outputFolder' file C:\project\adjaba-player\app\build\intermediates\compatible_screen_manifest\release\createReleaseCompatibleScreenManifests\output-metadata.json has been removed.
Resolve mutations for :app:extractDeepLinksRelease (Thread[#106,Execution worker Thread 7,5,main]) started.
:app:extractDeepLinksRelease (Thread[#106,Execution worker Thread 7,5,main]) started.

> Task :app:extractDeepLinksRelease
Caching disabled for task ':app:extractDeepLinksRelease' because:
  Build cache is disabled
Task ':app:extractDeepLinksRelease' is not up-to-date because:
  Output property 'navigationJson' file C:\project\adjaba-player\app\build\intermediates\navigation_json\release\extractDeepLinksRelease\navigation.json has been removed.
Resolve mutations for :app:processReleaseMainManifest (Thread[#106,Execution worker Thread 7,5,main]) started.
:app:processReleaseMainManifest (Thread[#109,Execution worker Thread 10,5,main]) started.

> Task :app:parseReleaseLocalResources
Caching disabled for task ':app:parseReleaseLocalResources' because:
  Build cache is disabled
Task ':app:parseReleaseLocalResources' is not up-to-date because:
  Output property 'librarySymbolsFile' file C:\project\adjaba-player\app\build\intermediates\local_only_symbol_list\release\parseReleaseLocalResources\R-def.txt has been removed.
The input changes require a full rebuild for incremental task ':app:parseReleaseLocalResources'.

> Task :app:kaptGenerateStubsDebugKotlin
file or directory 'C:\project\adjaba-player\app\libs', not found
Registered task dependencies: app:kotlinCompilerClasspath
Starting dependency analysis
Registered task dependencies: app:kotlinCompilerPluginClasspathDebug
Starting dependency analysis
Caching disabled for task ':app:kaptGenerateStubsDebugKotlin' because:
  Build cache is disabled
Task ':app:kaptGenerateStubsDebugKotlin' is not up-to-date because:
  Output property 'classpathSnapshotProperties.classpathSnapshotDir' file C:\project\adjaba-player\app\build\kotlin\kaptGenerateStubsDebugKotlin\classpath-snapshot has been removed.
  Output property 'classpathSnapshotProperties.classpathSnapshotDir' file C:\project\adjaba-player\app\build\kotlin\kaptGenerateStubsDebugKotlin\classpath-snapshot\shrunk-classpath-snapshot.bin has been removed.
  Output property 'destinationDirectory' file C:\project\adjaba-player\app\build\tmp\kapt3\incrementalData\debug has been removed.
  and more...
The input changes require a full rebuild for incremental task ':app:kaptGenerateStubsDebugKotlin'.
file or directory 'C:\project\adjaba-player\app\src\debug\kotlin', not found
file or directory 'C:\project\adjaba-player\app\src\debug\kotlin', not found
file or directory 'C:\project\adjaba-player\app\src\debug\java', not found
file or directory 'C:\project\adjaba-player\app\src\debug\kotlin', not found
file or directory 'C:\project\adjaba-player\app\src\debug\java', not found
file or directory 'C:\project\adjaba-player\app\src\main\kotlin', not found
file or directory 'C:\project\adjaba-player\app\src\main\kotlin', not found
file or directory 'C:\project\adjaba-player\app\src\main\kotlin', not found
file or directory 'C:\project\adjaba-player\app\src\main\kotlin', not found
file or directory 'C:\project\adjaba-player\app\src\main\kotlin', not found
file or directory 'C:\project\adjaba-player\app\src\main\kotlin', not found
file or directory 'C:\project\adjaba-player\app\src\debug\kotlin', not found
file or directory 'C:\project\adjaba-player\app\src\debug\kotlin', not found
file or directory 'C:\project\adjaba-player\app\src\debug\java', not found
file or directory 'C:\project\adjaba-player\app\src\debug\kotlin', not found
file or directory 'C:\project\adjaba-player\app\src\debug\java', not found
file or directory 'C:\project\adjaba-player\app\src\debug\java', not found
file or directory 'C:\project\adjaba-player\app\src\debug\kotlin', not found
file or directory 'C:\project\adjaba-player\app\src\debug\kotlin', not found
file or directory 'C:\project\adjaba-player\app\src\debug\java', not found
file or directory 'C:\project\adjaba-player\app\src\debug\kotlin', not found
file or directory 'C:\project\adjaba-player\app\src\debug\java', not found
file or directory 'C:\project\adjaba-player\app\src\main\kotlin', not found
file or directory 'C:\project\adjaba-player\app\src\main\kotlin', not found
file or directory 'C:\project\adjaba-player\app\libs', not found
file or directory 'C:\project\adjaba-player\app\libs', not found
file or directory 'C:\project\adjaba-player\app\libs', not found
file or directory 'C:\project\adjaba-player\app\src\debug\kotlin', not found
file or directory 'C:\project\adjaba-player\app\src\debug\kotlin', not found
file or directory 'C:\project\adjaba-player\app\src\debug\java', not found
file or directory 'C:\project\adjaba-player\app\src\debug\kotlin', not found
file or directory 'C:\project\adjaba-player\app\src\debug\java', not found
file or directory 'C:\project\adjaba-player\app\src\main\kotlin', not found
file or directory 'C:\project\adjaba-player\app\src\main\kotlin', not found
file or directory 'C:\project\adjaba-player\app\src\main\kotlin', not found
file or directory 'C:\project\adjaba-player\app\src\main\kotlin', not found
file or directory 'C:\project\adjaba-player\app\src\main\kotlin', not found
file or directory 'C:\project\adjaba-player\app\src\main\kotlin', not found
file or directory 'C:\project\adjaba-player\app\src\debug\kotlin', not found
file or directory 'C:\project\adjaba-player\app\src\debug\kotlin', not found
file or directory 'C:\project\adjaba-player\app\src\debug\java', not found
file or directory 'C:\project\adjaba-player\app\src\debug\kotlin', not found
file or directory 'C:\project\adjaba-player\app\src\debug\java', not found
file or directory 'C:\project\adjaba-player\app\src\debug\java', not found
file or directory 'C:\project\adjaba-player\app\src\debug\kotlin', not found
file or directory 'C:\project\adjaba-player\app\src\debug\kotlin', not found
file or directory 'C:\project\adjaba-player\app\src\debug\java', not found
file or directory 'C:\project\adjaba-player\app\src\debug\kotlin', not found
file or directory 'C:\project\adjaba-player\app\src\debug\java', not found
file or directory 'C:\project\adjaba-player\app\src\main\kotlin', not found
file or directory 'C:\project\adjaba-player\app\src\main\kotlin', not found
file or directory 'C:\project\adjaba-player\app\src\main\kotlin', not found
file or directory 'C:\project\adjaba-player\app\src\main\kotlin', not found
file or directory 'C:\project\adjaba-player\app\src\main\kotlin', not found
file or directory 'C:\project\adjaba-player\app\src\main\kotlin', not found
file or directory 'C:\project\adjaba-player\app\src\debug\kotlin', not found
file or directory 'C:\project\adjaba-player\app\src\debug\kotlin', not found
file or directory 'C:\project\adjaba-player\app\src\debug\java', not found
file or directory 'C:\project\adjaba-player\app\src\debug\kotlin', not found
file or directory 'C:\project\adjaba-player\app\src\debug\java', not found
file or directory 'C:\project\adjaba-player\app\src\debug\java', not found
Using Kotlin/JVM incremental compilation
[KOTLIN] Kotlin compilation 'jdkHome' argument: null

> Task :app:processReleaseMainManifest
file or directory 'C:\project\adjaba-player\app\libs', not found
file or directory 'C:\project\adjaba-player\app\libs', not found
file or directory 'C:\project\adjaba-player\app\libs', not found
file or directory 'C:\project\adjaba-player\app\libs', not found
Caching disabled for task ':app:processReleaseMainManifest' because:
  Build cache is disabled
Task ':app:processReleaseMainManifest' is not up-to-date because:
  Output property 'mergeBlameFile' file C:\project\adjaba-player\app\build\intermediates\manifest_merge_blame_file\release\processReleaseMainManifest\manifest-merger-blame-release-report.txt has been removed.
  Output property 'mergedManifest' file C:\project\adjaba-player\app\build\intermediates\merged_manifest\release\processReleaseMainManifest\AndroidManifest.xml has been removed.
  Output property 'reportFile' file C:\project\adjaba-player\app\build\outputs\logs\manifest-merger-release-report.txt has been removed.
file or directory 'C:\project\adjaba-player\app\libs', not found
file or directory 'C:\project\adjaba-player\app\libs', not found
Loading library manifest C:\Users\User\.gradle\caches\8.12\transforms\cb206493feaac2c140c8fffc0a88f28b\transformed\material-1.13.0\AndroidManifest.xml
Loading library manifest C:\Users\User\.gradle\caches\8.12\transforms\a4490dae970deda4d63a67d9903f18b5\transformed\constraintlayout-2.1.4\AndroidManifest.xml
Loading library manifest C:\Users\User\.gradle\caches\8.12\transforms\95d58ef2b25af970c444232214399255\transformed\jetified-lottie-6.1.0\AndroidManifest.xml
Loading library manifest C:\Users\User\.gradle\caches\8.12\transforms\dbb75cb953cf1b41d4603fdeeec86978\transformed\jetified-appcompat-resources-1.7.0\AndroidManifest.xml
Loading library manifest C:\Users\User\.gradle\caches\8.12\transforms\3dd34b759d6c930f8bda0cce28428dce\transformed\appcompat-1.7.0\AndroidManifest.xml
Loading library manifest C:\Users\User\.gradle\caches\8.12\transforms\e56c634b1bfb1e160611fcb1fee4f488\transformed\jetified-glide-4.14.2\AndroidManifest.xml
Loading library manifest C:\Users\User\.gradle\caches\8.12\transforms\81034a8e9325d6b1a1e54e612ca7931a\transformed\jetified-viewpager2-1.0.0\AndroidManifest.xml
Loading library manifest C:\Users\User\.gradle\caches\8.12\transforms\c5cb10ba5b7623a776292f3c5a16a320\transformed\fragment-1.5.4\AndroidManifest.xml
Loading library manifest C:\Users\User\.gradle\caches\8.12\transforms\bd019668c92787376bae899180f1dd4a\transformed\jetified-activity-1.11.0\AndroidManifest.xml
Loading library manifest C:\Users\User\.gradle\caches\8.12\transforms\df7ab7ee5afed09d46884e54996f3bb4\transformed\work-runtime-2.9.0\AndroidManifest.xml
Loading library manifest C:\Users\User\.gradle\caches\8.12\transforms\117bac2a9c46391e0ddaf0fe308ba1fd\transformed\jetified-room-ktx-2.6.1\AndroidManifest.xml
Loading library manifest C:\Users\User\.gradle\caches\8.12\transforms\1ba7d729464c734e334963dd58e9168a\transformed\room-runtime-2.6.1\AndroidManifest.xml
Loading library manifest C:\Users\User\.gradle\caches\8.12\transforms\08e3c54c9b4dbd9efddfacfc7529dfe2\transformed\room-rxjava2-2.6.1\AndroidManifest.xml
Loading library manifest C:\Users\User\.gradle\caches\8.12\transforms\8b541b37d4b3b92857cab164f025faa2\transformed\coordinatorlayout-1.1.0\AndroidManifest.xml
Loading library manifest C:\Users\User\.gradle\caches\8.12\transforms\ad08228e62b6e1db047de731da555639\transformed\drawerlayout-1.1.1\AndroidManifest.xml
Loading library manifest C:\Users\User\.gradle\caches\8.12\transforms\24e0a5ca299b1e83aad4fd5d3626172e\transformed\transition-1.5.0\AndroidManifest.xml
Loading library manifest C:\Users\User\.gradle\caches\8.12\transforms\91e88d91a5c340c7035de75da06906bc\transformed\dynamicanimation-1.1.0\AndroidManifest.xml
Loading library manifest C:\Users\User\.gradle\caches\8.12\transforms\cfa99eb3ae6a8253dd2367bf8811990c\transformed\vectordrawable-animated-1.1.0\AndroidManifest.xml
Loading library manifest C:\Users\User\.gradle\caches\8.12\transforms\579aee70126213229352319de11aeefa\transformed\vectordrawable-1.1.0\AndroidManifest.xml
Loading library manifest C:\Users\User\.gradle\caches\8.12\transforms\128bc39ac0d6aaa96d9056b5d02c471f\transformed\jetified-exoplayer-2.19.1\AndroidManifest.xml
Loading library manifest C:\Users\User\.gradle\caches\8.12\transforms\ed23429ad2f785ee2220ca70b2153f36\transformed\jetified-exoplayer-dash-2.19.1\AndroidManifest.xml
Loading library manifest C:\Users\User\.gradle\caches\8.12\transforms\40b755edd4f0798a2110ee3c8ae2e724\transformed\jetified-exoplayer-hls-2.19.1\AndroidManifest.xml
Loading library manifest C:\Users\User\.gradle\caches\8.12\transforms\aa21cdbbca7098464b3fdd90adff8ed2\transformed\jetified-exoplayer-rtsp-2.19.1\AndroidManifest.xml
Loading library manifest C:\Users\User\.gradle\caches\8.12\transforms\2251569f0ae9d5ff505d82284f61fd2e\transformed\jetified-exoplayer-smoothstreaming-2.19.1\AndroidManifest.xml
Loading library manifest C:\Users\User\.gradle\caches\8.12\transforms\527eccf1184b4cf6bec86aa0db84b6b7\transformed\jetified-exoplayer-core-2.19.1\AndroidManifest.xml
Loading library manifest C:\Users\User\.gradle\caches\8.12\transforms\9f6e5c6908e169c19c169c53c851ae8e\transformed\jetified-exoplayer-ui-2.19.1\AndroidManifest.xml
Loading library manifest C:\Users\User\.gradle\caches\8.12\transforms\0a2241a8dd65291b4cd1859140971b29\transformed\recyclerview-1.3.0\AndroidManifest.xml
Loading library manifest C:\Users\User\.gradle\caches\8.12\transforms\7a76f02512873108c7e6bc2e2a8f7c6d\transformed\media-1.6.0\AndroidManifest.xml
Loading library manifest C:\Users\User\.gradle\caches\8.12\transforms\f0e5b38d68b550af9ae04bbb5ee20114\transformed\jetified-emoji2-views-helper-1.3.0\AndroidManifest.xml
Loading library manifest C:\Users\User\.gradle\caches\8.12\transforms\fe7c62ec3d8ec7079c9d7e91d509df82\transformed\jetified-emoji2-1.3.0\AndroidManifest.xml
Loading library manifest C:\Users\User\.gradle\caches\8.12\transforms\496e057e6388ee9fede0ddc4b09f5914\transformed\viewpager-1.0.0\AndroidManifest.xml
Loading library manifest C:\Users\User\.gradle\caches\8.12\transforms\7ce07d4473d86f8eae3e2ec66250f587\transformed\customview-1.1.0\AndroidManifest.xml
Loading library manifest C:\Users\User\.gradle\caches\8.12\transforms\dc3a102d504473eb49122c6c8ddfeb71\transformed\loader-1.0.0\AndroidManifest.xml
Loading library manifest C:\Users\User\.gradle\caches\8.12\transforms\3ea534d227db1d2a0b15db88ad6d2b99\transformed\core-1.13.0\AndroidManifest.xml
Loading library manifest C:\Users\User\.gradle\caches\8.12\transforms\1139f689b7c4d7f0ff205f3eea4aa3fa\transformed\jetified-graphics-shapes-release\AndroidManifest.xml
Loading library manifest C:\Users\User\.gradle\caches\8.12\transforms\35c2fa2c16fcfefbd34f6fa67f7965ec\transformed\jetified-customview-poolingcontainer-1.0.0\AndroidManifest.xml
Loading library manifest C:\Users\User\.gradle\caches\8.12\transforms\c0f47557c937dc0de1cb3fd26fd8a63e\transformed\jetified-savedstate-1.2.1\AndroidManifest.xml
Loading library manifest C:\Users\User\.gradle\caches\8.12\transforms\4219ea900ceea63f2339b727d3081661\transformed\lifecycle-viewmodel-2.6.2\AndroidManifest.xml
Loading library manifest C:\Users\User\.gradle\caches\8.12\transforms\567d6fb2d9583a8b11a12ed10e5a46ba\transformed\jetified-lifecycle-service-2.6.2\AndroidManifest.xml
Loading library manifest C:\Users\User\.gradle\caches\8.12\transforms\abfe477a1291cf3ec24fe7018d970121\transformed\jetified-lifecycle-process-2.6.2\AndroidManifest.xml
Loading library manifest C:\Users\User\.gradle\caches\8.12\transforms\9751041c56b8eb1f34c09953628b1905\transformed\lifecycle-livedata-core-2.6.2\AndroidManifest.xml
Loading library manifest C:\Users\User\.gradle\caches\8.12\transforms\1fee23112d66157c17606c0c191832e4\transformed\lifecycle-livedata-2.6.2\AndroidManifest.xml
Loading library manifest C:\Users\User\.gradle\caches\8.12\transforms\a4dcffeb92ed6d9305a41e99e9ba5b12\transformed\lifecycle-runtime-2.6.2\AndroidManifest.xml
Loading library manifest C:\Users\User\.gradle\caches\8.12\transforms\3ec77582b2585f5372fcf13eb54bb34e\transformed\jetified-lifecycle-viewmodel-savedstate-2.6.2\AndroidManifest.xml
Loading library manifest C:\Users\User\.gradle\caches\8.12\transforms\4fd70ec199840e9214f918440de0c99d\transformed\jetified-core-ktx-1.13.0\AndroidManifest.xml
Loading library manifest C:\Users\User\.gradle\caches\8.12\transforms\a046a1b7f313f2b59644041d541ed40e\transformed\jetified-core-viewtree-1.0.0\AndroidManifest.xml
Loading library manifest C:\Users\User\.gradle\caches\8.12\transforms\6e3f473a397d7976c775841c2e7f2fb3\transformed\sqlite-framework-2.4.0\AndroidManifest.xml
Loading library manifest C:\Users\User\.gradle\caches\8.12\transforms\fca95a9cf62b336213bb0c28af31329c\transformed\sqlite-2.4.0\AndroidManifest.xml
Loading library manifest C:\Users\User\.gradle\caches\8.12\transforms\0da1c3e09f1716805f56f8670e21481c\transformed\jetified-shimmer-0.5.0\AndroidManifest.xml
Loading library manifest C:\Users\User\.gradle\caches\8.12\transforms\ff83c14a097a22fb97662d70038065c9\transformed\jetified-security-crypto-1.1.0-alpha06\AndroidManifest.xml
Loading library manifest C:\Users\User\.gradle\caches\8.12\transforms\a743a6ee1812078e80d3c8f115f9e74c\transformed\cardview-1.0.0\AndroidManifest.xml
Loading library manifest C:\Users\User\.gradle\caches\8.12\transforms\e50e2d534626f99caaa4880cd65a447d\transformed\jetified-profileinstaller-1.4.0\AndroidManifest.xml
Loading library manifest C:\Users\User\.gradle\caches\8.12\transforms\b77004cf184d06413c9ebd47cc88830e\transformed\jetified-startup-runtime-1.1.1\AndroidManifest.xml
Loading library manifest C:\Users\User\.gradle\caches\8.12\transforms\7a66c845657a296d10aebfc93f888639\transformed\jetified-tracing-1.0.0\AndroidManifest.xml
Loading library manifest C:\Users\User\.gradle\caches\8.12\transforms\d2bb9f3c2a50c2739907e49162135436\transformed\core-runtime-2.2.0\AndroidManifest.xml
Loading library manifest C:\Users\User\.gradle\caches\8.12\transforms\45878c82bf5fbe82f905ea785da5c18b\transformed\jetified-exoplayer-datasource-2.19.1\AndroidManifest.xml
Loading library manifest C:\Users\User\.gradle\caches\8.12\transforms\59f4de68596687ba6340e3d3ea23c03e\transformed\jetified-exoplayer-database-2.19.1\AndroidManifest.xml
Loading library manifest C:\Users\User\.gradle\caches\8.12\transforms\8038bc4835a6d9e3eef519f148e26b05\transformed\jetified-exoplayer-extractor-2.19.1\AndroidManifest.xml
Loading library manifest C:\Users\User\.gradle\caches\8.12\transforms\dde090a1576390f64d7b842c4dfdd5a6\transformed\jetified-exoplayer-decoder-2.19.1\AndroidManifest.xml
Loading library manifest C:\Users\User\.gradle\caches\8.12\transforms\e420ee8aa176e56526d9923a592a87d0\transformed\jetified-exoplayer-container-2.19.1\AndroidManifest.xml
Loading library manifest C:\Users\User\.gradle\caches\8.12\transforms\6b17a4695f26b5f7ab73d0b46411eb38\transformed\jetified-exoplayer-common-2.19.1\AndroidManifest.xml
Loading library manifest C:\Users\User\.gradle\caches\8.12\transforms\e31f0adee0898e8828e929254d0bdda7\transformed\jetified-gifdecoder-4.14.2\AndroidManifest.xml
Loading library manifest C:\Users\User\.gradle\caches\8.12\transforms\f6665ae9bb22a2a3dadf4f2730e9876e\transformed\exifinterface-1.3.3\AndroidManifest.xml
Loading library manifest C:\Users\User\.gradle\caches\8.12\transforms\8fd1440347084a0ed9e9d35896cd3091\transformed\cursoradapter-1.0.0\AndroidManifest.xml
Loading library manifest C:\Users\User\.gradle\caches\8.12\transforms\2e20a0846923b700ad91504e9019cef0\transformed\interpolator-1.0.0\AndroidManifest.xml
Loading library manifest C:\Users\User\.gradle\caches\8.12\transforms\4bd1c4c51d0ee52a0f897a468295301a\transformed\versionedparcelable-1.1.1\AndroidManifest.xml
Loading library manifest C:\Users\User\.gradle\caches\8.12\transforms\bc0325d02708ca56dd1f5e2b66ebd9d1\transformed\jetified-annotation-experimental-1.4.1\AndroidManifest.xml
Loading library manifest C:\Users\User\.gradle\caches\8.12\transforms\0076d1e736f0af59f8251731ac48e0e4\transformed\multidex-2.0.1\AndroidManifest.xml
Loading library manifest C:\Users\User\.gradle\caches\8.12\transforms\e592d658e9478327ab2ef113dfc42473\transformed\jetified-rxandroid-2.1.1\AndroidManifest.xml
Loading library manifest C:\Users\User\.gradle\caches\8.12\transforms\5ab3e8337cbfdfb90131dda87a93f7da\transformed\jetified-QRGenerator-1.0.1\AndroidManifest.xml
Merging main manifest C:\project\adjaba-player\app\src\main\AndroidManifest.xml

Merging library manifest C:\Users\User\.gradle\caches\8.12\transforms\cb206493feaac2c140c8fffc0a88f28b\transformed\material-1.13.0\AndroidManifest.xml
Merging manifest with lower [com.google.android.material:material:1.13.0] AndroidManifest.xml:17:1-24:12
uses-sdk defined in both files...
Merging uses-sdk with lower [com.google.android.material:material:1.13.0] AndroidManifest.xml:20:5-44
application defined in both files...
Merging application with lower [com.google.android.material:material:1.13.0] AndroidManifest.xml:22:5-20
Merging library manifest C:\Users\User\.gradle\caches\8.12\transforms\a4490dae970deda4d63a67d9903f18b5\transformed\constraintlayout-2.1.4\AndroidManifest.xml
Merging manifest with lower [androidx.constraintlayout:constraintlayout:2.1.4] AndroidManifest.xml:2:1-11:12
uses-sdk defined in both files...
Merging uses-sdk with lower [androidx.constraintlayout:constraintlayout:2.1.4] AndroidManifest.xml:5:5-7:41
application defined in both files...
Merging application with lower [androidx.constraintlayout:constraintlayout:2.1.4] AndroidManifest.xml:9:5-20
Merging library manifest C:\Users\User\.gradle\caches\8.12\transforms\95d58ef2b25af970c444232214399255\transformed\jetified-lottie-6.1.0\AndroidManifest.xml
Merging manifest with lower [com.airbnb.android:lottie:6.1.0] AndroidManifest.xml:2:1-9:12
uses-sdk defined in both files...
Merging uses-sdk with lower [com.airbnb.android:lottie:6.1.0] AndroidManifest.xml:5:5-44
application defined in both files...
Merging application with lower [com.airbnb.android:lottie:6.1.0] AndroidManifest.xml:7:5-20
Merging library manifest C:\Users\User\.gradle\caches\8.12\transforms\dbb75cb953cf1b41d4603fdeeec86978\transformed\jetified-appcompat-resources-1.7.0\AndroidManifest.xml
Merging manifest with lower [androidx.appcompat:appcompat-resources:1.7.0] AndroidManifest.xml:2:1-7:12
uses-sdk defined in both files...
Merging uses-sdk with lower [androidx.appcompat:appcompat-resources:1.7.0] AndroidManifest.xml:5:5-44
Merging library manifest C:\Users\User\.gradle\caches\8.12\transforms\3dd34b759d6c930f8bda0cce28428dce\transformed\appcompat-1.7.0\AndroidManifest.xml
Merging manifest with lower [androidx.appcompat:appcompat:1.7.0] AndroidManifest.xml:2:1-7:12
uses-sdk defined in both files...
Merging uses-sdk with lower [androidx.appcompat:appcompat:1.7.0] AndroidManifest.xml:5:5-44
Merging library manifest C:\Users\User\.gradle\caches\8.12\transforms\e56c634b1bfb1e160611fcb1fee4f488\transformed\jetified-glide-4.14.2\AndroidManifest.xml
Merging manifest with lower [com.github.bumptech.glide:glide:4.14.2] AndroidManifest.xml:2:1-11:12
uses-sdk defined in both files...
Merging uses-sdk with lower [com.github.bumptech.glide:glide:4.14.2] AndroidManifest.xml:5:5-7:41
application defined in both files...
Merging application with lower [com.github.bumptech.glide:glide:4.14.2] AndroidManifest.xml:9:5-20
Merging library manifest C:\Users\User\.gradle\caches\8.12\transforms\81034a8e9325d6b1a1e54e612ca7931a\transformed\jetified-viewpager2-1.0.0\AndroidManifest.xml
Merging manifest with lower [androidx.viewpager2:viewpager2:1.0.0] AndroidManifest.xml:17:1-24:12
uses-sdk defined in both files...
Merging uses-sdk with lower [androidx.viewpager2:viewpager2:1.0.0] AndroidManifest.xml:20:5-22:41
Merging library manifest C:\Users\User\.gradle\caches\8.12\transforms\c5cb10ba5b7623a776292f3c5a16a320\transformed\fragment-1.5.4\AndroidManifest.xml
Merging manifest with lower [androidx.fragment:fragment:1.5.4] AndroidManifest.xml:17:1-24:12
uses-sdk defined in both files...
Merging uses-sdk with lower [androidx.fragment:fragment:1.5.4] AndroidManifest.xml:20:5-22:41
Merging library manifest C:\Users\User\.gradle\caches\8.12\transforms\bd019668c92787376bae899180f1dd4a\transformed\jetified-activity-1.11.0\AndroidManifest.xml
Merging manifest with lower [androidx.activity:activity:1.11.0] AndroidManifest.xml:17:1-22:12
uses-sdk defined in both files...
Merging uses-sdk with lower [androidx.activity:activity:1.11.0] AndroidManifest.xml:20:5-44
Merging library manifest C:\Users\User\.gradle\caches\8.12\transforms\df7ab7ee5afed09d46884e54996f3bb4\transformed\work-runtime-2.9.0\AndroidManifest.xml
Merging manifest with lower [androidx.work:work-runtime:2.9.0] AndroidManifest.xml:17:1-145:12
uses-sdk defined in both files...
Merging uses-sdk with lower [androidx.work:work-runtime:2.9.0] AndroidManifest.xml:21:5-44
Adopted [uses-permission: null]
uses-permission#android.permission.ACCESS_NETWORK_STATE defined in both files...
Merging uses-permission#android.permission.ACCESS_NETWORK_STATE with lower [androidx.work:work-runtime:2.9.0] AndroidManifest.xml:24:5-79
uses-permission#android.permission.RECEIVE_BOOT_COMPLETED defined in both files...
Merging uses-permission#android.permission.RECEIVE_BOOT_COMPLETED with lower [androidx.work:work-runtime:2.9.0] AndroidManifest.xml:25:5-81
Adopted [uses-permission: null]
application defined in both files...
Merging application with lower [androidx.work:work-runtime:2.9.0] AndroidManifest.xml:28:5-143:19
Adopted [provider: null]
Adopted [service: null]
Adopted [service: null]
Adopted [service: null]
Adopted [receiver: null]
Adopted [receiver: null]
Adopted [receiver: null]
Adopted [receiver: null]
Adopted [receiver: null]
Adopted [receiver: null]
Adopted [receiver: null]
Adopted [receiver: null]
Merging library manifest C:\Users\User\.gradle\caches\8.12\transforms\117bac2a9c46391e0ddaf0fe308ba1fd\transformed\jetified-room-ktx-2.6.1\AndroidManifest.xml
Merging manifest with lower [androidx.room:room-ktx:2.6.1] AndroidManifest.xml:17:1-22:12
uses-sdk defined in both files...
Merging uses-sdk with lower [androidx.room:room-ktx:2.6.1] AndroidManifest.xml:20:5-44
Merging library manifest C:\Users\User\.gradle\caches\8.12\transforms\1ba7d729464c734e334963dd58e9168a\transformed\room-runtime-2.6.1\AndroidManifest.xml
Merging manifest with lower [androidx.room:room-runtime:2.6.1] AndroidManifest.xml:17:1-31:12
uses-sdk defined in both files...
Merging uses-sdk with lower [androidx.room:room-runtime:2.6.1] AndroidManifest.xml:21:5-44
application defined in both files...
Merging application with lower [androidx.room:room-runtime:2.6.1] AndroidManifest.xml:23:5-29:19
Adopted [service: null]
Merging library manifest C:\Users\User\.gradle\caches\8.12\transforms\08e3c54c9b4dbd9efddfacfc7529dfe2\transformed\room-rxjava2-2.6.1\AndroidManifest.xml
Merging manifest with lower [androidx.room:room-rxjava2:2.6.1] AndroidManifest.xml:17:1-22:12
uses-sdk defined in both files...
Merging uses-sdk with lower [androidx.room:room-rxjava2:2.6.1] AndroidManifest.xml:20:5-44
Merging library manifest C:\Users\User\.gradle\caches\8.12\transforms\8b541b37d4b3b92857cab164f025faa2\transformed\coordinatorlayout-1.1.0\AndroidManifest.xml
Merging manifest with lower [androidx.coordinatorlayout:coordinatorlayout:1.1.0] AndroidManifest.xml:17:1-24:12
uses-sdk defined in both files...
Merging uses-sdk with lower [androidx.coordinatorlayout:coordinatorlayout:1.1.0] AndroidManifest.xml:20:5-22:41
Merging library manifest C:\Users\User\.gradle\caches\8.12\transforms\ad08228e62b6e1db047de731da555639\transformed\drawerlayout-1.1.1\AndroidManifest.xml
Merging manifest with lower [androidx.drawerlayout:drawerlayout:1.1.1] AndroidManifest.xml:17:1-24:12
uses-sdk defined in both files...
Merging uses-sdk with lower [androidx.drawerlayout:drawerlayout:1.1.1] AndroidManifest.xml:20:5-22:41
Merging library manifest C:\Users\User\.gradle\caches\8.12\transforms\24e0a5ca299b1e83aad4fd5d3626172e\transformed\transition-1.5.0\AndroidManifest.xml
Merging manifest with lower [androidx.transition:transition:1.5.0] AndroidManifest.xml:2:1-7:12
uses-sdk defined in both files...
Merging uses-sdk with lower [androidx.transition:transition:1.5.0] AndroidManifest.xml:5:5-44
Merging library manifest C:\Users\User\.gradle\caches\8.12\transforms\91e88d91a5c340c7035de75da06906bc\transformed\dynamicanimation-1.1.0\AndroidManifest.xml
Merging manifest with lower [androidx.dynamicanimation:dynamicanimation:1.1.0] AndroidManifest.xml:2:1-7:12
uses-sdk defined in both files...
Merging uses-sdk with lower [androidx.dynamicanimation:dynamicanimation:1.1.0] AndroidManifest.xml:5:5-44
Merging library manifest C:\Users\User\.gradle\caches\8.12\transforms\cfa99eb3ae6a8253dd2367bf8811990c\transformed\vectordrawable-animated-1.1.0\AndroidManifest.xml
Merging manifest with lower [androidx.vectordrawable:vectordrawable-animated:1.1.0] AndroidManifest.xml:17:1-24:12
uses-sdk defined in both files...
Merging uses-sdk with lower [androidx.vectordrawable:vectordrawable-animated:1.1.0] AndroidManifest.xml:20:5-22:41
Merging library manifest C:\Users\User\.gradle\caches\8.12\transforms\579aee70126213229352319de11aeefa\transformed\vectordrawable-1.1.0\AndroidManifest.xml
Merging manifest with lower [androidx.vectordrawable:vectordrawable:1.1.0] AndroidManifest.xml:17:1-24:12
uses-sdk defined in both files...
Merging uses-sdk with lower [androidx.vectordrawable:vectordrawable:1.1.0] AndroidManifest.xml:20:5-22:41
Merging library manifest C:\Users\User\.gradle\caches\8.12\transforms\128bc39ac0d6aaa96d9056b5d02c471f\transformed\jetified-exoplayer-2.19.1\AndroidManifest.xml
Merging manifest with lower [com.google.android.exoplayer:exoplayer:2.19.1] AndroidManifest.xml:17:1-24:12
uses-sdk defined in both files...
Merging uses-sdk with lower [com.google.android.exoplayer:exoplayer:2.19.1] AndroidManifest.xml:20:5-22:41
Merging library manifest C:\Users\User\.gradle\caches\8.12\transforms\ed23429ad2f785ee2220ca70b2153f36\transformed\jetified-exoplayer-dash-2.19.1\AndroidManifest.xml
Merging manifest with lower [com.google.android.exoplayer:exoplayer-dash:2.19.1] AndroidManifest.xml:17:1-24:12
uses-sdk defined in both files...
Merging uses-sdk with lower [com.google.android.exoplayer:exoplayer-dash:2.19.1] AndroidManifest.xml:20:5-22:41
Merging library manifest C:\Users\User\.gradle\caches\8.12\transforms\40b755edd4f0798a2110ee3c8ae2e724\transformed\jetified-exoplayer-hls-2.19.1\AndroidManifest.xml
Merging manifest with lower [com.google.android.exoplayer:exoplayer-hls:2.19.1] AndroidManifest.xml:17:1-24:12
uses-sdk defined in both files...
Merging uses-sdk with lower [com.google.android.exoplayer:exoplayer-hls:2.19.1] AndroidManifest.xml:20:5-22:41
Merging library manifest C:\Users\User\.gradle\caches\8.12\transforms\aa21cdbbca7098464b3fdd90adff8ed2\transformed\jetified-exoplayer-rtsp-2.19.1\AndroidManifest.xml
Merging manifest with lower [com.google.android.exoplayer:exoplayer-rtsp:2.19.1] AndroidManifest.xml:17:1-24:12
uses-sdk defined in both files...
Merging uses-sdk with lower [com.google.android.exoplayer:exoplayer-rtsp:2.19.1] AndroidManifest.xml:20:5-22:41
Merging library manifest C:\Users\User\.gradle\caches\8.12\transforms\2251569f0ae9d5ff505d82284f61fd2e\transformed\jetified-exoplayer-smoothstreaming-2.19.1\AndroidManifest.xml
Merging manifest with lower [com.google.android.exoplayer:exoplayer-smoothstreaming:2.19.1] AndroidManifest.xml:17:1-24:12
uses-sdk defined in both files...
Merging uses-sdk with lower [com.google.android.exoplayer:exoplayer-smoothstreaming:2.19.1] AndroidManifest.xml:20:5-22:41
Merging library manifest C:\Users\User\.gradle\caches\8.12\transforms\527eccf1184b4cf6bec86aa0db84b6b7\transformed\jetified-exoplayer-core-2.19.1\AndroidManifest.xml
Merging manifest with lower [com.google.android.exoplayer:exoplayer-core:2.19.1] AndroidManifest.xml:17:1-26:12
uses-sdk defined in both files...
Merging uses-sdk with lower [com.google.android.exoplayer:exoplayer-core:2.19.1] AndroidManifest.xml:20:5-22:41
uses-permission#android.permission.ACCESS_NETWORK_STATE defined in both files...
Merging uses-permission#android.permission.ACCESS_NETWORK_STATE with lower [com.google.android.exoplayer:exoplayer-core:2.19.1] AndroidManifest.xml:24:5-79
Merging library manifest C:\Users\User\.gradle\caches\8.12\transforms\9f6e5c6908e169c19c169c53c851ae8e\transformed\jetified-exoplayer-ui-2.19.1\AndroidManifest.xml
Merging manifest with lower [com.google.android.exoplayer:exoplayer-ui:2.19.1] AndroidManifest.xml:17:1-24:12
uses-sdk defined in both files...
Merging uses-sdk with lower [com.google.android.exoplayer:exoplayer-ui:2.19.1] AndroidManifest.xml:20:5-22:41
Merging library manifest C:\Users\User\.gradle\caches\8.12\transforms\0a2241a8dd65291b4cd1859140971b29\transformed\recyclerview-1.3.0\AndroidManifest.xml
Merging manifest with lower [androidx.recyclerview:recyclerview:1.3.0] AndroidManifest.xml:17:1-22:12
uses-sdk defined in both files...
Merging uses-sdk with lower [androidx.recyclerview:recyclerview:1.3.0] AndroidManifest.xml:20:5-44
Merging library manifest C:\Users\User\.gradle\caches\8.12\transforms\7a76f02512873108c7e6bc2e2a8f7c6d\transformed\media-1.6.0\AndroidManifest.xml
Merging manifest with lower [androidx.media:media:1.6.0] AndroidManifest.xml:17:1-24:12
uses-sdk defined in both files...
Merging uses-sdk with lower [androidx.media:media:1.6.0] AndroidManifest.xml:20:5-22:41
Merging library manifest C:\Users\User\.gradle\caches\8.12\transforms\f0e5b38d68b550af9ae04bbb5ee20114\transformed\jetified-emoji2-views-helper-1.3.0\AndroidManifest.xml
Merging manifest with lower [androidx.emoji2:emoji2-views-helper:1.3.0] AndroidManifest.xml:2:1-7:12
uses-sdk defined in both files...
Merging uses-sdk with lower [androidx.emoji2:emoji2-views-helper:1.3.0] AndroidManifest.xml:5:5-44
Merging library manifest C:\Users\User\.gradle\caches\8.12\transforms\fe7c62ec3d8ec7079c9d7e91d509df82\transformed\jetified-emoji2-1.3.0\AndroidManifest.xml
Merging manifest with lower [androidx.emoji2:emoji2:1.3.0] AndroidManifest.xml:17:1-35:12
uses-sdk defined in both files...
Merging uses-sdk with lower [androidx.emoji2:emoji2:1.3.0] AndroidManifest.xml:21:5-44
application defined in both files...
Merging application with lower [androidx.emoji2:emoji2:1.3.0] AndroidManifest.xml:23:5-33:19
provider#androidx.startup.InitializationProvider defined in both files...
Merging provider#androidx.startup.InitializationProvider with lower [androidx.emoji2:emoji2:1.3.0] AndroidManifest.xml:24:9-32:20
Adopted [meta-data: null]
Merging library manifest C:\Users\User\.gradle\caches\8.12\transforms\496e057e6388ee9fede0ddc4b09f5914\transformed\viewpager-1.0.0\AndroidManifest.xml
Merging manifest with lower [androidx.viewpager:viewpager:1.0.0] AndroidManifest.xml:17:1-22:12
uses-sdk defined in both files...
Merging uses-sdk with lower [androidx.viewpager:viewpager:1.0.0] AndroidManifest.xml:20:5-44
Merging library manifest C:\Users\User\.gradle\caches\8.12\transforms\7ce07d4473d86f8eae3e2ec66250f587\transformed\customview-1.1.0\AndroidManifest.xml
Merging manifest with lower [androidx.customview:customview:1.1.0] AndroidManifest.xml:17:1-24:12
uses-sdk defined in both files...
Merging uses-sdk with lower [androidx.customview:customview:1.1.0] AndroidManifest.xml:20:5-22:41
Merging library manifest C:\Users\User\.gradle\caches\8.12\transforms\dc3a102d504473eb49122c6c8ddfeb71\transformed\loader-1.0.0\AndroidManifest.xml
Merging manifest with lower [androidx.loader:loader:1.0.0] AndroidManifest.xml:17:1-22:12
uses-sdk defined in both files...
Merging uses-sdk with lower [androidx.loader:loader:1.0.0] AndroidManifest.xml:20:5-44
Merging library manifest C:\Users\User\.gradle\caches\8.12\transforms\3ea534d227db1d2a0b15db88ad6d2b99\transformed\core-1.13.0\AndroidManifest.xml
Merging manifest with lower [androidx.core:core:1.13.0] AndroidManifest.xml:17:1-30:12
uses-sdk defined in both files...
Merging uses-sdk with lower [androidx.core:core:1.13.0] AndroidManifest.xml:20:5-44
Adopted [permission: null]
Adopted [uses-permission: null]
application defined in both files...
Merging application with lower [androidx.core:core:1.13.0] AndroidManifest.xml:28:5-89
Merging library manifest C:\Users\User\.gradle\caches\8.12\transforms\1139f689b7c4d7f0ff205f3eea4aa3fa\transformed\jetified-graphics-shapes-release\AndroidManifest.xml
Merging manifest with lower [androidx.graphics:graphics-shapes-android:1.0.1] AndroidManifest.xml:2:1-7:12
uses-sdk defined in both files...
Merging uses-sdk with lower [androidx.graphics:graphics-shapes-android:1.0.1] AndroidManifest.xml:5:5-44
Merging library manifest C:\Users\User\.gradle\caches\8.12\transforms\35c2fa2c16fcfefbd34f6fa67f7965ec\transformed\jetified-customview-poolingcontainer-1.0.0\AndroidManifest.xml
Merging manifest with lower [androidx.customview:customview-poolingcontainer:1.0.0] AndroidManifest.xml:17:1-23:12
uses-sdk defined in both files...
Merging uses-sdk with lower [androidx.customview:customview-poolingcontainer:1.0.0] AndroidManifest.xml:20:5-21:38
Merging library manifest C:\Users\User\.gradle\caches\8.12\transforms\c0f47557c937dc0de1cb3fd26fd8a63e\transformed\jetified-savedstate-1.2.1\AndroidManifest.xml
Merging manifest with lower [androidx.savedstate:savedstate:1.2.1] AndroidManifest.xml:17:1-22:12
uses-sdk defined in both files...
Merging uses-sdk with lower [androidx.savedstate:savedstate:1.2.1] AndroidManifest.xml:20:5-44
Merging library manifest C:\Users\User\.gradle\caches\8.12\transforms\4219ea900ceea63f2339b727d3081661\transformed\lifecycle-viewmodel-2.6.2\AndroidManifest.xml
Merging manifest with lower [androidx.lifecycle:lifecycle-viewmodel:2.6.2] AndroidManifest.xml:17:1-22:12
uses-sdk defined in both files...
Merging uses-sdk with lower [androidx.lifecycle:lifecycle-viewmodel:2.6.2] AndroidManifest.xml:20:5-44
Merging library manifest C:\Users\User\.gradle\caches\8.12\transforms\567d6fb2d9583a8b11a12ed10e5a46ba\transformed\jetified-lifecycle-service-2.6.2\AndroidManifest.xml
Merging manifest with lower [androidx.lifecycle:lifecycle-service:2.6.2] AndroidManifest.xml:17:1-22:12
uses-sdk defined in both files...
Merging uses-sdk with lower [androidx.lifecycle:lifecycle-service:2.6.2] AndroidManifest.xml:20:5-44
Merging library manifest C:\Users\User\.gradle\caches\8.12\transforms\abfe477a1291cf3ec24fe7018d970121\transformed\jetified-lifecycle-process-2.6.2\AndroidManifest.xml
Merging manifest with lower [androidx.lifecycle:lifecycle-process:2.6.2] AndroidManifest.xml:17:1-35:12
uses-sdk defined in both files...
Merging uses-sdk with lower [androidx.lifecycle:lifecycle-process:2.6.2] AndroidManifest.xml:21:5-44
application defined in both files...
Merging application with lower [androidx.lifecycle:lifecycle-process:2.6.2] AndroidManifest.xml:23:5-33:19
provider#androidx.startup.InitializationProvider defined in both files...
Merging provider#androidx.startup.InitializationProvider with lower [androidx.lifecycle:lifecycle-process:2.6.2] AndroidManifest.xml:24:9-32:20
Adopted [meta-data: null]
Merging library manifest C:\Users\User\.gradle\caches\8.12\transforms\9751041c56b8eb1f34c09953628b1905\transformed\lifecycle-livedata-core-2.6.2\AndroidManifest.xml
Merging manifest with lower [androidx.lifecycle:lifecycle-livedata-core:2.6.2] AndroidManifest.xml:17:1-22:12
uses-sdk defined in both files...
Merging uses-sdk with lower [androidx.lifecycle:lifecycle-livedata-core:2.6.2] AndroidManifest.xml:20:5-44
Merging library manifest C:\Users\User\.gradle\caches\8.12\transforms\1fee23112d66157c17606c0c191832e4\transformed\lifecycle-livedata-2.6.2\AndroidManifest.xml
Merging manifest with lower [androidx.lifecycle:lifecycle-livedata:2.6.2] AndroidManifest.xml:17:1-22:12
uses-sdk defined in both files...
Merging uses-sdk with lower [androidx.lifecycle:lifecycle-livedata:2.6.2] AndroidManifest.xml:20:5-44
Merging library manifest C:\Users\User\.gradle\caches\8.12\transforms\a4dcffeb92ed6d9305a41e99e9ba5b12\transformed\lifecycle-runtime-2.6.2\AndroidManifest.xml
Merging manifest with lower [androidx.lifecycle:lifecycle-runtime:2.6.2] AndroidManifest.xml:2:1-7:12
uses-sdk defined in both files...
Merging uses-sdk with lower [androidx.lifecycle:lifecycle-runtime:2.6.2] AndroidManifest.xml:5:5-44
Merging library manifest C:\Users\User\.gradle\caches\8.12\transforms\3ec77582b2585f5372fcf13eb54bb34e\transformed\jetified-lifecycle-viewmodel-savedstate-2.6.2\AndroidManifest.xml
Merging manifest with lower [androidx.lifecycle:lifecycle-viewmodel-savedstate:2.6.2] AndroidManifest.xml:17:1-22:12
uses-sdk defined in both files...
Merging uses-sdk with lower [androidx.lifecycle:lifecycle-viewmodel-savedstate:2.6.2] AndroidManifest.xml:20:5-44
Merging library manifest C:\Users\User\.gradle\caches\8.12\transforms\4fd70ec199840e9214f918440de0c99d\transformed\jetified-core-ktx-1.13.0\AndroidManifest.xml
Merging manifest with lower [androidx.core:core-ktx:1.13.0] AndroidManifest.xml:2:1-7:12
uses-sdk defined in both files...
Merging uses-sdk with lower [androidx.core:core-ktx:1.13.0] AndroidManifest.xml:5:5-44
Merging library manifest C:\Users\User\.gradle\caches\8.12\transforms\a046a1b7f313f2b59644041d541ed40e\transformed\jetified-core-viewtree-1.0.0\AndroidManifest.xml
Merging manifest with lower [androidx.core:core-viewtree:1.0.0] AndroidManifest.xml:2:1-7:12
uses-sdk defined in both files...
Merging uses-sdk with lower [androidx.core:core-viewtree:1.0.0] AndroidManifest.xml:5:5-44
Merging library manifest C:\Users\User\.gradle\caches\8.12\transforms\6e3f473a397d7976c775841c2e7f2fb3\transformed\sqlite-framework-2.4.0\AndroidManifest.xml
Merging manifest with lower [androidx.sqlite:sqlite-framework:2.4.0] AndroidManifest.xml:17:1-22:12
uses-sdk defined in both files...
Merging uses-sdk with lower [androidx.sqlite:sqlite-framework:2.4.0] AndroidManifest.xml:20:5-44
Merging library manifest C:\Users\User\.gradle\caches\8.12\transforms\fca95a9cf62b336213bb0c28af31329c\transformed\sqlite-2.4.0\AndroidManifest.xml
Merging manifest with lower [androidx.sqlite:sqlite:2.4.0] AndroidManifest.xml:17:1-22:12
uses-sdk defined in both files...
Merging uses-sdk with lower [androidx.sqlite:sqlite:2.4.0] AndroidManifest.xml:20:5-44
Merging library manifest C:\Users\User\.gradle\caches\8.12\transforms\0da1c3e09f1716805f56f8670e21481c\transformed\jetified-shimmer-0.5.0\AndroidManifest.xml
Merging manifest with lower [com.facebook.shimmer:shimmer:0.5.0] AndroidManifest.xml:2:1-7:12
uses-sdk defined in both files...
Merging uses-sdk with lower [com.facebook.shimmer:shimmer:0.5.0] AndroidManifest.xml:5:5-44
Merging library manifest C:\Users\User\.gradle\caches\8.12\transforms\ff83c14a097a22fb97662d70038065c9\transformed\jetified-security-crypto-1.1.0-alpha06\AndroidManifest.xml
Merging manifest with lower [androidx.security:security-crypto:1.1.0-alpha06] AndroidManifest.xml:17:1-22:12
uses-sdk defined in both files...
Merging uses-sdk with lower [androidx.security:security-crypto:1.1.0-alpha06] AndroidManifest.xml:20:5-44
Merging library manifest C:\Users\User\.gradle\caches\8.12\transforms\a743a6ee1812078e80d3c8f115f9e74c\transformed\cardview-1.0.0\AndroidManifest.xml
Merging manifest with lower [androidx.cardview:cardview:1.0.0] AndroidManifest.xml:17:1-22:12
uses-sdk defined in both files...
Merging uses-sdk with lower [androidx.cardview:cardview:1.0.0] AndroidManifest.xml:20:5-44
Merging library manifest C:\Users\User\.gradle\caches\8.12\transforms\e50e2d534626f99caaa4880cd65a447d\transformed\jetified-profileinstaller-1.4.0\AndroidManifest.xml
Merging manifest with lower [androidx.profileinstaller:profileinstaller:1.4.0] AndroidManifest.xml:17:1-55:12
uses-sdk defined in both files...
Merging uses-sdk with lower [androidx.profileinstaller:profileinstaller:1.4.0] AndroidManifest.xml:21:5-44
application defined in both files...
Merging application with lower [androidx.profileinstaller:profileinstaller:1.4.0] AndroidManifest.xml:23:5-53:19
provider#androidx.startup.InitializationProvider defined in both files...
Merging provider#androidx.startup.InitializationProvider with lower [androidx.profileinstaller:profileinstaller:1.4.0] AndroidManifest.xml:24:9-32:20
Adopted [meta-data: null]
Adopted [receiver: null]
Merging library manifest C:\Users\User\.gradle\caches\8.12\transforms\b77004cf184d06413c9ebd47cc88830e\transformed\jetified-startup-runtime-1.1.1\AndroidManifest.xml
Merging manifest with lower [androidx.startup:startup-runtime:1.1.1] AndroidManifest.xml:17:1-33:12
uses-sdk defined in both files...
Merging uses-sdk with lower [androidx.startup:startup-runtime:1.1.1] AndroidManifest.xml:21:5-23:41
application defined in both files...
Merging application with lower [androidx.startup:startup-runtime:1.1.1] AndroidManifest.xml:25:5-31:19
provider#androidx.startup.InitializationProvider defined in both files...
Merging provider#androidx.startup.InitializationProvider with lower [androidx.startup:startup-runtime:1.1.1] AndroidManifest.xml:26:9-30:34
Merging library manifest C:\Users\User\.gradle\caches\8.12\transforms\7a66c845657a296d10aebfc93f888639\transformed\jetified-tracing-1.0.0\AndroidManifest.xml
Merging manifest with lower [androidx.tracing:tracing:1.0.0] AndroidManifest.xml:17:1-24:12
uses-sdk defined in both files...
Merging uses-sdk with lower [androidx.tracing:tracing:1.0.0] AndroidManifest.xml:20:5-22:41
Merging library manifest C:\Users\User\.gradle\caches\8.12\transforms\d2bb9f3c2a50c2739907e49162135436\transformed\core-runtime-2.2.0\AndroidManifest.xml
Merging manifest with lower [androidx.arch.core:core-runtime:2.2.0] AndroidManifest.xml:17:1-22:12
uses-sdk defined in both files...
Merging uses-sdk with lower [androidx.arch.core:core-runtime:2.2.0] AndroidManifest.xml:20:5-44
Merging library manifest C:\Users\User\.gradle\caches\8.12\transforms\45878c82bf5fbe82f905ea785da5c18b\transformed\jetified-exoplayer-datasource-2.19.1\AndroidManifest.xml
Merging manifest with lower [com.google.android.exoplayer:exoplayer-datasource:2.19.1] AndroidManifest.xml:17:1-24:12
uses-sdk defined in both files...
Merging uses-sdk with lower [com.google.android.exoplayer:exoplayer-datasource:2.19.1] AndroidManifest.xml:20:5-22:41
Merging library manifest C:\Users\User\.gradle\caches\8.12\transforms\59f4de68596687ba6340e3d3ea23c03e\transformed\jetified-exoplayer-database-2.19.1\AndroidManifest.xml
Merging manifest with lower [com.google.android.exoplayer:exoplayer-database:2.19.1] AndroidManifest.xml:17:1-24:12
uses-sdk defined in both files...
Merging uses-sdk with lower [com.google.android.exoplayer:exoplayer-database:2.19.1] AndroidManifest.xml:20:5-22:41
Merging library manifest C:\Users\User\.gradle\caches\8.12\transforms\8038bc4835a6d9e3eef519f148e26b05\transformed\jetified-exoplayer-extractor-2.19.1\AndroidManifest.xml
Merging manifest with lower [com.google.android.exoplayer:exoplayer-extractor:2.19.1] AndroidManifest.xml:17:1-24:12
uses-sdk defined in both files...
Merging uses-sdk with lower [com.google.android.exoplayer:exoplayer-extractor:2.19.1] AndroidManifest.xml:20:5-22:41
Merging library manifest C:\Users\User\.gradle\caches\8.12\transforms\dde090a1576390f64d7b842c4dfdd5a6\transformed\jetified-exoplayer-decoder-2.19.1\AndroidManifest.xml
Merging manifest with lower [com.google.android.exoplayer:exoplayer-decoder:2.19.1] AndroidManifest.xml:17:1-24:12
uses-sdk defined in both files...
Merging uses-sdk with lower [com.google.android.exoplayer:exoplayer-decoder:2.19.1] AndroidManifest.xml:20:5-22:41
Merging library manifest C:\Users\User\.gradle\caches\8.12\transforms\e420ee8aa176e56526d9923a592a87d0\transformed\jetified-exoplayer-container-2.19.1\AndroidManifest.xml
Merging manifest with lower [com.google.android.exoplayer:exoplayer-container:2.19.1] AndroidManifest.xml:17:1-24:12
uses-sdk defined in both files...
Merging uses-sdk with lower [com.google.android.exoplayer:exoplayer-container:2.19.1] AndroidManifest.xml:20:5-22:41
Merging library manifest C:\Users\User\.gradle\caches\8.12\transforms\6b17a4695f26b5f7ab73d0b46411eb38\transformed\jetified-exoplayer-common-2.19.1\AndroidManifest.xml
Merging manifest with lower [com.google.android.exoplayer:exoplayer-common:2.19.1] AndroidManifest.xml:17:1-26:12
uses-sdk defined in both files...
Merging uses-sdk with lower [com.google.android.exoplayer:exoplayer-common:2.19.1] AndroidManifest.xml:20:5-22:41
uses-permission#android.permission.ACCESS_NETWORK_STATE defined in both files...
Merging uses-permission#android.permission.ACCESS_NETWORK_STATE with lower [com.google.android.exoplayer:exoplayer-common:2.19.1] AndroidManifest.xml:24:5-79
Merging library manifest C:\Users\User\.gradle\caches\8.12\transforms\e31f0adee0898e8828e929254d0bdda7\transformed\jetified-gifdecoder-4.14.2\AndroidManifest.xml
Merging manifest with lower [com.github.bumptech.glide:gifdecoder:4.14.2] AndroidManifest.xml:2:1-11:12
uses-sdk defined in both files...
Merging uses-sdk with lower [com.github.bumptech.glide:gifdecoder:4.14.2] AndroidManifest.xml:5:5-7:41
application defined in both files...
Merging application with lower [com.github.bumptech.glide:gifdecoder:4.14.2] AndroidManifest.xml:9:5-20
Merging library manifest C:\Users\User\.gradle\caches\8.12\transforms\f6665ae9bb22a2a3dadf4f2730e9876e\transformed\exifinterface-1.3.3\AndroidManifest.xml
Merging manifest with lower [androidx.exifinterface:exifinterface:1.3.3] AndroidManifest.xml:17:1-24:12
uses-sdk defined in both files...
Merging uses-sdk with lower [androidx.exifinterface:exifinterface:1.3.3] AndroidManifest.xml:20:5-22:41
Merging library manifest C:\Users\User\.gradle\caches\8.12\transforms\8fd1440347084a0ed9e9d35896cd3091\transformed\cursoradapter-1.0.0\AndroidManifest.xml
Merging manifest with lower [androidx.cursoradapter:cursoradapter:1.0.0] AndroidManifest.xml:17:1-22:12
uses-sdk defined in both files...
Merging uses-sdk with lower [androidx.cursoradapter:cursoradapter:1.0.0] AndroidManifest.xml:20:5-44
Merging library manifest C:\Users\User\.gradle\caches\8.12\transforms\2e20a0846923b700ad91504e9019cef0\transformed\interpolator-1.0.0\AndroidManifest.xml
Merging manifest with lower [androidx.interpolator:interpolator:1.0.0] AndroidManifest.xml:17:1-22:12
uses-sdk defined in both files...
Merging uses-sdk with lower [androidx.interpolator:interpolator:1.0.0] AndroidManifest.xml:20:5-44
Merging library manifest C:\Users\User\.gradle\caches\8.12\transforms\4bd1c4c51d0ee52a0f897a468295301a\transformed\versionedparcelable-1.1.1\AndroidManifest.xml
Merging manifest with lower [androidx.versionedparcelable:versionedparcelable:1.1.1] AndroidManifest.xml:17:1-27:12
uses-sdk defined in both files...
Merging uses-sdk with lower [androidx.versionedparcelable:versionedparcelable:1.1.1] AndroidManifest.xml:20:5-22:41
application defined in both files...
Merging application with lower [androidx.versionedparcelable:versionedparcelable:1.1.1] AndroidManifest.xml:24:5-25:19
Merging library manifest C:\Users\User\.gradle\caches\8.12\transforms\bc0325d02708ca56dd1f5e2b66ebd9d1\transformed\jetified-annotation-experimental-1.4.1\AndroidManifest.xml
Merging manifest with lower [androidx.annotation:annotation-experimental:1.4.1] AndroidManifest.xml:2:1-7:12
uses-sdk defined in both files...
Merging uses-sdk with lower [androidx.annotation:annotation-experimental:1.4.1] AndroidManifest.xml:5:5-44
Merging library manifest C:\Users\User\.gradle\caches\8.12\transforms\0076d1e736f0af59f8251731ac48e0e4\transformed\multidex-2.0.1\AndroidManifest.xml
Merging manifest with lower [androidx.multidex:multidex:2.0.1] AndroidManifest.xml:17:1-22:12
uses-sdk defined in both files...
Merging uses-sdk with lower [androidx.multidex:multidex:2.0.1] AndroidManifest.xml:20:5-43
Merging library manifest C:\Users\User\.gradle\caches\8.12\transforms\e592d658e9478327ab2ef113dfc42473\transformed\jetified-rxandroid-2.1.1\AndroidManifest.xml
Merging manifest with lower [io.reactivex.rxjava2:rxandroid:2.1.1] AndroidManifest.xml:15:1-20:12
uses-sdk defined in both files...
Merging uses-sdk with lower [io.reactivex.rxjava2:rxandroid:2.1.1] AndroidManifest.xml:18:5-43
Merging library manifest C:\Users\User\.gradle\caches\8.12\transforms\5ab3e8337cbfdfb90131dda87a93f7da\transformed\jetified-QRGenerator-1.0.1\AndroidManifest.xml
Merging manifest with lower [com.github.androidmads:QRGenerator:1.0.1] AndroidManifest.xml:2:1-14:12
uses-sdk defined in both files...
Merging uses-sdk with lower [com.github.androidmads:QRGenerator:1.0.1] AndroidManifest.xml:5:5-7:41
Adopted [uses-permission: null]
application defined in both files...
Merging application with lower [com.github.androidmads:QRGenerator:1.0.1] AndroidManifest.xml:11:5-12:19
Merging result: SUCCESS
1<?xml version="1.0" encoding="utf-8"?>
2<manifest xmlns:android="http://schemas.android.com/apk/res/android"
3    package="com.adjaba"
4    android:versionCode="1"
5    android:versionName="1.0" >
6
7    <uses-sdk
8        android:minSdkVersion="21"
9        android:targetSdkVersion="34" />
10
11    <uses-permission android:name="android.permission.ACCESS_NETWORK_STATE" />
11-->C:\project\adjaba-player\app\src\main\AndroidManifest.xml:6:5-79
11-->C:\project\adjaba-player\app\src\main\AndroidManifest.xml:6:22-76
12
13    <uses-feature
13-->C:\project\adjaba-player\app\src\main\AndroidManifest.xml:7:5-9:36
14        android:name="android.software.leanback"
14-->C:\project\adjaba-player\app\src\main\AndroidManifest.xml:8:9-49
15        android:required="false" />
15-->C:\project\adjaba-player\app\src\main\AndroidManifest.xml:9:9-33
16
17    <uses-permission android:name="android.permission.INTERNET" />
17-->C:\project\adjaba-player\app\src\main\AndroidManifest.xml:10:5-67
17-->C:\project\adjaba-player\app\src\main\AndroidManifest.xml:10:22-64
18
19    <uses-feature
19-->C:\project\adjaba-player\app\src\main\AndroidManifest.xml:11:5-13:36
20        android:name="android.hardware.touchscreen"
20-->C:\project\adjaba-player\app\src\main\AndroidManifest.xml:12:9-52
21        android:required="false" />
21-->C:\project\adjaba-player\app\src\main\AndroidManifest.xml:13:9-33
22
23    <uses-permission android:name="android.permission.RECEIVE_BOOT_COMPLETED" />
23-->C:\project\adjaba-player\app\src\main\AndroidManifest.xml:15:5-81
23-->C:\project\adjaba-player\app\src\main\AndroidManifest.xml:15:22-78
24    <uses-permission android:name="android.permission.WAKE_LOCK" />
24-->[androidx.work:work-runtime:2.9.0] C:\Users\User\.gradle\caches\8.12\transforms\df7ab7ee5afed09d46884e54996f3bb4\transformed\work-runtime-2.9.0\AndroidManifest.xml:23:5-68
24-->[androidx.work:work-runtime:2.9.0] C:\Users\User\.gradle\caches\8.12\transforms\df7ab7ee5afed09d46884e54996f3bb4\transformed\work-runtime-2.9.0\AndroidManifest.xml:23:22-65
25    <uses-permission android:name="android.permission.FOREGROUND_SERVICE" />
25-->[androidx.work:work-runtime:2.9.0] C:\Users\User\.gradle\caches\8.12\transforms\df7ab7ee5afed09d46884e54996f3bb4\transformed\work-runtime-2.9.0\AndroidManifest.xml:26:5-77
25-->[androidx.work:work-runtime:2.9.0] C:\Users\User\.gradle\caches\8.12\transforms\df7ab7ee5afed09d46884e54996f3bb4\transformed\work-runtime-2.9.0\AndroidManifest.xml:26:22-74
26
27    <permission
27-->[androidx.core:core:1.13.0] C:\Users\User\.gradle\caches\8.12\transforms\3ea534d227db1d2a0b15db88ad6d2b99\transformed\core-1.13.0\AndroidManifest.xml:22:5-24:47
28        android:name="com.adjaba.DYNAMIC_RECEIVER_NOT_EXPORTED_PERMISSION"
28-->[androidx.core:core:1.13.0] C:\Users\User\.gradle\caches\8.12\transforms\3ea534d227db1d2a0b15db88ad6d2b99\transformed\core-1.13.0\AndroidManifest.xml:23:9-81
29        android:protectionLevel="signature" />
29-->[androidx.core:core:1.13.0] C:\Users\User\.gradle\caches\8.12\transforms\3ea534d227db1d2a0b15db88ad6d2b99\transformed\core-1.13.0\AndroidManifest.xml:24:9-44
30
31    <uses-permission android:name="com.adjaba.DYNAMIC_RECEIVER_NOT_EXPORTED_PERMISSION" />
31-->[androidx.core:core:1.13.0] C:\Users\User\.gradle\caches\8.12\transforms\3ea534d227db1d2a0b15db88ad6d2b99\transformed\core-1.13.0\AndroidManifest.xml:26:5-97
31-->[androidx.core:core:1.13.0] C:\Users\User\.gradle\caches\8.12\transforms\3ea534d227db1d2a0b15db88ad6d2b99\transformed\core-1.13.0\AndroidManifest.xml:26:22-94
32    <uses-permission android:name="android.permission.WRITE_EXTERNAL_STORAGE" />
32-->[com.github.androidmads:QRGenerator:1.0.1] C:\Users\User\.gradle\caches\8.12\transforms\5ab3e8337cbfdfb90131dda87a93f7da\transformed\jetified-QRGenerator-1.0.1\AndroidManifest.xml:9:5-81
32-->[com.github.androidmads:QRGenerator:1.0.1] C:\Users\User\.gradle\caches\8.12\transforms\5ab3e8337cbfdfb90131dda87a93f7da\transformed\jetified-QRGenerator-1.0.1\AndroidManifest.xml:9:22-78
33    <uses-permission android:name="android.permission.READ_EXTERNAL_STORAGE" />
34
35    <application
35-->C:\project\adjaba-player\app\src\main\AndroidManifest.xml:17:5-66:19
36        android:name="com.adjaba.App"
36-->C:\project\adjaba-player\app\src\main\AndroidManifest.xml:18:9-28
37        android:allowBackup="true"
37-->C:\project\adjaba-player\app\src\main\AndroidManifest.xml:19:9-35
38        android:appComponentFactory="androidx.core.app.CoreComponentFactory"
38-->[androidx.core:core:1.13.0] C:\Users\User\.gradle\caches\8.12\transforms\3ea534d227db1d2a0b15db88ad6d2b99\transformed\core-1.13.0\AndroidManifest.xml:28:18-86
39        android:banner="@mipmap/app_icon"
39-->C:\project\adjaba-player\app\src\main\AndroidManifest.xml:20:9-42
40        android:extractNativeLibs="true"
41        android:icon="@mipmap/app_icon"
41-->C:\project\adjaba-player\app\src\main\AndroidManifest.xml:21:9-40
42        android:installLocation="internalOnly"
42-->C:\project\adjaba-player\app\src\main\AndroidManifest.xml:22:9-47
43        android:label="@string/app_name"
43-->C:\project\adjaba-player\app\src\main\AndroidManifest.xml:23:9-41
44        android:largeHeap="true"
44-->C:\project\adjaba-player\app\src\main\AndroidManifest.xml:24:9-33
45        android:roundIcon="@mipmap/app_icon"
45-->C:\project\adjaba-player\app\src\main\AndroidManifest.xml:25:9-45
46        android:supportsRtl="true"
46-->C:\project\adjaba-player\app\src\main\AndroidManifest.xml:26:9-35
47        android:theme="@style/Theme.Transparent" >
47-->C:\project\adjaba-player\app\src\main\AndroidManifest.xml:27:9-49
48        <activity
48-->C:\project\adjaba-player\app\src\main\AndroidManifest.xml:30:9-32:40
49            android:name="com.adjaba.activities.AdvertLandWatch"
49-->C:\project\adjaba-player\app\src\main\AndroidManifest.xml:31:13-55
50            android:exported="false" />
50-->C:\project\adjaba-player\app\src\main\AndroidManifest.xml:32:13-37
51        <activity
51-->C:\project\adjaba-player\app\src\main\AndroidManifest.xml:33:9-35:40
52            android:name="com.adjaba.activities.InfoActivity"
52-->C:\project\adjaba-player\app\src\main\AndroidManifest.xml:34:13-52
53            android:exported="false" /> <!-- Ï┤ÏºÏ┤Ï® Ïº┘ä┘àÏ╣Ïº┘è┘åÏ® -->
53-->C:\project\adjaba-player\app\src\main\AndroidManifest.xml:35:13-37
54        <activity
54-->C:\project\adjaba-player\app\src\main\AndroidManifest.xml:36:9-38:39
55            android:name="com.adjaba.activities.PreviewAds"
55-->C:\project\adjaba-player\app\src\main\AndroidManifest.xml:37:13-50
56            android:exported="true" /> <!-- Ï┤ÏºÏ┤Ï® Ï¬Ï│Ï¼┘è┘ä Ïº┘äÏ»Ï«┘ê┘äÏî ┘ç┘è Main ┘ä┘ä┘à┘êÏ¿Ïº┘è┘ä ┘êTV -->
56-->C:\project\adjaba-player\app\src\main\AndroidManifest.xml:38:13-36
57        <activity
57-->C:\project\adjaba-player\app\src\main\AndroidManifest.xml:39:9-57:20
58            android:name="com.adjaba.activities.LoginActivity"
58-->C:\project\adjaba-player\app\src\main\AndroidManifest.xml:40:13-53
59            android:exported="true"
59-->C:\project\adjaba-player\app\src\main\AndroidManifest.xml:41:13-36
60            android:windowSoftInputMode="adjustPan" >
60-->C:\project\adjaba-player\app\src\main\AndroidManifest.xml:42:13-52
61
62            <!-- Ïº┘ä┘à┘êÏ¿Ïº┘è┘ä -->
63            <intent-filter>
63-->C:\project\adjaba-player\app\src\main\AndroidManifest.xml:45:13-49:29
64                <action android:name="android.intent.action.MAIN" />
64-->C:\project\adjaba-player\app\src\main\AndroidManifest.xml:46:17-69
64-->C:\project\adjaba-player\app\src\main\AndroidManifest.xml:46:25-66
65
66                <category android:name="android.intent.category.LAUNCHER" />
66-->C:\project\adjaba-player\app\src\main\AndroidManifest.xml:48:17-77
66-->C:\project\adjaba-player\app\src\main\AndroidManifest.xml:48:27-74
67            </intent-filter>
68
69            <!-- Android TV -->
70            <intent-filter>
70-->C:\project\adjaba-player\app\src\main\AndroidManifest.xml:52:13-56:29
71                <action android:name="android.intent.action.MAIN" />
71-->C:\project\adjaba-player\app\src\main\AndroidManifest.xml:46:17-69
71-->C:\project\adjaba-player\app\src\main\AndroidManifest.xml:46:25-66
72
73                <category android:name="android.intent.category.LEANBACK_LAUNCHER" />
73-->C:\project\adjaba-player\app\src\main\AndroidManifest.xml:55:17-86
73-->C:\project\adjaba-player\app\src\main\AndroidManifest.xml:55:27-83
74            </intent-filter>
75        </activity> <!-- Ï┤ÏºÏ┤Ï® Ï╣Ï▒ÏÂ Ïº┘äÏÑÏ╣┘äÏº┘åÏºÏ¬ -->
76        <activity
76-->C:\project\adjaba-player\app\src\main\AndroidManifest.xml:58:9-62:15
77            android:name="com.adjaba.activities.AdvertWatching"
77-->C:\project\adjaba-player\app\src\main\AndroidManifest.xml:59:13-54
78            android:configChanges="orientation|screenSize|keyboardHidden"
78-->C:\project\adjaba-player\app\src\main\AndroidManifest.xml:60:13-74
79            android:exported="true" />
79-->C:\project\adjaba-player\app\src\main\AndroidManifest.xml:61:13-36
80        <activity
80-->C:\project\adjaba-player\app\src\main\AndroidManifest.xml:63:9-65:39
81            android:name="com.adjaba.activities.SelectScreens"
81-->C:\project\adjaba-player\app\src\main\AndroidManifest.xml:64:13-53
82            android:exported="true" />
82-->C:\project\adjaba-player\app\src\main\AndroidManifest.xml:65:13-36
83
84        <provider
84-->[androidx.work:work-runtime:2.9.0] C:\Users\User\.gradle\caches\8.12\transforms\df7ab7ee5afed09d46884e54996f3bb4\transformed\work-runtime-2.9.0\AndroidManifest.xml:29:9-37:20
85            android:name="androidx.startup.InitializationProvider"
85-->[androidx.work:work-runtime:2.9.0] C:\Users\User\.gradle\caches\8.12\transforms\df7ab7ee5afed09d46884e54996f3bb4\transformed\work-runtime-2.9.0\AndroidManifest.xml:30:13-67
86            android:authorities="com.adjaba.androidx-startup"
86-->[androidx.work:work-runtime:2.9.0] C:\Users\User\.gradle\caches\8.12\transforms\df7ab7ee5afed09d46884e54996f3bb4\transformed\work-runtime-2.9.0\AndroidManifest.xml:31:13-68
87            android:exported="false" >
87-->[androidx.work:work-runtime:2.9.0] C:\Users\User\.gradle\caches\8.12\transforms\df7ab7ee5afed09d46884e54996f3bb4\transformed\work-runtime-2.9.0\AndroidManifest.xml:32:13-37
88            <meta-data
88-->[androidx.work:work-runtime:2.9.0] C:\Users\User\.gradle\caches\8.12\transforms\df7ab7ee5afed09d46884e54996f3bb4\transformed\work-runtime-2.9.0\AndroidManifest.xml:34:13-36:52
89                android:name="androidx.work.WorkManagerInitializer"
89-->[androidx.work:work-runtime:2.9.0] C:\Users\User\.gradle\caches\8.12\transforms\df7ab7ee5afed09d46884e54996f3bb4\transformed\work-runtime-2.9.0\AndroidManifest.xml:35:17-68
90                android:value="androidx.startup" />
90-->[androidx.work:work-runtime:2.9.0] C:\Users\User\.gradle\caches\8.12\transforms\df7ab7ee5afed09d46884e54996f3bb4\transformed\work-runtime-2.9.0\AndroidManifest.xml:36:17-49
91            <meta-data
91-->[androidx.emoji2:emoji2:1.3.0] C:\Users\User\.gradle\caches\8.12\transforms\fe7c62ec3d8ec7079c9d7e91d509df82\transformed\jetified-emoji2-1.3.0\AndroidManifest.xml:29:13-31:52
92                android:name="androidx.emoji2.text.EmojiCompatInitializer"
92-->[androidx.emoji2:emoji2:1.3.0] C:\Users\User\.gradle\caches\8.12\transforms\fe7c62ec3d8ec7079c9d7e91d509df82\transformed\jetified-emoji2-1.3.0\AndroidManifest.xml:30:17-75
93                android:value="androidx.startup" />
93-->[androidx.emoji2:emoji2:1.3.0] C:\Users\User\.gradle\caches\8.12\transforms\fe7c62ec3d8ec7079c9d7e91d509df82\transformed\jetified-emoji2-1.3.0\AndroidManifest.xml:31:17-49
94            <meta-data
94-->[androidx.lifecycle:lifecycle-process:2.6.2] C:\Users\User\.gradle\caches\8.12\transforms\abfe477a1291cf3ec24fe7018d970121\transformed\jetified-lifecycle-process-2.6.2\AndroidManifest.xml:29:13-31:52
95                android:name="androidx.lifecycle.ProcessLifecycleInitializer"
95-->[androidx.lifecycle:lifecycle-process:2.6.2] C:\Users\User\.gradle\caches\8.12\transforms\abfe477a1291cf3ec24fe7018d970121\transformed\jetified-lifecycle-process-2.6.2\AndroidManifest.xml:30:17-78
96                android:value="androidx.startup" />
96-->[androidx.lifecycle:lifecycle-process:2.6.2] C:\Users\User\.gradle\caches\8.12\transforms\abfe477a1291cf3ec24fe7018d970121\transformed\jetified-lifecycle-process-2.6.2\AndroidManifest.xml:31:17-49
97            <meta-data
97-->[androidx.profileinstaller:profileinstaller:1.4.0] C:\Users\User\.gradle\caches\8.12\transforms\e50e2d534626f99caaa4880cd65a447d\transformed\jetified-profileinstaller-1.4.0\AndroidManifest.xml:29:13-31:52
98                android:name="androidx.profileinstaller.ProfileInstallerInitializer"
98-->[androidx.profileinstaller:profileinstaller:1.4.0] C:\Users\User\.gradle\caches\8.12\transforms\e50e2d534626f99caaa4880cd65a447d\transformed\jetified-profileinstaller-1.4.0\AndroidManifest.xml:30:17-85
99                android:value="androidx.startup" />
99-->[androidx.profileinstaller:profileinstaller:1.4.0] C:\Users\User\.gradle\caches\8.12\transforms\e50e2d534626f99caaa4880cd65a447d\transformed\jetified-profileinstaller-1.4.0\AndroidManifest.xml:31:17-49
100        </provider>
101
102        <service
102-->[androidx.work:work-runtime:2.9.0] C:\Users\User\.gradle\caches\8.12\transforms\df7ab7ee5afed09d46884e54996f3bb4\transformed\work-runtime-2.9.0\AndroidManifest.xml:39:9-45:35
103            android:name="androidx.work.impl.background.systemalarm.SystemAlarmService"
103-->[androidx.work:work-runtime:2.9.0] C:\Users\User\.gradle\caches\8.12\transforms\df7ab7ee5afed09d46884e54996f3bb4\transformed\work-runtime-2.9.0\AndroidManifest.xml:40:13-88
104            android:directBootAware="false"
104-->[androidx.work:work-runtime:2.9.0] C:\Users\User\.gradle\caches\8.12\transforms\df7ab7ee5afed09d46884e54996f3bb4\transformed\work-runtime-2.9.0\AndroidManifest.xml:41:13-44
105            android:enabled="@bool/enable_system_alarm_service_default"
105-->[androidx.work:work-runtime:2.9.0] C:\Users\User\.gradle\caches\8.12\transforms\df7ab7ee5afed09d46884e54996f3bb4\transformed\work-runtime-2.9.0\AndroidManifest.xml:42:13-72
106            android:exported="false" />
106-->[androidx.work:work-runtime:2.9.0] C:\Users\User\.gradle\caches\8.12\transforms\df7ab7ee5afed09d46884e54996f3bb4\transformed\work-runtime-2.9.0\AndroidManifest.xml:43:13-37
107        <service
107-->[androidx.work:work-runtime:2.9.0] C:\Users\User\.gradle\caches\8.12\transforms\df7ab7ee5afed09d46884e54996f3bb4\transformed\work-runtime-2.9.0\AndroidManifest.xml:46:9-52:35
108            android:name="androidx.work.impl.background.systemjob.SystemJobService"
108-->[androidx.work:work-runtime:2.9.0] C:\Users\User\.gradle\caches\8.12\transforms\df7ab7ee5afed09d46884e54996f3bb4\transformed\work-runtime-2.9.0\AndroidManifest.xml:47:13-84
109            android:directBootAware="false"
109-->[androidx.work:work-runtime:2.9.0] C:\Users\User\.gradle\caches\8.12\transforms\df7ab7ee5afed09d46884e54996f3bb4\transformed\work-runtime-2.9.0\AndroidManifest.xml:48:13-44
110            android:enabled="@bool/enable_system_job_service_default"
110-->[androidx.work:work-runtime:2.9.0] C:\Users\User\.gradle\caches\8.12\transforms\df7ab7ee5afed09d46884e54996f3bb4\transformed\work-runtime-2.9.0\AndroidManifest.xml:49:13-70
111            android:exported="true"
111-->[androidx.work:work-runtime:2.9.0] C:\Users\User\.gradle\caches\8.12\transforms\df7ab7ee5afed09d46884e54996f3bb4\transformed\work-runtime-2.9.0\AndroidManifest.xml:50:13-36
112            android:permission="android.permission.BIND_JOB_SERVICE" />
112-->[androidx.work:work-runtime:2.9.0] C:\Users\User\.gradle\caches\8.12\transforms\df7ab7ee5afed09d46884e54996f3bb4\transformed\work-runtime-2.9.0\AndroidManifest.xml:51:13-69
113        <service
113-->[androidx.work:work-runtime:2.9.0] C:\Users\User\.gradle\caches\8.12\transforms\df7ab7ee5afed09d46884e54996f3bb4\transformed\work-runtime-2.9.0\AndroidManifest.xml:53:9-59:35
114            android:name="androidx.work.impl.foreground.SystemForegroundService"
114-->[androidx.work:work-runtime:2.9.0] C:\Users\User\.gradle\caches\8.12\transforms\df7ab7ee5afed09d46884e54996f3bb4\transformed\work-runtime-2.9.0\AndroidManifest.xml:54:13-81
115            android:directBootAware="false"
115-->[androidx.work:work-runtime:2.9.0] C:\Users\User\.gradle\caches\8.12\transforms\df7ab7ee5afed09d46884e54996f3bb4\transformed\work-runtime-2.9.0\AndroidManifest.xml:55:13-44
116            android:enabled="@bool/enable_system_foreground_service_default"
116-->[androidx.work:work-runtime:2.9.0] C:\Users\User\.gradle\caches\8.12\transforms\df7ab7ee5afed09d46884e54996f3bb4\transformed\work-runtime-2.9.0\AndroidManifest.xml:56:13-77
117            android:exported="false" />
117-->[androidx.work:work-runtime:2.9.0] C:\Users\User\.gradle\caches\8.12\transforms\df7ab7ee5afed09d46884e54996f3bb4\transformed\work-runtime-2.9.0\AndroidManifest.xml:57:13-37
118
119        <receiver
119-->[androidx.work:work-runtime:2.9.0] C:\Users\User\.gradle\caches\8.12\transforms\df7ab7ee5afed09d46884e54996f3bb4\transformed\work-runtime-2.9.0\AndroidManifest.xml:61:9-66:35
120            android:name="androidx.work.impl.utils.ForceStopRunnable$BroadcastReceiver"
120-->[androidx.work:work-runtime:2.9.0] C:\Users\User\.gradle\caches\8.12\transforms\df7ab7ee5afed09d46884e54996f3bb4\transformed\work-runtime-2.9.0\AndroidManifest.xml:62:13-88
121            android:directBootAware="false"
121-->[androidx.work:work-runtime:2.9.0] C:\Users\User\.gradle\caches\8.12\transforms\df7ab7ee5afed09d46884e54996f3bb4\transformed\work-runtime-2.9.0\AndroidManifest.xml:63:13-44
122            android:enabled="true"
122-->[androidx.work:work-runtime:2.9.0] C:\Users\User\.gradle\caches\8.12\transforms\df7ab7ee5afed09d46884e54996f3bb4\transformed\work-runtime-2.9.0\AndroidManifest.xml:64:13-35
123            android:exported="false" />
123-->[androidx.work:work-runtime:2.9.0] C:\Users\User\.gradle\caches\8.12\transforms\df7ab7ee5afed09d46884e54996f3bb4\transformed\work-runtime-2.9.0\AndroidManifest.xml:65:13-37
124        <receiver
124-->[androidx.work:work-runtime:2.9.0] C:\Users\User\.gradle\caches\8.12\transforms\df7ab7ee5afed09d46884e54996f3bb4\transformed\work-runtime-2.9.0\AndroidManifest.xml:67:9-77:20
125            android:name="androidx.work.impl.background.systemalarm.ConstraintProxy$BatteryChargingProxy"
125-->[androidx.work:work-runtime:2.9.0] C:\Users\User\.gradle\caches\8.12\transforms\df7ab7ee5afed09d46884e54996f3bb4\transformed\work-runtime-2.9.0\AndroidManifest.xml:68:13-106
126            android:directBootAware="false"
126-->[androidx.work:work-runtime:2.9.0] C:\Users\User\.gradle\caches\8.12\transforms\df7ab7ee5afed09d46884e54996f3bb4\transformed\work-runtime-2.9.0\AndroidManifest.xml:69:13-44
127            android:enabled="false"
127-->[androidx.work:work-runtime:2.9.0] C:\Users\User\.gradle\caches\8.12\transforms\df7ab7ee5afed09d46884e54996f3bb4\transformed\work-runtime-2.9.0\AndroidManifest.xml:70:13-36
128            android:exported="false" >
128-->[androidx.work:work-runtime:2.9.0] C:\Users\User\.gradle\caches\8.12\transforms\df7ab7ee5afed09d46884e54996f3bb4\transformed\work-runtime-2.9.0\AndroidManifest.xml:71:13-37
129            <intent-filter>
129-->[androidx.work:work-runtime:2.9.0] C:\Users\User\.gradle\caches\8.12\transforms\df7ab7ee5afed09d46884e54996f3bb4\transformed\work-runtime-2.9.0\AndroidManifest.xml:73:13-76:29
130                <action android:name="android.intent.action.ACTION_POWER_CONNECTED" />
130-->[androidx.work:work-runtime:2.9.0] C:\Users\User\.gradle\caches\8.12\transforms\df7ab7ee5afed09d46884e54996f3bb4\transformed\work-runtime-2.9.0\AndroidManifest.xml:74:17-87
130-->[androidx.work:work-runtime:2.9.0] C:\Users\User\.gradle\caches\8.12\transforms\df7ab7ee5afed09d46884e54996f3bb4\transformed\work-runtime-2.9.0\AndroidManifest.xml:74:25-84
131                <action android:name="android.intent.action.ACTION_POWER_DISCONNECTED" />
131-->[androidx.work:work-runtime:2.9.0] C:\Users\User\.gradle\caches\8.12\transforms\df7ab7ee5afed09d46884e54996f3bb4\transformed\work-runtime-2.9.0\AndroidManifest.xml:75:17-90
131-->[androidx.work:work-runtime:2.9.0] C:\Users\User\.gradle\caches\8.12\transforms\df7ab7ee5afed09d46884e54996f3bb4\transformed\work-runtime-2.9.0\AndroidManifest.xml:75:25-87
132            </intent-filter>
133        </receiver>
134        <receiver
134-->[androidx.work:work-runtime:2.9.0] C:\Users\User\.gradle\caches\8.12\transforms\df7ab7ee5afed09d46884e54996f3bb4\transformed\work-runtime-2.9.0\AndroidManifest.xml:78:9-88:20
135            android:name="androidx.work.impl.background.systemalarm.ConstraintProxy$BatteryNotLowProxy"
135-->[androidx.work:work-runtime:2.9.0] C:\Users\User\.gradle\caches\8.12\transforms\df7ab7ee5afed09d46884e54996f3bb4\transformed\work-runtime-2.9.0\AndroidManifest.xml:79:13-104
136            android:directBootAware="false"
136-->[androidx.work:work-runtime:2.9.0] C:\Users\User\.gradle\caches\8.12\transforms\df7ab7ee5afed09d46884e54996f3bb4\transformed\work-runtime-2.9.0\AndroidManifest.xml:80:13-44
137            android:enabled="false"
137-->[androidx.work:work-runtime:2.9.0] C:\Users\User\.gradle\caches\8.12\transforms\df7ab7ee5afed09d46884e54996f3bb4\transformed\work-runtime-2.9.0\AndroidManifest.xml:81:13-36
138            android:exported="false" >
138-->[androidx.work:work-runtime:2.9.0] C:\Users\User\.gradle\caches\8.12\transforms\df7ab7ee5afed09d46884e54996f3bb4\transformed\work-runtime-2.9.0\AndroidManifest.xml:82:13-37
139            <intent-filter>
139-->[androidx.work:work-runtime:2.9.0] C:\Users\User\.gradle\caches\8.12\transforms\df7ab7ee5afed09d46884e54996f3bb4\transformed\work-runtime-2.9.0\AndroidManifest.xml:84:13-87:29
140                <action android:name="android.intent.action.BATTERY_OKAY" />
140-->[androidx.work:work-runtime:2.9.0] C:\Users\User\.gradle\caches\8.12\transforms\df7ab7ee5afed09d46884e54996f3bb4\transformed\work-runtime-2.9.0\AndroidManifest.xml:85:17-77
140-->[androidx.work:work-runtime:2.9.0] C:\Users\User\.gradle\caches\8.12\transforms\df7ab7ee5afed09d46884e54996f3bb4\transformed\work-runtime-2.9.0\AndroidManifest.xml:85:25-74
141                <action android:name="android.intent.action.BATTERY_LOW" />
141-->[androidx.work:work-runtime:2.9.0] C:\Users\User\.gradle\caches\8.12\transforms\df7ab7ee5afed09d46884e54996f3bb4\transformed\work-runtime-2.9.0\AndroidManifest.xml:86:17-76
141-->[androidx.work:work-runtime:2.9.0] C:\Users\User\.gradle\caches\8.12\transforms\df7ab7ee5afed09d46884e54996f3bb4\transformed\work-runtime-2.9.0\AndroidManifest.xml:86:25-73
142            </intent-filter>
143        </receiver>
144        <receiver
144-->[androidx.work:work-runtime:2.9.0] C:\Users\User\.gradle\caches\8.12\transforms\df7ab7ee5afed09d46884e54996f3bb4\transformed\work-runtime-2.9.0\AndroidManifest.xml:89:9-99:20
145            android:name="androidx.work.impl.background.systemalarm.ConstraintProxy$StorageNotLowProxy"
145-->[androidx.work:work-runtime:2.9.0] C:\Users\User\.gradle\caches\8.12\transforms\df7ab7ee5afed09d46884e54996f3bb4\transformed\work-runtime-2.9.0\AndroidManifest.xml:90:13-104
146            android:directBootAware="false"
146-->[androidx.work:work-runtime:2.9.0] C:\Users\User\.gradle\caches\8.12\transforms\df7ab7ee5afed09d46884e54996f3bb4\transformed\work-runtime-2.9.0\AndroidManifest.xml:91:13-44
147            android:enabled="false"
147-->[androidx.work:work-runtime:2.9.0] C:\Users\User\.gradle\caches\8.12\transforms\df7ab7ee5afed09d46884e54996f3bb4\transformed\work-runtime-2.9.0\AndroidManifest.xml:92:13-36
148            android:exported="false" >
148-->[androidx.work:work-runtime:2.9.0] C:\Users\User\.gradle\caches\8.12\transforms\df7ab7ee5afed09d46884e54996f3bb4\transformed\work-runtime-2.9.0\AndroidManifest.xml:93:13-37
149            <intent-filter>
149-->[androidx.work:work-runtime:2.9.0] C:\Users\User\.gradle\caches\8.12\transforms\df7ab7ee5afed09d46884e54996f3bb4\transformed\work-runtime-2.9.0\AndroidManifest.xml:95:13-98:29
150                <action android:name="android.intent.action.DEVICE_STORAGE_LOW" />
150-->[androidx.work:work-runtime:2.9.0] C:\Users\User\.gradle\caches\8.12\transforms\df7ab7ee5afed09d46884e54996f3bb4\transformed\work-runtime-2.9.0\AndroidManifest.xml:96:17-83
150-->[androidx.work:work-runtime:2.9.0] C:\Users\User\.gradle\caches\8.12\transforms\df7ab7ee5afed09d46884e54996f3bb4\transformed\work-runtime-2.9.0\AndroidManifest.xml:96:25-80
151                <action android:name="android.intent.action.DEVICE_STORAGE_OK" />
151-->[androidx.work:work-runtime:2.9.0] C:\Users\User\.gradle\caches\8.12\transforms\df7ab7ee5afed09d46884e54996f3bb4\transformed\work-runtime-2.9.0\AndroidManifest.xml:97:17-82
151-->[androidx.work:work-runtime:2.9.0] C:\Users\User\.gradle\caches\8.12\transforms\df7ab7ee5afed09d46884e54996f3bb4\transformed\work-runtime-2.9.0\AndroidManifest.xml:97:25-79
152            </intent-filter>
153        </receiver>
154        <receiver
154-->[androidx.work:work-runtime:2.9.0] C:\Users\User\.gradle\caches\8.12\transforms\df7ab7ee5afed09d46884e54996f3bb4\transformed\work-runtime-2.9.0\AndroidManifest.xml:100:9-109:20
155            android:name="androidx.work.impl.background.systemalarm.ConstraintProxy$NetworkStateProxy"
155-->[androidx.work:work-runtime:2.9.0] C:\Users\User\.gradle\caches\8.12\transforms\df7ab7ee5afed09d46884e54996f3bb4\transformed\work-runtime-2.9.0\AndroidManifest.xml:101:13-103
156            android:directBootAware="false"
156-->[androidx.work:work-runtime:2.9.0] C:\Users\User\.gradle\caches\8.12\transforms\df7ab7ee5afed09d46884e54996f3bb4\transformed\work-runtime-2.9.0\AndroidManifest.xml:102:13-44
157            android:enabled="false"
157-->[androidx.work:work-runtime:2.9.0] C:\Users\User\.gradle\caches\8.12\transforms\df7ab7ee5afed09d46884e54996f3bb4\transformed\work-runtime-2.9.0\AndroidManifest.xml:103:13-36
158            android:exported="false" >
158-->[androidx.work:work-runtime:2.9.0] C:\Users\User\.gradle\caches\8.12\transforms\df7ab7ee5afed09d46884e54996f3bb4\transformed\work-runtime-2.9.0\AndroidManifest.xml:104:13-37
159            <intent-filter>
159-->[androidx.work:work-runtime:2.9.0] C:\Users\User\.gradle\caches\8.12\transforms\df7ab7ee5afed09d46884e54996f3bb4\transformed\work-runtime-2.9.0\AndroidManifest.xml:106:13-108:29
160                <action android:name="android.net.conn.CONNECTIVITY_CHANGE" />
160-->[androidx.work:work-runtime:2.9.0] C:\Users\User\.gradle\caches\8.12\transforms\df7ab7ee5afed09d46884e54996f3bb4\transformed\work-runtime-2.9.0\AndroidManifest.xml:107:17-79
160-->[androidx.work:work-runtime:2.9.0] C:\Users\User\.gradle\caches\8.12\transforms\df7ab7ee5afed09d46884e54996f3bb4\transformed\work-runtime-2.9.0\AndroidManifest.xml:107:25-76
161            </intent-filter>
162        </receiver>
163        <receiver
163-->[androidx.work:work-runtime:2.9.0] C:\Users\User\.gradle\caches\8.12\transforms\df7ab7ee5afed09d46884e54996f3bb4\transformed\work-runtime-2.9.0\AndroidManifest.xml:110:9-121:20
164            android:name="androidx.work.impl.background.systemalarm.RescheduleReceiver"
164-->[androidx.work:work-runtime:2.9.0] C:\Users\User\.gradle\caches\8.12\transforms\df7ab7ee5afed09d46884e54996f3bb4\transformed\work-runtime-2.9.0\AndroidManifest.xml:111:13-88
165            android:directBootAware="false"
165-->[androidx.work:work-runtime:2.9.0] C:\Users\User\.gradle\caches\8.12\transforms\df7ab7ee5afed09d46884e54996f3bb4\transformed\work-runtime-2.9.0\AndroidManifest.xml:112:13-44
166            android:enabled="false"
166-->[androidx.work:work-runtime:2.9.0] C:\Users\User\.gradle\caches\8.12\transforms\df7ab7ee5afed09d46884e54996f3bb4\transformed\work-runtime-2.9.0\AndroidManifest.xml:113:13-36
167            android:exported="false" >
167-->[androidx.work:work-runtime:2.9.0] C:\Users\User\.gradle\caches\8.12\transforms\df7ab7ee5afed09d46884e54996f3bb4\transformed\work-runtime-2.9.0\AndroidManifest.xml:114:13-37
168            <intent-filter>
168-->[androidx.work:work-runtime:2.9.0] C:\Users\User\.gradle\caches\8.12\transforms\df7ab7ee5afed09d46884e54996f3bb4\transformed\work-runtime-2.9.0\AndroidManifest.xml:116:13-120:29
169                <action android:name="android.intent.action.BOOT_COMPLETED" />
169-->[androidx.work:work-runtime:2.9.0] C:\Users\User\.gradle\caches\8.12\transforms\df7ab7ee5afed09d46884e54996f3bb4\transformed\work-runtime-2.9.0\AndroidManifest.xml:117:17-79
169-->[androidx.work:work-runtime:2.9.0] C:\Users\User\.gradle\caches\8.12\transforms\df7ab7ee5afed09d46884e54996f3bb4\transformed\work-runtime-2.9.0\AndroidManifest.xml:117:25-76
170                <action android:name="android.intent.action.TIME_SET" />
170-->[androidx.work:work-runtime:2.9.0] C:\Users\User\.gradle\caches\8.12\transforms\df7ab7ee5afed09d46884e54996f3bb4\transformed\work-runtime-2.9.0\AndroidManifest.xml:118:17-73
170-->[androidx.work:work-runtime:2.9.0] C:\Users\User\.gradle\caches\8.12\transforms\df7ab7ee5afed09d46884e54996f3bb4\transformed\work-runtime-2.9.0\AndroidManifest.xml:118:25-70
171                <action android:name="android.intent.action.TIMEZONE_CHANGED" />
171-->[androidx.work:work-runtime:2.9.0] C:\Users\User\.gradle\caches\8.12\transforms\df7ab7ee5afed09d46884e54996f3bb4\transformed\work-runtime-2.9.0\AndroidManifest.xml:119:17-81
171-->[androidx.work:work-runtime:2.9.0] C:\Users\User\.gradle\caches\8.12\transforms\df7ab7ee5afed09d46884e54996f3bb4\transformed\work-runtime-2.9.0\AndroidManifest.xml:119:25-78
172            </intent-filter>
173        </receiver>
174        <receiver
174-->[androidx.work:work-runtime:2.9.0] C:\Users\User\.gradle\caches\8.12\transforms\df7ab7ee5afed09d46884e54996f3bb4\transformed\work-runtime-2.9.0\AndroidManifest.xml:122:9-131:20
175            android:name="androidx.work.impl.background.systemalarm.ConstraintProxyUpdateReceiver"
175-->[androidx.work:work-runtime:2.9.0] C:\Users\User\.gradle\caches\8.12\transforms\df7ab7ee5afed09d46884e54996f3bb4\transformed\work-runtime-2.9.0\AndroidManifest.xml:123:13-99
176            android:directBootAware="false"
176-->[androidx.work:work-runtime:2.9.0] C:\Users\User\.gradle\caches\8.12\transforms\df7ab7ee5afed09d46884e54996f3bb4\transformed\work-runtime-2.9.0\AndroidManifest.xml:124:13-44
177            android:enabled="@bool/enable_system_alarm_service_default"
177-->[androidx.work:work-runtime:2.9.0] C:\Users\User\.gradle\caches\8.12\transforms\df7ab7ee5afed09d46884e54996f3bb4\transformed\work-runtime-2.9.0\AndroidManifest.xml:125:13-72
178            android:exported="false" >
178-->[androidx.work:work-runtime:2.9.0] C:\Users\User\.gradle\caches\8.12\transforms\df7ab7ee5afed09d46884e54996f3bb4\transformed\work-runtime-2.9.0\AndroidManifest.xml:126:13-37
179            <intent-filter>
179-->[androidx.work:work-runtime:2.9.0] C:\Users\User\.gradle\caches\8.12\transforms\df7ab7ee5afed09d46884e54996f3bb4\transformed\work-runtime-2.9.0\AndroidManifest.xml:128:13-130:29
180                <action android:name="androidx.work.impl.background.systemalarm.UpdateProxies" />
180-->[androidx.work:work-runtime:2.9.0] C:\Users\User\.gradle\caches\8.12\transforms\df7ab7ee5afed09d46884e54996f3bb4\transformed\work-runtime-2.9.0\AndroidManifest.xml:129:17-98
180-->[androidx.work:work-runtime:2.9.0] C:\Users\User\.gradle\caches\8.12\transforms\df7ab7ee5afed09d46884e54996f3bb4\transformed\work-runtime-2.9.0\AndroidManifest.xml:129:25-95
181            </intent-filter>
182        </receiver>
183        <receiver
183-->[androidx.work:work-runtime:2.9.0] C:\Users\User\.gradle\caches\8.12\transforms\df7ab7ee5afed09d46884e54996f3bb4\transformed\work-runtime-2.9.0\AndroidManifest.xml:132:9-142:20
184            android:name="androidx.work.impl.diagnostics.DiagnosticsReceiver"
184-->[androidx.work:work-runtime:2.9.0] C:\Users\User\.gradle\caches\8.12\transforms\df7ab7ee5afed09d46884e54996f3bb4\transformed\work-runtime-2.9.0\AndroidManifest.xml:133:13-78
185            android:directBootAware="false"
185-->[androidx.work:work-runtime:2.9.0] C:\Users\User\.gradle\caches\8.12\transforms\df7ab7ee5afed09d46884e54996f3bb4\transformed\work-runtime-2.9.0\AndroidManifest.xml:134:13-44
186            android:enabled="true"
186-->[androidx.work:work-runtime:2.9.0] C:\Users\User\.gradle\caches\8.12\transforms\df7ab7ee5afed09d46884e54996f3bb4\transformed\work-runtime-2.9.0\AndroidManifest.xml:135:13-35
187            android:exported="true"
187-->[androidx.work:work-runtime:2.9.0] C:\Users\User\.gradle\caches\8.12\transforms\df7ab7ee5afed09d46884e54996f3bb4\transformed\work-runtime-2.9.0\AndroidManifest.xml:136:13-36
188            android:permission="android.permission.DUMP" >
188-->[androidx.work:work-runtime:2.9.0] C:\Users\User\.gradle\caches\8.12\transforms\df7ab7ee5afed09d46884e54996f3bb4\transformed\work-runtime-2.9.0\AndroidManifest.xml:137:13-57
189            <intent-filter>
189-->[androidx.work:work-runtime:2.9.0] C:\Users\User\.gradle\caches\8.12\transforms\df7ab7ee5afed09d46884e54996f3bb4\transformed\work-runtime-2.9.0\AndroidManifest.xml:139:13-141:29
190                <action android:name="androidx.work.diagnostics.REQUEST_DIAGNOSTICS" />
190-->[androidx.work:work-runtime:2.9.0] C:\Users\User\.gradle\caches\8.12\transforms\df7ab7ee5afed09d46884e54996f3bb4\transformed\work-runtime-2.9.0\AndroidManifest.xml:140:17-88
190-->[androidx.work:work-runtime:2.9.0] C:\Users\User\.gradle\caches\8.12\transforms\df7ab7ee5afed09d46884e54996f3bb4\transformed\work-runtime-2.9.0\AndroidManifest.xml:140:25-85
191            </intent-filter>
192        </receiver>
193
194        <service
194-->[androidx.room:room-runtime:2.6.1] C:\Users\User\.gradle\caches\8.12\transforms\1ba7d729464c734e334963dd58e9168a\transformed\room-runtime-2.6.1\AndroidManifest.xml:24:9-28:63
195            android:name="androidx.room.MultiInstanceInvalidationService"
195-->[androidx.room:room-runtime:2.6.1] C:\Users\User\.gradle\caches\8.12\transforms\1ba7d729464c734e334963dd58e9168a\transformed\room-runtime-2.6.1\AndroidManifest.xml:25:13-74
196            android:directBootAware="true"
196-->[androidx.room:room-runtime:2.6.1] C:\Users\User\.gradle\caches\8.12\transforms\1ba7d729464c734e334963dd58e9168a\transformed\room-runtime-2.6.1\AndroidManifest.xml:26:13-43
197            android:exported="false" />
197-->[androidx.room:room-runtime:2.6.1] C:\Users\User\.gradle\caches\8.12\transforms\1ba7d729464c734e334963dd58e9168a\transformed\room-runtime-2.6.1\AndroidManifest.xml:27:13-37
198
199        <receiver
199-->[androidx.profileinstaller:profileinstaller:1.4.0] C:\Users\User\.gradle\caches\8.12\transforms\e50e2d534626f99caaa4880cd65a447d\transformed\jetified-profileinstaller-1.4.0\AndroidManifest.xml:34:9-52:20
200            android:name="androidx.profileinstaller.ProfileInstallReceiver"
200-->[androidx.profileinstaller:profileinstaller:1.4.0] C:\Users\User\.gradle\caches\8.12\transforms\e50e2d534626f99caaa4880cd65a447d\transformed\jetified-profileinstaller-1.4.0\AndroidManifest.xml:35:13-76
201            android:directBootAware="false"
201-->[androidx.profileinstaller:profileinstaller:1.4.0] C:\Users\User\.gradle\caches\8.12\transforms\e50e2d534626f99caaa4880cd65a447d\transformed\jetified-profileinstaller-1.4.0\AndroidManifest.xml:36:13-44
202            android:enabled="true"
202-->[androidx.profileinstaller:profileinstaller:1.4.0] C:\Users\User\.gradle\caches\8.12\transforms\e50e2d534626f99caaa4880cd65a447d\transformed\jetified-profileinstaller-1.4.0\AndroidManifest.xml:37:13-35
203            android:exported="true"
203-->[androidx.profileinstaller:profileinstaller:1.4.0] C:\Users\User\.gradle\caches\8.12\transforms\e50e2d534626f99caaa4880cd65a447d\transformed\jetified-profileinstaller-1.4.0\AndroidManifest.xml:38:13-36
204            android:permission="android.permission.DUMP" >
204-->[androidx.profileinstaller:profileinstaller:1.4.0] C:\Users\User\.gradle\caches\8.12\transforms\e50e2d534626f99caaa4880cd65a447d\transformed\jetified-profileinstaller-1.4.0\AndroidManifest.xml:39:13-57
205            <intent-filter>
205-->[androidx.profileinstaller:profileinstaller:1.4.0] C:\Users\User\.gradle\caches\8.12\transforms\e50e2d534626f99caaa4880cd65a447d\transformed\jetified-profileinstaller-1.4.0\AndroidManifest.xml:40:13-42:29
206                <action android:name="androidx.profileinstaller.action.INSTALL_PROFILE" />
206-->[androidx.profileinstaller:profileinstaller:1.4.0] C:\Users\User\.gradle\caches\8.12\transforms\e50e2d534626f99caaa4880cd65a447d\transformed\jetified-profileinstaller-1.4.0\AndroidManifest.xml:41:17-91
206-->[androidx.profileinstaller:profileinstaller:1.4.0] C:\Users\User\.gradle\caches\8.12\transforms\e50e2d534626f99caaa4880cd65a447d\transformed\jetified-profileinstaller-1.4.0\AndroidManifest.xml:41:25-88
207            </intent-filter>
208            <intent-filter>
208-->[androidx.profileinstaller:profileinstaller:1.4.0] C:\Users\User\.gradle\caches\8.12\transforms\e50e2d534626f99caaa4880cd65a447d\transformed\jetified-profileinstaller-1.4.0\AndroidManifest.xml:43:13-45:29
209                <action android:name="androidx.profileinstaller.action.SKIP_FILE" />
209-->[androidx.profileinstaller:profileinstaller:1.4.0] C:\Users\User\.gradle\caches\8.12\transforms\e50e2d534626f99caaa4880cd65a447d\transformed\jetified-profileinstaller-1.4.0\AndroidManifest.xml:44:17-85
209-->[androidx.profileinstaller:profileinstaller:1.4.0] C:\Users\User\.gradle\caches\8.12\transforms\e50e2d534626f99caaa4880cd65a447d\transformed\jetified-profileinstaller-1.4.0\AndroidManifest.xml:44:25-82
210            </intent-filter>
211            <intent-filter>
211-->[androidx.profileinstaller:profileinstaller:1.4.0] C:\Users\User\.gradle\caches\8.12\transforms\e50e2d534626f99caaa4880cd65a447d\transformed\jetified-profileinstaller-1.4.0\AndroidManifest.xml:46:13-48:29
212                <action android:name="androidx.profileinstaller.action.SAVE_PROFILE" />
212-->[androidx.profileinstaller:profileinstaller:1.4.0] C:\Users\User\.gradle\caches\8.12\transforms\e50e2d534626f99caaa4880cd65a447d\transformed\jetified-profileinstaller-1.4.0\AndroidManifest.xml:47:17-88
212-->[androidx.profileinstaller:profileinstaller:1.4.0] C:\Users\User\.gradle\caches\8.12\transforms\e50e2d534626f99caaa4880cd65a447d\transformed\jetified-profileinstaller-1.4.0\AndroidManifest.xml:47:25-85
213            </intent-filter>
214            <intent-filter>
214-->[androidx.profileinstaller:profileinstaller:1.4.0] C:\Users\User\.gradle\caches\8.12\transforms\e50e2d534626f99caaa4880cd65a447d\transformed\jetified-profileinstaller-1.4.0\AndroidManifest.xml:49:13-51:29
215                <action android:name="androidx.profileinstaller.action.BENCHMARK_OPERATION" />
215-->[androidx.profileinstaller:profileinstaller:1.4.0] C:\Users\User\.gradle\caches\8.12\transforms\e50e2d534626f99caaa4880cd65a447d\transformed\jetified-profileinstaller-1.4.0\AndroidManifest.xml:50:17-95
215-->[androidx.profileinstaller:profileinstaller:1.4.0] C:\Users\User\.gradle\caches\8.12\transforms\e50e2d534626f99caaa4880cd65a447d\transformed\jetified-profileinstaller-1.4.0\AndroidManifest.xml:50:25-92
216            </intent-filter>
217        </receiver>
218    </application>
219
220</manifest>

Merged manifest saved to C:\project\adjaba-player\app\build\intermediates\merged_manifest\release\processReleaseMainManifest\AndroidManifest.xml
Resolve mutations for :app:processReleaseManifest (Thread[#109,Execution worker Thread 10,5,main]) started.
:app:processReleaseManifest (Thread[#109,Execution worker Thread 10,5,main]) started.

> Task :app:processReleaseManifest
Caching disabled for task ':app:processReleaseManifest' because:
  Build cache is disabled
Task ':app:processReleaseManifest' is not up-to-date because:
  Output property 'multiApkManifestOutputDirectory' file C:\project\adjaba-player\app\build\intermediates\merged_manifests\release\processReleaseManifest has been removed.
  Output property 'multiApkManifestOutputDirectory' file C:\project\adjaba-player\app\build\intermediates\merged_manifests\release\processReleaseManifest\AndroidManifest.xml has been removed.
  Output property 'multiApkManifestOutputDirectory' file C:\project\adjaba-player\app\build\intermediates\merged_manifests\release\processReleaseManifest\output-metadata.json has been removed.
Resolve mutations for :app:processReleaseManifestForPackage (Thread[#109,Execution worker Thread 10,5,main]) started.
:app:processReleaseManifestForPackage (Thread[#109,Execution worker Thread 10,5,main]) started.
Resolve mutations for :app:javaPreCompileRelease (Thread[#102,Execution worker Thread 3,5,main]) started.
:app:javaPreCompileRelease (Thread[#102,Execution worker Thread 3,5,main]) started.
Resolve mutations for :app:mergeReleaseArtProfile (Thread[#99,included builds,5,main]) started.
:app:mergeReleaseArtProfile (Thread[#99,included builds,5,main]) started.

> Task :app:javaPreCompileRelease
Registered task dependencies: app:_agp_internal_javaPreCompileRelease_kaptClasspath
Starting dependency analysis
Caching disabled for task ':app:javaPreCompileRelease' because:
  Build cache is disabled
Task ':app:javaPreCompileRelease' is not up-to-date because:
  Output property 'annotationProcessorListFile' file C:\project\adjaba-player\app\build\intermediates\annotation_processor_list\release\javaPreCompileRelease\annotationProcessors.json has been removed.
Resolve mutations for :app:extractProguardFiles (Thread[#108,Execution worker Thread 9,5,main]) started.
:app:extractProguardFiles (Thread[#108,Execution worker Thread 9,5,main]) started.

> Task :app:mergeReleaseArtProfile
file or directory 'C:\project\adjaba-player\app\libs', not found
Caching disabled for AarTransform: C:\Users\User\.gradle\caches\8.12\transforms\95d58ef2b25af970c444232214399255\transformed\jetified-lottie-6.1.0 because:
  Build cache is disabled
  Caching not enabled.
Caching disabled for AarTransform: C:\Users\User\.gradle\caches\8.12\transforms\a4490dae970deda4d63a67d9903f18b5\transformed\constraintlayout-2.1.4 because:
  Build cache is disabled
  Caching not enabled.
Caching disabled for AarTransform: C:\Users\User\.gradle\caches\8.12\transforms\dbb75cb953cf1b41d4603fdeeec86978\transformed\jetified-appcompat-resources-1.7.0 because:
  Build cache is disabled
  Caching not enabled.
Caching disabled for AarTransform: C:\Users\User\.gradle\caches\8.12\transforms\117bac2a9c46391e0ddaf0fe308ba1fd\transformed\jetified-room-ktx-2.6.1 because:
  Build cache is disabled
  Caching not enabled.
Caching disabled for AarTransform: C:\Users\User\.gradle\caches\8.12\transforms\cb206493feaac2c140c8fffc0a88f28b\transformed\material-1.13.0 because:
  Build cache is disabled
  Caching not enabled.
Caching disabled for AarTransform: C:\Users\User\.gradle\caches\8.12\transforms\df7ab7ee5afed09d46884e54996f3bb4\transformed\work-runtime-2.9.0 because:
  Build cache is disabled
  Caching not enabled.
Caching disabled for AarTransform: C:\Users\User\.gradle\caches\8.12\transforms\08e3c54c9b4dbd9efddfacfc7529dfe2\transformed\room-rxjava2-2.6.1 because:
  Build cache is disabled
  Caching not enabled.
Caching disabled for AarTransform: C:\Users\User\.gradle\caches\8.12\transforms\8b541b37d4b3b92857cab164f025faa2\transformed\coordinatorlayout-1.1.0 because:
  Build cache is disabled
  Caching not enabled.
Caching disabled for AarTransform: C:\Users\User\.gradle\caches\8.12\transforms\1ba7d729464c734e334963dd58e9168a\transformed\room-runtime-2.6.1 because:
  Build cache is disabled
  Caching not enabled.
Caching disabled for AarTransform: C:\Users\User\.gradle\caches\8.12\transforms\ad08228e62b6e1db047de731da555639\transformed\drawerlayout-1.1.1 because:
  Build cache is disabled
  Caching not enabled.
Caching disabled for AarTransform: C:\Users\User\.gradle\caches\8.12\transforms\24e0a5ca299b1e83aad4fd5d3626172e\transformed\transition-1.5.0 because:
  Build cache is disabled
  Caching not enabled.
Caching disabled for AarTransform: C:\Users\User\.gradle\caches\8.12\transforms\cfa99eb3ae6a8253dd2367bf8811990c\transformed\vectordrawable-animated-1.1.0 because:
  Build cache is disabled
  Caching not enabled.
Caching disabled for AarTransform: C:\Users\User\.gradle\caches\8.12\transforms\91e88d91a5c340c7035de75da06906bc\transformed\dynamicanimation-1.1.0 because:
  Build cache is disabled
  Caching not enabled.
Caching disabled for AarTransform: C:\Users\User\.gradle\caches\8.12\transforms\579aee70126213229352319de11aeefa\transformed\vectordrawable-1.1.0 because:
  Build cache is disabled
  Caching not enabled.
Caching disabled for AarTransform: C:\Users\User\.gradle\caches\8.12\transforms\128bc39ac0d6aaa96d9056b5d02c471f\transformed\jetified-exoplayer-2.19.1 because:
  Build cache is disabled
  Caching not enabled.
Caching disabled for AarTransform: C:\Users\User\.gradle\caches\8.12\transforms\2251569f0ae9d5ff505d82284f61fd2e\transformed\jetified-exoplayer-smoothstreaming-2.19.1 because:
  Build cache is disabled
  Caching not enabled.
Caching disabled for AarTransform: C:\Users\User\.gradle\caches\8.12\transforms\aa21cdbbca7098464b3fdd90adff8ed2\transformed\jetified-exoplayer-rtsp-2.19.1 because:
  Build cache is disabled
  Caching not enabled.
Caching disabled for AarTransform: C:\Users\User\.gradle\caches\8.12\transforms\ed23429ad2f785ee2220ca70b2153f36\transformed\jetified-exoplayer-dash-2.19.1 because:
  Build cache is disabled
  Caching not enabled.
Caching disabled for AarTransform: C:\Users\User\.gradle\caches\8.12\transforms\40b755edd4f0798a2110ee3c8ae2e724\transformed\jetified-exoplayer-hls-2.19.1 because:
  Build cache is disabled
  Caching not enabled.
Caching disabled for AarTransform: C:\Users\User\.gradle\caches\8.12\transforms\527eccf1184b4cf6bec86aa0db84b6b7\transformed\jetified-exoplayer-core-2.19.1 because:
  Build cache is disabled
  Caching not enabled.
Caching disabled for AarTransform: C:\Users\User\.gradle\caches\8.12\transforms\9f6e5c6908e169c19c169c53c851ae8e\transformed\jetified-exoplayer-ui-2.19.1 because:
  Build cache is disabled
  Caching not enabled.
Caching disabled for AarTransform: C:\Users\User\.gradle\caches\8.12\transforms\0a2241a8dd65291b4cd1859140971b29\transformed\recyclerview-1.3.0 because:
  Build cache is disabled
  Caching not enabled.
Caching disabled for AarTransform: C:\Users\User\.gradle\caches\8.12\transforms\f0e5b38d68b550af9ae04bbb5ee20114\transformed\jetified-emoji2-views-helper-1.3.0 because:
  Build cache is disabled
  Caching not enabled.
Caching disabled for AarTransform: C:\Users\User\.gradle\caches\8.12\transforms\7a76f02512873108c7e6bc2e2a8f7c6d\transformed\media-1.6.0 because:
  Build cache is disabled
  Caching not enabled.
Caching disabled for AarTransform: C:\Users\User\.gradle\caches\8.12\transforms\fe7c62ec3d8ec7079c9d7e91d509df82\transformed\jetified-emoji2-1.3.0 because:
  Build cache is disabled
  Caching not enabled.
Caching disabled for AarTransform: C:\Users\User\.gradle\caches\8.12\transforms\496e057e6388ee9fede0ddc4b09f5914\transformed\viewpager-1.0.0 because:
  Build cache is disabled
  Caching not enabled.
Caching disabled for AarTransform: C:\Users\User\.gradle\caches\8.12\transforms\7ce07d4473d86f8eae3e2ec66250f587\transformed\customview-1.1.0 because:
  Build cache is disabled
  Caching not enabled.
Caching disabled for AarTransform: C:\Users\User\.gradle\caches\8.12\transforms\dc3a102d504473eb49122c6c8ddfeb71\transformed\loader-1.0.0 because:
  Build cache is disabled
  Caching not enabled.
Caching disabled for AarTransform: C:\Users\User\.gradle\caches\8.12\transforms\3ea534d227db1d2a0b15db88ad6d2b99\transformed\core-1.13.0 because:
  Build cache is disabled
  Caching not enabled.
Caching disabled for AarTransform: C:\Users\User\.gradle\caches\8.12\transforms\4219ea900ceea63f2339b727d3081661\transformed\lifecycle-viewmodel-2.6.2 because:
  Build cache is disabled
  Caching not enabled.
Caching disabled for AarTransform: C:\Users\User\.gradle\caches\8.12\transforms\567d6fb2d9583a8b11a12ed10e5a46ba\transformed\jetified-lifecycle-service-2.6.2 because:
  Build cache is disabled
  Caching not enabled.
Caching disabled for AarTransform: C:\Users\User\.gradle\caches\8.12\transforms\1139f689b7c4d7f0ff205f3eea4aa3fa\transformed\jetified-graphics-shapes-release because:
  Build cache is disabled
  Caching not enabled.
Caching disabled for AarTransform: C:\Users\User\.gradle\caches\8.12\transforms\c0f47557c937dc0de1cb3fd26fd8a63e\transformed\jetified-savedstate-1.2.1 because:
  Build cache is disabled
  Caching not enabled.
Caching disabled for AarTransform: C:\Users\User\.gradle\caches\8.12\transforms\35c2fa2c16fcfefbd34f6fa67f7965ec\transformed\jetified-customview-poolingcontainer-1.0.0 because:
  Build cache is disabled
  Caching not enabled.
Caching disabled for AarTransform: C:\Users\User\.gradle\caches\8.12\transforms\9751041c56b8eb1f34c09953628b1905\transformed\lifecycle-livedata-core-2.6.2 because:
  Build cache is disabled
  Caching not enabled.
Caching disabled for AarTransform: C:\Users\User\.gradle\caches\8.12\transforms\abfe477a1291cf3ec24fe7018d970121\transformed\jetified-lifecycle-process-2.6.2 because:
  Build cache is disabled
  Caching not enabled.
Caching disabled for AarTransform: C:\Users\User\.gradle\caches\8.12\transforms\1fee23112d66157c17606c0c191832e4\transformed\lifecycle-livedata-2.6.2 because:
  Build cache is disabled
  Caching not enabled.
Caching disabled for AarTransform: C:\Users\User\.gradle\caches\8.12\transforms\a4dcffeb92ed6d9305a41e99e9ba5b12\transformed\lifecycle-runtime-2.6.2 because:
  Build cache is disabled
  Caching not enabled.
Caching disabled for AarTransform: C:\Users\User\.gradle\caches\8.12\transforms\bd019668c92787376bae899180f1dd4a\transformed\jetified-activity-1.11.0 because:
  Build cache is disabled
  Caching not enabled.
Caching disabled for AarTransform: C:\Users\User\.gradle\caches\8.12\transforms\3ec77582b2585f5372fcf13eb54bb34e\transformed\jetified-lifecycle-viewmodel-savedstate-2.6.2 because:
  Build cache is disabled
  Caching not enabled.
Caching disabled for AarTransform: C:\Users\User\.gradle\caches\8.12\transforms\4fd70ec199840e9214f918440de0c99d\transformed\jetified-core-ktx-1.13.0 because:
  Build cache is disabled
  Caching not enabled.
Caching disabled for AarTransform: C:\Users\User\.gradle\caches\8.12\transforms\fca95a9cf62b336213bb0c28af31329c\transformed\sqlite-2.4.0 because:
  Build cache is disabled
  Caching not enabled.
Caching disabled for AarTransform: C:\Users\User\.gradle\caches\8.12\transforms\6e3f473a397d7976c775841c2e7f2fb3\transformed\sqlite-framework-2.4.0 because:
  Build cache is disabled
  Caching not enabled.
Caching disabled for AarTransform: C:\Users\User\.gradle\caches\8.12\transforms\a046a1b7f313f2b59644041d541ed40e\transformed\jetified-core-viewtree-1.0.0 because:
  Build cache is disabled
  Caching not enabled.
Caching disabled for AarTransform: C:\Users\User\.gradle\caches\8.12\transforms\0da1c3e09f1716805f56f8670e21481c\transformed\jetified-shimmer-0.5.0 because:
  Build cache is disabled
  Caching not enabled.
Caching disabled for AarTransform: C:\Users\User\.gradle\caches\8.12\transforms\ff83c14a097a22fb97662d70038065c9\transformed\jetified-security-crypto-1.1.0-alpha06 because:
  Build cache is disabled
  Caching not enabled.
Caching disabled for AarTransform: C:\Users\User\.gradle\caches\8.12\transforms\a743a6ee1812078e80d3c8f115f9e74c\transformed\cardview-1.0.0 because:
  Build cache is disabled
  Caching not enabled.
Caching disabled for AarTransform: C:\Users\User\.gradle\caches\8.12\transforms\e50e2d534626f99caaa4880cd65a447d\transformed\jetified-profileinstaller-1.4.0 because:
  Build cache is disabled
  Caching not enabled.
Caching disabled for AarTransform: C:\Users\User\.gradle\caches\8.12\transforms\7a66c845657a296d10aebfc93f888639\transformed\jetified-tracing-1.0.0 because:
  Build cache is disabled
  Caching not enabled.
Caching disabled for AarTransform: C:\Users\User\.gradle\caches\8.12\transforms\b77004cf184d06413c9ebd47cc88830e\transformed\jetified-startup-runtime-1.1.1 because:
  Build cache is disabled
  Caching not enabled.
Caching disabled for AarTransform: C:\Users\User\.gradle\caches\8.12\transforms\d2bb9f3c2a50c2739907e49162135436\transformed\core-runtime-2.2.0 because:
  Build cache is disabled
  Caching not enabled.
Caching disabled for AarTransform: C:\Users\User\.gradle\caches\8.12\transforms\59f4de68596687ba6340e3d3ea23c03e\transformed\jetified-exoplayer-database-2.19.1 because:
  Build cache is disabled
  Caching not enabled.
Caching disabled for AarTransform: C:\Users\User\.gradle\caches\8.12\transforms\45878c82bf5fbe82f905ea785da5c18b\transformed\jetified-exoplayer-datasource-2.19.1 because:
  Build cache is disabled
  Caching not enabled.
Caching disabled for AarTransform: C:\Users\User\.gradle\caches\8.12\transforms\8038bc4835a6d9e3eef519f148e26b05\transformed\jetified-exoplayer-extractor-2.19.1 because:
  Build cache is disabled
  Caching not enabled.
Caching disabled for AarTransform: C:\Users\User\.gradle\caches\8.12\transforms\dde090a1576390f64d7b842c4dfdd5a6\transformed\jetified-exoplayer-decoder-2.19.1 because:
  Build cache is disabled
  Caching not enabled.
Caching disabled for AarTransform: C:\Users\User\.gradle\caches\8.12\transforms\e420ee8aa176e56526d9923a592a87d0\transformed\jetified-exoplayer-container-2.19.1 because:
  Build cache is disabled
  Caching not enabled.
Caching disabled for AarTransform: C:\Users\User\.gradle\caches\8.12\transforms\6b17a4695f26b5f7ab73d0b46411eb38\transformed\jetified-exoplayer-common-2.19.1 because:
  Build cache is disabled
  Caching not enabled.
Caching disabled for AarTransform: C:\Users\User\.gradle\caches\8.12\transforms\e31f0adee0898e8828e929254d0bdda7\transformed\jetified-gifdecoder-4.14.2 because:
  Build cache is disabled
  Caching not enabled.
Caching disabled for AarTransform: C:\Users\User\.gradle\caches\8.12\transforms\8fd1440347084a0ed9e9d35896cd3091\transformed\cursoradapter-1.0.0 because:
  Build cache is disabled
  Caching not enabled.
Caching disabled for AarTransform: C:\Users\User\.gradle\caches\8.12\transforms\f6665ae9bb22a2a3dadf4f2730e9876e\transformed\exifinterface-1.3.3 because:
  Build cache is disabled
  Caching not enabled.
Caching disabled for AarTransform: C:\Users\User\.gradle\caches\8.12\transforms\2e20a0846923b700ad91504e9019cef0\transformed\interpolator-1.0.0 because:
  Build cache is disabled
  Caching not enabled.
Caching disabled for AarTransform: C:\Users\User\.gradle\caches\8.12\transforms\4bd1c4c51d0ee52a0f897a468295301a\transformed\versionedparcelable-1.1.1 because:
  Build cache is disabled
  Caching not enabled.
Caching disabled for AarTransform: C:\Users\User\.gradle\caches\8.12\transforms\0076d1e736f0af59f8251731ac48e0e4\transformed\multidex-2.0.1 because:
  Build cache is disabled
  Caching not enabled.
Caching disabled for AarTransform: C:\Users\User\.gradle\caches\8.12\transforms\bc0325d02708ca56dd1f5e2b66ebd9d1\transformed\jetified-annotation-experimental-1.4.1 because:
  Build cache is disabled
  Caching not enabled.
Caching disabled for AarTransform: C:\Users\User\.gradle\caches\8.12\transforms\e592d658e9478327ab2ef113dfc42473\transformed\jetified-rxandroid-2.1.1 because:
  Build cache is disabled
  Caching not enabled.
Caching disabled for AarTransform: C:\Users\User\.gradle\caches\8.12\transforms\5ab3e8337cbfdfb90131dda87a93f7da\transformed\jetified-QRGenerator-1.0.1 because:
  Build cache is disabled
  Caching not enabled.
Caching disabled for AarTransform: C:\Users\User\.gradle\caches\8.12\transforms\c5cb10ba5b7623a776292f3c5a16a320\transformed\fragment-1.5.4 because:
  Build cache is disabled
  Caching not enabled.
Caching disabled for AarTransform: C:\Users\User\.gradle\caches\8.12\transforms\3dd34b759d6c930f8bda0cce28428dce\transformed\appcompat-1.7.0 because:
  Build cache is disabled
  Caching not enabled.
Caching disabled for AarTransform: C:\Users\User\.gradle\caches\8.12\transforms\e56c634b1bfb1e160611fcb1fee4f488\transformed\jetified-glide-4.14.2 because:
  Build cache is disabled
  Caching not enabled.
Caching disabled for AarTransform: C:\Users\User\.gradle\caches\8.12\transforms\81034a8e9325d6b1a1e54e612ca7931a\transformed\jetified-viewpager2-1.0.0 because:
  Build cache is disabled
  Caching not enabled.
Caching disabled for task ':app:mergeReleaseArtProfile' because:
  Build cache is disabled
  Simple merging task
Task ':app:mergeReleaseArtProfile' is not up-to-date because:
  Output property 'outputFile' file C:\project\adjaba-player\app\build\intermediates\merged_art_profile\release\mergeReleaseArtProfile\baseline-prof.txt has been removed.
file or directory 'C:\project\adjaba-player\app\src\main\baselineProfiles', not found
file or directory 'C:\project\adjaba-player\app\src\release\baselineProfiles', not found

> Task :app:extractProguardFiles
Caching disabled for task ':app:extractProguardFiles' because:
  Build cache is disabled
  Fast task
Task ':app:extractProguardFiles' is not up-to-date because:
  Output property 'proguardFilesDir' file C:\project\adjaba-player\app\build\intermediates\default_proguard_files\global has been removed.
  Output property 'proguardFilesDir' file C:\project\adjaba-player\app\build\intermediates\default_proguard_files\global\proguard-android-optimize.txt-8.10.1 has been removed.
  Output property 'proguardFilesDir' file C:\project\adjaba-player\app\build\intermediates\default_proguard_files\global\proguard-android.txt-8.10.1 has been removed.
  and more...
Resolve mutations for :app:mergeReleaseStartupProfile (Thread[#108,Execution worker Thread 9,5,main]) started.
:app:mergeReleaseStartupProfile (Thread[#99,included builds,5,main]) started.

> Task :app:mergeReleaseStartupProfile UP-TO-DATE
Caching disabled for task ':app:mergeReleaseStartupProfile' because:
  Build cache is disabled
  Simple merging task
Skipping task ':app:mergeReleaseStartupProfile' as it is up-to-date.
Resolve mutations for :app:mergeReleaseShaders (Thread[#99,included builds,5,main]) started.
:app:mergeReleaseShaders (Thread[#99,included builds,5,main]) started.

> Task :app:mergeReleaseShaders
Caching disabled for task ':app:mergeReleaseShaders' because:
  Build cache is disabled
  Simple merging task
Task ':app:mergeReleaseShaders' is not up-to-date because:
  Output property 'outputDir' file C:\project\adjaba-player\app\build\intermediates\merged_shaders\release\mergeReleaseShaders\out has been removed.
The input changes require a full rebuild for incremental task ':app:mergeReleaseShaders'.
Resolve mutations for :app:compileReleaseShaders (Thread[#99,included builds,5,main]) started.
:app:compileReleaseShaders (Thread[#99,included builds,5,main]) started.

> Task :app:compileReleaseShaders NO-SOURCE
Skipping task ':app:compileReleaseShaders' as it has no source files and no previous output files.
Resolve mutations for :app:generateReleaseAssets (Thread[#99,included builds,5,main]) started.
:app:generateReleaseAssets (Thread[#99,included builds,5,main]) started.

> Task :app:generateReleaseAssets UP-TO-DATE
Skipping task ':app:generateReleaseAssets' as it has no actions.
Resolve mutations for :app:mergeReleaseAssets (Thread[#99,included builds,5,main]) started.
:app:mergeReleaseAssets (Thread[#99,included builds,5,main]) started.

> Task :app:mergeReleaseAssets
file or directory 'C:\project\adjaba-player\app\libs', not found
Caching disabled for task ':app:mergeReleaseAssets' because:
  Build cache is disabled
  Simple merging task
Task ':app:mergeReleaseAssets' is not up-to-date because:
  Output property 'outputDir' file C:\project\adjaba-player\app\build\intermediates\assets\release\mergeReleaseAssets has been removed.
  Output property 'outputDir' file C:\project\adjaba-player\app\build\intermediates\assets\release\mergeReleaseAssets\erasdemi.TTF has been removed.
The input changes require a full rebuild for incremental task ':app:mergeReleaseAssets'.
file or directory 'C:\project\adjaba-player\app\libs', not found
Resolve mutations for :app:compressReleaseAssets (Thread[#99,included builds,5,main]) started.
:app:compressReleaseAssets (Thread[#99,included builds,5,main]) started.
Resolve mutations for :app:extractReleaseVersionControlInfo (Thread[#108,Execution worker Thread 9,5,main]) started.
:app:extractReleaseVersionControlInfo (Thread[#108,Execution worker Thread 9,5,main]) started.

> Task :app:compressReleaseAssets
Caching disabled for task ':app:compressReleaseAssets' because:
  Build cache is disabled
Task ':app:compressReleaseAssets' is not up-to-date because:
  Output property 'outputDir' file C:\project\adjaba-player\app\build\intermediates\compressed_assets\release\compressReleaseAssets\out has been removed.
  Output property 'outputDir' file C:\project\adjaba-player\app\build\intermediates\compressed_assets\release\compressReleaseAssets\out\assets has been removed.
  Output property 'outputDir' file C:\project\adjaba-player\app\build\intermediates\compressed_assets\release\compressReleaseAssets\out\assets\erasdemi.TTF.jar has been removed.
The input changes require a full rebuild for incremental task ':app:compressReleaseAssets'.

> Task :app:extractReleaseVersionControlInfo
Caching disabled for task ':app:extractReleaseVersionControlInfo' because:
  Build cache is disabled
  Caching has been disabled for the task
Task ':app:extractReleaseVersionControlInfo' is not up-to-date because:
  Output property 'vcInfoFile' file C:\project\adjaba-player\app\build\intermediates\version_control_info_file\release\extractReleaseVersionControlInfo\version-control-info.textproto has been removed.
Resolve mutations for :app:collectReleaseDependencies (Thread[#108,Execution worker Thread 9,5,main]) started.
:app:collectReleaseDependencies (Thread[#99,included builds,5,main]) started.

> Task :app:collectReleaseDependencies
file or directory 'C:\project\adjaba-player\app\libs', not found
file or directory 'C:\project\adjaba-player\app\libs', not found
Caching disabled for task ':app:collectReleaseDependencies' because:
  Build cache is disabled
  Caching has been disabled for the task
Task ':app:collectReleaseDependencies' is not up-to-date because:
  Value of input property 'rootComponent' has changed for task ':app:collectReleaseDependencies'
file or directory 'C:\project\adjaba-player\app\libs', not found
Resolve mutations for :app:sdkReleaseDependencyData (Thread[#99,included builds,5,main]) started.
:app:sdkReleaseDependencyData (Thread[#99,included builds,5,main]) started.

> Task :app:sdkReleaseDependencyData
Caching disabled for task ':app:sdkReleaseDependencyData' because:
  Build cache is disabled
  Caching has been disabled for the task
Task ':app:sdkReleaseDependencyData' is not up-to-date because:
  Output property 'sdkDependencyData' file C:\project\adjaba-player\app\build\intermediates\sdk_dependency_data\release\sdkReleaseDependencyData\sdkDependencyData.pb has been removed.
  Output property 'sdkDependencyDataPublic' file C:\project\adjaba-player\app\build\outputs\sdk-dependencies\release\sdkDependencies.txt has been removed.
Invalidating in-memory cache of C:\project\adjaba-player\.gradle\8.12\executionHistory\executionHistory.bin
Invalidating in-memory cache of C:\project\adjaba-player\.gradle\buildOutputCleanup\outputFiles.bin
Resolve mutations for :app:writeReleaseAppMetadata (Thread[#99,included builds,5,main]) started.
:app:writeReleaseAppMetadata (Thread[#99,included builds,5,main]) started.

> Task :app:writeReleaseAppMetadata
Caching disabled for task ':app:writeReleaseAppMetadata' because:
  Build cache is disabled
  Caching has been disabled for the task
Task ':app:writeReleaseAppMetadata' is not up-to-date because:
  Output property 'outputFile' file C:\project\adjaba-player\app\build\intermediates\app_metadata\release\writeReleaseAppMetadata\app-metadata.properties has been removed.
Invalidating in-memory cache of C:\project\adjaba-player\.gradle\8.12\fileHashes\fileHashes.bin
Invalidating in-memory cache of C:\project\adjaba-player\.gradle\8.12\fileHashes\resourceHashesCache.bin
Resolve mutations for :app:writeReleaseSigningConfigVersions (Thread[#99,included builds,5,main]) started.
:app:writeReleaseSigningConfigVersions (Thread[#99,included builds,5,main]) started.

> Task :app:writeReleaseSigningConfigVersions
Caching disabled for task ':app:writeReleaseSigningConfigVersions' because:
  Build cache is disabled
  Caching has been disabled for the task
Task ':app:writeReleaseSigningConfigVersions' is not up-to-date because:
  Output property 'outputFile' file C:\project\adjaba-player\app\build\intermediates\signing_config_versions\release\writeReleaseSigningConfigVersions\signing-config-versions.json has been removed.
Resolve mutations for :app:preDebugAndroidTestBuild (Thread[#99,included builds,5,main]) started.
:app:preDebugAndroidTestBuild (Thread[#99,included builds,5,main]) started.

> Task :app:preDebugAndroidTestBuild SKIPPED
Skipping task ':app:preDebugAndroidTestBuild' as task onlyIf 'Task is enabled' is false.
Resolve mutations for :app:generateDebugAndroidTestResValues (Thread[#99,included builds,5,main]) started.
:app:generateDebugAndroidTestResValues (Thread[#99,included builds,5,main]) started.

> Task :app:generateDebugAndroidTestResValues
Caching disabled for task ':app:generateDebugAndroidTestResValues' because:
  Build cache is disabled
Task ':app:generateDebugAndroidTestResValues' is not up-to-date because:
  Output property 'outputDirectory' file C:\project\adjaba-player\app\build\generated\res\resValues\androidTest\debug has been removed.
Resolve mutations for :app:preDebugUnitTestBuild (Thread[#99,included builds,5,main]) started.
:app:preDebugUnitTestBuild (Thread[#99,included builds,5,main]) started.

> Task :app:preDebugUnitTestBuild UP-TO-DATE
Skipping task ':app:preDebugUnitTestBuild' as it has no actions.

> Task :app:processReleaseManifestForPackage
Custom actions are attached to task ':app:processReleaseManifestForPackage'.
Caching disabled for task ':app:processReleaseManifestForPackage' because:
  Build cache is disabled
Task ':app:processReleaseManifestForPackage' is not up-to-date because:
  Output property 'packageManifests' file C:\project\adjaba-player\app\build\intermediates\packaged_manifests\release\processReleaseManifestForPackage has been removed.
  Output property 'packageManifests' file C:\project\adjaba-player\app\build\intermediates\packaged_manifests\release\processReleaseManifestForPackage\AndroidManifest.xml has been removed.
  Output property 'packageManifests' file C:\project\adjaba-player\app\build\intermediates\packaged_manifests\release\processReleaseManifestForPackage\output-metadata.json has been removed.

> Task :app:mergeReleaseResources
Compiling XML table C:\project\adjaba-player\app\build\intermediates\incremental\release\mergeReleaseResources\merged.dir\values-km\values-km.xml to C:\project\adjaba-player\app\build\intermediates\merged_res\release\mergeReleaseResources\values-km_values-km.arsc.flat
Compiling XML table C:\project\adjaba-player\app\build\intermediates\incremental\release\mergeReleaseResources\merged.dir\values-ldrtl-v17\values-ldrtl-v17.xml to C:\project\adjaba-player\app\build\intermediates\merged_res\release\mergeReleaseResources\values-ldrtl-v17_values-ldrtl-v17.arsc.flat
AAPT2 aapt2-8.10.1-12782657-windows Daemon #5: starting
Compiling XML table C:\project\adjaba-player\app\build\intermediates\incremental\release\mergeReleaseResources\merged.dir\values-my\values-my.xml to C:\project\adjaba-player\app\build\intermediates\merged_res\release\mergeReleaseResources\values-my_values-my.arsc.flat
Compiling XML table C:\project\adjaba-player\app\build\intermediates\incremental\release\mergeReleaseResources\merged.dir\values-tl\values-tl.xml to C:\project\adjaba-player\app\build\intermediates\merged_res\release\mergeReleaseResources\values-tl_values-tl.arsc.flat
Compiling XML table C:\project\adjaba-player\app\build\intermediates\incremental\release\mergeReleaseResources\merged.dir\values-nl\values-nl.xml to C:\project\adjaba-player\app\build\intermediates\merged_res\release\mergeReleaseResources\values-nl_values-nl.arsc.flat
Compiling XML table C:\project\adjaba-player\app\build\intermediates\incremental\release\mergeReleaseResources\merged.dir\values-uk\values-uk.xml to C:\project\adjaba-player\app\build\intermediates\merged_res\release\mergeReleaseResources\values-uk_values-uk.arsc.flat
Compiling XML table C:\project\adjaba-player\app\build\intermediates\incremental\release\mergeReleaseResources\merged.dir\values-b+es+419\values-b+es+419.xml to C:\project\adjaba-player\app\build\intermediates\merged_res\release\mergeReleaseResources\values-b+es+419_values-b+es+419.arsc.flat
Compiling XML table C:\project\adjaba-player\app\build\intermediates\incremental\release\mergeReleaseResources\merged.dir\values-es\values-es.xml to C:\project\adjaba-player\app\build\intermediates\merged_res\release\mergeReleaseResources\values-es_values-es.arsc.flat
Compiling xml file C:\project\adjaba-player\app\src\main\res\drawable\spinner_custom.xml to C:\project\adjaba-player\app\build\intermediates\merged_res\release\mergeReleaseResources\drawable_spinner_custom.xml.flat
Compiling xml file C:\project\adjaba-player\app\src\main\res\layout\main_ads_custom.xml to C:\project\adjaba-player\app\build\intermediates\merged_res\release\mergeReleaseResources\layout_main_ads_custom.xml.flat
Compiling xml file C:\project\adjaba-player\app\src\main\res\drawable\progress_drawable.xml to C:\project\adjaba-player\app\build\intermediates\merged_res\release\mergeReleaseResources\drawable_progress_drawable.xml.flat
Compiling xml file C:\project\adjaba-player\app\src\main\res\drawable\bt_custom.xml to C:\project\adjaba-player\app\build\intermediates\merged_res\release\mergeReleaseResources\drawable_bt_custom.xml.flat
Compiling XML table C:\project\adjaba-player\app\build\intermediates\incremental\release\mergeReleaseResources\merged.dir\values-zh-rCN\values-zh-rCN.xml to C:\project\adjaba-player\app\build\intermediates\merged_res\release\mergeReleaseResources\values-zh-rCN_values-zh-rCN.arsc.flat
Compiling xml file C:\project\adjaba-player\app\src\main\res\anim\enter_from_right.xml to C:\project\adjaba-player\app\build\intermediates\merged_res\release\mergeReleaseResources\anim_enter_from_right.xml.flat
AAPT2 aapt2-8.10.1-12782657-windows Daemon #6: starting
Compiling file C:\project\adjaba-player\app\src\main\res\raw\network.xml to C:\project\adjaba-player\app\build\intermediates\merged_res\release\mergeReleaseResources\raw_network.xml.flat
AAPT2 aapt2-8.10.1-12782657-windows Daemon #7: starting
Compiling XML table C:\project\adjaba-player\app\build\intermediates\incremental\release\mergeReleaseResources\merged.dir\values-gu\values-gu.xml to C:\project\adjaba-player\app\build\intermediates\merged_res\release\mergeReleaseResources\values-gu_values-gu.arsc.flat
Compiling xml file C:\project\adjaba-player\app\src\main\res\drawable\edit_text_cursor.xml to C:\project\adjaba-player\app\build\intermediates\merged_res\release\mergeReleaseResources\drawable_edit_text_cursor.xml.flat
Compiling xml file C:\project\adjaba-player\app\src\main\res\layout\item_spinner.xml to C:\project\adjaba-player\app\build\intermediates\merged_res\release\mergeReleaseResources\layout_item_spinner.xml.flat
Compiling xml file C:\project\adjaba-player\app\src\main\res\layout\info_custom.xml to C:\project\adjaba-player\app\build\intermediates\merged_res\release\mergeReleaseResources\layout_info_custom.xml.flat
Compiling xml file C:\project\adjaba-player\app\src\main\res\menu\select_screen_top_menu.xml to C:\project\adjaba-player\app\build\intermediates\merged_res\release\mergeReleaseResources\menu_select_screen_top_menu.xml.flat
Compiling XML table C:\project\adjaba-player\app\build\intermediates\incremental\release\mergeReleaseResources\merged.dir\values-v17\values-v17.xml to C:\project\adjaba-player\app\build\intermediates\merged_res\release\mergeReleaseResources\values-v17_values-v17.arsc.flat
Compiling XML table C:\project\adjaba-player\app\build\intermediates\incremental\release\mergeReleaseResources\merged.dir\values-ar\values-ar.xml to C:\project\adjaba-player\app\build\intermediates\merged_res\release\mergeReleaseResources\values-ar_values-ar.arsc.flat
Compiling XML table C:\project\adjaba-player\app\build\intermediates\incremental\release\mergeReleaseResources\merged.dir\values-zu\values-zu.xml to C:\project\adjaba-player\app\build\intermediates\merged_res\release\mergeReleaseResources\values-zu_values-zu.arsc.flat
Compiling XML table C:\project\adjaba-player\app\build\intermediates\incremental\release\mergeReleaseResources\merged.dir\values-v31\values-v31.xml to C:\project\adjaba-player\app\build\intermediates\merged_res\release\mergeReleaseResources\values-v31_values-v31.arsc.flat
Compiling XML table C:\project\adjaba-player\app\build\intermediates\incremental\release\mergeReleaseResources\merged.dir\values-kn\values-kn.xml to C:\project\adjaba-player\app\build\intermediates\merged_res\release\mergeReleaseResources\values-kn_values-kn.arsc.flat
Compiling XML table C:\project\adjaba-player\app\build\intermediates\incremental\release\mergeReleaseResources\merged.dir\values-xlarge-v4\values-xlarge-v4.xml to C:\project\adjaba-player\app\build\intermediates\merged_res\release\mergeReleaseResources\values-xlarge-v4_values-xlarge-v4.arsc.flat
Compiling XML table C:\project\adjaba-player\app\build\intermediates\incremental\release\mergeReleaseResources\merged.dir\values-ur\values-ur.xml to C:\project\adjaba-player\app\build\intermediates\merged_res\release\mergeReleaseResources\values-ur_values-ur.arsc.flat
Compiling XML table C:\project\adjaba-player\app\build\intermediates\incremental\release\mergeReleaseResources\merged.dir\values-et\values-et.xml to C:\project\adjaba-player\app\build\intermediates\merged_res\release\mergeReleaseResources\values-et_values-et.arsc.flat
Compiling XML table C:\project\adjaba-player\app\build\intermediates\incremental\release\mergeReleaseResources\merged.dir\values-fi\values-fi.xml to C:\project\adjaba-player\app\build\intermediates\merged_res\release\mergeReleaseResources\values-fi_values-fi.arsc.flat
Compiling XML table C:\project\adjaba-player\app\build\intermediates\incremental\release\mergeReleaseResources\merged.dir\values-pa\values-pa.xml to C:\project\adjaba-player\app\build\intermediates\merged_res\release\mergeReleaseResources\values-pa_values-pa.arsc.flat
Compiling xml file C:\project\adjaba-player\app\src\main\res\drawable\edt_text_custom.xml to C:\project\adjaba-player\app\build\intermediates\merged_res\release\mergeReleaseResources\drawable_edt_text_custom.xml.flat
Compiling xml file C:\project\adjaba-player\app\src\main\res\layout\item_spinner_dropdown.xml to C:\project\adjaba-player\app\build\intermediates\merged_res\release\mergeReleaseResources\layout_item_spinner_dropdown.xml.flat
Compiling xml file C:\project\adjaba-player\app\src\main\res\anim\slide_down_out.xml to C:\project\adjaba-player\app\build\intermediates\merged_res\release\mergeReleaseResources\anim_slide_down_out.xml.flat
Compiling xml file C:\project\adjaba-player\app\src\main\res\drawable\gradient_news_overlay.xml to C:\project\adjaba-player\app\build\intermediates\merged_res\release\mergeReleaseResources\drawable_gradient_news_overlay.xml.flat
Invalidating in-memory cache of C:\project\adjaba-player\.gradle\8.12\executionHistory\executionHistory.bin
Invalidating in-memory cache of C:\project\adjaba-player\.gradle\buildOutputCleanup\outputFiles.bin
Resolve mutations for :app:processReleaseResources (Thread[#100,Execution worker,5,main]) started.
:app:processReleaseResources (Thread[#99,included builds,5,main]) started.

> Task :app:kaptGenerateStubsDebugKotlin
i: starting the daemon as: C:\Program Files\Java\jdk-21.0.11\bin\java -cp C:\Users\User\.gradle\caches\modules-2\files-2.1\org.jetbrains.kotlin\kotlin-compiler-embeddable\1.9.25\6e698f23ca1f74d6672827f61e92c2fe015d1b88\kotlin-compiler-embeddable-1.9.25.jar;C:\Users\User\.gradle\caches\modules-2\files-2.1\org.jetbrains.kotlin\kotlin-stdlib\1.9.25\f700a2f2b8f0d6d0fde48f56d894dc722fb029d7\kotlin-stdlib-1.9.25.jar;C:\Users\User\.gradle\caches\modules-2\files-2.1\org.jetbrains.kotlin\kotlin-script-runtime\1.9.25\43cdc99e4582c67c2b60f609d0e4c015d33a8e89\kotlin-script-runtime-1.9.25.jar;C:\Users\User\.gradle\caches\modules-2\files-2.1\org.jetbrains.kotlin\kotlin-reflect\1.6.10\1cbe9c92c12a94eea200d23c2bbaedaf3daf5132\kotlin-reflect-1.6.10.jar;C:\Users\User\.gradle\caches\modules-2\files-2.1\org.jetbrains.kotlin\kotlin-daemon-embeddable\1.9.25\3a1ebb4f98ed480e4774f45e3be215626eb3ae02\kotlin-daemon-embeddable-1.9.25.jar;C:\Users\User\.gradle\caches\modules-2\files-2.1\org.jetbrains.intellij.deps\trove4j\1.0.20200330\3afb14d5f9ceb459d724e907a21145e8ff394f02\trove4j-1.0.20200330.jar;C:\Users\User\.gradle\caches\modules-2\files-2.1\org.jetbrains\annotations\13.0\919f0dfe192fb4e063e7dacadee7f8bb9a2672a9\annotations-13.0.jar -Djava.awt.headless=true -D$java.rmi.server.hostname=127.0.0.1 -Xmx2048M -Dkotlin.environment.keepalive -ea --add-exports java.base/sun.nio.ch=ALL-UNNAMED org.jetbrains.kotlin.daemon.KotlinCompileDaemon --daemon-runFilesPath C:\Users\User\AppData\Local\kotlin\daemon --daemon-autoshutdownIdleSeconds=7200 --daemon-compilerClasspath C:\Users\User\.gradle\caches\modules-2\files-2.1\org.jetbrains.kotlin\kotlin-compiler-embeddable\1.9.25\6e698f23ca1f74d6672827f61e92c2fe015d1b88\kotlin-compiler-embeddable-1.9.25.jar;C:\Users\User\.gradle\caches\modules-2\files-2.1\org.jetbrains.kotlin\kotlin-stdlib\1.9.25\f700a2f2b8f0d6d0fde48f56d894dc722fb029d7\kotlin-stdlib-1.9.25.jar;C:\Users\User\.gradle\caches\modules-2\files-2.1\org.jetbrains.kotlin\kotlin-script-runtime\1.9.25\43cdc99e4582c67c2b60f609d0e4c015d33a8e89\kotlin-script-runtime-1.9.25.jar;C:\Users\User\.gradle\caches\modules-2\files-2.1\org.jetbrains.kotlin\kotlin-reflect\1.6.10\1cbe9c92c12a94eea200d23c2bbaedaf3daf5132\kotlin-reflect-1.6.10.jar;C:\Users\User\.gradle\caches\modules-2\files-2.1\org.jetbrains.kotlin\kotlin-daemon-embeddable\1.9.25\3a1ebb4f98ed480e4774f45e3be215626eb3ae02\kotlin-daemon-embeddable-1.9.25.jar;C:\Users\User\.gradle\caches\modules-2\files-2.1\org.jetbrains.intellij.deps\trove4j\1.0.20200330\3afb14d5f9ceb459d724e907a21145e8ff394f02\trove4j-1.0.20200330.jar;C:\Users\User\.gradle\caches\modules-2\files-2.1\org.jetbrains\annotations\13.0\919f0dfe192fb4e063e7dacadee7f8bb9a2672a9\annotations-13.0.jar
i: Received the message signalling that the daemon is ready
i: new daemon started, trying to find it
i: found daemon on port 17716 (286 ms old), trying to connect
i: ERROR: unable to retrieve daemon JVM options, assuming daemon is dead: Connection refused to host: 127.0.0.1; nested exception is: 
	java.net.ConnectException: Connection refused: connect
i: starting the daemon as: C:\Program Files\Java\jdk-21.0.11\bin\java -cp C:\Users\User\.gradle\caches\modules-2\files-2.1\org.jetbrains.kotlin\kotlin-compiler-embeddable\1.9.25\6e698f23ca1f74d6672827f61e92c2fe015d1b88\kotlin-compiler-embeddable-1.9.25.jar;C:\Users\User\.gradle\caches\modules-2\files-2.1\org.jetbrains.kotlin\kotlin-stdlib\1.9.25\f700a2f2b8f0d6d0fde48f56d894dc722fb029d7\kotlin-stdlib-1.9.25.jar;C:\Users\User\.gradle\caches\modules-2\files-2.1\org.jetbrains.kotlin\kotlin-script-runtime\1.9.25\43cdc99e4582c67c2b60f609d0e4c015d33a8e89\kotlin-script-runtime-1.9.25.jar;C:\Users\User\.gradle\caches\modules-2\files-2.1\org.jetbrains.kotlin\kotlin-reflect\1.6.10\1cbe9c92c12a94eea200d23c2bbaedaf3daf5132\kotlin-reflect-1.6.10.jar;C:\Users\User\.gradle\caches\modules-2\files-2.1\org.jetbrains.kotlin\kotlin-daemon-embeddable\1.9.25\3a1ebb4f98ed480e4774f45e3be215626eb3ae02\kotlin-daemon-embeddable-1.9.25.jar;C:\Users\User\.gradle\caches\modules-2\files-2.1\org.jetbrains.intellij.deps\trove4j\1.0.20200330\3afb14d5f9ceb459d724e907a21145e8ff394f02\trove4j-1.0.20200330.jar;C:\Users\User\.gradle\caches\modules-2\files-2.1\org.jetbrains\annotations\13.0\919f0dfe192fb4e063e7dacadee7f8bb9a2672a9\annotations-13.0.jar -Djava.awt.headless=true -D$java.rmi.server.hostname=127.0.0.1 -Xmx2048M -Dkotlin.environment.keepalive -ea --add-exports java.base/sun.nio.ch=ALL-UNNAMED org.jetbrains.kotlin.daemon.KotlinCompileDaemon --daemon-runFilesPath C:\Users\User\AppData\Local\kotlin\daemon --daemon-autoshutdownIdleSeconds=7200 --daemon-compilerClasspath C:\Users\User\.gradle\caches\modules-2\files-2.1\org.jetbrains.kotlin\kotlin-compiler-embeddable\1.9.25\6e698f23ca1f74d6672827f61e92c2fe015d1b88\kotlin-compiler-embeddable-1.9.25.jar;C:\Users\User\.gradle\caches\modules-2\files-2.1\org.jetbrains.kotlin\kotlin-stdlib\1.9.25\f700a2f2b8f0d6d0fde48f56d894dc722fb029d7\kotlin-stdlib-1.9.25.jar;C:\Users\User\.gradle\caches\modules-2\files-2.1\org.jetbrains.kotlin\kotlin-script-runtime\1.9.25\43cdc99e4582c67c2b60f609d0e4c015d33a8e89\kotlin-script-runtime-1.9.25.jar;C:\Users\User\.gradle\caches\modules-2\files-2.1\org.jetbrains.kotlin\kotlin-reflect\1.6.10\1cbe9c92c12a94eea200d23c2bbaedaf3daf5132\kotlin-reflect-1.6.10.jar;C:\Users\User\.gradle\caches\modules-2\files-2.1\org.jetbrains.kotlin\kotlin-daemon-embeddable\1.9.25\3a1ebb4f98ed480e4774f45e3be215626eb3ae02\kotlin-daemon-embeddable-1.9.25.jar;C:\Users\User\.gradle\caches\modules-2\files-2.1\org.jetbrains.intellij.deps\trove4j\1.0.20200330\3afb14d5f9ceb459d724e907a21145e8ff394f02\trove4j-1.0.20200330.jar;C:\Users\User\.gradle\caches\modules-2\files-2.1\org.jetbrains\annotations\13.0\919f0dfe192fb4e063e7dacadee7f8bb9a2672a9\annotations-13.0.jar
i: Received the message signalling that the daemon is ready
i: new daemon started, trying to find it
i: found daemon on port 17164 (47 ms old), trying to connect
i: connected to the daemon
Options for KOTLIN DAEMON: IncrementalCompilationOptions(super=CompilationOptions(compilerMode=INCREMENTAL_COMPILER, targetPlatform=JVM, reportCategories=[0, 3], reportSeverity=2, requestedCompilationResults=[0], kotlinScriptExtensions=[]), areFileChangesKnown=false, modifiedFiles=null, deletedFiles=null, classpathChanges=NotAvailableForNonIncrementalRun, workingDir=C:\project\adjaba-player\app\build\kotlin\kaptGenerateStubsDebugKotlin\cacheable, multiModuleICSettings=MultiModuleICSettings(buildHistoryFile=C:\project\adjaba-player\app\build\kotlin\kaptGenerateStubsDebugKotlin\local-state\build-history.bin, useModuleDetection=true), usePreciseJavaTracking=true, outputFiles=[C:\project\adjaba-player\app\build\tmp\kapt3\incrementalData\debug, C:\project\adjaba-player\app\build\tmp\kapt3\stubs\debug, C:\project\adjaba-player\app\build\kotlin\kaptGenerateStubsDebugKotlin\cacheable, C:\project\adjaba-player\app\build\kotlin\kaptGenerateStubsDebugKotlin\local-state])

> Task :app:processReleaseResources
file or directory 'C:\project\adjaba-player\app\libs', not found
file or directory 'C:\project\adjaba-player\app\libs', not found
Registered task dependencies: app:releaseCompileClasspath
Skipping misunderstood TO dep string: org.jetbrains.kotlin:kotlin-stdlib
Skipping misunderstood TO dep string: org.jetbrains.kotlin:kotlin-stdlib
Starting dependency analysis
file or directory 'C:\project\adjaba-player\app\libs', not found
Caching disabled for task ':app:processReleaseResources' because:
  Build cache is disabled
Task ':app:processReleaseResources' is not up-to-date because:
  Output property 'RClassOutputJar' file C:\project\adjaba-player\app\build\intermediates\compile_and_runtime_not_namespaced_r_class_jar\release\processReleaseResources\R.jar has been removed.
  Output property 'linkedResourcesOutputDir' file C:\project\adjaba-player\app\build\intermediates\linked_resources_binary_format\release\processReleaseResources has been removed.
  Output property 'linkedResourcesOutputDir' file C:\project\adjaba-player\app\build\intermediates\linked_resources_binary_format\release\processReleaseResources\linked-resources-binary-format-release.ap_ has been removed.
  and more...
The input changes require a full rebuild for incremental task ':app:processReleaseResources'.
Aapt output file C:\project\adjaba-player\app\build\intermediates\linked_resources_binary_format\release\processReleaseResources\linked-resources-binary-format-release.ap_
Invalidating in-memory cache of C:\project\adjaba-player\.gradle\8.12\fileHashes\fileHashes.bin
Invalidating in-memory cache of C:\project\adjaba-player\.gradle\8.12\fileHashes\resourceHashesCache.bin
Invalidating in-memory cache of C:\project\adjaba-player\.gradle\8.12\fileHashes\fileHashes.bin
Invalidating in-memory cache of C:\project\adjaba-player\.gradle\8.12\fileHashes\resourceHashesCache.bin
Invalidating in-memory cache of C:\project\adjaba-player\.gradle\8.12\executionHistory\executionHistory.bin
Invalidating in-memory cache of C:\project\adjaba-player\.gradle\buildOutputCleanup\outputFiles.bin
Resolve mutations for :app:kaptGenerateStubsReleaseKotlin (Thread[#99,included builds,5,main]) started.
:app:kaptGenerateStubsReleaseKotlin (Thread[#99,included builds,5,main]) started.

> Task :app:kaptGenerateStubsReleaseKotlin
file or directory 'C:\project\adjaba-player\app\libs', not found
Registered task dependencies: app:kotlinCompilerPluginClasspathRelease
Starting dependency analysis
Caching disabled for task ':app:kaptGenerateStubsReleaseKotlin' because:
  Build cache is disabled
Task ':app:kaptGenerateStubsReleaseKotlin' is not up-to-date because:
  Output property 'classpathSnapshotProperties.classpathSnapshotDir' file C:\project\adjaba-player\app\build\kotlin\kaptGenerateStubsReleaseKotlin\classpath-snapshot has been removed.
  Output property 'classpathSnapshotProperties.classpathSnapshotDir' file C:\project\adjaba-player\app\build\kotlin\kaptGenerateStubsReleaseKotlin\classpath-snapshot\shrunk-classpath-snapshot.bin has been removed.
  Output property 'destinationDirectory' file C:\project\adjaba-player\app\build\tmp\kapt3\incrementalData\release has been removed.
  and more...
The input changes require a full rebuild for incremental task ':app:kaptGenerateStubsReleaseKotlin'.
file or directory 'C:\project\adjaba-player\app\src\release\kotlin', not found
file or directory 'C:\project\adjaba-player\app\src\release\kotlin', not found
file or directory 'C:\project\adjaba-player\app\src\release\java', not found
file or directory 'C:\project\adjaba-player\app\src\release\kotlin', not found
file or directory 'C:\project\adjaba-player\app\src\release\java', not found
file or directory 'C:\project\adjaba-player\app\src\main\kotlin', not found
file or directory 'C:\project\adjaba-player\app\src\main\kotlin', not found
file or directory 'C:\project\adjaba-player\app\src\main\kotlin', not found
file or directory 'C:\project\adjaba-player\app\src\main\kotlin', not found
file or directory 'C:\project\adjaba-player\app\src\main\kotlin', not found
file or directory 'C:\project\adjaba-player\app\src\main\kotlin', not found
file or directory 'C:\project\adjaba-player\app\src\release\kotlin', not found
file or directory 'C:\project\adjaba-player\app\src\release\kotlin', not found
file or directory 'C:\project\adjaba-player\app\src\release\java', not found
file or directory 'C:\project\adjaba-player\app\src\release\kotlin', not found
file or directory 'C:\project\adjaba-player\app\src\release\java', not found
file or directory 'C:\project\adjaba-player\app\src\release\java', not found
file or directory 'C:\project\adjaba-player\app\src\release\kotlin', not found
file or directory 'C:\project\adjaba-player\app\src\release\kotlin', not found
file or directory 'C:\project\adjaba-player\app\src\release\java', not found
file or directory 'C:\project\adjaba-player\app\src\release\kotlin', not found
file or directory 'C:\project\adjaba-player\app\src\release\java', not found
file or directory 'C:\project\adjaba-player\app\src\main\kotlin', not found
file or directory 'C:\project\adjaba-player\app\src\main\kotlin', not found
file or directory 'C:\project\adjaba-player\app\libs', not found
file or directory 'C:\project\adjaba-player\app\libs', not found
file or directory 'C:\project\adjaba-player\app\libs', not found
file or directory 'C:\project\adjaba-player\app\src\release\kotlin', not found
file or directory 'C:\project\adjaba-player\app\src\release\kotlin', not found
file or directory 'C:\project\adjaba-player\app\src\release\java', not found
file or directory 'C:\project\adjaba-player\app\src\release\kotlin', not found
file or directory 'C:\project\adjaba-player\app\src\release\java', not found
file or directory 'C:\project\adjaba-player\app\src\main\kotlin', not found
file or directory 'C:\project\adjaba-player\app\src\main\kotlin', not found
file or directory 'C:\project\adjaba-player\app\src\main\kotlin', not found
file or directory 'C:\project\adjaba-player\app\src\main\kotlin', not found
file or directory 'C:\project\adjaba-player\app\src\main\kotlin', not found
file or directory 'C:\project\adjaba-player\app\src\main\kotlin', not found
file or directory 'C:\project\adjaba-player\app\src\release\kotlin', not found
file or directory 'C:\project\adjaba-player\app\src\release\kotlin', not found
file or directory 'C:\project\adjaba-player\app\src\release\java', not found
file or directory 'C:\project\adjaba-player\app\src\release\kotlin', not found
file or directory 'C:\project\adjaba-player\app\src\release\java', not found
file or directory 'C:\project\adjaba-player\app\src\release\java', not found
file or directory 'C:\project\adjaba-player\app\src\release\kotlin', not found
file or directory 'C:\project\adjaba-player\app\src\release\kotlin', not found
file or directory 'C:\project\adjaba-player\app\src\release\java', not found
file or directory 'C:\project\adjaba-player\app\src\release\kotlin', not found
file or directory 'C:\project\adjaba-player\app\src\release\java', not found
file or directory 'C:\project\adjaba-player\app\src\main\kotlin', not found
file or directory 'C:\project\adjaba-player\app\src\main\kotlin', not found
file or directory 'C:\project\adjaba-player\app\src\main\kotlin', not found
file or directory 'C:\project\adjaba-player\app\src\main\kotlin', not found
file or directory 'C:\project\adjaba-player\app\src\main\kotlin', not found
file or directory 'C:\project\adjaba-player\app\src\main\kotlin', not found
file or directory 'C:\project\adjaba-player\app\src\release\kotlin', not found
file or directory 'C:\project\adjaba-player\app\src\release\kotlin', not found
file or directory 'C:\project\adjaba-player\app\src\release\java', not found
file or directory 'C:\project\adjaba-player\app\src\release\kotlin', not found
file or directory 'C:\project\adjaba-player\app\src\release\java', not found
file or directory 'C:\project\adjaba-player\app\src\release\java', not found
Using Kotlin/JVM incremental compilation
[KOTLIN] Kotlin compilation 'jdkHome' argument: null

Resolve mutations for :app:optimizeReleaseResources (Thread[#110,Execution worker Thread 11,5,main]) started.
:app:optimizeReleaseResources (Thread[#110,Execution worker Thread 11,5,main]) started.

> Task :app:optimizeReleaseResources
Invalidating in-memory cache of C:\project\adjaba-player\.gradle\buildOutputCleanup\outputFiles.bin
Invalidating in-memory cache of C:\project\adjaba-player\.gradle\8.12\executionHistory\executionHistory.bin
Custom actions are attached to task ':app:optimizeReleaseResources'.
Caching disabled for task ':app:optimizeReleaseResources' because:
  Build cache is disabled
Task ':app:optimizeReleaseResources' is not up-to-date because:
  Output property 'optimizedProcessedRes' file C:\project\adjaba-player\app\build\intermediates\optimized_processed_res\release\optimizeReleaseResources has been removed.
  Output property 'optimizedProcessedRes' file C:\project\adjaba-player\app\build\intermediates\optimized_processed_res\release\optimizeReleaseResources\output-metadata.json has been removed.
  Output property 'optimizedProcessedRes' file C:\project\adjaba-player\app\build\intermediates\optimized_processed_res\release\optimizeReleaseResources\resources-release-optimize.ap_ has been removed.
Invalidating in-memory cache of C:\project\adjaba-player\.gradle\8.12\fileHashes\fileHashes.bin
Invalidating in-memory cache of C:\project\adjaba-player\.gradle\8.12\fileHashes\resourceHashesCache.bin

> Task :app:kaptGenerateStubsReleaseKotlin
i: found daemon on port 17164 (17258 ms old), trying to connect
i: connected to the daemon
Options for KOTLIN DAEMON: IncrementalCompilationOptions(super=CompilationOptions(compilerMode=INCREMENTAL_COMPILER, targetPlatform=JVM, reportCategories=[0, 3], reportSeverity=2, requestedCompilationResults=[0], kotlinScriptExtensions=[]), areFileChangesKnown=false, modifiedFiles=null, deletedFiles=null, classpathChanges=NotAvailableForNonIncrementalRun, workingDir=C:\project\adjaba-player\app\build\kotlin\kaptGenerateStubsReleaseKotlin\cacheable, multiModuleICSettings=MultiModuleICSettings(buildHistoryFile=C:\project\adjaba-player\app\build\kotlin\kaptGenerateStubsReleaseKotlin\local-state\build-history.bin, useModuleDetection=true), usePreciseJavaTracking=true, outputFiles=[C:\project\adjaba-player\app\build\tmp\kapt3\incrementalData\release, C:\project\adjaba-player\app\build\tmp\kapt3\stubs\release, C:\project\adjaba-player\app\build\kotlin\kaptGenerateStubsReleaseKotlin\cacheable, C:\project\adjaba-player\app\build\kotlin\kaptGenerateStubsReleaseKotlin\local-state])
Invalidating in-memory cache of C:\project\adjaba-player\.gradle\8.12\fileHashes\fileHashes.bin
Invalidating in-memory cache of C:\project\adjaba-player\.gradle\8.12\fileHashes\resourceHashesCache.bin
Invalidating in-memory cache of C:\project\adjaba-player\.gradle\8.12\executionHistory\executionHistory.bin
Invalidating in-memory cache of C:\project\adjaba-player\.gradle\buildOutputCleanup\outputFiles.bin
Resolve mutations for :app:kaptReleaseKotlin (Thread[#99,included builds,5,main]) started.
:app:kaptReleaseKotlin (Thread[#99,included builds,5,main]) started.

> Task :app:kaptGenerateStubsDebugKotlin
.\gradlew.bat : e: Daemon compilation failed: null
At line:1 char:30
+ ... \adjaba-player; .\gradlew.bat clean build -x test --info 2>&1 | Tee-O ...
+                     ~~~~~~~~~~~~~~~~~~~~~~~~~~~~~~~~~~~~~~~~~~~~~
    + CategoryInfo          : NotSpecified: (e: Daemon compilation failed: null:String) [], RemoteException
    + FullyQualifiedErrorId : NativeCommandError
 
java.lang.Exception
	at org.jetbrains.kotlin.daemon.common.CompileService$CallResult$Error.get(CompileService.kt:69)
	at org.jetbrains.kotlin.daemon.common.CompileService$CallResult$Error.get(CompileService.kt:65)
	at org.jetbrains.kotlin.compilerRunner.GradleKotlinCompilerWork.compileWithDaemon(GradleKotlinCompilerWork.kt:244)
	at org.jetbrains.kotlin.compilerRunner.GradleKotlinCompilerWork.compileWithDaemonOrFallbackImpl(GradleKotlinCompilerWork.kt:175)
	at org.jetbrains.kotlin.compilerRunner.GradleKotlinCompilerWork.run(GradleKotlinCompilerWork.kt:135)
	at 
org.jetbrains.kotlin.compilerRunner.GradleCompilerRunnerWithWorkers$GradleKotlinCompilerWorkAction.execute(GradleCompilerRunnerWithWorkers.kt:73)
	at org.gradle.workers.internal.DefaultWorkerServer.execute(DefaultWorkerServer.java:63)
	at org.gradle.workers.internal.NoIsolationWorkerFactory$1$1.create(NoIsolationWorkerFactory.java:66)
	at org.gradle.workers.internal.NoIsolationWorkerFactory$1$1.create(NoIsolationWorkerFactory.java:62)
	at org.gradle.internal.classloader.ClassLoaderUtils.executeInClassloader(ClassLoaderUtils.java:100)
	at org.gradle.workers.internal.NoIsolationWorkerFactory$1.lambda$execute$0(NoIsolationWorkerFactory.java:62)
	at org.gradle.workers.internal.AbstractWorker$1.call(AbstractWorker.java:44)
	at org.gradle.workers.internal.AbstractWorker$1.call(AbstractWorker.java:41)
	at org.gradle.internal.operations.DefaultBuildOperationRunner$CallableBuildOperationWorker.execute(DefaultBuildOperationRunner.java:209)
	at org.gradle.internal.operations.DefaultBuildOperationRunner$CallableBuildOperationWorker.execute(DefaultBuildOperationRunner.java:204)
	at org.gradle.internal.operations.DefaultBuildOperationRunner$2.execute(DefaultBuildOperationRunner.java:66)
	at org.gradle.internal.operations.DefaultBuildOperationRunner$2.execute(DefaultBuildOperationRunner.java:59)
	at org.gradle.internal.operations.DefaultBuildOperationRunner.execute(DefaultBuildOperationRunner.java:166)
	at org.gradle.internal.operations.DefaultBuildOperationRunner.execute(DefaultBuildOperationRunner.java:59)
	at org.gradle.internal.operations.DefaultBuildOperationRunner.call(DefaultBuildOperationRunner.java:53)
	at org.gradle.workers.internal.AbstractWorker.executeWrappedInBuildOperation(AbstractWorker.java:41)
	at org.gradle.workers.internal.NoIsolationWorkerFactory$1.execute(NoIsolationWorkerFactory.java:59)
	at org.gradle.workers.internal.DefaultWorkerExecutor.lambda$submitWork$0(DefaultWorkerExecutor.java:174)
	at java.base/java.util.concurrent.FutureTask.run(FutureTask.java:317)
	at org.gradle.internal.work.DefaultConditionalExecutionQueue$ExecutionRunner.runExecution(DefaultConditionalExecutionQueue.java:194)
	at org.gradle.internal.work.DefaultConditionalExecutionQueue$ExecutionRunner.access$700(DefaultConditionalExecutionQueue.java:127)
	at org.gradle.internal.work.DefaultConditionalExecutionQueue$ExecutionRunner$1.run(DefaultConditionalExecutionQueue.java:169)
	at org.gradle.internal.Factories$1.create(Factories.java:31)
	at org.gradle.internal.work.DefaultWorkerLeaseService.withLocks(DefaultWorkerLeaseService.java:263)
	at org.gradle.internal.work.DefaultWorkerLeaseService.runAsWorkerThread(DefaultWorkerLeaseService.java:127)
	at org.gradle.internal.work.DefaultWorkerLeaseService.runAsWorkerThread(DefaultWorkerLeaseService.java:132)
	at org.gradle.internal.work.DefaultConditionalExecutionQueue$ExecutionRunner.runBatch(DefaultConditionalExecutionQueue.java:164)
	at org.gradle.internal.work.DefaultConditionalExecutionQueue$ExecutionRunner.run(DefaultConditionalExecutionQueue.java:133)
	at java.base/java.util.concurrent.Executors$RunnableAdapter.call(Executors.java:572)
	at java.base/java.util.concurrent.FutureTask.run(FutureTask.java:317)
	at org.gradle.internal.concurrent.ExecutorPolicy$CatchAndRecordFailures.onExecute(ExecutorPolicy.java:64)
	at org.gradle.internal.concurrent.AbstractManagedExecutor$1.run(AbstractManagedExecutor.java:48)
	at java.base/java.util.concurrent.ThreadPoolExecutor.runWorker(ThreadPoolExecutor.java:1144)
	at java.base/java.util.concurrent.ThreadPoolExecutor$Worker.run(ThreadPoolExecutor.java:642)
	at java.base/java.lang.Thread.run(Thread.java:1583)
Caused by: java.lang.AssertionError: storage size = 0, file size = 0
	at org.jetbrains.kotlin.com.intellij.openapi.diagnostic.DefaultLogger.error(DefaultLogger.java:54)
	at org.jetbrains.kotlin.com.intellij.openapi.diagnostic.Logger.error(Logger.java:204)
	at org.jetbrains.kotlin.com.intellij.util.io.ResizeableMappedFile.readLength(ResizeableMappedFile.java:199)
	at org.jetbrains.kotlin.com.intellij.util.io.ResizeableMappedFile.<init>(ResizeableMappedFile.java:69)
	at org.jetbrains.kotlin.com.intellij.util.io.PersistentBTreeEnumerator.<init>(PersistentBTreeEnumerator.java:93)
	at org.jetbrains.kotlin.com.intellij.util.io.PersistentEnumerator.createDefaultEnumerator(PersistentEnumerator.java:66)
	at org.jetbrains.kotlin.com.intellij.util.io.PersistentMapImpl.<init>(PersistentMapImpl.java:136)
	at org.jetbrains.kotlin.com.intellij.util.io.PersistentMapBuilder.buildImplementation(PersistentMapBuilder.java:62)
	at org.jetbrains.kotlin.com.intellij.util.io.PersistentMapBuilder.build(PersistentMapBuilder.java:44)
	at org.jetbrains.kotlin.com.intellij.util.io.PersistentHashMap.<init>(PersistentHashMap.java:39)
	at org.jetbrains.kotlin.com.intellij.util.io.PersistentHashMap.<init>(PersistentHashMap.java:54)
	at org.jetbrains.kotlin.incremental.storage.CachingLazyStorage.createMap(CachingLazyStorage.kt:128)
	at org.jetbrains.kotlin.incremental.storage.CachingLazyStorage.getStorageOrCreateNew(CachingLazyStorage.kt:57)
	at org.jetbrains.kotlin.incremental.storage.CachingLazyStorage.set(CachingLazyStorage.kt:78)
	at org.jetbrains.kotlin.incremental.storage.ClassAttributesMap.set(ClassAttributesMap.kt:45)
	at org.jetbrains.kotlin.incremental.AbstractIncrementalCache.addToClassStorage(AbstractIncrementalCache.kt:148)
	at org.jetbrains.kotlin.incremental.IncrementalJvmCache.saveClassToCache(IncrementalJvmCache.kt:200)
	at org.jetbrains.kotlin.incremental.IncrementalJvmCache.saveFileToCache(IncrementalJvmCache.kt:125)
	at org.jetbrains.kotlin.incremental.BuildUtilKt.updateIncrementalCache(buildUtil.kt:110)
	at org.jetbrains.kotlin.incremental.IncrementalJvmCompilerRunner.updateCaches(IncrementalJvmCompilerRunner.kt:371)
	at org.jetbrains.kotlin.incremental.IncrementalJvmCompilerRunner.updateCaches(IncrementalJvmCompilerRunner.kt:62)
	at org.jetbrains.kotlin.incremental.IncrementalCompilerRunner.doCompile(IncrementalCompilerRunner.kt:517)
	at org.jetbrains.kotlin.incremental.IncrementalCompilerRunner.compileImpl(IncrementalCompilerRunner.kt:400)
	at org.jetbrains.kotlin.incremental.IncrementalCompilerRunner.compileNonIncrementally(IncrementalCompilerRunner.kt:281)
	at org.jetbrains.kotlin.incremental.IncrementalCompilerRunner.compile(IncrementalCompilerRunner.kt:125)
	at org.jetbrains.kotlin.daemon.CompileServiceImplBase.execIncrementalCompiler(CompileServiceImpl.kt:657)
	at org.jetbrains.kotlin.daemon.CompileServiceImplBase.access$execIncrementalCompiler(CompileServiceImpl.kt:105)
	at org.jetbrains.kotlin.daemon.CompileServiceImpl.compile(CompileServiceImpl.kt:1624)
	at java.base/jdk.internal.reflect.DirectMethodHandleAccessor.invoke(DirectMethodHandleAccessor.java:103)
	at java.base/java.lang.reflect.Method.invoke(Method.java:580)
	at java.rmi/sun.rmi.server.UnicastServerRef.dispatch(UnicastServerRef.java:360)
	at java.rmi/sun.rmi.transport.Transport$1.run(Transport.java:200)
	at java.rmi/sun.rmi.transport.Transport$1.run(Transport.java:197)
	at java.base/java.security.AccessController.doPrivileged(AccessController.java:714)
	at java.rmi/sun.rmi.transport.Transport.serviceCall(Transport.java:196)
	at java.rmi/sun.rmi.transport.tcp.TCPTransport.handleMessages(TCPTransport.java:598)
	at java.rmi/sun.rmi.transport.tcp.TCPTransport$ConnectionHandler.run0(TCPTransport.java:844)
	at java.rmi/sun.rmi.transport.tcp.TCPTransport$ConnectionHandler.lambda$run$0(TCPTransport.java:721)
	at java.base/java.security.AccessController.doPrivileged(AccessController.java:400)
	at java.rmi/sun.rmi.transport.tcp.TCPTransport$ConnectionHandler.run(TCPTransport.java:720)
	... 3 more
Caused by: java.io.EOFException
	at java.base/java.io.DataInputStream.readFully(DataInputStream.java:210)
	at java.base/java.io.DataInputStream.readLong(DataInputStream.java:407)
	at org.jetbrains.kotlin.com.intellij.util.io.ResizeableMappedFile.readLength(ResizeableMappedFile.java:194)
	... 40 more

Failed to compile with Kotlin daemon: java.lang.Exception
	at org.jetbrains.kotlin.daemon.common.CompileService$CallResult$Error.get(CompileService.kt:69)
	at org.jetbrains.kotlin.daemon.common.CompileService$CallResult$Error.get(CompileService.kt:65)
	at org.jetbrains.kotlin.compilerRunner.GradleKotlinCompilerWork.compileWithDaemon(GradleKotlinCompilerWork.kt:244)
	at org.jetbrains.kotlin.compilerRunner.GradleKotlinCompilerWork.compileWithDaemonOrFallbackImpl(GradleKotlinCompilerWork.kt:175)
	at org.jetbrains.kotlin.compilerRunner.GradleKotlinCompilerWork.run(GradleKotlinCompilerWork.kt:135)
	at org.jetbrains.kotlin.compilerRunner.GradleCompilerRunnerWithWorkers$GradleKotlinCompilerWorkAction.execute(GradleCompilerRunnerWithWorkers.kt:73)
	at org.gradle.workers.internal.DefaultWorkerServer.execute(DefaultWorkerServer.java:63)
	at org.gradle.workers.internal.NoIsolationWorkerFactory$1$1.create(NoIsolationWorkerFactory.java:66)
	at org.gradle.workers.internal.NoIsolationWorkerFactory$1$1.create(NoIsolationWorkerFactory.java:62)
	at org.gradle.internal.classloader.ClassLoaderUtils.executeInClassloader(ClassLoaderUtils.java:100)
	at org.gradle.workers.internal.NoIsolationWorkerFactory$1.lambda$execute$0(NoIsolationWorkerFactory.java:62)
	at org.gradle.workers.internal.AbstractWorker$1.call(AbstractWorker.java:44)
	at org.gradle.workers.internal.AbstractWorker$1.call(AbstractWorker.java:41)
	at org.gradle.internal.operations.DefaultBuildOperationRunner$CallableBuildOperationWorker.execute(DefaultBuildOperationRunner.java:209)
	at org.gradle.internal.operations.DefaultBuildOperationRunner$CallableBuildOperationWorker.execute(DefaultBuildOperationRunner.java:204)
	at org.gradle.internal.operations.DefaultBuildOperationRunner$2.execute(DefaultBuildOperationRunner.java:66)
	at org.gradle.internal.operations.DefaultBuildOperationRunner$2.execute(DefaultBuildOperationRunner.java:59)
	at org.gradle.internal.operations.DefaultBuildOperationRunner.execute(DefaultBuildOperationRunner.java:166)
	at org.gradle.internal.operations.DefaultBuildOperationRunner.execute(DefaultBuildOperationRunner.java:59)
	at org.gradle.internal.operations.DefaultBuildOperationRunner.call(DefaultBuildOperationRunner.java:53)
	at org.gradle.workers.internal.AbstractWorker.executeWrappedInBuildOperation(AbstractWorker.java:41)
	at org.gradle.workers.internal.NoIsolationWorkerFactory$1.execute(NoIsolationWorkerFactory.java:59)
	at org.gradle.workers.internal.DefaultWorkerExecutor.lambda$submitWork$0(DefaultWorkerExecutor.java:174)
	at java.base/java.util.concurrent.FutureTask.run(FutureTask.java:317)
	at org.gradle.internal.work.DefaultConditionalExecutionQueue$ExecutionRunner.runExecution(DefaultConditionalExecutionQueue.java:194)
	at org.gradle.internal.work.DefaultConditionalExecutionQueue$ExecutionRunner.access$700(DefaultConditionalExecutionQueue.java:127)
	at org.gradle.internal.work.DefaultConditionalExecutionQueue$ExecutionRunner$1.run(DefaultConditionalExecutionQueue.java:169)
	at org.gradle.internal.Factories$1.create(Factories.java:31)
	at org.gradle.internal.work.DefaultWorkerLeaseService.withLocks(DefaultWorkerLeaseService.java:263)
	at org.gradle.internal.work.DefaultWorkerLeaseService.runAsWorkerThread(DefaultWorkerLeaseService.java:127)
	at org.gradle.internal.work.DefaultWorkerLeaseService.runAsWorkerThread(DefaultWorkerLeaseService.java:132)
	at org.gradle.internal.work.DefaultConditionalExecutionQueue$ExecutionRunner.runBatch(DefaultConditionalExecutionQueue.java:164)
	at org.gradle.internal.work.DefaultConditionalExecutionQueue$ExecutionRunner.run(DefaultConditionalExecutionQueue.java:133)
	at java.base/java.util.concurrent.Executors$RunnableAdapter.call(Executors.java:572)
	at java.base/java.util.concurrent.FutureTask.run(FutureTask.java:317)
	at org.gradle.internal.concurrent.ExecutorPolicy$CatchAndRecordFailures.onExecute(ExecutorPolicy.java:64)
	at org.gradle.internal.concurrent.AbstractManagedExecutor$1.run(AbstractManagedExecutor.java:48)
	at java.base/java.util.concurrent.ThreadPoolExecutor.runWorker(ThreadPoolExecutor.java:1144)
	at java.base/java.util.concurrent.ThreadPoolExecutor$Worker.run(ThreadPoolExecutor.java:642)
	at java.base/java.lang.Thread.run(Thread.java:1583)
Caused by: java.lang.AssertionError: storage size = 0, file size = 0
	at org.jetbrains.kotlin.com.intellij.openapi.diagnostic.DefaultLogger.error(DefaultLogger.java:54)
	at org.jetbrains.kotlin.com.intellij.openapi.diagnostic.Logger.error(Logger.java:204)
	at org.jetbrains.kotlin.com.intellij.util.io.ResizeableMappedFile.readLength(ResizeableMappedFile.java:199)
	at org.jetbrains.kotlin.com.intellij.util.io.ResizeableMappedFile.<init>(ResizeableMappedFile.java:69)
	at org.jetbrains.kotlin.com.intellij.util.io.PersistentBTreeEnumerator.<init>(PersistentBTreeEnumerator.java:93)
	at org.jetbrains.kotlin.com.intellij.util.io.PersistentEnumerator.createDefaultEnumerator(PersistentEnumerator.java:66)
	at org.jetbrains.kotlin.com.intellij.util.io.PersistentMapImpl.<init>(PersistentMapImpl.java:136)
	at org.jetbrains.kotlin.com.intellij.util.io.PersistentMapBuilder.buildImplementation(PersistentMapBuilder.java:62)
	at org.jetbrains.kotlin.com.intellij.util.io.PersistentMapBuilder.build(PersistentMapBuilder.java:44)
	at org.jetbrains.kotlin.com.intellij.util.io.PersistentHashMap.<init>(PersistentHashMap.java:39)
	at org.jetbrains.kotlin.com.intellij.util.io.PersistentHashMap.<init>(PersistentHashMap.java:54)
	at org.jetbrains.kotlin.incremental.storage.CachingLazyStorage.createMap(CachingLazyStorage.kt:128)
	at org.jetbrains.kotlin.incremental.storage.CachingLazyStorage.getStorageOrCreateNew(CachingLazyStorage.kt:57)
	at org.jetbrains.kotlin.incremental.storage.CachingLazyStorage.set(CachingLazyStorage.kt:78)
	at org.jetbrains.kotlin.incremental.storage.ClassAttributesMap.set(ClassAttributesMap.kt:45)
	at org.jetbrains.kotlin.incremental.AbstractIncrementalCache.addToClassStorage(AbstractIncrementalCache.kt:148)
	at org.jetbrains.kotlin.incremental.IncrementalJvmCache.saveClassToCache(IncrementalJvmCache.kt:200)
	at org.jetbrains.kotlin.incremental.IncrementalJvmCache.saveFileToCache(IncrementalJvmCache.kt:125)
	at org.jetbrains.kotlin.incremental.BuildUtilKt.updateIncrementalCache(buildUtil.kt:110)
	at org.jetbrains.kotlin.incremental.IncrementalJvmCompilerRunner.updateCaches(IncrementalJvmCompilerRunner.kt:371)
	at org.jetbrains.kotlin.incremental.IncrementalJvmCompilerRunner.updateCaches(IncrementalJvmCompilerRunner.kt:62)
	at org.jetbrains.kotlin.incremental.IncrementalCompilerRunner.doCompile(IncrementalCompilerRunner.kt:517)
	at org.jetbrains.kotlin.incremental.IncrementalCompilerRunner.compileImpl(IncrementalCompilerRunner.kt:400)
	at org.jetbrains.kotlin.incremental.IncrementalCompilerRunner.compileNonIncrementally(IncrementalCompilerRunner.kt:281)
	at org.jetbrains.kotlin.incremental.IncrementalCompilerRunner.compile(IncrementalCompilerRunner.kt:125)
	at org.jetbrains.kotlin.daemon.CompileServiceImplBase.execIncrementalCompiler(CompileServiceImpl.kt:657)
	at org.jetbrains.kotlin.daemon.CompileServiceImplBase.access$execIncrementalCompiler(CompileServiceImpl.kt:105)
	at org.jetbrains.kotlin.daemon.CompileServiceImpl.compile(CompileServiceImpl.kt:1624)
	at java.base/jdk.internal.reflect.DirectMethodHandleAccessor.invoke(DirectMethodHandleAccessor.java:103)
	at java.base/java.lang.reflect.Method.invoke(Method.java:580)
	at java.rmi/sun.rmi.server.UnicastServerRef.dispatch(UnicastServerRef.java:360)
	at java.rmi/sun.rmi.transport.Transport$1.run(Transport.java:200)
	at java.rmi/sun.rmi.transport.Transport$1.run(Transport.java:197)
	at java.base/java.security.AccessController.doPrivileged(AccessController.java:714)
	at java.rmi/sun.rmi.transport.Transport.serviceCall(Transport.java:196)
	at java.rmi/sun.rmi.transport.tcp.TCPTransport.handleMessages(TCPTransport.java:598)
	at java.rmi/sun.rmi.transport.tcp.TCPTransport$ConnectionHandler.run0(TCPTransport.java:844)
	at java.rmi/sun.rmi.transport.tcp.TCPTransport$ConnectionHandler.lambda$run$0(TCPTransport.java:721)
	at java.base/java.security.AccessController.doPrivileged(AccessController.java:400)
	at java.rmi/sun.rmi.transport.tcp.TCPTransport$ConnectionHandler.run(TCPTransport.java:720)
	... 3 more
Caused by: java.io.EOFException
	at java.base/java.io.DataInputStream.readFully(DataInputStream.java:210)
	at java.base/java.io.DataInputStream.readLong(DataInputStream.java:407)
	at org.jetbrains.kotlin.com.intellij.util.io.ResizeableMappedFile.readLength(ResizeableMappedFile.java:194)
	... 40 more
Using fallback strategy: Compile without Kotlin daemon
Try ./gradlew --stop if this issue persists.

> Task :app:kaptReleaseKotlin
file or directory 'C:\project\adjaba-player\app\libs', not found
Invalidating in-memory cache of C:\Users\User\.gradle\caches\journal-1\file-access.bin
Invalidating in-memory cache of C:\Users\User\.gradle\caches\8.12\fileHashes\fileHashes.bin
Invalidating in-memory cache of C:\Users\User\.gradle\caches\8.12\fileHashes\resourceHashesCache.bin
file or directory 'C:\project\adjaba-player\app\libs', not found
Invalidating in-memory cache of C:\project\adjaba-player\.gradle\8.12\fileHashes\fileHashes.bin
Invalidating in-memory cache of C:\project\adjaba-player\.gradle\8.12\fileHashes\resourceHashesCache.bin
file or directory 'C:\project\adjaba-player\app\src\release\kotlin', not found
file or directory 'C:\project\adjaba-player\app\src\release\kotlin', not found
file or directory 'C:\project\adjaba-player\app\src\release\java', not found
file or directory 'C:\project\adjaba-player\app\src\release\kotlin', not found
file or directory 'C:\project\adjaba-player\app\src\release\java', not found
file or directory 'C:\project\adjaba-player\app\src\main\kotlin', not found
file or directory 'C:\project\adjaba-player\app\src\main\kotlin', not found
file or directory 'C:\project\adjaba-player\app\src\main\kotlin', not found
file or directory 'C:\project\adjaba-player\app\src\main\kotlin', not found
file or directory 'C:\project\adjaba-player\app\src\main\kotlin', not found
file or directory 'C:\project\adjaba-player\app\src\main\kotlin', not found
file or directory 'C:\project\adjaba-player\app\src\release\kotlin', not found
file or directory 'C:\project\adjaba-player\app\src\release\kotlin', not found
file or directory 'C:\project\adjaba-player\app\src\release\java', not found
file or directory 'C:\project\adjaba-player\app\src\release\kotlin', not found
file or directory 'C:\project\adjaba-player\app\src\release\java', not found
file or directory 'C:\project\adjaba-player\app\src\release\java', not found
file or directory 'C:\project\adjaba-player\app\libs', not found
Caching disabled for task ':app:kaptReleaseKotlin' because:
  Build cache is disabled
Task ':app:kaptReleaseKotlin' is not up-to-date because:
  No history is available.
The input changes require a full rebuild for incremental task ':app:kaptReleaseKotlin'.
Running kapt annotation processing using the Gradle Worker API
file or directory 'C:\project\adjaba-player\app\libs', not found
file or directory 'C:\project\adjaba-player\app\libs', not found
file or directory 'C:\project\adjaba-player\app\libs', not found
Using workers NONE isolation mode to run kapt
Invalidating in-memory cache of C:\project\adjaba-player\.gradle\8.12\fileHashes\fileHashes.bin
Invalidating in-memory cache of C:\project\adjaba-player\.gradle\8.12\fileHashes\resourceHashesCache.bin
Invalidating in-memory cache of C:\project\adjaba-player\.gradle\8.12\executionHistory\executionHistory.bin
Invalidating in-memory cache of C:\project\adjaba-player\.gradle\buildOutputCleanup\outputFiles.bin
Resolve mutations for :app:compileReleaseKotlin (Thread[#99,included builds,5,main]) started.
:app:compileReleaseKotlin (Thread[#99,included builds,5,main]) started.

> Task :app:compileReleaseKotlin
file or directory 'C:\project\adjaba-player\app\libs', not found
Caching disabled for ClasspathEntrySnapshotTransform: C:\project\adjaba-player\app\build\tmp\kapt3\classes\release because:
  Build cache is disabled
Invalidating in-memory cache of C:\project\adjaba-player\.gradle\8.12\fileHashes\fileHashes.bin
Invalidating in-memory cache of C:\project\adjaba-player\.gradle\8.12\fileHashes\resourceHashesCache.bin
Invalidating in-memory cache of C:\Users\User\.gradle\caches\8.12\fileHashes\fileHashes.bin
Invalidating in-memory cache of C:\Users\User\.gradle\caches\8.12\fileHashes\resourceHashesCache.bin
Caching disabled for task ':app:compileReleaseKotlin' because:
  Build cache is disabled
Task ':app:compileReleaseKotlin' is not up-to-date because:
  No history is available.
The input changes require a full rebuild for incremental task ':app:compileReleaseKotlin'.
file or directory 'C:\project\adjaba-player\app\src\release\kotlin', not found
file or directory 'C:\project\adjaba-player\app\src\release\kotlin', not found
file or directory 'C:\project\adjaba-player\app\src\release\java', not found
file or directory 'C:\project\adjaba-player\app\src\release\kotlin', not found
file or directory 'C:\project\adjaba-player\app\src\release\java', not found
file or directory 'C:\project\adjaba-player\app\src\release\kotlin', not found
file or directory 'C:\project\adjaba-player\app\src\release\kotlin', not found
file or directory 'C:\project\adjaba-player\app\src\release\java', not found
file or directory 'C:\project\adjaba-player\app\src\release\kotlin', not found
file or directory 'C:\project\adjaba-player\app\src\release\java', not found
file or directory 'C:\project\adjaba-player\app\src\main\kotlin', not found
file or directory 'C:\project\adjaba-player\app\src\main\kotlin', not found
file or directory 'C:\project\adjaba-player\app\src\main\kotlin', not found
file or directory 'C:\project\adjaba-player\app\src\main\kotlin', not found
file or directory 'C:\project\adjaba-player\app\src\main\kotlin', not found
file or directory 'C:\project\adjaba-player\app\src\main\kotlin', not found
file or directory 'C:\project\adjaba-player\app\src\release\java', not found
file or directory 'C:\project\adjaba-player\app\src\release\kotlin', not found
file or directory 'C:\project\adjaba-player\app\src\release\kotlin', not found
file or directory 'C:\project\adjaba-player\app\src\release\java', not found
file or directory 'C:\project\adjaba-player\app\src\release\kotlin', not found
file or directory 'C:\project\adjaba-player\app\src\release\java', not found
file or directory 'C:\project\adjaba-player\app\src\release\kotlin', not found
file or directory 'C:\project\adjaba-player\app\src\release\kotlin', not found
file or directory 'C:\project\adjaba-player\app\src\release\java', not found
file or directory 'C:\project\adjaba-player\app\src\release\kotlin', not found
file or directory 'C:\project\adjaba-player\app\src\release\java', not found
file or directory 'C:\project\adjaba-player\app\src\main\kotlin', not found
file or directory 'C:\project\adjaba-player\app\src\main\kotlin', not found
file or directory 'C:\project\adjaba-player\app\libs', not found
file or directory 'C:\project\adjaba-player\app\libs', not found
file or directory 'C:\project\adjaba-player\app\src\release\kotlin', not found
file or directory 'C:\project\adjaba-player\app\src\release\kotlin', not found
file or directory 'C:\project\adjaba-player\app\src\release\java', not found
file or directory 'C:\project\adjaba-player\app\src\release\kotlin', not found
file or directory 'C:\project\adjaba-player\app\src\release\java', not found
file or directory 'C:\project\adjaba-player\app\src\release\kotlin', not found
file or directory 'C:\project\adjaba-player\app\src\release\kotlin', not found
file or directory 'C:\project\adjaba-player\app\src\release\java', not found
file or directory 'C:\project\adjaba-player\app\src\release\kotlin', not found
file or directory 'C:\project\adjaba-player\app\src\release\java', not found
file or directory 'C:\project\adjaba-player\app\src\main\kotlin', not found
file or directory 'C:\project\adjaba-player\app\src\main\kotlin', not found
file or directory 'C:\project\adjaba-player\app\src\main\kotlin', not found
file or directory 'C:\project\adjaba-player\app\src\main\kotlin', not found
file or directory 'C:\project\adjaba-player\app\src\main\kotlin', not found
file or directory 'C:\project\adjaba-player\app\src\main\kotlin', not found
file or directory 'C:\project\adjaba-player\app\src\release\java', not found
file or directory 'C:\project\adjaba-player\app\src\release\kotlin', not found
file or directory 'C:\project\adjaba-player\app\src\release\kotlin', not found
file or directory 'C:\project\adjaba-player\app\src\release\java', not found
file or directory 'C:\project\adjaba-player\app\src\release\kotlin', not found
file or directory 'C:\project\adjaba-player\app\src\release\java', not found
file or directory 'C:\project\adjaba-player\app\src\release\kotlin', not found
file or directory 'C:\project\adjaba-player\app\src\release\kotlin', not found
file or directory 'C:\project\adjaba-player\app\src\release\java', not found
file or directory 'C:\project\adjaba-player\app\src\release\kotlin', not found
file or directory 'C:\project\adjaba-player\app\src\release\java', not found
file or directory 'C:\project\adjaba-player\app\src\main\kotlin', not found
file or directory 'C:\project\adjaba-player\app\src\main\kotlin', not found
file or directory 'C:\project\adjaba-player\app\src\main\kotlin', not found
file or directory 'C:\project\adjaba-player\app\src\main\kotlin', not found
file or directory 'C:\project\adjaba-player\app\src\main\kotlin', not found
file or directory 'C:\project\adjaba-player\app\src\main\kotlin', not found
file or directory 'C:\project\adjaba-player\app\src\release\java', not found
file or directory 'C:\project\adjaba-player\app\src\release\kotlin', not found
file or directory 'C:\project\adjaba-player\app\src\release\kotlin', not found
file or directory 'C:\project\adjaba-player\app\src\release\java', not found
file or directory 'C:\project\adjaba-player\app\src\release\kotlin', not found
file or directory 'C:\project\adjaba-player\app\src\release\java', not found
file or directory 'C:\project\adjaba-player\app\src\release\kotlin', not found
file or directory 'C:\project\adjaba-player\app\src\release\kotlin', not found
file or directory 'C:\project\adjaba-player\app\src\release\java', not found
file or directory 'C:\project\adjaba-player\app\src\release\kotlin', not found
file or directory 'C:\project\adjaba-player\app\src\release\java', not found
file or directory 'C:\project\adjaba-player\app\src\main\kotlin', not found
file or directory 'C:\project\adjaba-player\app\src\main\kotlin', not found
file or directory 'C:\project\adjaba-player\app\src\main\kotlin', not found
file or directory 'C:\project\adjaba-player\app\src\main\kotlin', not found
file or directory 'C:\project\adjaba-player\app\src\main\kotlin', not found
file or directory 'C:\project\adjaba-player\app\src\main\kotlin', not found
file or directory 'C:\project\adjaba-player\app\src\release\java', not found
Kotlin source files: C:\project\adjaba-player\app\src\main\java\com\adjaba\news\NewsAdapter.kt, C:\project\adjaba-player\app\src\main\java\com\adjaba\news\NewsHandler.kt, C:\project\adjaba-player\app\src\main\java\com\adjaba\news\RssItem.kt, C:\project\adjaba-player\app\src\main\java\com\adjaba\news\utils.kt
Java source files: C:\project\adjaba-player\app\src\main\java\com\adjaba\activities\adapters\InfoAdapter.java, C:\project\adjaba-player\app\src\main\java\com\adjaba\activities\adapters\MainAdsAdapter.java, C:\project\adjaba-player\app\src\main\java\com\adjaba\activities\AdvertLandWatch.java, C:\project\adjaba-player\app\src\main\java\com\adjaba\activities\AdvertWatching.java, C:\project\adjaba-player\app\src\main\java\com\adjaba\activities\InfoActivity.java, C:\project\adjaba-player\app\src\main\java\com\adjaba\activities\LoginActivity.java, C:\project\adjaba-player\app\src\main\java\com\adjaba\activities\PreviewAds.java, C:\project\adjaba-player\app\src\main\java\com\adjaba\activities\SelectScreens.java, C:\project\adjaba-player\app\src\main\java\com\adjaba\activities\viewmodel\APIImpression.java, C:\project\adjaba-player\app\src\main\java\com\adjaba\activities\viewmodel\DataHolder.java, C:\project\adjaba-player\app\src\main\java\com\adjaba\App.java, C:\project\adjaba-player\app\src\main\java\com\adjaba\Interface\ApiCalls.java, C:\project\adjaba-player\app\src\main\java\com\adjaba\models\AddImpressionRequest.java, C:\project\adjaba-player\app\src\main\java\com\adjaba\models\newmodels\AdContractData.java, C:\project\adjaba-player\app\src\main\java\com\adjaba\models\newmodels\AdData.java, C:\project\adjaba-player\app\src\main\java\com\adjaba\models\newmodels\Astro.java, C:\project\adjaba-player\app\src\main\java\com\adjaba\models\newmodels\Condition.java, C:\project\adjaba-player\app\src\main\java\com\adjaba\models\newmodels\Current.java, C:\project\adjaba-player\app\src\main\java\com\adjaba\models\newmodels\Day.java, C:\project\adjaba-player\app\src\main\java\com\adjaba\models\newmodels\Forecast.java, C:\project\adjaba-player\app\src\main\java\com\adjaba\models\newmodels\Forecastday.java, C:\project\adjaba-player\app\src\main\java\com\adjaba\models\newmodels\GetAdvertsResponse.java, C:\project\adjaba-player\app\src\main\java\com\adjaba\models\newmodels\Hour.java, C:\project\adjaba-player\app\src\main\java\com\adjaba\models\newmodels\Location.java, C:\project\adjaba-player\app\src\main\java\com\adjaba\models\newmodels\LoginRequest.java, C:\project\adjaba-player\app\src\main\java\com\adjaba\models\newmodels\LoginResponse.java, C:\project\adjaba-player\app\src\main\java\com\adjaba\models\newmodels\MediaModel.java, C:\project\adjaba-player\app\src\main\java\com\adjaba\models\newmodels\Root.java, C:\project\adjaba-player\app\src\main\java\com\adjaba\models\newmodels\VideoImageModel.java, C:\project\adjaba-player\app\src\main\java\com\adjaba\models\newmodels\WatchingModel.java, C:\project\adjaba-player\app\src\main\java\com\adjaba\models\newmodels\WeatherModel.java, C:\project\adjaba-player\app\src\main\java\com\adjaba\others\TargetHours.java, C:\project\adjaba-player\app\src\main\java\com\adjaba\room\AdDao.java, C:\project\adjaba-player\app\src\main\java\com\adjaba\room\AdDatabase.java, C:\project\adjaba-player\app\src\main\java\com\adjaba\room\AdEntity.java, C:\project\adjaba-player\app\src\main\java\com\adjaba\room\ImpressionDao.java, C:\project\adjaba-player\app\src\main\java\com\adjaba\room\ImpressionEntity.java, C:\project\adjaba-player\app\src\main\java\com\adjaba\room\InfoDao.java, C:\project\adjaba-player\app\src\main\java\com\adjaba\room\InfoEntity.java, C:\project\adjaba-player\app\src\main\java\com\adjaba\room\TagsConverter.java, C:\project\adjaba-player\app\src\main\java\com\adjaba\utilities\AuthManager.java, C:\project\adjaba-player\app\src\main\java\com\adjaba\utilities\Config.java, C:\project\adjaba-player\app\src\main\java\com\adjaba\utilities\RetrofitBuilder.java, C:\project\adjaba-player\app\src\main\java\com\adjaba\workers\ImpressionRetryWorker.java, C:\project\adjaba-player\app\build\generated\source\buildConfig\release\com\adjaba\BuildConfig.java, C:\project\adjaba-player\app\build\generated\source\kapt\release\com\adjaba\room\AdDao_Impl.java, C:\project\adjaba-player\app\build\generated\source\kapt\release\com\adjaba\room\AdDatabase_Impl.java, C:\project\adjaba-player\app\build\generated\source\kapt\release\com\adjaba\room\ImpressionDao_Impl.java, C:\project\adjaba-player\app\build\generated\source\kapt\release\com\adjaba\room\InfoDao_Impl.java
Script source files: 
Script file extensions: 
Using Kotlin/JVM incremental compilation
[KOTLIN] Kotlin compilation 'jdkHome' argument: null
i: found daemon on port 17164 (61337 ms old), trying to connect
i: connected to the daemon
Options for KOTLIN DAEMON: IncrementalCompilationOptions(super=CompilationOptions(compilerMode=INCREMENTAL_COMPILER, targetPlatform=JVM, reportCategories=[0, 3], reportSeverity=2, requestedCompilationResults=[0], kotlinScriptExtensions=[]), areFileChangesKnown=false, modifiedFiles=null, deletedFiles=null, classpathChanges=NotAvailableForNonIncrementalRun, workingDir=C:\project\adjaba-player\app\build\kotlin\compileReleaseKotlin\cacheable, multiModuleICSettings=MultiModuleICSettings(buildHistoryFile=C:\project\adjaba-player\app\build\kotlin\compileReleaseKotlin\local-state\build-history.bin, useModuleDetection=true), usePreciseJavaTracking=true, outputFiles=[C:\project\adjaba-player\app\build\tmp\kotlin-classes\release, C:\project\adjaba-player\app\build\kotlin\compileReleaseKotlin\cacheable, C:\project\adjaba-player\app\build\kotlin\compileReleaseKotlin\local-state])

> Task :app:kaptGenerateStubsDebugKotlin
Invalidating in-memory cache of C:\project\adjaba-player\.gradle\8.12\fileHashes\fileHashes.bin
Invalidating in-memory cache of C:\project\adjaba-player\.gradle\8.12\fileHashes\resourceHashesCache.bin
Resolve mutations for :app:kaptDebugKotlin (Thread[#101,Execution worker Thread 2,5,main]) started.
:app:kaptDebugKotlin (Thread[#100,Execution worker,5,main]) started.

> Task :app:kaptDebugKotlin
file or directory 'C:\project\adjaba-player\app\libs', not found
file or directory 'C:\project\adjaba-player\app\libs', not found
file or directory 'C:\project\adjaba-player\app\src\debug\kotlin', not found
file or directory 'C:\project\adjaba-player\app\src\debug\kotlin', not found
file or directory 'C:\project\adjaba-player\app\src\debug\java', not found
file or directory 'C:\project\adjaba-player\app\src\debug\kotlin', not found
file or directory 'C:\project\adjaba-player\app\src\debug\java', not found
file or directory 'C:\project\adjaba-player\app\src\main\kotlin', not found
file or directory 'C:\project\adjaba-player\app\src\main\kotlin', not found
file or directory 'C:\project\adjaba-player\app\src\main\kotlin', not found
file or directory 'C:\project\adjaba-player\app\src\main\kotlin', not found
file or directory 'C:\project\adjaba-player\app\src\main\kotlin', not found
file or directory 'C:\project\adjaba-player\app\src\main\kotlin', not found
file or directory 'C:\project\adjaba-player\app\src\debug\kotlin', not found
file or directory 'C:\project\adjaba-player\app\src\debug\kotlin', not found
file or directory 'C:\project\adjaba-player\app\src\debug\java', not found
file or directory 'C:\project\adjaba-player\app\src\debug\kotlin', not found
file or directory 'C:\project\adjaba-player\app\src\debug\java', not found
file or directory 'C:\project\adjaba-player\app\src\debug\java', not found
file or directory 'C:\project\adjaba-player\app\libs', not found
Caching disabled for task ':app:kaptDebugKotlin' because:
  Build cache is disabled
Task ':app:kaptDebugKotlin' is not up-to-date because:
  Input property 'source' file C:\project\adjaba-player\app\build\tmp\kapt3\stubs\debug\com\adjaba\news\NewsAdapter.java has been added.
  Input property 'source' file C:\project\adjaba-player\app\build\tmp\kapt3\stubs\debug\com\adjaba\news\NewsHandler.java has been added.
  Input property 'source' file C:\project\adjaba-player\app\build\tmp\kapt3\stubs\debug\com\adjaba\news\RssItem.java has been added.
  and more...
Running kapt annotation processing using the Gradle Worker API
file or directory 'C:\project\adjaba-player\app\libs', not found
file or directory 'C:\project\adjaba-player\app\libs', not found
Full list of impacted classpath names: []. Took 1007ms.
file or directory 'C:\project\adjaba-player\app\libs', not found
Using workers NONE isolation mode to run kapt

> Task :app:compileReleaseKotlin
w: file:///C:/project/adjaba-player/app/src/main/java/com/adjaba/news/NewsHandler.kt:89:36 'getFromLocationName(String, Int): (Mutable)List<Address!>?' is deprecated. Deprecated in Java
w: file:///C:/project/adjaba-player/app/src/main/java/com/adjaba/news/NewsHandler.kt:110:9 This is a delicate API and its use requires care. Make sure you fully read and understand documentation of the declaration that is marked as a delicate API.
Resolve mutations for :app:compileReleaseJavaWithJavac (Thread[#105,Execution worker Thread 6,5,main]) started.
:app:compileReleaseJavaWithJavac (Thread[#105,Execution worker Thread 6,5,main]) started.

> Task :app:kaptDebugKotlin
Invalidating in-memory cache of C:\project\adjaba-player\.gradle\8.12\fileHashes\fileHashes.bin
Invalidating in-memory cache of C:\project\adjaba-player\.gradle\8.12\fileHashes\resourceHashesCache.bin
Invalidating in-memory cache of C:\project\adjaba-player\.gradle\8.12\executionHistory\executionHistory.bin
Invalidating in-memory cache of C:\project\adjaba-player\.gradle\buildOutputCleanup\outputFiles.bin

> Task :app:compileReleaseJavaWithJavac
file or directory 'C:\project\adjaba-player\app\libs', not found
Invalidating in-memory cache of C:\Users\User\.gradle\caches\journal-1\file-access.bin
file or directory 'C:\project\adjaba-player\app\libs', not found
Custom actions are attached to task ':app:compileReleaseJavaWithJavac'.
Caching disabled for task ':app:compileReleaseJavaWithJavac' because:
  Build cache is disabled
Task ':app:compileReleaseJavaWithJavac' is not up-to-date because:
  No history is available.
The input changes require a full rebuild for incremental task ':app:compileReleaseJavaWithJavac'.
Compilation mode: in-process compilation
file or directory 'C:\project\adjaba-player\app\libs', not found
Full recompilation is required because no incremental change information is available. This is usually caused by clean builds or changing compiler arguments.
Compiling with toolchain 'C:\Program Files\Java\jdk-21.0.11'.
file or directory 'C:\project\adjaba-player\app\src\release\java', not found
Compiling with JDK Java compiler API.
Note: Some input files use or override a deprecated API.
Note: Recompile with -Xlint:deprecation for details.
Class dependency analysis for incremental compilation took 0.279 secs.
Invalidating in-memory cache of C:\project\adjaba-player\.gradle\8.12\fileHashes\fileHashes.bin
Invalidating in-memory cache of C:\project\adjaba-player\.gradle\8.12\fileHashes\resourceHashesCache.bin
Created classpath snapshot for incremental compilation in 0.562 secs.
Invalidating in-memory cache of C:\project\adjaba-player\.gradle\8.12\fileHashes\fileHashes.bin
Invalidating in-memory cache of C:\project\adjaba-player\.gradle\8.12\fileHashes\resourceHashesCache.bin
Resolve mutations for :app:compileDebugKotlin (Thread[#103,Execution worker Thread 4,5,main]) started.
:app:compileDebugKotlin (Thread[#103,Execution worker Thread 4,5,main]) started.

> Task :app:compileDebugKotlin UP-TO-DATE
file or directory 'C:\project\adjaba-player\app\libs', not found
Invalidating in-memory cache of C:\Users\User\.gradle\caches\journal-1\file-access.bin
Invalidating in-memory cache of C:\Users\User\.gradle\caches\8.12\fileHashes\fileHashes.bin
Invalidating in-memory cache of C:\Users\User\.gradle\caches\8.12\fileHashes\resourceHashesCache.bin
Caching disabled for task ':app:compileDebugKotlin' because:
  Build cache is disabled
Skipping task ':app:compileDebugKotlin' as it is up-to-date.
Resolve mutations for :app:compileDebugJavaWithJavac (Thread[#103,Execution worker Thread 4,5,main]) started.
:app:compileDebugJavaWithJavac (Thread[#103,Execution worker Thread 4,5,main]) started.

> Task :app:compileDebugJavaWithJavac
file or directory 'C:\project\adjaba-player\app\libs', not found
file or directory 'C:\project\adjaba-player\app\libs', not found
Custom actions are attached to task ':app:compileDebugJavaWithJavac'.
Caching disabled for task ':app:compileDebugJavaWithJavac' because:
  Build cache is disabled
Task ':app:compileDebugJavaWithJavac' is not up-to-date because:
  Output property 'previousCompilationData' file C:\project\adjaba-player\app\build\tmp\compileDebugJavaWithJavac\previous-compilation-data.bin has been removed.
The input changes require a full rebuild for incremental task ':app:compileDebugJavaWithJavac'.
Compilation mode: in-process compilation
file or directory 'C:\project\adjaba-player\app\libs', not found
Full recompilation is required because no incremental change information is available. This is usually caused by clean builds or changing compiler arguments.
Compiling with toolchain 'C:\Program Files\Java\jdk-21.0.11'.
Invalidating in-memory cache of C:\Users\User\.gradle\caches\8.12\fileContent\java-modules.bin
Invalidating in-memory cache of C:\Users\User\.gradle\caches\8.12\fileContent\annotation-processors.bin
file or directory 'C:\project\adjaba-player\app\src\debug\java', not found
Compiling with JDK Java compiler API.
Note: Some input files use or override a deprecated API.
Note: Recompile with -Xlint:deprecation for details.
Invalidating in-memory cache of C:\project\adjaba-player\.gradle\8.12\fileHashes\fileHashes.bin
Invalidating in-memory cache of C:\project\adjaba-player\.gradle\8.12\fileHashes\resourceHashesCache.bin
Invalidating in-memory cache of C:\Users\User\.gradle\caches\8.12\javaCompile\jarAnalysis.bin
Invalidating in-memory cache of C:\Users\User\.gradle\caches\8.12\javaCompile\classAnalysis.bin
Class dependency analysis for incremental compilation took 0.356 secs.
Created classpath snapshot for incremental compilation in 0.374 secs.
Invalidating in-memory cache of C:\project\adjaba-player\.gradle\8.12\executionHistory\executionHistory.bin
Invalidating in-memory cache of C:\project\adjaba-player\.gradle\buildOutputCleanup\outputFiles.bin
Resolve mutations for :app:dexBuilderDebug (Thread[#103,Execution worker Thread 4,5,main]) started.
:app:dexBuilderDebug (Thread[#105,Execution worker Thread 6,5,main]) started.

> Task :app:dexBuilderDebug
file or directory 'C:\project\adjaba-player\app\libs', not found
file or directory 'C:\project\adjaba-player\app\libs', not found
file or directory 'C:\project\adjaba-player\app\libs', not found
file or directory 'C:\project\adjaba-player\app\libs', not found
file or directory 'C:\project\adjaba-player\app\libs', not found
Caching disabled for task ':app:dexBuilderDebug' because:
  Build cache is disabled
Task ':app:dexBuilderDebug' is not up-to-date because:
  Output property 'projectOutputs.dex' file C:\project\adjaba-player\app\build\intermediates\project_dex_archive\debug\dexBuilderDebug\out\com has been removed.
  Output property 'projectOutputs.dex' file C:\project\adjaba-player\app\build\intermediates\project_dex_archive\debug\dexBuilderDebug\out\com\adjaba has been removed.
  Output property 'projectOutputs.dex' file C:\project\adjaba-player\app\build\intermediates\project_dex_archive\debug\dexBuilderDebug\out\com\adjaba\App.dex has been removed.
  and more...
The input changes require a full rebuild for incremental task ':app:dexBuilderDebug'.
Dex builder is incremental : false 
Processing input C:\project\adjaba-player\app\build\tmp\kotlin-classes\debug
Processing input C:\project\adjaba-player\app\build\tmp\kapt3\classes\debug
Processing input C:\project\adjaba-player\app\build\intermediates\javac\debug\compileDebugJavaWithJavac\classes
Dexing C:\project\adjaba-player\app\build\tmp\kotlin-classes\debug
Dexing C:\project\adjaba-player\app\build\tmp\kapt3\classes\debug
Dexing C:\project\adjaba-player\app\build\intermediates\javac\debug\compileDebugJavaWithJavac\classes
Processing input C:\project\adjaba-player\app\build\intermediates\compile_and_runtime_not_namespaced_r_class_jar\debug\processDebugResources\R.jar
Dexing C:\project\adjaba-player\app\build\intermediates\compile_and_runtime_not_namespaced_r_class_jar\debug\processDebugResources\R.jar
Dexing 'C:\project\adjaba-player\app\build\tmp\kotlin-classes\debug' to 'C:\project\adjaba-player\app\build\intermediates\project_dex_archive\debug\dexBuilderDebug\out'
Dexing 'C:\project\adjaba-player\app\build\tmp\kapt3\classes\debug' to 'C:\project\adjaba-player\app\build\intermediates\project_dex_archive\debug\dexBuilderDebug\out'
Dexing 'C:\project\adjaba-player\app\build\intermediates\javac\debug\compileDebugJavaWithJavac\classes' to 'C:\project\adjaba-player\app\build\intermediates\project_dex_archive\debug\dexBuilderDebug\out'
Dexing 'C:\project\adjaba-player\app\build\tmp\kotlin-classes\debug' to 'C:\project\adjaba-player\app\build\intermediates\project_dex_archive\debug\dexBuilderDebug\out'
Dexing 'C:\project\adjaba-player\app\build\tmp\kotlin-classes\debug' to 'C:\project\adjaba-player\app\build\intermediates\project_dex_archive\debug\dexBuilderDebug\out'
Dexing 'C:\project\adjaba-player\app\build\intermediates\compile_and_runtime_not_namespaced_r_class_jar\debug\processDebugResources\R.jar' to 'C:\project\adjaba-player\app\build\intermediates\project_dex_archive\debug\dexBuilderDebug\out\e920b7b8e7d5492388ffacb0e233e92ac1217fb0f05f67df10f546a852372c32_1.jar'
Dexing 'C:\project\adjaba-player\app\build\tmp\kotlin-classes\debug' to 'C:\project\adjaba-player\app\build\intermediates\project_dex_archive\debug\dexBuilderDebug\out'
Dexing 'C:\project\adjaba-player\app\build\tmp\kapt3\classes\debug' to 'C:\project\adjaba-player\app\build\intermediates\project_dex_archive\debug\dexBuilderDebug\out'
Dexing 'C:\project\adjaba-player\app\build\intermediates\javac\debug\compileDebugJavaWithJavac\classes' to 'C:\project\adjaba-player\app\build\intermediates\project_dex_archive\debug\dexBuilderDebug\out'
Dexing 'C:\project\adjaba-player\app\build\tmp\kotlin-classes\debug' to 'C:\project\adjaba-player\app\build\intermediates\project_dex_archive\debug\dexBuilderDebug\out'
Dexing 'C:\project\adjaba-player\app\build\tmp\kapt3\classes\debug' to 'C:\project\adjaba-player\app\build\intermediates\project_dex_archive\debug\dexBuilderDebug\out'
Dexing 'C:\project\adjaba-player\app\build\intermediates\javac\debug\compileDebugJavaWithJavac\classes' to 'C:\project\adjaba-player\app\build\intermediates\project_dex_archive\debug\dexBuilderDebug\out'
Dexing 'C:\project\adjaba-player\app\build\intermediates\compile_and_runtime_not_namespaced_r_class_jar\debug\processDebugResources\R.jar' to 'C:\project\adjaba-player\app\build\intermediates\project_dex_archive\debug\dexBuilderDebug\out\e920b7b8e7d5492388ffacb0e233e92ac1217fb0f05f67df10f546a852372c32_0.jar'
Dexing 'C:\project\adjaba-player\app\build\intermediates\compile_and_runtime_not_namespaced_r_class_jar\debug\processDebugResources\R.jar' to 'C:\project\adjaba-player\app\build\intermediates\project_dex_archive\debug\dexBuilderDebug\out\e920b7b8e7d5492388ffacb0e233e92ac1217fb0f05f67df10f546a852372c32_2.jar'
Dexing 'C:\project\adjaba-player\app\build\tmp\kotlin-classes\debug' to 'C:\project\adjaba-player\app\build\intermediates\project_dex_archive\debug\dexBuilderDebug\out'
Dexing 'C:\project\adjaba-player\app\build\tmp\kapt3\classes\debug' to 'C:\project\adjaba-player\app\build\intermediates\project_dex_archive\debug\dexBuilderDebug\out'
Dexing 'C:\project\adjaba-player\app\build\intermediates\javac\debug\compileDebugJavaWithJavac\classes' to 'C:\project\adjaba-player\app\build\intermediates\project_dex_archive\debug\dexBuilderDebug\out'
Dexing 'C:\project\adjaba-player\app\build\intermediates\compile_and_runtime_not_namespaced_r_class_jar\debug\processDebugResources\R.jar' to 'C:\project\adjaba-player\app\build\intermediates\project_dex_archive\debug\dexBuilderDebug\out\e920b7b8e7d5492388ffacb0e233e92ac1217fb0f05f67df10f546a852372c32_3.jar'
Dexing 'C:\project\adjaba-player\app\build\tmp\kapt3\classes\debug' to 'C:\project\adjaba-player\app\build\intermediates\project_dex_archive\debug\dexBuilderDebug\out'
Dexing 'C:\project\adjaba-player\app\build\intermediates\javac\debug\compileDebugJavaWithJavac\classes' to 'C:\project\adjaba-player\app\build\intermediates\project_dex_archive\debug\dexBuilderDebug\out'
Dexing 'C:\project\adjaba-player\app\build\tmp\kapt3\classes\debug' to 'C:\project\adjaba-player\app\build\intermediates\project_dex_archive\debug\dexBuilderDebug\out'
Dexing 'C:\project\adjaba-player\app\build\intermediates\javac\debug\compileDebugJavaWithJavac\classes' to 'C:\project\adjaba-player\app\build\intermediates\project_dex_archive\debug\dexBuilderDebug\out'
Dexing 'C:\project\adjaba-player\app\build\intermediates\compile_and_runtime_not_namespaced_r_class_jar\debug\processDebugResources\R.jar' to 'C:\project\adjaba-player\app\build\intermediates\project_dex_archive\debug\dexBuilderDebug\out\e920b7b8e7d5492388ffacb0e233e92ac1217fb0f05f67df10f546a852372c32_4.jar'
Dexing 'C:\project\adjaba-player\app\build\intermediates\compile_and_runtime_not_namespaced_r_class_jar\debug\processDebugResources\R.jar' to 'C:\project\adjaba-player\app\build\intermediates\project_dex_archive\debug\dexBuilderDebug\out\e920b7b8e7d5492388ffacb0e233e92ac1217fb0f05f67df10f546a852372c32_5.jar'
Done with all dex archive conversions
Invalidating in-memory cache of C:\project\adjaba-player\.gradle\8.12\fileHashes\fileHashes.bin
Invalidating in-memory cache of C:\project\adjaba-player\.gradle\8.12\fileHashes\resourceHashesCache.bin
Resolve mutations for :app:mergeDebugGlobalSynthetics (Thread[#105,Execution worker Thread 6,5,main]) started.
:app:mergeDebugGlobalSynthetics (Thread[#105,Execution worker Thread 6,5,main]) started.
Resolve mutations for :app:processDebugJavaRes (Thread[#106,Execution worker Thread 7,5,main]) started.
:app:processDebugJavaRes (Thread[#106,Execution worker Thread 7,5,main]) started.

> Task :app:mergeDebugGlobalSynthetics
file or directory 'C:\project\adjaba-player\app\libs', not found
file or directory 'C:\project\adjaba-player\app\libs', not found
file or directory 'C:\project\adjaba-player\app\libs', not found
file or directory 'C:\project\adjaba-player\app\libs', not found
file or directory 'C:\project\adjaba-player\app\libs', not found
file or directory 'C:\project\adjaba-player\app\libs', not found
file or directory 'C:\project\adjaba-player\app\libs', not found
file or directory 'C:\project\adjaba-player\app\libs', not found
file or directory 'C:\project\adjaba-player\app\libs', not found
file or directory 'C:\project\adjaba-player\app\libs', not found
file or directory 'C:\project\adjaba-player\app\libs', not found
file or directory 'C:\project\adjaba-player\app\libs', not found
file or directory 'C:\project\adjaba-player\app\libs', not found
file or directory 'C:\project\adjaba-player\app\libs', not found
file or directory 'C:\project\adjaba-player\app\libs', not found
file or directory 'C:\project\adjaba-player\app\libs', not found
file or directory 'C:\project\adjaba-player\app\libs', not found
file or directory 'C:\project\adjaba-player\app\libs', not found
file or directory 'C:\project\adjaba-player\app\libs', not found
file or directory 'C:\project\adjaba-player\app\libs', not found
file or directory 'C:\project\adjaba-player\app\libs', not found
file or directory 'C:\project\adjaba-player\app\libs', not found
file or directory 'C:\project\adjaba-player\app\libs', not found
file or directory 'C:\project\adjaba-player\app\libs', not found
file or directory 'C:\project\adjaba-player\app\libs', not found
file or directory 'C:\project\adjaba-player\app\libs', not found
file or directory 'C:\project\adjaba-player\app\libs', not found
file or directory 'C:\project\adjaba-player\app\libs', not found
file or directory 'C:\project\adjaba-player\app\libs', not found
file or directory 'C:\project\adjaba-player\app\libs', not found
file or directory 'C:\project\adjaba-player\app\libs', not found
file or directory 'C:\project\adjaba-player\app\libs', not found
file or directory 'C:\project\adjaba-player\app\libs', not found
file or directory 'C:\project\adjaba-player\app\libs', not found
file or directory 'C:\project\adjaba-player\app\libs', not found
file or directory 'C:\project\adjaba-player\app\libs', not found
file or directory 'C:\project\adjaba-player\app\libs', not found
file or directory 'C:\project\adjaba-player\app\libs', not found
file or directory 'C:\project\adjaba-player\app\libs', not found
file or directory 'C:\project\adjaba-player\app\libs', not found
file or directory 'C:\project\adjaba-player\app\libs', not found
file or directory 'C:\project\adjaba-player\app\libs', not found
file or directory 'C:\project\adjaba-player\app\libs', not found
file or directory 'C:\project\adjaba-player\app\libs', not found
file or directory 'C:\project\adjaba-player\app\libs', not found
file or directory 'C:\project\adjaba-player\app\libs', not found
file or directory 'C:\project\adjaba-player\app\libs', not found
file or directory 'C:\project\adjaba-player\app\libs', not found
file or directory 'C:\project\adjaba-player\app\libs', not found
file or directory 'C:\project\adjaba-player\app\libs', not found
file or directory 'C:\project\adjaba-player\app\libs', not found
file or directory 'C:\project\adjaba-player\app\libs', not found
file or directory 'C:\project\adjaba-player\app\libs', not found
file or directory 'C:\project\adjaba-player\app\libs', not found
file or directory 'C:\project\adjaba-player\app\libs', not found
file or directory 'C:\project\adjaba-player\app\libs', not found
file or directory 'C:\project\adjaba-player\app\libs', not found
file or directory 'C:\project\adjaba-player\app\libs', not found
file or directory 'C:\project\adjaba-player\app\libs', not found
file or directory 'C:\project\adjaba-player\app\libs', not found
file or directory 'C:\project\adjaba-player\app\libs', not found
file or directory 'C:\project\adjaba-player\app\libs', not found
file or directory 'C:\project\adjaba-player\app\libs', not found
file or directory 'C:\project\adjaba-player\app\libs', not found
file or directory 'C:\project\adjaba-player\app\libs', not found
file or directory 'C:\project\adjaba-player\app\libs', not found
file or directory 'C:\project\adjaba-player\app\libs', not found
file or directory 'C:\project\adjaba-player\app\libs', not found
file or directory 'C:\project\adjaba-player\app\libs', not found
file or directory 'C:\project\adjaba-player\app\libs', not found
file or directory 'C:\project\adjaba-player\app\libs', not found
file or directory 'C:\project\adjaba-player\app\libs', not found
file or directory 'C:\project\adjaba-player\app\libs', not found
file or directory 'C:\project\adjaba-player\app\libs', not found
file or directory 'C:\project\adjaba-player\app\libs', not found
file or directory 'C:\project\adjaba-player\app\libs', not found
file or directory 'C:\project\adjaba-player\app\libs', not found
file or directory 'C:\project\adjaba-player\app\libs', not found
file or directory 'C:\project\adjaba-player\app\libs', not found
file or directory 'C:\project\adjaba-player\app\libs', not found
file or directory 'C:\project\adjaba-player\app\libs', not found
file or directory 'C:\project\adjaba-player\app\libs', not found
file or directory 'C:\project\adjaba-player\app\libs', not found
file or directory 'C:\project\adjaba-player\app\libs', not found
file or directory 'C:\project\adjaba-player\app\libs', not found
file or directory 'C:\project\adjaba-player\app\libs', not found
file or directory 'C:\project\adjaba-player\app\libs', not found
file or directory 'C:\project\adjaba-player\app\libs', not found
file or directory 'C:\project\adjaba-player\app\libs', not found
file or directory 'C:\project\adjaba-player\app\libs', not found
file or directory 'C:\project\adjaba-player\app\libs', not found
file or directory 'C:\project\adjaba-player\app\libs', not found
file or directory 'C:\project\adjaba-player\app\libs', not found
file or directory 'C:\project\adjaba-player\app\libs', not found
file or directory 'C:\project\adjaba-player\app\libs', not found
file or directory 'C:\project\adjaba-player\app\libs', not found
file or directory 'C:\project\adjaba-player\app\libs', not found
file or directory 'C:\project\adjaba-player\app\libs', not found
file or directory 'C:\project\adjaba-player\app\libs', not found
file or directory 'C:\project\adjaba-player\app\libs', not found
file or directory 'C:\project\adjaba-player\app\libs', not found
file or directory 'C:\project\adjaba-player\app\libs', not found
file or directory 'C:\project\adjaba-player\app\libs', not found
file or directory 'C:\project\adjaba-player\app\libs', not found
file or directory 'C:\project\adjaba-player\app\libs', not found
file or directory 'C:\project\adjaba-player\app\libs', not found
file or directory 'C:\project\adjaba-player\app\libs', not found
file or directory 'C:\project\adjaba-player\app\libs', not found
file or directory 'C:\project\adjaba-player\app\libs', not found
file or directory 'C:\project\adjaba-player\app\libs', not found
file or directory 'C:\project\adjaba-player\app\libs', not found
file or directory 'C:\project\adjaba-player\app\libs', not found
file or directory 'C:\project\adjaba-player\app\libs', not found
file or directory 'C:\project\adjaba-player\app\libs', not found
file or directory 'C:\project\adjaba-player\app\libs', not found
file or directory 'C:\project\adjaba-player\app\libs', not found
file or directory 'C:\project\adjaba-player\app\libs', not found
file or directory 'C:\project\adjaba-player\app\libs', not found
file or directory 'C:\project\adjaba-player\app\libs', not found
file or directory 'C:\project\adjaba-player\app\libs', not found
file or directory 'C:\project\adjaba-player\app\libs', not found
file or directory 'C:\project\adjaba-player\app\libs', not found
file or directory 'C:\project\adjaba-player\app\libs', not found
file or directory 'C:\project\adjaba-player\app\libs', not found
file or directory 'C:\project\adjaba-player\app\libs', not found
file or directory 'C:\project\adjaba-player\app\libs', not found
file or directory 'C:\project\adjaba-player\app\libs', not found
file or directory 'C:\project\adjaba-player\app\libs', not found
file or directory 'C:\project\adjaba-player\app\libs', not found
file or directory 'C:\project\adjaba-player\app\libs', not found
file or directory 'C:\project\adjaba-player\app\libs', not found
file or directory 'C:\project\adjaba-player\app\libs', not found
file or directory 'C:\project\adjaba-player\app\libs', not found
file or directory 'C:\project\adjaba-player\app\libs', not found
file or directory 'C:\project\adjaba-player\app\libs', not found
file or directory 'C:\project\adjaba-player\app\libs', not found
file or directory 'C:\project\adjaba-player\app\libs', not found
file or directory 'C:\project\adjaba-player\app\libs', not found
file or directory 'C:\project\adjaba-player\app\libs', not found
file or directory 'C:\project\adjaba-player\app\libs', not found
file or directory 'C:\project\adjaba-player\app\libs', not found
file or directory 'C:\project\adjaba-player\app\libs', not found
file or directory 'C:\project\adjaba-player\app\libs', not found
file or directory 'C:\project\adjaba-player\app\libs', not found
file or directory 'C:\project\adjaba-player\app\libs', not found
file or directory 'C:\project\adjaba-player\app\libs', not found
file or directory 'C:\project\adjaba-player\app\libs', not found
file or directory 'C:\project\adjaba-player\app\libs', not found
file or directory 'C:\project\adjaba-player\app\libs', not found
file or directory 'C:\project\adjaba-player\app\libs', not found
file or directory 'C:\project\adjaba-player\app\libs', not found
file or directory 'C:\project\adjaba-player\app\libs', not found
file or directory 'C:\project\adjaba-player\app\libs', not found
file or directory 'C:\project\adjaba-player\app\libs', not found
file or directory 'C:\project\adjaba-player\app\libs', not found
file or directory 'C:\project\adjaba-player\app\libs', not found
file or directory 'C:\project\adjaba-player\app\libs', not found
file or directory 'C:\project\adjaba-player\app\libs', not found
file or directory 'C:\project\adjaba-player\app\libs', not found
file or directory 'C:\project\adjaba-player\app\libs', not found
file or directory 'C:\project\adjaba-player\app\libs', not found
file or directory 'C:\project\adjaba-player\app\libs', not found
file or directory 'C:\project\adjaba-player\app\libs', not found
file or directory 'C:\project\adjaba-player\app\libs', not found
file or directory 'C:\project\adjaba-player\app\libs', not found
file or directory 'C:\project\adjaba-player\app\libs', not found
file or directory 'C:\project\adjaba-player\app\libs', not found
file or directory 'C:\project\adjaba-player\app\libs', not found
file or directory 'C:\project\adjaba-player\app\libs', not found
file or directory 'C:\project\adjaba-player\app\libs', not found
file or directory 'C:\project\adjaba-player\app\libs', not found
file or directory 'C:\project\adjaba-player\app\libs', not found
file or directory 'C:\project\adjaba-player\app\libs', not found
file or directory 'C:\project\adjaba-player\app\libs', not found
file or directory 'C:\project\adjaba-player\app\libs', not found
file or directory 'C:\project\adjaba-player\app\libs', not found
file or directory 'C:\project\adjaba-player\app\libs', not found
file or directory 'C:\project\adjaba-player\app\libs', not found
file or directory 'C:\project\adjaba-player\app\libs', not found
file or directory 'C:\project\adjaba-player\app\libs', not found
file or directory 'C:\project\adjaba-player\app\libs', not found
file or directory 'C:\project\adjaba-player\app\libs', not found
file or directory 'C:\project\adjaba-player\app\libs', not found
file or directory 'C:\project\adjaba-player\app\libs', not found
file or directory 'C:\project\adjaba-player\app\libs', not found
file or directory 'C:\project\adjaba-player\app\libs', not found
file or directory 'C:\project\adjaba-player\app\libs', not found
file or directory 'C:\project\adjaba-player\app\libs', not found
file or directory 'C:\project\adjaba-player\app\libs', not found
file or directory 'C:\project\adjaba-player\app\libs', not found
file or directory 'C:\project\adjaba-player\app\libs', not found
file or directory 'C:\project\adjaba-player\app\libs', not found
file or directory 'C:\project\adjaba-player\app\libs', not found
file or directory 'C:\project\adjaba-player\app\libs', not found
file or directory 'C:\project\adjaba-player\app\libs', not found
file or directory 'C:\project\adjaba-player\app\libs', not found
file or directory 'C:\project\adjaba-player\app\libs', not found
file or directory 'C:\project\adjaba-player\app\libs', not found
file or directory 'C:\project\adjaba-player\app\libs', not found
file or directory 'C:\project\adjaba-player\app\libs', not found
file or directory 'C:\project\adjaba-player\app\libs', not found
file or directory 'C:\project\adjaba-player\app\libs', not found
file or directory 'C:\project\adjaba-player\app\libs', not found
file or directory 'C:\project\adjaba-player\app\libs', not found
file or directory 'C:\project\adjaba-player\app\libs', not found
file or directory 'C:\project\adjaba-player\app\libs', not found
file or directory 'C:\project\adjaba-player\app\libs', not found
file or directory 'C:\project\adjaba-player\app\libs', not found
file or directory 'C:\project\adjaba-player\app\libs', not found
file or directory 'C:\project\adjaba-player\app\libs', not found
file or directory 'C:\project\adjaba-player\app\libs', not found
file or directory 'C:\project\adjaba-player\app\libs', not found
file or directory 'C:\project\adjaba-player\app\libs', not found
file or directory 'C:\project\adjaba-player\app\libs', not found
file or directory 'C:\project\adjaba-player\app\libs', not found
file or directory 'C:\project\adjaba-player\app\libs', not found
file or directory 'C:\project\adjaba-player\app\libs', not found
file or directory 'C:\project\adjaba-player\app\libs', not found
file or directory 'C:\project\adjaba-player\app\libs', not found
file or directory 'C:\project\adjaba-player\app\libs', not found
file or directory 'C:\project\adjaba-player\app\libs', not found
file or directory 'C:\project\adjaba-player\app\libs', not found
file or directory 'C:\project\adjaba-player\app\libs', not found
file or directory 'C:\project\adjaba-player\app\libs', not found
file or directory 'C:\project\adjaba-player\app\libs', not found
file or directory 'C:\project\adjaba-player\app\libs', not found
file or directory 'C:\project\adjaba-player\app\libs', not found
Caching disabled for task ':app:mergeDebugGlobalSynthetics' because:
  Build cache is disabled
Task ':app:mergeDebugGlobalSynthetics' is not up-to-date because:
  Output property 'globalSyntheticsOutput' file C:\project\adjaba-player\app\build\intermediates\global_synthetics_dex\debug\mergeDebugGlobalSynthetics has been removed.

> Task :app:processDebugJavaRes
file or directory 'C:\project\adjaba-player\app\src\main\resources', not found
file or directory 'C:\project\adjaba-player\app\src\debug\resources', not found
file or directory 'C:\project\adjaba-player\app\src\main\resources', not found
file or directory 'C:\project\adjaba-player\app\src\debug\resources', not found
Caching disabled for task ':app:processDebugJavaRes' because:
  Build cache is disabled
  Caching has been disabled for the task
Task ':app:processDebugJavaRes' is not up-to-date because:
  Output property 'destinationDir' file C:\project\adjaba-player\app\build\intermediates\java_res\debug\processDebugJavaRes\out has been removed.
  Output property 'destinationDir' file C:\project\adjaba-player\app\build\intermediates\java_res\debug\processDebugJavaRes\out\com has been removed.
  Output property 'destinationDir' file C:\project\adjaba-player\app\build\intermediates\java_res\debug\processDebugJavaRes\out\com\adjaba has been removed.
  and more...
file or directory 'C:\project\adjaba-player\app\src\main\resources', not found
file or directory 'C:\project\adjaba-player\app\src\debug\resources', not found
file or directory 'C:\project\adjaba-player\app\src\main\resources', not found
file or directory 'C:\project\adjaba-player\app\src\debug\resources', not found
Resolve mutations for :app:mergeDebugJavaResource (Thread[#106,Execution worker Thread 7,5,main]) started.
:app:mergeDebugJavaResource (Thread[#106,Execution worker Thread 7,5,main]) started.
Resolve mutations for :app:mergeProjectDexDebug (Thread[#110,Execution worker Thread 11,5,main]) started.
:app:mergeProjectDexDebug (Thread[#110,Execution worker Thread 11,5,main]) started.
Resolve mutations for :app:expandReleaseArtProfileWildcards (Thread[#105,Execution worker Thread 6,5,main]) started.
:app:expandReleaseArtProfileWildcards (Thread[#105,Execution worker Thread 6,5,main]) started.

> Task :app:mergeProjectDexDebug
Caching disabled for task ':app:mergeProjectDexDebug' because:
  Build cache is disabled
Task ':app:mergeProjectDexDebug' is not up-to-date because:
  Output property 'outputDir' file C:\project\adjaba-player\app\build\intermediates\dex\debug\mergeProjectDexDebug has been removed.
  Output property 'outputDir' file C:\project\adjaba-player\app\build\intermediates\dex\debug\mergeProjectDexDebug\0 has been removed.
  Output property 'outputDir' file C:\project\adjaba-player\app\build\intermediates\dex\debug\mergeProjectDexDebug\0\classes.dex has been removed.
  and more...
The input changes require a full rebuild for incremental task ':app:mergeProjectDexDebug'.
Merging to 'C:\project\adjaba-player\app\build\intermediates\dex\debug\mergeProjectDexDebug\4' with D8 from all or a subset of dex files in C:\project\adjaba-player\app\build\intermediates\project_dex_archive\debug\dexBuilderDebug\out, C:\project\adjaba-player\app\build\intermediates\project_dex_archive\debug\dexBuilderDebug\out, C:\project\adjaba-player\app\build\intermediates\project_dex_archive\debug\dexBuilderDebug\out, and from all global synthetics files in 
Merging to 'C:\project\adjaba-player\app\build\intermediates\dex\debug\mergeProjectDexDebug\0' with D8 from all or a subset of dex files in C:\project\adjaba-player\app\build\intermediates\project_dex_archive\debug\dexBuilderDebug\out\e920b7b8e7d5492388ffacb0e233e92ac1217fb0f05f67df10f546a852372c32_0.jar, C:\project\adjaba-player\app\build\intermediates\project_dex_archive\debug\dexBuilderDebug\out\e920b7b8e7d5492388ffacb0e233e92ac1217fb0f05f67df10f546a852372c32_1.jar, C:\project\adjaba-player\app\build\intermediates\project_dex_archive\debug\dexBuilderDebug\out\e920b7b8e7d5492388ffacb0e233e92ac1217fb0f05f67df10f546a852372c32_2.jar, C:\project\adjaba-player\app\build\intermediates\project_dex_archive\debug\dexBuilderDebug\out\e920b7b8e7d5492388ffacb0e233e92ac1217fb0f05f67df10f546a852372c32_3.jar, C:\project\adjaba-player\app\build\intermediates\project_dex_archive\debug\dexBuilderDebug\out\e920b7b8e7d5492388ffacb0e233e92ac1217fb0f05f67df10f546a852372c32_4.jar, C:\project\adjaba-player\app\build\intermediates\project_dex_archive\debug\dexBuilderDebug\out\e920b7b8e7d5492388ffacb0e233e92ac1217fb0f05f67df10f546a852372c32_5.jar, and from all global synthetics files in 
Merging to 'C:\project\adjaba-player\app\build\intermediates\dex\debug\mergeProjectDexDebug\8' with D8 from all or a subset of dex files in C:\project\adjaba-player\app\build\intermediates\project_dex_archive\debug\dexBuilderDebug\out, and from all global synthetics files in 
Merging to 'C:\project\adjaba-player\app\build\intermediates\dex\debug\mergeProjectDexDebug\5' with D8 from all or a subset of dex files in C:\project\adjaba-player\app\build\intermediates\project_dex_archive\debug\dexBuilderDebug\out, C:\project\adjaba-player\app\build\intermediates\project_dex_archive\debug\dexBuilderDebug\out, C:\project\adjaba-player\app\build\intermediates\project_dex_archive\debug\dexBuilderDebug\out, C:\project\adjaba-player\app\build\intermediates\project_dex_archive\debug\dexBuilderDebug\out, C:\project\adjaba-player\app\build\intermediates\project_dex_archive\debug\dexBuilderDebug\out, C:\project\adjaba-player\app\build\intermediates\project_dex_archive\debug\dexBuilderDebug\out, C:\project\adjaba-player\app\build\intermediates\project_dex_archive\debug\dexBuilderDebug\out, C:\project\adjaba-player\app\build\intermediates\project_dex_archive\debug\dexBuilderDebug\out, C:\project\adjaba-player\app\build\intermediates\project_dex_archive\debug\dexBuilderDebug\out, C:\project\adjaba-player\app\build\intermediates\project_dex_archive\debug\dexBuilderDebug\out, C:\project\adjaba-player\app\build\intermediates\project_dex_archive\debug\dexBuilderDebug\out, C:\project\adjaba-player\app\build\intermediates\project_dex_archive\debug\dexBuilderDebug\out, C:\project\adjaba-player\app\build\intermediates\project_dex_archive\debug\dexBuilderDebug\out, C:\project\adjaba-player\app\build\intermediates\project_dex_archive\debug\dexBuilderDebug\out, C:\project\adjaba-player\app\build\intermediates\project_dex_archive\debug\dexBuilderDebug\out, C:\project\adjaba-player\app\build\intermediates\project_dex_archive\debug\dexBuilderDebug\out, C:\project\adjaba-player\app\build\intermediates\project_dex_archive\debug\dexBuilderDebug\out, C:\project\adjaba-player\app\build\intermediates\project_dex_archive\debug\dexBuilderDebug\out, and from all global synthetics files in 
Merging to 'C:\project\adjaba-player\app\build\intermediates\dex\debug\mergeProjectDexDebug\10' with D8 from all or a subset of dex files in C:\project\adjaba-player\app\build\intermediates\project_dex_archive\debug\dexBuilderDebug\out, and from all global synthetics files in 
Merging to 'C:\project\adjaba-player\app\build\intermediates\dex\debug\mergeProjectDexDebug\15' with D8 from all or a subset of dex files in C:\project\adjaba-player\app\build\intermediates\project_dex_archive\debug\dexBuilderDebug\out, and from all global synthetics files in 
Merging to 'C:\project\adjaba-player\app\build\intermediates\dex\debug\mergeProjectDexDebug\2' with D8 from all or a subset of dex files in C:\project\adjaba-player\app\build\intermediates\project_dex_archive\debug\dexBuilderDebug\out, C:\project\adjaba-player\app\build\intermediates\project_dex_archive\debug\dexBuilderDebug\out, C:\project\adjaba-player\app\build\intermediates\project_dex_archive\debug\dexBuilderDebug\out, C:\project\adjaba-player\app\build\intermediates\project_dex_archive\debug\dexBuilderDebug\out, C:\project\adjaba-player\app\build\intermediates\project_dex_archive\debug\dexBuilderDebug\out, C:\project\adjaba-player\app\build\intermediates\project_dex_archive\debug\dexBuilderDebug\out, C:\project\adjaba-player\app\build\intermediates\project_dex_archive\debug\dexBuilderDebug\out, C:\project\adjaba-player\app\build\intermediates\project_dex_archive\debug\dexBuilderDebug\out, C:\project\adjaba-player\app\build\intermediates\project_dex_archive\debug\dexBuilderDebug\out, C:\project\adjaba-player\app\build\intermediates\project_dex_archive\debug\dexBuilderDebug\out, C:\project\adjaba-player\app\build\intermediates\project_dex_archive\debug\dexBuilderDebug\out, C:\project\adjaba-player\app\build\intermediates\project_dex_archive\debug\dexBuilderDebug\out, C:\project\adjaba-player\app\build\intermediates\project_dex_archive\debug\dexBuilderDebug\out, C:\project\adjaba-player\app\build\intermediates\project_dex_archive\debug\dexBuilderDebug\out, C:\project\adjaba-player\app\build\intermediates\project_dex_archive\debug\dexBuilderDebug\out, C:\project\adjaba-player\app\build\intermediates\project_dex_archive\debug\dexBuilderDebug\out, C:\project\adjaba-player\app\build\intermediates\project_dex_archive\debug\dexBuilderDebug\out, C:\project\adjaba-player\app\build\intermediates\project_dex_archive\debug\dexBuilderDebug\out, C:\project\adjaba-player\app\build\intermediates\project_dex_archive\debug\dexBuilderDebug\out, C:\project\adjaba-player\app\build\intermediates\project_dex_archive\debug\dexBuilderDebug\out, C:\project\adjaba-player\app\build\intermediates\project_dex_archive\debug\dexBuilderDebug\out, C:\project\adjaba-player\app\build\intermediates\project_dex_archive\debug\dexBuilderDebug\out, C:\project\adjaba-player\app\build\intermediates\project_dex_archive\debug\dexBuilderDebug\out, C:\project\adjaba-player\app\build\intermediates\project_dex_archive\debug\dexBuilderDebug\out, C:\project\adjaba-player\app\build\intermediates\project_dex_archive\debug\dexBuilderDebug\out, C:\project\adjaba-player\app\build\intermediates\project_dex_archive\debug\dexBuilderDebug\out, C:\project\adjaba-player\app\build\intermediates\project_dex_archive\debug\dexBuilderDebug\out, C:\project\adjaba-player\app\build\intermediates\project_dex_archive\debug\dexBuilderDebug\out, C:\project\adjaba-player\app\build\intermediates\project_dex_archive\debug\dexBuilderDebug\out, C:\project\adjaba-player\app\build\intermediates\project_dex_archive\debug\dexBuilderDebug\out, C:\project\adjaba-player\app\build\intermediates\project_dex_archive\debug\dexBuilderDebug\out, C:\project\adjaba-player\app\build\intermediates\project_dex_archive\debug\dexBuilderDebug\out, C:\project\adjaba-player\app\build\intermediates\project_dex_archive\debug\dexBuilderDebug\out, C:\project\adjaba-player\app\build\intermediates\project_dex_archive\debug\dexBuilderDebug\out, C:\project\adjaba-player\app\build\intermediates\project_dex_archive\debug\dexBuilderDebug\out, C:\project\adjaba-player\app\build\intermediates\project_dex_archive\debug\dexBuilderDebug\out, C:\project\adjaba-player\app\build\intermediates\project_dex_archive\debug\dexBuilderDebug\out, C:\project\adjaba-player\app\build\intermediates\project_dex_archive\debug\dexBuilderDebug\out, C:\project\adjaba-player\app\build\intermediates\project_dex_archive\debug\dexBuilderDebug\out, C:\project\adjaba-player\app\build\intermediates\project_dex_archive\debug\dexBuilderDebug\out, C:\project\adjaba-player\app\build\intermediates\project_dex_archive\debug\dexBuilderDebug\out, C:\project\adjaba-player\app\build\intermediates\project_dex_archive\debug\dexBuilderDebug\out, C:\project\adjaba-player\app\build\intermediates\project_dex_archive\debug\dexBuilderDebug\out, C:\project\adjaba-player\app\build\intermediates\project_dex_archive\debug\dexBuilderDebug\out, C:\project\adjaba-player\app\build\intermediates\project_dex_archive\debug\dexBuilderDebug\out, C:\project\adjaba-player\app\build\intermediates\project_dex_archive\debug\dexBuilderDebug\out, C:\project\adjaba-player\app\build\intermediates\project_dex_archive\debug\dexBuilderDebug\out, C:\project\adjaba-player\app\build\intermediates\project_dex_archive\debug\dexBuilderDebug\out, C:\project\adjaba-player\app\build\intermediates\project_dex_archive\debug\dexBuilderDebug\out, C:\project\adjaba-player\app\build\intermediates\project_dex_archive\debug\dexBuilderDebug\out, and from all global synthetics files in 
Merging to 'C:\project\adjaba-player\app\build\intermediates\dex\debug\mergeProjectDexDebug\12' with D8 from all or a subset of dex files in C:\project\adjaba-player\app\build\intermediates\project_dex_archive\debug\dexBuilderDebug\out, C:\project\adjaba-player\app\build\intermediates\project_dex_archive\debug\dexBuilderDebug\out, C:\project\adjaba-player\app\build\intermediates\project_dex_archive\debug\dexBuilderDebug\out, C:\project\adjaba-player\app\build\intermediates\project_dex_archive\debug\dexBuilderDebug\out, C:\project\adjaba-player\app\build\intermediates\project_dex_archive\debug\dexBuilderDebug\out, C:\project\adjaba-player\app\build\intermediates\project_dex_archive\debug\dexBuilderDebug\out, C:\project\adjaba-player\app\build\intermediates\project_dex_archive\debug\dexBuilderDebug\out, C:\project\adjaba-player\app\build\intermediates\project_dex_archive\debug\dexBuilderDebug\out, C:\project\adjaba-player\app\build\intermediates\project_dex_archive\debug\dexBuilderDebug\out, C:\project\adjaba-player\app\build\intermediates\project_dex_archive\debug\dexBuilderDebug\out, C:\project\adjaba-player\app\build\intermediates\project_dex_archive\debug\dexBuilderDebug\out, C:\project\adjaba-player\app\build\intermediates\project_dex_archive\debug\dexBuilderDebug\out, C:\project\adjaba-player\app\build\intermediates\project_dex_archive\debug\dexBuilderDebug\out, C:\project\adjaba-player\app\build\intermediates\project_dex_archive\debug\dexBuilderDebug\out, C:\project\adjaba-player\app\build\intermediates\project_dex_archive\debug\dexBuilderDebug\out, C:\project\adjaba-player\app\build\intermediates\project_dex_archive\debug\dexBuilderDebug\out, C:\project\adjaba-player\app\build\intermediates\project_dex_archive\debug\dexBuilderDebug\out, C:\project\adjaba-player\app\build\intermediates\project_dex_archive\debug\dexBuilderDebug\out, C:\project\adjaba-player\app\build\intermediates\project_dex_archive\debug\dexBuilderDebug\out, C:\project\adjaba-player\app\build\intermediates\project_dex_archive\debug\dexBuilderDebug\out, C:\project\adjaba-player\app\build\intermediates\project_dex_archive\debug\dexBuilderDebug\out, C:\project\adjaba-player\app\build\intermediates\project_dex_archive\debug\dexBuilderDebug\out, C:\project\adjaba-player\app\build\intermediates\project_dex_archive\debug\dexBuilderDebug\out, C:\project\adjaba-player\app\build\intermediates\project_dex_archive\debug\dexBuilderDebug\out, C:\project\adjaba-player\app\build\intermediates\project_dex_archive\debug\dexBuilderDebug\out, C:\project\adjaba-player\app\build\intermediates\project_dex_archive\debug\dexBuilderDebug\out, C:\project\adjaba-player\app\build\intermediates\project_dex_archive\debug\dexBuilderDebug\out, C:\project\adjaba-player\app\build\intermediates\project_dex_archive\debug\dexBuilderDebug\out, C:\project\adjaba-player\app\build\intermediates\project_dex_archive\debug\dexBuilderDebug\out, C:\project\adjaba-player\app\build\intermediates\project_dex_archive\debug\dexBuilderDebug\out, C:\project\adjaba-player\app\build\intermediates\project_dex_archive\debug\dexBuilderDebug\out, C:\project\adjaba-player\app\build\intermediates\project_dex_archive\debug\dexBuilderDebug\out, C:\project\adjaba-player\app\build\intermediates\project_dex_archive\debug\dexBuilderDebug\out, C:\project\adjaba-player\app\build\intermediates\project_dex_archive\debug\dexBuilderDebug\out, and from all global synthetics files in 
Resolve mutations for :app:mergeReleaseGeneratedProguardFiles (Thread[#110,Execution worker Thread 11,5,main]) started.
:app:mergeReleaseGeneratedProguardFiles (Thread[#110,Execution worker Thread 11,5,main]) started.

> Task :app:mergeReleaseGeneratedProguardFiles
Caching disabled for task ':app:mergeReleaseGeneratedProguardFiles' because:
  Build cache is disabled
  Simple merging task
Task ':app:mergeReleaseGeneratedProguardFiles' is not up-to-date because:
  No history is available.
Resolve mutations for :app:processReleaseJavaRes (Thread[#110,Execution worker Thread 11,5,main]) started.
:app:processReleaseJavaRes (Thread[#110,Execution worker Thread 11,5,main]) started.

> Task :app:processReleaseJavaRes
file or directory 'C:\project\adjaba-player\app\src\main\resources', not found
file or directory 'C:\project\adjaba-player\app\src\release\resources', not found
file or directory 'C:\project\adjaba-player\app\src\main\resources', not found
file or directory 'C:\project\adjaba-player\app\src\release\resources', not found
Caching disabled for task ':app:processReleaseJavaRes' because:
  Build cache is disabled
  Caching has been disabled for the task
Task ':app:processReleaseJavaRes' is not up-to-date because:
  No history is available.
file or directory 'C:\project\adjaba-player\app\src\main\resources', not found
file or directory 'C:\project\adjaba-player\app\src\release\resources', not found
file or directory 'C:\project\adjaba-player\app\src\main\resources', not found
file or directory 'C:\project\adjaba-player\app\src\release\resources', not found
Resolve mutations for :app:mergeReleaseJavaResource (Thread[#110,Execution worker Thread 11,5,main]) started.
:app:mergeReleaseJavaResource (Thread[#102,Execution worker Thread 3,5,main]) started.
Resolve mutations for :app:bundleDebugClassesToCompileJar (Thread[#110,Execution worker Thread 11,5,main]) started.
:app:bundleDebugClassesToCompileJar (Thread[#110,Execution worker Thread 11,5,main]) started.
Resolve mutations for :app:generateDebugLintReportModel (Thread[#100,Execution worker,5,main]) started.
:app:generateDebugLintReportModel (Thread[#108,Execution worker Thread 9,5,main]) started.

> Task :app:mergeDebugJavaResource
file or directory 'C:\project\adjaba-player\app\libs', not found
file or directory 'C:\project\adjaba-player\app\libs', not found
Caching disabled for task ':app:mergeDebugJavaResource' because:
  Build cache is disabled
  Caching has been disabled for the task
Task ':app:mergeDebugJavaResource' is not up-to-date because:
  Output property 'cacheDir' file C:\project\adjaba-player\app\build\intermediates\incremental\debug-mergeJavaRes\zip-cache has been removed.
  Output property 'cacheDir' file C:\project\adjaba-player\app\build\intermediates\incremental\debug-mergeJavaRes\zip-cache\+0X+5VDAyI+5ppdp_nrTsjVmLtQ= has been removed.
  Output property 'cacheDir' file C:\project\adjaba-player\app\build\intermediates\incremental\debug-mergeJavaRes\zip-cache\0SlHnqoQyuqEwIuciwW7l8437QI= has been removed.
  and more...
The input changes require a full rebuild for incremental task ':app:mergeDebugJavaResource'.
file or directory 'C:\project\adjaba-player\app\libs', not found
file or directory 'C:\project\adjaba-player\app\libs', not found

> Task :app:bundleDebugClassesToCompileJar
Caching disabled for task ':app:bundleDebugClassesToCompileJar' because:
  Build cache is disabled
  Caching has been disabled for the task
Task ':app:bundleDebugClassesToCompileJar' is not up-to-date because:
  No history is available.

> Task :app:expandReleaseArtProfileWildcards
file or directory 'C:\project\adjaba-player\app\libs', not found
file or directory 'C:\project\adjaba-player\app\libs', not found
Caching disabled for task ':app:expandReleaseArtProfileWildcards' because:
  Build cache is disabled
Task ':app:expandReleaseArtProfileWildcards' is not up-to-date because:
  No history is available.

> Task :app:mergeReleaseJavaResource
file or directory 'C:\project\adjaba-player\app\libs', not found
file or directory 'C:\project\adjaba-player\app\libs', not found
Caching disabled for task ':app:mergeReleaseJavaResource' because:
  Build cache is disabled
  Caching has been disabled for the task
Task ':app:mergeReleaseJavaResource' is not up-to-date because:
  No history is available.
The input changes require a full rebuild for incremental task ':app:mergeReleaseJavaResource'.
file or directory 'C:\project\adjaba-player\app\libs', not found
file or directory 'C:\project\adjaba-player\app\libs', not found

work action resolve classes.jar (project :app) (Thread[#105,Execution worker Thread 6,5,main]) started.

> Task :app:generateDebugLintReportModel
file or directory 'C:\project\adjaba-player\app\libs', not found
file or directory 'C:\project\adjaba-player\app\libs', not found
file or directory 'C:\project\adjaba-player\app\libs', not found
file or directory 'C:\project\adjaba-player\app\libs', not found
file or directory 'C:\project\adjaba-player\app\libs', not found
file or directory 'C:\project\adjaba-player\app\libs', not found
file or directory 'C:\project\adjaba-player\app\libs', not found
file or directory 'C:\project\adjaba-player\app\libs', not found
file or directory 'C:\project\adjaba-player\app\libs', not found
file or directory 'C:\project\adjaba-player\app\libs', not found
file or directory 'C:\project\adjaba-player\app\libs', not found
file or directory 'C:\project\adjaba-player\app\libs', not found
file or directory 'C:\project\adjaba-player\app\libs', not found
file or directory 'C:\project\adjaba-player\app\libs', not found
file or directory 'C:\project\adjaba-player\app\libs', not found
file or directory 'C:\project\adjaba-player\app\libs', not found
file or directory 'C:\project\adjaba-player\app\libs', not found
file or directory 'C:\project\adjaba-player\app\libs', not found
Caching disabled for task ':app:generateDebugLintReportModel' because:
  Build cache is disabled
  Caching has been disabled for the task
Task ':app:generateDebugLintReportModel' is not up-to-date because:
  No history is available.
file or directory 'C:\project\adjaba-player\app\libs', not found
file or directory 'C:\project\adjaba-player\app\libs', not found
file or directory 'C:\project\adjaba-player\app\libs', not found
file or directory 'C:\project\adjaba-player\app\libs', not found
file or directory 'C:\project\adjaba-player\app\libs', not found
file or directory 'C:\project\adjaba-player\app\libs', not found
file or directory 'C:\project\adjaba-player\app\libs', not found
file or directory 'C:\project\adjaba-player\app\libs', not found
file or directory 'C:\project\adjaba-player\app\libs', not found
file or directory 'C:\project\adjaba-player\app\libs', not found
file or directory 'C:\project\adjaba-player\app\libs', not found
file or directory 'C:\project\adjaba-player\app\libs', not found
Resolve mutations for :app:generateDebugAndroidTestLintModel (Thread[#108,Execution worker Thread 9,5,main]) started.
:app:generateDebugAndroidTestLintModel (Thread[#108,Execution worker Thread 9,5,main]) started.

> Task :app:generateDebugAndroidTestLintModel
Registered task dependencies: app:debugAndroidTestCompileClasspath
Skipping misunderstood TO dep string: project :app
Skipping misunderstood TO dep string: org.jetbrains.kotlin:kotlin-stdlib
Skipping misunderstood TO dep string: org.jetbrains.kotlin:kotlin-stdlib
Starting dependency analysis
file or directory 'C:\project\adjaba-player\app\libs', not found
file or directory 'C:\project\adjaba-player\app\libs', not found
file or directory 'C:\project\adjaba-player\app\libs', not found
file or directory 'C:\project\adjaba-player\app\libs', not found
file or directory 'C:\project\adjaba-player\app\libs', not found
file or directory 'C:\project\adjaba-player\app\libs', not found
Caching disabled for AarTransform: C:\Users\User\.gradle\caches\8.12\transforms\bf215a5ff1b9b1d6488d13f3c9063cfc\transformed\runner-1.5.2 because:
  Build cache is disabled
  Caching not enabled.
Caching disabled for JetifyTransform: C:\Users\User\.gradle\caches\modules-2\files-2.1\junit\junit\4.13.2\8ac9e16d933b6fb43bc7f576336b8f4d7eb5ba12\junit-4.13.2.jar because:
  Build cache is disabled
Caching disabled for AarTransform: C:\Users\User\.gradle\caches\8.12\transforms\412a7543e8760346f31f3eb0eda4bbb1\transformed\espresso-core-3.5.1 because:
  Build cache is disabled
  Caching not enabled.
Caching disabled for AarTransform: C:\Users\User\.gradle\caches\8.12\transforms\5c2c1a6c12ebf8922d4c44c016cbe65d\transformed\jetified-core-1.5.0 because:
  Build cache is disabled
  Caching not enabled.
Caching disabled for AarTransform: C:\Users\User\.gradle\caches\8.12\transforms\93e165e871a0dc1a938851607ed0f23c\transformed\monitor-1.6.1 because:
  Build cache is disabled
  Caching not enabled.
Caching disabled for AarTransform: C:\Users\User\.gradle\caches\8.12\transforms\2dc483a4fbfb88b0dbda08a2751ea9c9\transformed\jetified-storage-1.4.2 because:
  Build cache is disabled
  Caching not enabled.
Caching disabled for AarTransform: C:\Users\User\.gradle\caches\8.12\transforms\e78cdc4809da6dd066249dab6d20d3f2\transformed\jetified-annotation-1.0.1 because:
  Build cache is disabled
  Caching not enabled.
Caching disabled for AarTransform: C:\Users\User\.gradle\caches\8.12\transforms\99f6a02bd7c9b98a80f8cff1b4d8de26\transformed\espresso-idling-resource-3.5.1 because:
  Build cache is disabled
  Caching not enabled.
Caching disabled for JetifyTransform: C:\Users\User\.gradle\caches\modules-2\files-2.1\com.squareup\javawriter\2.1.1\67ff45d9ae02e583d0f9b3432a5ebbe05c30c966\javawriter-2.1.1.jar because:
  Build cache is disabled
Caching disabled for JetifyTransform: C:\Users\User\.gradle\caches\modules-2\files-2.1\javax.inject\javax.inject\1\6975da39a7040257bd51d21a231b76c915872d38\javax.inject-1.jar because:
  Build cache is disabled
Caching disabled for JetifyTransform: C:\Users\User\.gradle\caches\modules-2\files-2.1\org.hamcrest\hamcrest-integration\1.3\5de0c73fef18917cd85d0ab70bb23818685e4dfd\hamcrest-integration-1.3.jar because:
  Build cache is disabled
Caching disabled for JetifyTransform: C:\Users\User\.gradle\caches\modules-2\files-2.1\org.hamcrest\hamcrest-library\1.3\4785a3c21320980282f9f33d0d1264a69040538f\hamcrest-library-1.3.jar because:
  Build cache is disabled
Caching disabled for JetifyTransform: C:\Users\User\.gradle\caches\modules-2\files-2.1\com.google.code.findbugs\jsr305\2.0.2\516c03b21d50a644d538de0f0369c620989cd8f0\jsr305-2.0.2.jar because:
  Build cache is disabled
Caching disabled for JetifyTransform: C:\Users\User\.gradle\caches\modules-2\files-2.1\org.hamcrest\hamcrest-core\1.3\42a25dc3219429f0e5d060061f71acb49bf010a0\hamcrest-core-1.3.jar because:
  Build cache is disabled
file or directory 'C:\project\adjaba-player\app\libs', not found
file or directory 'C:\project\adjaba-player\app\libs', not found
file or directory 'C:\project\adjaba-player\app\libs', not found
file or directory 'C:\project\adjaba-player\app\libs', not found
file or directory 'C:\project\adjaba-player\app\libs', not found
file or directory 'C:\project\adjaba-player\app\libs', not found
file or directory 'C:\project\adjaba-player\app\libs', not found
file or directory 'C:\project\adjaba-player\app\libs', not found
file or directory 'C:\project\adjaba-player\app\libs', not found
file or directory 'C:\project\adjaba-player\app\libs', not found
file or directory 'C:\project\adjaba-player\app\libs', not found
file or directory 'C:\project\adjaba-player\app\libs', not found
Caching disabled for task ':app:generateDebugAndroidTestLintModel' because:
  Build cache is disabled
  Caching has been disabled for the task
Task ':app:generateDebugAndroidTestLintModel' is not up-to-date because:
  No history is available.
file or directory 'C:\project\adjaba-player\app\libs', not found
file or directory 'C:\project\adjaba-player\app\libs', not found
file or directory 'C:\project\adjaba-player\app\libs', not found
file or directory 'C:\project\adjaba-player\app\libs', not found
file or directory 'C:\project\adjaba-player\app\libs', not found
file or directory 'C:\project\adjaba-player\app\libs', not found
file or directory 'C:\project\adjaba-player\app\libs', not found
file or directory 'C:\project\adjaba-player\app\libs', not found
file or directory 'C:\project\adjaba-player\app\libs', not found
file or directory 'C:\project\adjaba-player\app\libs', not found
file or directory 'C:\project\adjaba-player\app\libs', not found
file or directory 'C:\project\adjaba-player\app\libs', not found
file or directory 'C:\project\adjaba-player\app\libs', not found
file or directory 'C:\project\adjaba-player\app\libs', not found
Resolve mutations for :app:packageDebug (Thread[#108,Execution worker Thread 9,5,main]) started.
:app:packageDebug (Thread[#108,Execution worker Thread 9,5,main]) started.
Resolve mutations for :app:minifyReleaseWithR8 (Thread[#109,Execution worker Thread 10,5,main]) started.
:app:minifyReleaseWithR8 (Thread[#102,Execution worker Thread 3,5,main]) started.

> Task :app:packageDebug
Custom actions are attached to task ':app:packageDebug'.
Caching disabled for task ':app:packageDebug' because:
  Build cache is disabled
  Caching has been disabled for the task
Task ':app:packageDebug' is not up-to-date because:
  Output property 'ideModelOutputFile' file C:\project\adjaba-player\app\build\outputs\apk\debug\output-metadata.json has been removed.
  Output property 'incrementalFolder' file C:\project\adjaba-player\app\build\intermediates\incremental\packageDebug\tmp has been removed.
  Output property 'incrementalFolder' file C:\project\adjaba-player\app\build\intermediates\incremental\packageDebug\tmp\debug has been removed.
  and more...
The input changes require a full rebuild for incremental task ':app:packageDebug'.

Resolve mutations for :app:generateDebugUnitTestLintModel (Thread[#104,Execution worker Thread 5,5,main]) started.
:app:generateDebugUnitTestLintModel (Thread[#104,Execution worker Thread 5,5,main]) started.

> Task :app:minifyReleaseWithR8
file or directory 'C:\project\adjaba-player\app\libs', not found
file or directory 'C:\project\adjaba-player\app\libs', not found
file or directory 'C:\project\adjaba-player\app\libs', not found
Invalidating in-memory cache of C:\Users\User\.gradle\caches\journal-1\file-access.bin
Caching disabled for AarTransform: C:\Users\User\.gradle\caches\8.12\transforms\a4490dae970deda4d63a67d9903f18b5\transformed\constraintlayout-2.1.4 because:
  Build cache is disabled
  Caching not enabled.
Caching disabled for AarTransform: C:\Users\User\.gradle\caches\8.12\transforms\dbb75cb953cf1b41d4603fdeeec86978\transformed\jetified-appcompat-resources-1.7.0 because:
  Build cache is disabled
  Caching not enabled.
Caching disabled for AarTransform: C:\Users\User\.gradle\caches\8.12\transforms\e56c634b1bfb1e160611fcb1fee4f488\transformed\jetified-glide-4.14.2 because:
  Build cache is disabled
  Caching not enabled.
Caching disabled for AarTransform: C:\Users\User\.gradle\caches\8.12\transforms\95d58ef2b25af970c444232214399255\transformed\jetified-lottie-6.1.0 because:
  Build cache is disabled
  Caching not enabled.
Caching disabled for ExtractProGuardRulesTransform: C:\Users\User\.gradle\caches\8.12\transforms\4cf19f462c2b29b999db9896e1042b36\transformed\jetified-adapter-rxjava-2.9.0.jar because:
  Build cache is disabled
Caching disabled for AarTransform: C:\Users\User\.gradle\caches\8.12\transforms\bd019668c92787376bae899180f1dd4a\transformed\jetified-activity-1.11.0 because:
  Build cache is disabled
  Caching not enabled.
Caching disabled for AarTransform: C:\Users\User\.gradle\caches\8.12\transforms\81034a8e9325d6b1a1e54e612ca7931a\transformed\jetified-viewpager2-1.0.0 because:
  Build cache is disabled
  Caching not enabled.
Caching disabled for AarTransform: C:\Users\User\.gradle\caches\8.12\transforms\c5cb10ba5b7623a776292f3c5a16a320\transformed\fragment-1.5.4 because:
  Build cache is disabled
  Caching not enabled.
Caching disabled for AarTransform: C:\Users\User\.gradle\caches\8.12\transforms\cb206493feaac2c140c8fffc0a88f28b\transformed\material-1.13.0 because:
  Build cache is disabled
  Caching not enabled.
Caching disabled for AarTransform: C:\Users\User\.gradle\caches\8.12\transforms\3dd34b759d6c930f8bda0cce28428dce\transformed\appcompat-1.7.0 because:
  Build cache is disabled
  Caching not enabled.
Caching disabled for ExtractProGuardRulesTransform: C:\Users\User\.gradle\caches\8.12\transforms\03bc44232d0ab5bde926dfffed0a4e64\transformed\jetified-retrofit-2.9.0.jar because:
  Build cache is disabled
Caching disabled for ExtractProGuardRulesTransform: C:\Users\User\.gradle\caches\8.12\transforms\23cafa8d29974ffd3f2378c9baa46da5\transformed\jetified-logging-interceptor-5.0.0-alpha.3.jar because:
  Build cache is disabled
Caching disabled for ExtractProGuardRulesTransform: C:\Users\User\.gradle\caches\8.12\transforms\147813437545989fbe623b1bb4105441\transformed\jetified-okhttp-5.0.0-alpha.3.jar because:
  Build cache is disabled
Caching disabled for FilterShrinkerRulesTransform: C:\Users\User\.gradle\caches\8.12\transforms\bd019668c92787376bae899180f1dd4a\transformed\jetified-activity-1.11.0\proguard.txt because:
  Build cache is disabled
  Caching not enabled.
Caching disabled for FilterShrinkerRulesTransform: C:\Users\User\.gradle\caches\8.12\transforms\e56c634b1bfb1e160611fcb1fee4f488\transformed\jetified-glide-4.14.2\proguard.txt because:
  Build cache is disabled
  Caching not enabled.
Caching disabled for FilterShrinkerRulesTransform: C:\Users\User\.gradle\caches\8.12\transforms\3dd34b759d6c930f8bda0cce28428dce\transformed\appcompat-1.7.0\proguard.txt because:
  Build cache is disabled
  Caching not enabled.
Caching disabled for FilterShrinkerRulesTransform: C:\Users\User\.gradle\caches\8.12\transforms\c5cb10ba5b7623a776292f3c5a16a320\transformed\fragment-1.5.4\proguard.txt because:
  Build cache is disabled
  Caching not enabled.
Caching disabled for AarTransform: C:\Users\User\.gradle\caches\8.12\transforms\df7ab7ee5afed09d46884e54996f3bb4\transformed\work-runtime-2.9.0 because:
  Build cache is disabled
  Caching not enabled.
Caching disabled for FilterShrinkerRulesTransform: C:\Users\User\.gradle\caches\8.12\transforms\cb206493feaac2c140c8fffc0a88f28b\transformed\material-1.13.0\proguard.txt because:
  Build cache is disabled
  Caching not enabled.
Caching disabled for ExtractProGuardRulesTransform: C:\Users\User\.gradle\caches\modules-2\files-2.1\androidx.room\room-common\2.6.1\ff1b9580850a9b7eef56554e356628d225785265\room-common-2.6.1.jar because:
  Build cache is disabled
Caching disabled for AarTransform: C:\Users\User\.gradle\caches\8.12\transforms\117bac2a9c46391e0ddaf0fe308ba1fd\transformed\jetified-room-ktx-2.6.1 because:
  Build cache is disabled
  Caching not enabled.
Caching disabled for FilterShrinkerRulesTransform: C:\Users\User\.gradle\caches\8.12\transforms\df7ab7ee5afed09d46884e54996f3bb4\transformed\work-runtime-2.9.0\proguard.txt because:
  Build cache is disabled
  Caching not enabled.
Caching disabled for AarTransform: C:\Users\User\.gradle\caches\8.12\transforms\1ba7d729464c734e334963dd58e9168a\transformed\room-runtime-2.6.1 because:
  Build cache is disabled
  Caching not enabled.
Caching disabled for AarTransform: C:\Users\User\.gradle\caches\8.12\transforms\08e3c54c9b4dbd9efddfacfc7529dfe2\transformed\room-rxjava2-2.6.1 because:
  Build cache is disabled
  Caching not enabled.
Caching disabled for AarTransform: C:\Users\User\.gradle\caches\8.12\transforms\8b541b37d4b3b92857cab164f025faa2\transformed\coordinatorlayout-1.1.0 because:
  Build cache is disabled
  Caching not enabled.
Caching disabled for AarTransform: C:\Users\User\.gradle\caches\8.12\transforms\ad08228e62b6e1db047de731da555639\transformed\drawerlayout-1.1.1 because:
  Build cache is disabled
  Caching not enabled.
Caching disabled for AarTransform: C:\Users\User\.gradle\caches\8.12\transforms\24e0a5ca299b1e83aad4fd5d3626172e\transformed\transition-1.5.0 because:
  Build cache is disabled
  Caching not enabled.
Caching disabled for AarTransform: C:\Users\User\.gradle\caches\8.12\transforms\91e88d91a5c340c7035de75da06906bc\transformed\dynamicanimation-1.1.0 because:
  Build cache is disabled
  Caching not enabled.
Caching disabled for FilterShrinkerRulesTransform: C:\Users\User\.gradle\caches\8.12\transforms\dd489a56ba7c624cf1c218648de678e4\transformed\rules because:
  Build cache is disabled
  Caching not enabled.
Caching disabled for AarTransform: C:\Users\User\.gradle\caches\8.12\transforms\cfa99eb3ae6a8253dd2367bf8811990c\transformed\vectordrawable-animated-1.1.0 because:
  Build cache is disabled
  Caching not enabled.
Caching disabled for AarTransform: C:\Users\User\.gradle\caches\8.12\transforms\579aee70126213229352319de11aeefa\transformed\vectordrawable-1.1.0 because:
  Build cache is disabled
  Caching not enabled.
Caching disabled for AarTransform: C:\Users\User\.gradle\caches\8.12\transforms\128bc39ac0d6aaa96d9056b5d02c471f\transformed\jetified-exoplayer-2.19.1 because:
  Build cache is disabled
  Caching not enabled.
Caching disabled for AarTransform: C:\Users\User\.gradle\caches\8.12\transforms\ed23429ad2f785ee2220ca70b2153f36\transformed\jetified-exoplayer-dash-2.19.1 because:
  Build cache is disabled
  Caching not enabled.
Caching disabled for FilterShrinkerRulesTransform: C:\Users\User\.gradle\caches\8.12\transforms\1ba7d729464c734e334963dd58e9168a\transformed\room-runtime-2.6.1\proguard.txt because:
  Build cache is disabled
  Caching not enabled.
Caching disabled for FilterShrinkerRulesTransform: C:\Users\User\.gradle\caches\8.12\transforms\437e09faddddb5bdeee580d415621b58\transformed\rules because:
  Build cache is disabled
  Caching not enabled.
Caching disabled for FilterShrinkerRulesTransform: C:\Users\User\.gradle\caches\8.12\transforms\24e0a5ca299b1e83aad4fd5d3626172e\transformed\transition-1.5.0\proguard.txt because:
  Build cache is disabled
  Caching not enabled.
Caching disabled for FilterShrinkerRulesTransform: C:\Users\User\.gradle\caches\8.12\transforms\8b541b37d4b3b92857cab164f025faa2\transformed\coordinatorlayout-1.1.0\proguard.txt because:
  Build cache is disabled
  Caching not enabled.
Caching disabled for AarTransform: C:\Users\User\.gradle\caches\8.12\transforms\40b755edd4f0798a2110ee3c8ae2e724\transformed\jetified-exoplayer-hls-2.19.1 because:
  Build cache is disabled
  Caching not enabled.
Caching disabled for AarTransform: C:\Users\User\.gradle\caches\8.12\transforms\aa21cdbbca7098464b3fdd90adff8ed2\transformed\jetified-exoplayer-rtsp-2.19.1 because:
  Build cache is disabled
  Caching not enabled.
Caching disabled for AarTransform: C:\Users\User\.gradle\caches\8.12\transforms\2251569f0ae9d5ff505d82284f61fd2e\transformed\jetified-exoplayer-smoothstreaming-2.19.1 because:
  Build cache is disabled
  Caching not enabled.
Caching disabled for FilterShrinkerRulesTransform: C:\Users\User\.gradle\caches\8.12\transforms\cfa99eb3ae6a8253dd2367bf8811990c\transformed\vectordrawable-animated-1.1.0\proguard.txt because:
  Build cache is disabled
  Caching not enabled.
Caching disabled for AarTransform: C:\Users\User\.gradle\caches\8.12\transforms\527eccf1184b4cf6bec86aa0db84b6b7\transformed\jetified-exoplayer-core-2.19.1 because:
  Build cache is disabled
  Caching not enabled.
Caching disabled for AarTransform: C:\Users\User\.gradle\caches\8.12\transforms\0a2241a8dd65291b4cd1859140971b29\transformed\recyclerview-1.3.0 because:
  Build cache is disabled
  Caching not enabled.
Caching disabled for AarTransform: C:\Users\User\.gradle\caches\8.12\transforms\9f6e5c6908e169c19c169c53c851ae8e\transformed\jetified-exoplayer-ui-2.19.1 because:
  Build cache is disabled
  Caching not enabled.
Caching disabled for AarTransform: C:\Users\User\.gradle\caches\8.12\transforms\496e057e6388ee9fede0ddc4b09f5914\transformed\viewpager-1.0.0 because:
  Build cache is disabled
  Caching not enabled.
Caching disabled for AarTransform: C:\Users\User\.gradle\caches\8.12\transforms\f0e5b38d68b550af9ae04bbb5ee20114\transformed\jetified-emoji2-views-helper-1.3.0 because:
  Build cache is disabled
  Caching not enabled.
Caching disabled for AarTransform: C:\Users\User\.gradle\caches\8.12\transforms\7a76f02512873108c7e6bc2e2a8f7c6d\transformed\media-1.6.0 because:
  Build cache is disabled
  Caching not enabled.
Caching disabled for AarTransform: C:\Users\User\.gradle\caches\8.12\transforms\fe7c62ec3d8ec7079c9d7e91d509df82\transformed\jetified-emoji2-1.3.0 because:
  Build cache is disabled
  Caching not enabled.
Caching disabled for AarTransform: C:\Users\User\.gradle\caches\8.12\transforms\7ce07d4473d86f8eae3e2ec66250f587\transformed\customview-1.1.0 because:
  Build cache is disabled
  Caching not enabled.
Caching disabled for FilterShrinkerRulesTransform: C:\Users\User\.gradle\caches\8.12\transforms\527eccf1184b4cf6bec86aa0db84b6b7\transformed\jetified-exoplayer-core-2.19.1\proguard.txt because:
  Build cache is disabled
  Caching not enabled.
Caching disabled for FilterShrinkerRulesTransform: C:\Users\User\.gradle\caches\8.12\transforms\9f6e5c6908e169c19c169c53c851ae8e\transformed\jetified-exoplayer-ui-2.19.1\proguard.txt because:
  Build cache is disabled
  Caching not enabled.
Caching disabled for AarTransform: C:\Users\User\.gradle\caches\8.12\transforms\dc3a102d504473eb49122c6c8ddfeb71\transformed\loader-1.0.0 because:
  Build cache is disabled
  Caching not enabled.
Caching disabled for FilterShrinkerRulesTransform: C:\Users\User\.gradle\caches\8.12\transforms\0a2241a8dd65291b4cd1859140971b29\transformed\recyclerview-1.3.0\proguard.txt because:
  Build cache is disabled
  Caching not enabled.
Caching disabled for AarTransform: C:\Users\User\.gradle\caches\8.12\transforms\3ea534d227db1d2a0b15db88ad6d2b99\transformed\core-1.13.0 because:
  Build cache is disabled
  Caching not enabled.
Caching disabled for FilterShrinkerRulesTransform: C:\Users\User\.gradle\caches\8.12\transforms\7a76f02512873108c7e6bc2e2a8f7c6d\transformed\media-1.6.0\proguard.txt because:
  Build cache is disabled
  Caching not enabled.
Caching disabled for AarTransform: C:\Users\User\.gradle\caches\8.12\transforms\35c2fa2c16fcfefbd34f6fa67f7965ec\transformed\jetified-customview-poolingcontainer-1.0.0 because:
  Build cache is disabled
  Caching not enabled.
Caching disabled for FilterShrinkerRulesTransform: C:\Users\User\.gradle\caches\8.12\transforms\3ea534d227db1d2a0b15db88ad6d2b99\transformed\core-1.13.0\proguard.txt because:
  Build cache is disabled
  Caching not enabled.
Caching disabled for AarTransform: C:\Users\User\.gradle\caches\8.12\transforms\1139f689b7c4d7f0ff205f3eea4aa3fa\transformed\jetified-graphics-shapes-release because:
  Build cache is disabled
  Caching not enabled.
Caching disabled for AarTransform: C:\Users\User\.gradle\caches\8.12\transforms\c0f47557c937dc0de1cb3fd26fd8a63e\transformed\jetified-savedstate-1.2.1 because:
  Build cache is disabled
  Caching not enabled.
Caching disabled for AarTransform: C:\Users\User\.gradle\caches\8.12\transforms\4219ea900ceea63f2339b727d3081661\transformed\lifecycle-viewmodel-2.6.2 because:
  Build cache is disabled
  Caching not enabled.
Caching disabled for AarTransform: C:\Users\User\.gradle\caches\8.12\transforms\abfe477a1291cf3ec24fe7018d970121\transformed\jetified-lifecycle-process-2.6.2 because:
  Build cache is disabled
  Caching not enabled.
Caching disabled for AarTransform: C:\Users\User\.gradle\caches\8.12\transforms\567d6fb2d9583a8b11a12ed10e5a46ba\transformed\jetified-lifecycle-service-2.6.2 because:
  Build cache is disabled
  Caching not enabled.
Caching disabled for AarTransform: C:\Users\User\.gradle\caches\8.12\transforms\1fee23112d66157c17606c0c191832e4\transformed\lifecycle-livedata-2.6.2 because:
  Build cache is disabled
  Caching not enabled.
Caching disabled for AarTransform: C:\Users\User\.gradle\caches\8.12\transforms\9751041c56b8eb1f34c09953628b1905\transformed\lifecycle-livedata-core-2.6.2 because:
  Build cache is disabled
  Caching not enabled.
Caching disabled for ExtractProGuardRulesTransform: C:\Users\User\.gradle\caches\modules-2\files-2.1\androidx.lifecycle\lifecycle-common\2.6.2\10f354fdb64868baecd67128560c5a0d6312c495\lifecycle-common-2.6.2.jar because:
  Build cache is disabled
Caching disabled for AarTransform: C:\Users\User\.gradle\caches\8.12\transforms\a4dcffeb92ed6d9305a41e99e9ba5b12\transformed\lifecycle-runtime-2.6.2 because:
  Build cache is disabled
  Caching not enabled.
Caching disabled for AarTransform: C:\Users\User\.gradle\caches\8.12\transforms\3ec77582b2585f5372fcf13eb54bb34e\transformed\jetified-lifecycle-viewmodel-savedstate-2.6.2 because:
  Build cache is disabled
  Caching not enabled.
Caching disabled for FilterShrinkerRulesTransform: C:\Users\User\.gradle\caches\8.12\transforms\c0f47557c937dc0de1cb3fd26fd8a63e\transformed\jetified-savedstate-1.2.1\proguard.txt because:
  Build cache is disabled
  Caching not enabled.
Caching disabled for AarTransform: C:\Users\User\.gradle\caches\8.12\transforms\a046a1b7f313f2b59644041d541ed40e\transformed\jetified-core-viewtree-1.0.0 because:
  Build cache is disabled
  Caching not enabled.
Caching disabled for AarTransform: C:\Users\User\.gradle\caches\8.12\transforms\4fd70ec199840e9214f918440de0c99d\transformed\jetified-core-ktx-1.13.0 because:
  Build cache is disabled
  Caching not enabled.
Caching disabled for FilterShrinkerRulesTransform: C:\Users\User\.gradle\caches\8.12\transforms\abfe477a1291cf3ec24fe7018d970121\transformed\jetified-lifecycle-process-2.6.2\proguard.txt because:
  Build cache is disabled
  Caching not enabled.
Caching disabled for AarTransform: C:\Users\User\.gradle\caches\8.12\transforms\6e3f473a397d7976c775841c2e7f2fb3\transformed\sqlite-framework-2.4.0 because:
  Build cache is disabled
  Caching not enabled.
Caching disabled for AarTransform: C:\Users\User\.gradle\caches\8.12\transforms\fca95a9cf62b336213bb0c28af31329c\transformed\sqlite-2.4.0 because:
  Build cache is disabled
  Caching not enabled.
Caching disabled for FilterShrinkerRulesTransform: C:\Users\User\.gradle\caches\8.12\transforms\a4dcffeb92ed6d9305a41e99e9ba5b12\transformed\lifecycle-runtime-2.6.2\proguard.txt because:
  Build cache is disabled
  Caching not enabled.
Caching disabled for ExtractProGuardRulesTransform: C:\Users\User\.gradle\caches\8.12\transforms\61e811c6b940367c817d869e562e3d7d\transformed\jetified-kotlinx-coroutines-android-1.7.3.jar because:
  Build cache is disabled
Caching disabled for FilterShrinkerRulesTransform: C:\Users\User\.gradle\caches\8.12\transforms\4219ea900ceea63f2339b727d3081661\transformed\lifecycle-viewmodel-2.6.2\proguard.txt because:
  Build cache is disabled
  Caching not enabled.
Caching disabled for FilterShrinkerRulesTransform: C:\Users\User\.gradle\caches\8.12\transforms\3ec77582b2585f5372fcf13eb54bb34e\transformed\jetified-lifecycle-viewmodel-savedstate-2.6.2\proguard.txt because:
  Build cache is disabled
  Caching not enabled.
Caching disabled for ExtractProGuardRulesTransform: C:\Users\User\.gradle\caches\8.12\transforms\ab447353902d1da8eb19c3a3ce1fe594\transformed\jetified-kotlinx-coroutines-core-jvm-1.7.3.jar because:
  Build cache is disabled
Caching disabled for ExtractProGuardRulesTransform: C:\Users\User\.gradle\caches\8.12\transforms\6e353f7387cea89779002098e93fc8de\transformed\jetified-okio-jvm-3.0.0.jar because:
  Build cache is disabled
Caching disabled for ExtractProGuardRulesTransform: C:\Users\User\.gradle\caches\8.12\transforms\8fa78d0cd4e68ba0916a04ba50e99150\transformed\jetified-kotlin-stdlib-jdk8-1.8.22.jar because:
  Build cache is disabled
Caching disabled for AarTransform: C:\Users\User\.gradle\caches\8.12\transforms\0da1c3e09f1716805f56f8670e21481c\transformed\jetified-shimmer-0.5.0 because:
  Build cache is disabled
  Caching not enabled.
Caching disabled for AarTransform: C:\Users\User\.gradle\caches\8.12\transforms\ff83c14a097a22fb97662d70038065c9\transformed\jetified-security-crypto-1.1.0-alpha06 because:
  Build cache is disabled
  Caching not enabled.
Caching disabled for ExtractProGuardRulesTransform: C:\Users\User\.gradle\caches\8.12\transforms\3fb8c149dafee9541081f9f5568e24ba\transformed\jetified-resourceinspection-annotation-1.0.1.jar because:
  Build cache is disabled
Caching disabled for AarTransform: C:\Users\User\.gradle\caches\8.12\transforms\a743a6ee1812078e80d3c8f115f9e74c\transformed\cardview-1.0.0 because:
  Build cache is disabled
  Caching not enabled.
Caching disabled for AarTransform: C:\Users\User\.gradle\caches\8.12\transforms\b77004cf184d06413c9ebd47cc88830e\transformed\jetified-startup-runtime-1.1.1 because:
  Build cache is disabled
  Caching not enabled.
Caching disabled for AarTransform: C:\Users\User\.gradle\caches\8.12\transforms\e50e2d534626f99caaa4880cd65a447d\transformed\jetified-profileinstaller-1.4.0 because:
  Build cache is disabled
  Caching not enabled.
Caching disabled for AarTransform: C:\Users\User\.gradle\caches\8.12\transforms\7a66c845657a296d10aebfc93f888639\transformed\jetified-tracing-1.0.0 because:
  Build cache is disabled
  Caching not enabled.
Caching disabled for AarTransform: C:\Users\User\.gradle\caches\8.12\transforms\d2bb9f3c2a50c2739907e49162135436\transformed\core-runtime-2.2.0 because:
  Build cache is disabled
  Caching not enabled.
Caching disabled for AarTransform: C:\Users\User\.gradle\caches\8.12\transforms\45878c82bf5fbe82f905ea785da5c18b\transformed\jetified-exoplayer-datasource-2.19.1 because:
  Build cache is disabled
  Caching not enabled.
Caching disabled for AarTransform: C:\Users\User\.gradle\caches\8.12\transforms\59f4de68596687ba6340e3d3ea23c03e\transformed\jetified-exoplayer-database-2.19.1 because:
  Build cache is disabled
  Caching not enabled.
Caching disabled for AarTransform: C:\Users\User\.gradle\caches\8.12\transforms\8038bc4835a6d9e3eef519f148e26b05\transformed\jetified-exoplayer-extractor-2.19.1 because:
  Build cache is disabled
  Caching not enabled.
Caching disabled for AarTransform: C:\Users\User\.gradle\caches\8.12\transforms\dde090a1576390f64d7b842c4dfdd5a6\transformed\jetified-exoplayer-decoder-2.19.1 because:
  Build cache is disabled
  Caching not enabled.
Caching disabled for AarTransform: C:\Users\User\.gradle\caches\8.12\transforms\e420ee8aa176e56526d9923a592a87d0\transformed\jetified-exoplayer-container-2.19.1 because:
  Build cache is disabled
  Caching not enabled.
Caching disabled for FilterShrinkerRulesTransform: C:\Users\User\.gradle\caches\8.12\transforms\b77004cf184d06413c9ebd47cc88830e\transformed\jetified-startup-runtime-1.1.1\proguard.txt because:
  Build cache is disabled
  Caching not enabled.
Caching disabled for AarTransform: C:\Users\User\.gradle\caches\8.12\transforms\6b17a4695f26b5f7ab73d0b46411eb38\transformed\jetified-exoplayer-common-2.19.1 because:
  Build cache is disabled
  Caching not enabled.
Caching disabled for AarTransform: C:\Users\User\.gradle\caches\8.12\transforms\e31f0adee0898e8828e929254d0bdda7\transformed\jetified-gifdecoder-4.14.2 because:
  Build cache is disabled
  Caching not enabled.
Caching disabled for FilterShrinkerRulesTransform: C:\Users\User\.gradle\caches\8.12\transforms\be5322814748146a5213c3f3ef9b6853\transformed\rules because:
  Build cache is disabled
  Caching not enabled.
Caching disabled for FilterShrinkerRulesTransform: C:\Users\User\.gradle\caches\8.12\transforms\d2fd988f89ca3871f47a9658d3590812\transformed\rules because:
  Build cache is disabled
  Caching not enabled.
Caching disabled for FilterShrinkerRulesTransform: C:\Users\User\.gradle\caches\8.12\transforms\45878c82bf5fbe82f905ea785da5c18b\transformed\jetified-exoplayer-datasource-2.19.1\proguard.txt because:
  Build cache is disabled
  Caching not enabled.
Caching disabled for AarTransform: C:\Users\User\.gradle\caches\8.12\transforms\f6665ae9bb22a2a3dadf4f2730e9876e\transformed\exifinterface-1.3.3 because:
  Build cache is disabled
  Caching not enabled.
Caching disabled for FilterShrinkerRulesTransform: C:\Users\User\.gradle\caches\8.12\transforms\87535c60e8198125df4d4589ceaf8eb9\transformed\rules because:
  Build cache is disabled
  Caching not enabled.
Caching disabled for ExtractProGuardRulesTransform: C:\Users\User\.gradle\caches\modules-2\files-2.1\androidx.arch.core\core-common\2.2.0\5e1b8b81dfd5f52c56a8d53b18ca759c19a301f3\core-common-2.2.0.jar because:
  Build cache is disabled
Caching disabled for AarTransform: C:\Users\User\.gradle\caches\8.12\transforms\8fd1440347084a0ed9e9d35896cd3091\transformed\cursoradapter-1.0.0 because:
  Build cache is disabled
  Caching not enabled.
Caching disabled for FilterShrinkerRulesTransform: C:\Users\User\.gradle\caches\8.12\transforms\8038bc4835a6d9e3eef519f148e26b05\transformed\jetified-exoplayer-extractor-2.19.1\proguard.txt because:
  Build cache is disabled
  Caching not enabled.
Caching disabled for ExtractProGuardRulesTransform: C:\Users\User\.gradle\caches\8.12\transforms\603f8a3f0a32b00eec834cdae5022f0c\transformed\jetified-concurrent-futures-1.1.0.jar because:
  Build cache is disabled
Caching disabled for AarTransform: C:\Users\User\.gradle\caches\8.12\transforms\2e20a0846923b700ad91504e9019cef0\transformed\interpolator-1.0.0 because:
  Build cache is disabled
  Caching not enabled.
Caching disabled for FilterShrinkerRulesTransform: C:\Users\User\.gradle\caches\8.12\transforms\6b17a4695f26b5f7ab73d0b46411eb38\transformed\jetified-exoplayer-common-2.19.1\proguard.txt because:
  Build cache is disabled
  Caching not enabled.
Caching disabled for AarTransform: C:\Users\User\.gradle\caches\8.12\transforms\4bd1c4c51d0ee52a0f897a468295301a\transformed\versionedparcelable-1.1.1 because:
  Build cache is disabled
  Caching not enabled.
Caching disabled for ExtractProGuardRulesTransform: C:\Users\User\.gradle\caches\8.12\transforms\ddff4cdffef494790be9569877da86b2\transformed\jetified-collection-jvm-1.4.2.jar because:
  Build cache is disabled
Caching disabled for ExtractProGuardRulesTransform: C:\Users\User\.gradle\caches\8.12\transforms\1c605917bce83674975ad129d2ea793c\transformed\jetified-annotation-jvm-1.8.1.jar because:
  Build cache is disabled
Caching disabled for AarTransform: C:\Users\User\.gradle\caches\8.12\transforms\bc0325d02708ca56dd1f5e2b66ebd9d1\transformed\jetified-annotation-experimental-1.4.1 because:
  Build cache is disabled
  Caching not enabled.
Caching disabled for ExtractProGuardRulesTransform: C:\Users\User\.gradle\caches\8.12\transforms\5aef8967dc4d1d89cfec60dd006a3167\transformed\jetified-kotlin-stdlib-jdk7-1.8.22.jar because:
  Build cache is disabled
Caching disabled for ExtractProGuardRulesTransform: C:\Users\User\.gradle\caches\8.12\transforms\f83f6dfc2523f787dbd25bd9a6dd5709\transformed\jetified-kotlin-stdlib-2.0.21.jar because:
  Build cache is disabled
Caching disabled for AarTransform: C:\Users\User\.gradle\caches\8.12\transforms\0076d1e736f0af59f8251731ac48e0e4\transformed\multidex-2.0.1 because:
  Build cache is disabled
  Caching not enabled.
Caching disabled for ExtractProGuardRulesTransform: C:\Users\User\.gradle\caches\8.12\transforms\6da07c27efd610d79199446e2c7cf064\transformed\jetified-tink-android-1.8.0.jar because:
  Build cache is disabled
Caching disabled for ExtractProGuardRulesTransform: C:\Users\User\.gradle\caches\8.12\transforms\aa6672bdc6f4b0d1d697e64a9b0c9df5\transformed\jetified-gson-2.10.jar because:
  Build cache is disabled
Caching disabled for ExtractProGuardRulesTransform: C:\Users\User\.gradle\caches\8.12\transforms\963e74fd910be0ceb91e1206510785cb\transformed\jetified-rxjava-2.2.21.jar because:
  Build cache is disabled
Caching disabled for FilterShrinkerRulesTransform: C:\Users\User\.gradle\caches\8.12\transforms\4bd1c4c51d0ee52a0f897a468295301a\transformed\versionedparcelable-1.1.1\proguard.txt because:
  Build cache is disabled
  Caching not enabled.
Caching disabled for AarTransform: C:\Users\User\.gradle\caches\8.12\transforms\e592d658e9478327ab2ef113dfc42473\transformed\jetified-rxandroid-2.1.1 because:
  Build cache is disabled
  Caching not enabled.
Caching disabled for AarTransform: C:\Users\User\.gradle\caches\8.12\transforms\5ab3e8337cbfdfb90131dda87a93f7da\transformed\jetified-QRGenerator-1.0.1 because:
  Build cache is disabled
  Caching not enabled.
Caching disabled for ExtractProGuardRulesTransform: C:\Users\User\.gradle\caches\8.12\transforms\086f0c9be28d9ea5cca60d54791eb85b\transformed\jetified-core-3.5.1.jar because:
  Build cache is disabled
Caching disabled for ExtractProGuardRulesTransform: C:\Users\User\.gradle\caches\8.12\transforms\bb9592d8309cf5d222e8a55e5c285a03\transformed\jetified-annotations-23.0.0.jar because:
  Build cache is disabled
Caching disabled for ExtractProGuardRulesTransform: C:\Users\User\.gradle\caches\8.12\transforms\773ee3d91fa6a91d061f3976ef117d58\transformed\jetified-error_prone_annotations-2.15.0.jar because:
  Build cache is disabled
Caching disabled for ExtractProGuardRulesTransform: C:\Users\User\.gradle\caches\8.12\transforms\0b874309fee5e811aa3cf1d047092b71\transformed\jetified-constraintlayout-core-1.0.4.jar because:
  Build cache is disabled
Caching disabled for FilterShrinkerRulesTransform: C:\Users\User\.gradle\caches\8.12\transforms\f385187f1226c05ca35324f5bf943367\transformed\rules because:
  Build cache is disabled
  Caching not enabled.
Caching disabled for ExtractProGuardRulesTransform: C:\Users\User\.gradle\caches\8.12\transforms\1271a7221a332b10676edcbc7f18ad7c\transformed\jetified-rxjava-1.3.8.jar because:
  Build cache is disabled
Caching disabled for ExtractProGuardRulesTransform: C:\Users\User\.gradle\caches\8.12\transforms\f55e1095a7f761cccca3c17739f61715\transformed\jetified-reactive-streams-1.0.3.jar because:
  Build cache is disabled
Caching disabled for ExtractProGuardRulesTransform: C:\Users\User\.gradle\caches\8.12\transforms\feef719a4216f4f6547665a31817ec6f\transformed\jetified-disklrucache-4.14.2.jar because:
  Build cache is disabled
Caching disabled for ExtractProGuardRulesTransform: C:\Users\User\.gradle\caches\8.12\transforms\4d59135f8a79e51f95aedb68aef6a606\transformed\jetified-annotations-4.14.2.jar because:
  Build cache is disabled
Caching disabled for ExtractProGuardRulesTransform: C:\Users\User\.gradle\caches\8.12\transforms\9f8fabb5eca1b1a2135d920286d79e90\transformed\jetified-guava-31.1-android.jar because:
  Build cache is disabled
Caching disabled for ExtractProGuardRulesTransform: C:\Users\User\.gradle\caches\8.12\transforms\9a75ea4783ad52ca9c3fd87b70f18bdb\transformed\jetified-listenablefuture-9999.0-empty-to-avoid-conflict-with-guava.jar because:
  Build cache is disabled
Caching disabled for ExtractProGuardRulesTransform: C:\Users\User\.gradle\caches\8.12\transforms\7e1df218e501af553440c4042ddecf4b\transformed\jetified-jspecify-1.0.0.jar because:
  Build cache is disabled
Caching disabled for FilterShrinkerRulesTransform: C:\Users\User\.gradle\caches\8.12\transforms\ffa31c6ec412b1ace7439b42470a1e23\transformed\rules because:
  Build cache is disabled
  Caching not enabled.
Caching disabled for ExtractProGuardRulesTransform: C:\Users\User\.gradle\caches\8.12\transforms\cb7d4834f8bc46e584ad51057fa97793\transformed\jetified-failureaccess-1.0.1.jar because:
  Build cache is disabled
Caching disabled for ExtractProGuardRulesTransform: C:\Users\User\.gradle\caches\8.12\transforms\fa7158eae53a8a69a7e6a48f1c7d23fe\transformed\jetified-converter-gson-2.9.0.jar because:
  Build cache is disabled
Caching disabled for FilterShrinkerRulesTransform: C:\Users\User\.gradle\caches\8.12\transforms\b98d442d3efb59bead5aab17d08eae34\transformed\rules because:
  Build cache is disabled
  Caching not enabled.
file or directory 'C:\project\adjaba-player\app\libs', not found
file or directory 'C:\project\adjaba-player\app\libs', not found
file or directory 'C:\project\adjaba-player\app\libs', not found
Caching disabled for task ':app:minifyReleaseWithR8' because:
  Build cache is disabled
Task ':app:minifyReleaseWithR8' is not up-to-date because:
  No history is available.
R8 is a new Android code shrinker. If you experience any issues, please file a bug at
https://issuetracker.google.com, using 'Shrinker (R8)' as component name.
Current version is: 8.10.24.

file or directory 'C:\project\adjaba-player\app\libs', not found
file or directory 'C:\project\adjaba-player\app\build\intermediates\generated_proguard_file\release\mergeReleaseGeneratedProguardFiles\proguard.txt', not found

> Task :app:generateDebugUnitTestLintModel
Registered task dependencies: app:debugUnitTestCompileClasspath
Skipping misunderstood TO dep string: project :app
Skipping misunderstood TO dep string: org.jetbrains.kotlin:kotlin-stdlib
Skipping misunderstood TO dep string: org.jetbrains.kotlin:kotlin-stdlib
Starting dependency analysis
file or directory 'C:\project\adjaba-player\app\libs', not found
file or directory 'C:\project\adjaba-player\app\libs', not found
Invalidating in-memory cache of C:\Users\User\.gradle\caches\8.12\fileHashes\fileHashes.bin
Invalidating in-memory cache of C:\Users\User\.gradle\caches\8.12\fileHashes\resourceHashesCache.bin
file or directory 'C:\project\adjaba-player\app\libs', not found
file or directory 'C:\project\adjaba-player\app\libs', not found
file or directory 'C:\project\adjaba-player\app\libs', not found
file or directory 'C:\project\adjaba-player\app\libs', not found
file or directory 'C:\project\adjaba-player\app\libs', not found
file or directory 'C:\project\adjaba-player\app\libs', not found
file or directory 'C:\project\adjaba-player\app\libs', not found
file or directory 'C:\project\adjaba-player\app\libs', not found
file or directory 'C:\project\adjaba-player\app\libs', not found
file or directory 'C:\project\adjaba-player\app\libs', not found
file or directory 'C:\project\adjaba-player\app\libs', not found
file or directory 'C:\project\adjaba-player\app\libs', not found
file or directory 'C:\project\adjaba-player\app\libs', not found
file or directory 'C:\project\adjaba-player\app\libs', not found
file or directory 'C:\project\adjaba-player\app\libs', not found
file or directory 'C:\project\adjaba-player\app\libs', not found
file or directory 'C:\project\adjaba-player\app\libs', not found
file or directory 'C:\project\adjaba-player\app\libs', not found
file or directory 'C:\project\adjaba-player\app\libs', not found
file or directory 'C:\project\adjaba-player\app\libs', not found
file or directory 'C:\project\adjaba-player\app\libs', not found
file or directory 'C:\project\adjaba-player\app\libs', not found
file or directory 'C:\project\adjaba-player\app\libs', not found
file or directory 'C:\project\adjaba-player\app\libs', not found
file or directory 'C:\project\adjaba-player\app\libs', not found
file or directory 'C:\project\adjaba-player\app\libs', not found
file or directory 'C:\project\adjaba-player\app\libs', not found
file or directory 'C:\project\adjaba-player\app\libs', not found
file or directory 'C:\project\adjaba-player\app\libs', not found
Caching disabled for task ':app:generateDebugUnitTestLintModel' because:
  Build cache is disabled
  Caching has been disabled for the task
Task ':app:generateDebugUnitTestLintModel' is not up-to-date because:
  No history is available.
file or directory 'C:\project\adjaba-player\app\libs', not found
file or directory 'C:\project\adjaba-player\app\libs', not found
file or directory 'C:\project\adjaba-player\app\libs', not found
file or directory 'C:\project\adjaba-player\app\libs', not found
file or directory 'C:\project\adjaba-player\app\libs', not found
file or directory 'C:\project\adjaba-player\app\libs', not found
file or directory 'C:\project\adjaba-player\app\libs', not found
file or directory 'C:\project\adjaba-player\app\libs', not found
file or directory 'C:\project\adjaba-player\app\libs', not found
file or directory 'C:\project\adjaba-player\app\libs', not found
file or directory 'C:\project\adjaba-player\app\libs', not found
file or directory 'C:\project\adjaba-player\app\libs', not found
file or directory 'C:\project\adjaba-player\app\libs', not found
file or directory 'C:\project\adjaba-player\app\libs', not found
file or directory 'C:\project\adjaba-player\app\libs', not found
file or directory 'C:\project\adjaba-player\app\libs', not found
file or directory 'C:\project\adjaba-player\app\libs', not found
file or directory 'C:\project\adjaba-player\app\libs', not found
file or directory 'C:\project\adjaba-player\app\libs', not found
file or directory 'C:\project\adjaba-player\app\libs', not found
file or directory 'C:\project\adjaba-player\app\libs', not found
Resolve mutations for :app:lintAnalyzeDebug (Thread[#104,Execution worker Thread 5,5,main]) started.
:app:lintAnalyzeDebug (Thread[#104,Execution worker Thread 5,5,main]) started.

> Task :app:lintAnalyzeDebug
file or directory 'C:\project\adjaba-player\app\libs', not found
file or directory 'C:\project\adjaba-player\app\libs', not found
Downloading https://dl.google.com/dl/android/maven2/com/android/tools/lint/lint-gradle/31.10.1/lint-gradle-31.10.1.pom to C:\Users\User\.gradle\.tmp\gradle_download249038141158662526bin

> Task :app:minifyReleaseWithR8 FAILED
ERROR: C:\project\adjaba-player\app\build\intermediates\aapt_proguard_file\release\processReleaseResources\aapt_rules.txt: R8: Failed to read 
file: C:\project\adjaba-player\app\build\intermediates\aapt_proguard_file\release\processReleaseResources\aapt_rules.txt
ERROR: C:\project\adjaba-player\app\build\intermediates\default_proguard_files\global\proguard-android.txt-8.10.1: R8: Failed to read file: 
C:\project\adjaba-player\app\build\intermediates\default_proguard_files\global\proguard-android.txt-8.10.1

> Task :app:lintAnalyzeDebug
Downloading https://dl.google.com/dl/android/maven2/com/android/tools/external/com-intellij/intellij-core/31.10.1/intellij-core-31.10.1.pom to C:\Users\User\.gradle\.tmp\gradle_download18095634858570562408bin
Resource missing. [HTTP GET: https://dl.google.com/dl/android/maven2/org/codehaus/groovy/groovy/3.0.22/groovy-3.0.22.pom]
Downloading https://dl.google.com/dl/android/maven2/com/android/tools/external/com-intellij/kotlin-compiler/31.10.1/kotlin-compiler-31.10.1.pom to C:\Users\User\.gradle\.tmp\gradle_download12215413433008434977bin
Downloading https://dl.google.com/dl/android/maven2/com/android/tools/lint/lint/31.10.1/lint-31.10.1.pom to C:\Users\User\.gradle\.tmp\gradle_download4109944198269271363bin
Downloading https://dl.google.com/dl/android/maven2/com/android/tools/external/org-jetbrains/uast/31.10.1/uast-31.10.1.pom to C:\Users\User\.gradle\.tmp\gradle_download1746594073948841838bin
Downloading https://jcenter.bintray.com/org/codehaus/groovy/groovy/3.0.22/groovy-3.0.22.pom to C:\Users\User\.gradle\.tmp\gradle_download15241641585592905559bin
Downloading https://dl.google.com/dl/android/maven2/com/android/tools/lint/lint-api/31.10.1/lint-api-31.10.1.pom to C:\Users\User\.gradle\.tmp\gradle_download7937203398181499469bin
Downloading https://dl.google.com/dl/android/maven2/com/android/tools/lint/lint-checks/31.10.1/lint-checks-31.10.1.pom to C:\Users\User\.gradle\.tmp\gradle_download152528268399479563bin
Resource missing. [HTTP GET: https://dl.google.com/dl/android/maven2/com/google/errorprone/error_prone_annotations/2.28.0/error_prone_annotations-2.28.0.pom]
Downloading https://jcenter.bintray.com/com/google/errorprone/error_prone_annotations/2.28.0/error_prone_annotations-2.28.0.pom to C:\Users\User\.gradle\.tmp\gradle_download14192146089025017323bin
Resource missing. [HTTP GET: https://dl.google.com/dl/android/maven2/com/google/errorprone/error_prone_parent/2.28.0/error_prone_parent-2.28.0.pom]
Downloading https://jcenter.bintray.com/com/google/errorprone/error_prone_parent/2.28.0/error_prone_parent-2.28.0.pom to C:\Users\User\.gradle\.tmp\gradle_download5524657436255319962bin
Downloading https://dl.google.com/dl/android/maven2/com/android/tools/play-sdk-proto/31.10.1/play-sdk-proto-31.10.1.pom to C:\Users\User\.gradle\.tmp\gradle_download2151855314210523371bin
Resource missing. [HTTP GET: https://dl.google.com/dl/android/maven2/org/apache/httpcomponents/httpclient/4.5.6/httpclient-4.5.6.pom]
Downloading https://jcenter.bintray.com/org/apache/httpcomponents/httpclient/4.5.6/httpclient-4.5.6.pom to C:\Users\User\.gradle\.tmp\gradle_download16770177806023174937bin
Resource missing. [HTTP GET: https://dl.google.com/dl/android/maven2/commons-codec/commons-codec/1.10/commons-codec-1.10.pom]
Downloading https://jcenter.bintray.com/commons-codec/commons-codec/1.10/commons-codec-1.10.pom to C:\Users\User\.gradle\.tmp\gradle_download10575464002694322202bin
Resource missing. [HTTP GET: https://dl.google.com/dl/android/maven2/org/apache/commons/commons-parent/35/commons-parent-35.pom]
Downloading https://jcenter.bintray.com/org/apache/commons/commons-parent/35/commons-parent-35.pom to C:\Users\User\.gradle\.tmp\gradle_download15308513493030569494bin
Resource missing. [HTTP GET: https://dl.google.com/dl/android/maven2/org/apache/apache/15/apache-15.pom]
Downloading https://jcenter.bintray.com/org/apache/apache/15/apache-15.pom to C:\Users\User\.gradle\.tmp\gradle_download14362035571914370174bin
Downloading https://dl.google.com/dl/android/maven2/com/android/tools/lint/lint-api/31.10.1/lint-api-31.10.1.jar to C:\Users\User\.gradle\.tmp\gradle_download17078051983563563840bin
Downloading https://dl.google.com/dl/android/maven2/com/android/tools/external/com-intellij/intellij-core/31.10.1/intellij-core-31.10.1.jar to C:\Users\User\.gradle\.tmp\gradle_download13764930500743185585bin
Downloading https://dl.google.com/dl/android/maven2/com/android/tools/lint/lint-gradle/31.10.1/lint-gradle-31.10.1.jar to C:\Users\User\.gradle\.tmp\gradle_download17612952501754810490bin
Downloading https://dl.google.com/dl/android/maven2/com/android/tools/lint/lint-checks/31.10.1/lint-checks-31.10.1.jar to C:\Users\User\.gradle\.tmp\gradle_download4783801668157044134bin
Downloading https://dl.google.com/dl/android/maven2/com/android/tools/external/org-jetbrains/uast/31.10.1/uast-31.10.1.jar to C:\Users\User\.gradle\.tmp\gradle_download16414769576404542421bin
Downloading https://jcenter.bintray.com/org/apache/httpcomponents/httpclient/4.5.6/httpclient-4.5.6.jar to C:\Users\User\.gradle\.tmp\gradle_download3149614340057199167bin
Downloading https://dl.google.com/dl/android/maven2/com/android/tools/play-sdk-proto/31.10.1/play-sdk-proto-31.10.1.jar to C:\Users\User\.gradle\.tmp\gradle_download17881387283743354666bin
Downloading https://dl.google.com/dl/android/maven2/com/android/tools/lint/lint/31.10.1/lint-31.10.1.jar to C:\Users\User\.gradle\.tmp\gradle_download16270342063908585720bin
Downloading https://dl.google.com/dl/android/maven2/com/android/tools/external/com-intellij/kotlin-compiler/31.10.1/kotlin-compiler-31.10.1.jar to C:\Users\User\.gradle\.tmp\gradle_download9141214026633044835bin
Downloading https://jcenter.bintray.com/com/google/errorprone/error_prone_annotations/2.28.0/error_prone_annotations-2.28.0.jar to C:\Users\User\.gradle\.tmp\gradle_download1677861243884432578bin
Downloading https://jcenter.bintray.com/commons-codec/commons-codec/1.10/commons-codec-1.10.jar to C:\Users\User\.gradle\.tmp\gradle_download4444724251976796252bin
Downloading https://jcenter.bintray.com/org/codehaus/groovy/groovy/3.0.22/groovy-3.0.22.jar to C:\Users\User\.gradle\.tmp\gradle_download463322468175352196bin
Invalidating in-memory cache of C:\Users\User\.gradle\caches\journal-1\file-access.bin
Invalidating in-memory cache of C:\Users\User\.gradle\caches\journal-1\file-access.bin
Invalidating in-memory cache of C:\Users\User\.gradle\caches\8.12\fileHashes\fileHashes.bin
Invalidating in-memory cache of C:\Users\User\.gradle\caches\8.12\fileHashes\resourceHashesCache.bin
Invalidating in-memory cache of C:\Users\User\.gradle\caches\8.12\fileHashes\fileHashes.bin
Invalidating in-memory cache of C:\Users\User\.gradle\caches\8.12\fileHashes\resourceHashesCache.bin
Invalidating in-memory cache of C:\project\adjaba-player\.gradle\8.12\fileHashes\fileHashes.bin
Invalidating in-memory cache of C:\project\adjaba-player\.gradle\8.12\fileHashes\resourceHashesCache.bin
file or directory 'C:\project\adjaba-player\app\libs', not found
file or directory 'C:\project\adjaba-player\app\libs', not found
file or directory 'C:\project\adjaba-player\app\libs', not found
file or directory 'C:\project\adjaba-player\app\libs', not found
file or directory 'C:\project\adjaba-player\app\libs', not found
file or directory 'C:\project\adjaba-player\app\libs', not found
file or directory 'C:\project\adjaba-player\app\libs', not found
file or directory 'C:\project\adjaba-player\app\libs', not found
file or directory 'C:\project\adjaba-player\app\libs', not found
file or directory 'C:\project\adjaba-player\app\libs', not found
file or directory 'C:\project\adjaba-player\app\build\generated\source\kapt\debug', not found
file or directory 'C:\project\adjaba-player\app\libs', not found
file or directory 'C:\project\adjaba-player\app\libs', not found
file or directory 'C:\project\adjaba-player\app\libs', not found
file or directory 'C:\project\adjaba-player\app\libs', not found
file or directory 'C:\project\adjaba-player\app\libs', not found
file or directory 'C:\project\adjaba-player\app\libs', not found
file or directory 'C:\project\adjaba-player\app\libs', not found
file or directory 'C:\project\adjaba-player\app\libs', not found
file or directory 'C:\project\adjaba-player\app\libs', not found
file or directory 'C:\project\adjaba-player\app\libs', not found
file or directory 'C:\project\adjaba-player\app\libs', not found
file or directory 'C:\project\adjaba-player\app\libs', not found
file or directory 'C:\project\adjaba-player\app\libs', not found
file or directory 'C:\project\adjaba-player\app\libs', not found
Caching disabled for task ':app:lintAnalyzeDebug' because:
  Build cache is disabled
Task ':app:lintAnalyzeDebug' is not up-to-date because:
  No history is available.
file or directory 'C:\project\adjaba-player\app\libs', not found
file or directory 'C:\project\adjaba-player\app\libs', not found
file or directory 'C:\project\adjaba-player\app\libs', not found
file or directory 'C:\project\adjaba-player\app\libs', not found
file or directory 'C:\project\adjaba-player\app\libs', not found
file or directory 'C:\project\adjaba-player\app\libs', not found
file or directory 'C:\project\adjaba-player\app\libs', not found
file or directory 'C:\project\adjaba-player\app\libs', not found
file or directory 'C:\project\adjaba-player\app\libs', not found
file or directory 'C:\project\adjaba-player\app\libs', not found
file or directory 'C:\project\adjaba-player\app\libs', not found
file or directory 'C:\project\adjaba-player\app\libs', not found
file or directory 'C:\project\adjaba-player\app\libs', not found
file or directory 'C:\project\adjaba-player\app\libs', not found
file or directory 'C:\project\adjaba-player\app\libs', not found
file or directory 'C:\project\adjaba-player\app\libs', not found

> Task :app:packageDebug FAILED
Invalidating in-memory cache of C:\project\adjaba-player\.gradle\8.12\executionHistory\executionHistory.bin

> Task :app:lintAnalyzeDebug
Android Lint: Creating lint class loader 31.10.1_false

AAPT2 aapt2-8.10.1-12782657-windows Daemon #0: shutdown
AAPT2 aapt2-8.10.1-12782657-windows Daemon #1: shutdown
AAPT2 aapt2-8.10.1-12782657-windows Daemon #2: shutdown
AAPT2 aapt2-8.10.1-12782657-windows Daemon #3: shutdown
AAPT2 aapt2-8.10.1-12782657-windows Daemon #4: shutdown
AAPT2 aapt2-8.10.1-12782657-windows Daemon #5: shutdown
AAPT2 aapt2-8.10.1-12782657-windows Daemon #6: shutdown
AAPT2 aapt2-8.10.1-12782657-windows Daemon #7: shutdown

> Task :app:lintAnalyzeDebug
Invalidating in-memory cache of C:\project\adjaba-player\.gradle\8.12\fileHashes\fileHashes.bin
Invalidating in-memory cache of C:\project\adjaba-player\.gradle\8.12\fileHashes\resourceHashesCache.bin
Invalidating in-memory cache of C:\project\adjaba-player\.gradle\8.12\executionHistory\executionHistory.bin
Invalidating in-memory cache of C:\project\adjaba-player\.gradle\buildOutputCleanup\outputFiles.bin
Android Lint: Disposing Uast application environment in lint classloader [31.10.1_false]

[Incubating] Problems report is available at: file:///C:/project/adjaba-player/build/reports/problems/problems-report.html

FAILURE: Build completed with 2 failures.

1: Task failed with an exception.
-----------
* What went wrong:
Execution failed for task ':app:minifyReleaseWithR8'.
> A failure occurred while executing com.android.build.gradle.internal.tasks.R8Task$R8Runnable
   > Compilation failed to complete, origin: 
C:\project\adjaba-player\app\build\intermediates\default_proguard_files\global\proguard-android.txt-8.10.1

* Try:
> Run with --stacktrace option to get the stack trace.
> Run with --debug option to get more log output.
> Run with --scan to get full insights.
> Get more help at https://help.gradle.org.
==============================================================================

2: Task failed with an exception.
-----------
* What went wrong:
Execution failed for task ':app:packageDebug'.
> A failure occurred while executing com.android.build.gradle.tasks.PackageAndroidArtifact$IncrementalSplitterRunnable
   > java.nio.file.NoSuchFileException: 
C:\project\adjaba-player\app\build\intermediates\compressed_assets\debug\compressDebugAssets\out\assets\erasdemi.TTF.jar

* Try:
> Run with --stacktrace option to get the stack trace.
> Run with --debug option to get more log output.
> Run with --scan to get full insights.
> Get more help at https://help.gradle.org.
==============================================================================

Deprecated Gradle features were used in this build, making it incompatible with Gradle 9.0.

You can use '--warning-mode all' to show the individual deprecation warnings and determine if they come from your own scripts or plugins.

For more on this, please refer to https://docs.gradle.org/8.12/userguide/command_line_interface.html#sec:command_line_warnings in the Gradle documentation.

BUILD FAILED in 6m 21s
88 actionable tasks: 86 executed, 2 up-to-date
Watched directory hierarchies: [C:\project\adjaba-player]
